../Drivers/CMSIS/Include/core_cm4.h:1672:26:uint32_t __NVIC_GetPriorityGrouping()	4	static
../Drivers/CMSIS/Include/core_cm4.h:1684:22:void __NVIC_EnableIRQ(IRQn_Type)	16	static,ignoring_inline_asm
../Drivers/CMSIS/Include/core_cm4.h:1814:22:void __NVIC_SetPriority(IRQn_Type, uint32_t)	16	static
../Drivers/CMSIS/Include/core_cm4.h:1861:26:uint32_t NVIC_EncodePriority(uint32_t, uint32_t, uint32_t)	40	static
../Drivers/STM32F4xx_HAL_Driver/Inc/stm32f4xx_ll_tim.h:1116:22:void LL_TIM_EnableCounter(TIM_TypeDef*)	16	static
../Drivers/STM32F4xx_HAL_Driver/Inc/stm32f4xx_ll_tim.h:1307:22:void LL_TIM_DisableARRPreload(TIM_TypeDef*)	16	static
../Drivers/STM32F4xx_HAL_Driver/Inc/stm32f4xx_ll_tim.h:1369:22:void LL_TIM_SetCounter(TIM_TypeDef*, uint32_t)	16	static
../Drivers/STM32F4xx_HAL_Driver/Inc/stm32f4xx_ll_tim.h:2740:22:void LL_TIM_SetTriggerOutput(TIM_TypeDef*, uint32_t)	16	static
../Drivers/STM32F4xx_HAL_Driver/Inc/stm32f4xx_ll_tim.h:2806:22:void LL_TIM_DisableMasterSlaveMode(TIM_TypeDef*)	16	static
../Drivers/STM32F4xx_HAL_Driver/Inc/stm32f4xx_ll_tim.h:3460:22:void LL_TIM_EnableIT_UPDATE(TIM_TypeDef*)	16	static
../Drivers/STM32F4xx_HAL_Driver/Inc/stm32f4xx_ll_bus.h:1185:22:void LL_APB1_GRP1_EnableClock(uint32_t)	24	static
../Drivers/STM32F4xx_HAL_Driver/Inc/stm32f4xx_ll_bus.h:1704:22:void LL_APB2_GRP1_EnableClock(uint32_t)	24	static
../Core/Inc/ODrive/can_simple_messages.hpp:658:10:void Get_Bus_Voltage_Current_msg_t::decode_buf(const uint8_t*)	16	static
../Core/Inc/ODrive/ODriveCAN.h:34:10:bool ODriveCanIntfWrapper::sendMsg(uint32_t, uint8_t, const uint8_t*)	32	static
../Core/Inc/ODrive/ODriveCAN.h:44:5:ODriveCAN::ODriveCAN(const ODriveCanIntfWrapper&, uint32_t)	24	static
../Core/Inc/ODrive/ODriveCAN.h:212:10:void ODriveCAN::onFeedback(void (*)(Get_Encoder_Estimates_msg_t&, void*), void*)	24	static
../Core/Inc/ODrive/ODriveCAN.h:223:10:void ODriveCAN::onStatus(void (*)(Heartbeat_msg_t&, void*), void*)	24	static
../Core/Inc/ODrive_CubeIDE_glue.h:24:1:wrap_can_intf(CubeCANInterface&)::<lambda(void*, uint32_t, uint8_t, const uint8_t*)>	24	static
../Core/Inc/ODrive_CubeIDE_glue.h:24:1:static bool wrap_can_intf(CubeCANInterface&)::<lambda(void*, uint32_t, uint8_t, const uint8_t*)>::_FUN(void*, uint32_t, uint8_t, const uint8_t*)	32	static
../Core/Inc/ODrive_CubeIDE_glue.h:24:1:wrap_can_intf(CubeCANInterface&)::<lambda(void*, uint32_t, uint8_t, const uint8_t*)>::operator bool (*)(void*, uint32_t, uint8_t, const uint8_t*)() const	16	static
../Core/Inc/ODrive_CubeIDE_glue.h:24:1:wrap_can_intf(CubeCANInterface&)::<lambda(void*)>	16	static
../Core/Inc/ODrive_CubeIDE_glue.h:24:1:static void wrap_can_intf(CubeCANInterface&)::<lambda(void*)>::_FUN(void*)	16	static
../Core/Inc/ODrive_CubeIDE_glue.h:24:1:wrap_can_intf(CubeCANInterface&)::<lambda(void*)>::operator void (*)(void*)() const	16	static
../Core/Inc/ODrive_CubeIDE_glue.h:24:1:ODriveCanIntfWrapper wrap_can_intf(CubeCANInterface&)	24	static
../Core/Src/main.cpp:124:6:void onHeartbeat(Heartbeat_msg_t&, void*)	24	static
../Core/Src/main.cpp:137:6:void onFeedback(Get_Encoder_Estimates_msg_t&, void*)	24	static
../Core/Src/main.cpp:157:5:int main()	112	static
../Core/Src/main.cpp:486:6:void SystemClock_Config()	88	static
../Core/Src/main.cpp:534:13:void MX_CAN1_Init()	8	static
../Core/Src/main.cpp:571:13:void MX_I2C1_Init()	8	static
../Core/Src/main.cpp:605:13:void MX_TIM6_Init()	32	static
../Core/Src/main.cpp:642:13:void MX_TIM10_Init()	32	static
../Core/Src/main.cpp:678:13:void MX_USART2_UART_Init()	8	static
../Core/Src/main.cpp:709:13:void MX_DMA_Init()	16	static
../Core/Src/main.cpp:727:13:void MX_GPIO_Init()	48	static
../Core/Src/main.cpp:777:5:int __io_putchar(int)	16	static
../Core/Src/main.cpp:784:5:int _write(int, char*, int)	32	static
../Core/Src/main.cpp:820:6:void clock_callback()	4	static
../Core/Src/main.cpp:826:6:void imu_callback()	8	static
../Core/Src/main.cpp:850:6:void Error_Handler()	4	static,ignoring_inline_asm
../Core/Inc/ODrive/can_helpers.hpp:16:3:T can_get_signal_raw(const uint8_t*, size_t, size_t, bool) [with T = float]	120	static
../Core/Inc/ODrive/ODriveCAN.h:283:10:bool ODriveCAN::request(T&, uint16_t) [with T = Get_Bus_Voltage_Current_msg_t]	24	static
../Core/Src/main.cpp:859:1:void __static_initialization_and_destruction_0()	8	static
../Core/Src/main.cpp:859:1:cpp)	8	static
