../Drivers/STM32F4xx_HAL_Driver/Inc/stm32f4xx_ll_tim.h:3185:22:LL_TIM_ClearFlag_UPDATE	16	static
../Drivers/STM32F4xx_HAL_Driver/Inc/stm32f4xx_ll_tim.h:3196:26:LL_TIM_IsActiveFlag_UPDATE	16	static
../Core/Src/stm32f4xx_it.c:69:6:NMI_Handler	4	static
../Core/Src/stm32f4xx_it.c:84:6:HardFault_Handler	4	static
../Core/Src/stm32f4xx_it.c:99:6:MemManage_Handler	4	static
../Core/Src/stm32f4xx_it.c:114:6:BusFault_Handler	4	static
../Core/Src/stm32f4xx_it.c:129:6:UsageFault_Handler	4	static
../Core/Src/stm32f4xx_it.c:144:6:SVC_Handler	4	static
../Core/Src/stm32f4xx_it.c:157:6:DebugMon_Handler	4	static
../Core/Src/stm32f4xx_it.c:170:6:PendSV_Handler	4	static
../Core/Src/stm32f4xx_it.c:183:6:SysTick_Handler	8	static
../Core/Src/stm32f4xx_it.c:204:6:DMA1_Stream6_IRQHandler	8	static
../Core/Src/stm32f4xx_it.c:218:6:TIM1_UP_TIM10_IRQHandler	8	static
../Core/Src/stm32f4xx_it.c:234:6:TIM6_DAC_IRQHandler	8	static
