../Drivers/CMSIS/Include/core_cm4.h:1672:26:uint32_t __NVIC_GetPriorityGrouping()	4	static
../Drivers/CMSIS/Include/core_cm4.h:1684:22:void __NVIC_EnableIRQ(IRQn_Type)	16	static,ignoring_inline_asm
../Drivers/CMSIS/Include/core_cm4.h:1814:22:void __NVIC_SetPriority(IRQn_Type, uint32_t)	16	static
../Drivers/CMSIS/Include/core_cm4.h:1861:26:uint32_t NVIC_EncodePriority(uint32_t, uint32_t, uint32_t)	40	static
../Drivers/STM32F4xx_HAL_Driver/Inc/stm32f4xx_ll_tim.h:1116:22:void LL_TIM_EnableCounter(TIM_TypeDef*)	16	static
../Drivers/STM32F4xx_HAL_Driver/Inc/stm32f4xx_ll_tim.h:1296:22:void LL_TIM_EnableARRPreload(TIM_TypeDef*)	16	static
../Drivers/STM32F4xx_HAL_Driver/Inc/stm32f4xx_ll_tim.h:1369:22:void LL_TIM_SetCounter(TIM_TypeDef*, uint32_t)	16	static
../Drivers/STM32F4xx_HAL_Driver/Inc/stm32f4xx_ll_tim.h:1382:26:uint32_t LL_TIM_GetCounter(const TIM_TypeDef*)	16	static
../Drivers/STM32F4xx_HAL_Driver/Inc/stm32f4xx_ll_tim.h:2740:22:void LL_TIM_SetTriggerOutput(TIM_TypeDef*, uint32_t)	16	static
../Drivers/STM32F4xx_HAL_Driver/Inc/stm32f4xx_ll_tim.h:2806:22:void LL_TIM_DisableMasterSlaveMode(TIM_TypeDef*)	16	static
../Drivers/STM32F4xx_HAL_Driver/Inc/stm32f4xx_ll_tim.h:3460:22:void LL_TIM_EnableIT_UPDATE(TIM_TypeDef*)	16	static
../Drivers/STM32F4xx_HAL_Driver/Inc/stm32f4xx_ll_usart.h:410:22:void LL_USART_Enable(USART_TypeDef*)	16	static
../Drivers/STM32F4xx_HAL_Driver/Inc/stm32f4xx_ll_usart.h:1479:22:void LL_USART_ConfigAsyncMode(USART_TypeDef*)	16	static
../Drivers/STM32F4xx_HAL_Driver/Inc/stm32f4xx_ll_usart.h:1803:26:uint32_t LL_USART_IsActiveFlag_TC(const USART_TypeDef*)	16	static
../Drivers/STM32F4xx_HAL_Driver/Inc/stm32f4xx_ll_usart.h:1814:26:uint32_t LL_USART_IsActiveFlag_TXE(const USART_TypeDef*)	16	static
../Drivers/STM32F4xx_HAL_Driver/Inc/stm32f4xx_ll_usart.h:2426:22:void LL_USART_TransmitData8(USART_TypeDef*, uint8_t)	16	static
../Drivers/STM32F4xx_HAL_Driver/Inc/stm32f4xx_ll_bus.h:409:22:void LL_AHB1_GRP1_EnableClock(uint32_t)	24	static
../Drivers/STM32F4xx_HAL_Driver/Inc/stm32f4xx_ll_bus.h:1185:22:void LL_APB1_GRP1_EnableClock(uint32_t)	24	static
../Drivers/STM32F4xx_HAL_Driver/Inc/stm32f4xx_ll_bus.h:1704:22:void LL_APB2_GRP1_EnableClock(uint32_t)	24	static
../Core/Inc/ODrive/can_simple_messages.hpp:658:10:void Get_Bus_Voltage_Current_msg_t::decode_buf(const uint8_t*)	16	static
../Core/Inc/ODrive/ODriveCAN.h:34:10:bool ODriveCanIntfWrapper::sendMsg(uint32_t, uint8_t, const uint8_t*)	32	static
../Core/Inc/ODrive/ODriveCAN.h:44:5:ODriveCAN::ODriveCAN(const ODriveCanIntfWrapper&, uint32_t)	24	static
../Core/Inc/ODrive/ODriveCAN.h:212:10:void ODriveCAN::onFeedback(void (*)(Get_Encoder_Estimates_msg_t&, void*), void*)	24	static
../Core/Inc/ODrive/ODriveCAN.h:223:10:void ODriveCAN::onStatus(void (*)(Heartbeat_msg_t&, void*), void*)	24	static
../Core/Inc/ODrive_CubeIDE_glue.h:24:1:wrap_can_intf(CubeCANInterface&)::<lambda(void*, uint32_t, uint8_t, const uint8_t*)>	24	static
../Core/Inc/ODrive_CubeIDE_glue.h:24:1:static bool wrap_can_intf(CubeCANInterface&)::<lambda(void*, uint32_t, uint8_t, const uint8_t*)>::_FUN(void*, uint32_t, uint8_t, const uint8_t*)	32	static
../Core/Inc/ODrive_CubeIDE_glue.h:24:1:wrap_can_intf(CubeCANInterface&)::<lambda(void*, uint32_t, uint8_t, const uint8_t*)>::operator bool (*)(void*, uint32_t, uint8_t, const uint8_t*)() const	16	static
../Core/Inc/ODrive_CubeIDE_glue.h:24:1:wrap_can_intf(CubeCANInterface&)::<lambda(void*)>	16	static
../Core/Inc/ODrive_CubeIDE_glue.h:24:1:static void wrap_can_intf(CubeCANInterface&)::<lambda(void*)>::_FUN(void*)	16	static
../Core/Inc/ODrive_CubeIDE_glue.h:24:1:wrap_can_intf(CubeCANInterface&)::<lambda(void*)>::operator void (*)(void*)() const	16	static
../Core/Inc/ODrive_CubeIDE_glue.h:24:1:ODriveCanIntfWrapper wrap_can_intf(CubeCANInterface&)	24	static
../Core/Src/main.cpp:95:6:void onHeartbeat(Heartbeat_msg_t&, void*)	24	static
../Core/Src/main.cpp:108:6:void onFeedback(Get_Encoder_Estimates_msg_t&, void*)	24	static
../Core/Src/main.cpp:129:5:int main()	80	static
../Core/Src/main.cpp:379:6:void SystemClock_Config()	88	static
../Core/Src/main.cpp:427:13:void MX_CAN1_Init()	8	static
../Core/Src/main.cpp:464:13:void MX_I2C1_Init()	8	static
../Core/Src/main.cpp:498:13:void MX_TIM6_Init()	32	static
../Core/Src/main.cpp:535:13:void MX_TIM10_Init()	32	static
../Core/Src/main.cpp:567:13:void MX_USART2_UART_Init()	64	static
../Core/Src/main.cpp:616:13:void MX_DMA_Init()	16	static
../Core/Src/main.cpp:634:13:void MX_GPIO_Init()	48	static
../Core/Src/main.cpp:683:5:int __io_putchar(int)	16	static
../Core/Src/main.cpp:693:5:int _write(int, char*, int)	32	static
../Core/Src/main.cpp:706:6:void HAL_CAN_RxFifo0MsgPendingCallback(CAN_HandleTypeDef*)	16	static
../Core/Src/main.cpp:733:6:void imu_callback()	8	static
../Core/Src/main.cpp:766:6:void Error_Handler()	4	static,ignoring_inline_asm
../Core/Inc/ODrive/can_helpers.hpp:16:3:T can_get_signal_raw(const uint8_t*, size_t, size_t, bool) [with T = float]	120	static
../Core/Inc/ODrive/ODriveCAN.h:283:10:bool ODriveCAN::request(T&, uint16_t) [with T = Get_Bus_Voltage_Current_msg_t]	24	static
../Core/Src/main.cpp:775:1:void __static_initialization_and_destruction_0()	8	static
../Core/Src/main.cpp:775:1:cpp)	8	static
