../Drivers/STM32F4xx_HAL_Driver/Inc/stm32f4xx_ll_rcc.h:2988:22:LL_RCC_HSI_Enable	4	static
../Drivers/STM32F4xx_HAL_Driver/Inc/stm32f4xx_ll_rcc.h:3008:26:LL_RCC_HSI_IsReady	4	static
../Drivers/STM32F4xx_HAL_Driver/Inc/stm32f4xx_ll_rcc.h:3034:22:LL_RCC_HSI_SetCalibTrimming	16	static
../Drivers/STM32F4xx_HAL_Driver/Inc/stm32f4xx_ll_rcc.h:3189:22:LL_RCC_SetSysClkSource	16	static
../Drivers/STM32F4xx_HAL_Driver/Inc/stm32f4xx_ll_rcc.h:3205:26:LL_RCC_GetSysClkSource	4	static
../Drivers/STM32F4xx_HAL_Driver/Inc/stm32f4xx_ll_rcc.h:3225:22:LL_RCC_SetAHBPrescaler	16	static
../Drivers/STM32F4xx_HAL_Driver/Inc/stm32f4xx_ll_rcc.h:3241:22:LL_RCC_SetAPB1Prescaler	16	static
../Drivers/STM32F4xx_HAL_Driver/Inc/stm32f4xx_ll_rcc.h:3257:22:LL_RCC_SetAPB2Prescaler	16	static
../Drivers/STM32F4xx_HAL_Driver/Inc/stm32f4xx_ll_rcc.h:4154:22:LL_RCC_SetTIMPrescaler	16	static
../Drivers/STM32F4xx_HAL_Driver/Inc/stm32f4xx_ll_rcc.h:4185:22:LL_RCC_PLL_Enable	4	static
../Drivers/STM32F4xx_HAL_Driver/Inc/stm32f4xx_ll_rcc.h:4206:26:LL_RCC_PLL_IsReady	4	static
../Drivers/STM32F4xx_HAL_Driver/Inc/stm32f4xx_ll_rcc.h:4305:22:LL_RCC_PLL_ConfigDomain_SYS	24	static
../Drivers/STM32F4xx_HAL_Driver/Inc/stm32f4xx_ll_bus.h:409:22:LL_AHB1_GRP1_EnableClock	24	static
../Drivers/STM32F4xx_HAL_Driver/Inc/stm32f4xx_ll_bus.h:1185:22:LL_APB1_GRP1_EnableClock	24	static
../Drivers/STM32F4xx_HAL_Driver/Inc/stm32f4xx_ll_system.h:671:22:LL_SYSCFG_SetEXTISource	32	static,ignoring_inline_asm
../Drivers/STM32F4xx_HAL_Driver/Inc/stm32f4xx_ll_system.h:1543:22:LL_FLASH_SetLatency	16	static
../Drivers/STM32F4xx_HAL_Driver/Inc/stm32f4xx_ll_system.h:1569:26:LL_FLASH_GetLatency	4	static
../Drivers/STM32F4xx_HAL_Driver/Inc/stm32f4xx_ll_pwr.h:353:22:LL_PWR_DisableOverDriveMode	4	static
../Drivers/STM32F4xx_HAL_Driver/Inc/stm32f4xx_ll_pwr.h:505:22:LL_PWR_SetRegulVoltageScaling	16	static
../Drivers/STM32F4xx_HAL_Driver/Inc/stm32f4xx_ll_pwr.h:883:26:LL_PWR_IsActiveFlag_VOS	4	static
../Drivers/STM32F4xx_HAL_Driver/Inc/stm32f4xx_ll_usart.h:410:22:LL_USART_Enable	16	static
../Drivers/STM32F4xx_HAL_Driver/Inc/stm32f4xx_ll_usart.h:1479:22:LL_USART_ConfigAsyncMode	16	static
../Drivers/STM32F4xx_HAL_Driver/Inc/stm32f4xx_ll_gpio.h:273:22:LL_GPIO_SetPinMode	48	static,ignoring_inline_asm
../Drivers/STM32F4xx_HAL_Driver/Inc/stm32f4xx_ll_gpio.h:484:22:LL_GPIO_SetPinPull	48	static,ignoring_inline_asm
../Drivers/STM32F4xx_HAL_Driver/Inc/stm32f4xx_ll_gpio.h:910:22:LL_GPIO_ResetOutputPin	16	static
../Core/Src/main.c:80:5:main	16	static
../Core/Src/main.c:169:6:SystemClock_Config	8	static
../Core/Src/main.c:221:13:MX_I2C1_Init	8	static
../Core/Src/main.c:255:13:MX_USART2_UART_Init	64	static
../Core/Src/main.c:306:13:MX_GPIO_Init	40	static
../Core/Src/main.c:360:6:Error_Handler	4	static,ignoring_inline_asm
