../Core/Src/ICM20602.c:45:6:Print2Console	24	static
../Core/Src/ICM20602.c:55:6:Calibrate_GYRO	48	static
../Core/Src/ICM20602.c:80:6:ICM20602_Init	32	static
../Core/Src/ICM20602.c:120:6:I2C_Bus_Recover	56	static
../Core/Src/ICM20602.c:160:6:I2C_WatchdogCheck	8	static
../Core/Src/ICM20602.c:183:6:Read_data	16	static
../Core/Src/ICM20602.c:191:6:HAL_I2C_MemRxCpltCallback	16	static
../Core/Src/ICM20602.c:228:6:HAL_I2C_ErrorCallback	16	static
../Core/Src/ICM20602.c:236:6:IMU_Init_MF	24	static
../Core/Src/ICM20602.c:243:6:IMU_Update_MF	104	static
../Core/Src/ICM20602.c:324:6:CF_Init	16	static
../Core/Src/ICM20602.c:328:6:CF_Update	40	static
