../Drivers/STM32F4xx_HAL_Driver/Inc/stm32f4xx_ll_tim.h:3185:22:LL_TIM_ClearFlag_UPDATE	16	static
../Drivers/STM32F4xx_HAL_Driver/Inc/stm32f4xx_ll_tim.h:3196:26:LL_TIM_IsActiveFlag_UPDATE	16	static
../Core/Src/stm32f4xx_it.c:72:6:NMI_Handler	4	static
../Core/Src/stm32f4xx_it.c:87:6:HardFault_Handler	4	static
../Core/Src/stm32f4xx_it.c:102:6:MemManage_Handler	4	static
../Core/Src/stm32f4xx_it.c:117:6:BusFault_Handler	4	static
../Core/Src/stm32f4xx_it.c:132:6:UsageFault_Handler	4	static
../Core/Src/stm32f4xx_it.c:147:6:SVC_Handler	4	static
../Core/Src/stm32f4xx_it.c:160:6:DebugMon_Handler	4	static
../Core/Src/stm32f4xx_it.c:173:6:PendSV_Handler	4	static
../Core/Src/stm32f4xx_it.c:186:6:SysTick_Handler	8	static
../Core/Src/stm32f4xx_it.c:207:6:DMA1_Stream2_IRQHandler	8	static
../Core/Src/stm32f4xx_it.c:221:6:CAN1_RX0_IRQHandler	8	static
../Core/Src/stm32f4xx_it.c:235:6:TIM6_DAC_IRQHandler	8	static
../Core/Src/stm32f4xx_it.c:251:6:TIM7_IRQHandler	8	static
../Core/Src/stm32f4xx_it.c:267:6:OTG_FS_IRQHandler	8	static
../Core/Src/stm32f4xx_it.c:281:6:I2C3_EV_IRQHandler	8	static
../Core/Src/stm32f4xx_it.c:295:6:I2C3_ER_IRQHandler	8	static
