Archive member included to satisfy reference by file (symbol)

/opt/st/stm32cubeide_2.1.1/plugins/com.st.stm32cube.ide.mcu.externaltools.gnu-tools-for-stm32.14.3.rel1.linux64_1.0.100.202602081740/tools/bin/../lib/gcc/arm-none-eabi/14.3.1/../../../../arm-none-eabi/lib/thumb/v7e-m+fp/hard/libm.a(libm_a-wf_asin.o)
                              ./Core/Src/ICM20602.o (asinf)
/opt/st/stm32cubeide_2.1.1/plugins/com.st.stm32cube.ide.mcu.externaltools.gnu-tools-for-stm32.14.3.rel1.linux64_1.0.100.202602081740/tools/bin/../lib/gcc/arm-none-eabi/14.3.1/../../../../arm-none-eabi/lib/thumb/v7e-m+fp/hard/libm.a(libm_a-wf_atan2.o)
                              ./Core/Src/ICM20602.o (atan2f)
/opt/st/stm32cubeide_2.1.1/plugins/com.st.stm32cube.ide.mcu.externaltools.gnu-tools-for-stm32.14.3.rel1.linux64_1.0.100.202602081740/tools/bin/../lib/gcc/arm-none-eabi/14.3.1/../../../../arm-none-eabi/lib/thumb/v7e-m+fp/hard/libm.a(libm_a-wf_sqrt.o)
                              ./Core/Src/ICM20602.o (sqrtf)
/opt/st/stm32cubeide_2.1.1/plugins/com.st.stm32cube.ide.mcu.externaltools.gnu-tools-for-stm32.14.3.rel1.linux64_1.0.100.202602081740/tools/bin/../lib/gcc/arm-none-eabi/14.3.1/../../../../arm-none-eabi/lib/thumb/v7e-m+fp/hard/libm.a(libm_a-sf_fabs.o)
                              /opt/st/stm32cubeide_2.1.1/plugins/com.st.stm32cube.ide.mcu.externaltools.gnu-tools-for-stm32.14.3.rel1.linux64_1.0.100.202602081740/tools/bin/../lib/gcc/arm-none-eabi/14.3.1/../../../../arm-none-eabi/lib/thumb/v7e-m+fp/hard/libm.a(libm_a-wf_asin.o) (fabsf)
/opt/st/stm32cubeide_2.1.1/plugins/com.st.stm32cube.ide.mcu.externaltools.gnu-tools-for-stm32.14.3.rel1.linux64_1.0.100.202602081740/tools/bin/../lib/gcc/arm-none-eabi/14.3.1/../../../../arm-none-eabi/lib/thumb/v7e-m+fp/hard/libm.a(libm_a-sf_copysign.o)
                              ./Core/Src/ICM20602.o (copysignf)
/opt/st/stm32cubeide_2.1.1/plugins/com.st.stm32cube.ide.mcu.externaltools.gnu-tools-for-stm32.14.3.rel1.linux64_1.0.100.202602081740/tools/bin/../lib/gcc/arm-none-eabi/14.3.1/../../../../arm-none-eabi/lib/thumb/v7e-m+fp/hard/libm.a(libm_a-sf_nan.o)
                              /opt/st/stm32cubeide_2.1.1/plugins/com.st.stm32cube.ide.mcu.externaltools.gnu-tools-for-stm32.14.3.rel1.linux64_1.0.100.202602081740/tools/bin/../lib/gcc/arm-none-eabi/14.3.1/../../../../arm-none-eabi/lib/thumb/v7e-m+fp/hard/libm.a(libm_a-wf_asin.o) (nanf)
/opt/st/stm32cubeide_2.1.1/plugins/com.st.stm32cube.ide.mcu.externaltools.gnu-tools-for-stm32.14.3.rel1.linux64_1.0.100.202602081740/tools/bin/../lib/gcc/arm-none-eabi/14.3.1/../../../../arm-none-eabi/lib/thumb/v7e-m+fp/hard/libm.a(libm_a-ef_sqrt.o)
                              /opt/st/stm32cubeide_2.1.1/plugins/com.st.stm32cube.ide.mcu.externaltools.gnu-tools-for-stm32.14.3.rel1.linux64_1.0.100.202602081740/tools/bin/../lib/gcc/arm-none-eabi/14.3.1/../../../../arm-none-eabi/lib/thumb/v7e-m+fp/hard/libm.a(libm_a-wf_sqrt.o) (__ieee754_sqrtf)
/opt/st/stm32cubeide_2.1.1/plugins/com.st.stm32cube.ide.mcu.externaltools.gnu-tools-for-stm32.14.3.rel1.linux64_1.0.100.202602081740/tools/bin/../lib/gcc/arm-none-eabi/14.3.1/../../../../arm-none-eabi/lib/thumb/v7e-m+fp/hard/libm.a(libm_a-ef_asin.o)
                              /opt/st/stm32cubeide_2.1.1/plugins/com.st.stm32cube.ide.mcu.externaltools.gnu-tools-for-stm32.14.3.rel1.linux64_1.0.100.202602081740/tools/bin/../lib/gcc/arm-none-eabi/14.3.1/../../../../arm-none-eabi/lib/thumb/v7e-m+fp/hard/libm.a(libm_a-wf_asin.o) (__ieee754_asinf)
/opt/st/stm32cubeide_2.1.1/plugins/com.st.stm32cube.ide.mcu.externaltools.gnu-tools-for-stm32.14.3.rel1.linux64_1.0.100.202602081740/tools/bin/../lib/gcc/arm-none-eabi/14.3.1/../../../../arm-none-eabi/lib/thumb/v7e-m+fp/hard/libm.a(libm_a-ef_atan2.o)
                              /opt/st/stm32cubeide_2.1.1/plugins/com.st.stm32cube.ide.mcu.externaltools.gnu-tools-for-stm32.14.3.rel1.linux64_1.0.100.202602081740/tools/bin/../lib/gcc/arm-none-eabi/14.3.1/../../../../arm-none-eabi/lib/thumb/v7e-m+fp/hard/libm.a(libm_a-wf_atan2.o) (__ieee754_atan2f)
/opt/st/stm32cubeide_2.1.1/plugins/com.st.stm32cube.ide.mcu.externaltools.gnu-tools-for-stm32.14.3.rel1.linux64_1.0.100.202602081740/tools/bin/../lib/gcc/arm-none-eabi/14.3.1/../../../../arm-none-eabi/lib/thumb/v7e-m+fp/hard/libm.a(libm_a-sf_atan.o)
                              /opt/st/stm32cubeide_2.1.1/plugins/com.st.stm32cube.ide.mcu.externaltools.gnu-tools-for-stm32.14.3.rel1.linux64_1.0.100.202602081740/tools/bin/../lib/gcc/arm-none-eabi/14.3.1/../../../../arm-none-eabi/lib/thumb/v7e-m+fp/hard/libm.a(libm_a-ef_atan2.o) (atanf)
/opt/st/stm32cubeide_2.1.1/plugins/com.st.stm32cube.ide.mcu.externaltools.gnu-tools-for-stm32.14.3.rel1.linux64_1.0.100.202602081740/tools/bin/../lib/gcc/arm-none-eabi/14.3.1/../../../../arm-none-eabi/lib/thumb/v7e-m+fp/hard/libc_nano.a(libc_a-exit.o)
[...]
Memory Configuration

Name             Origin             Length             Attributes
RAM              0x20000000         0x00020000         xrw
FLASH            0x08000000         0x00080000         xr
*default*        0x00000000         0xffffffff

Linker script and memory map

LOAD /opt/st/stm32cubeide_2.1.1/plugins/com.st.stm32cube.ide.mcu.externaltools.gnu-tools-for-stm32.14.3.rel1.linux64_1.0.100.202602081740/tools/bin/../lib/gcc/arm-none-eabi/14.3.1/thumb/v7e-m+fp/hard/crti.o
LOAD /opt/st/stm32cubeide_2.1.1/plugins/com.st.stm32cube.ide.mcu.externaltools.gnu-tools-for-stm32.14.3.rel1.linux64_1.0.100.202602081740/tools/bin/../lib/gcc/arm-none-eabi/14.3.1/thumb/v7e-m+fp/hard/crtbegin.o
LOAD /opt/st/stm32cubeide_2.1.1/plugins/com.st.stm32cube.ide.mcu.externaltools.gnu-tools-for-stm32.14.3.rel1.linux64_1.0.100.202602081740/tools/bin/../lib/gcc/arm-none-eabi/14.3.1/../../../../arm-none-eabi/lib/thumb/v7e-m+fp/hard/crt0.o
LOAD ./Core/Src/ICM20602.o
LOAD ./Core/Src/ODrive_CubeIDE_glue.o
LOAD ./Core/Src/llcp.o
LOAD ./Core/Src/llcp_lib.o
LOAD ./Core/Src/mahony.o
LOAD ./Core/Src/main.o
LOAD ./Core/Src/stm32f4xx_hal_msp.o
LOAD ./Core/Src/stm32f4xx_it.o
LOAD ./Core/Src/syscalls.o
LOAD ./Core/Src/sysmem.o
LOAD ./Core/Src/system_stm32f4xx.o
LOAD ./Core/Src/ODrive/ODriveCAN.o
LOAD ./Core/Startup/startup_stm32f446retx.o
LOAD ./Drivers/STM32F4xx_HAL_Driver/Src/stm32f4xx_hal.o
LOAD ./Drivers/STM32F4xx_HAL_Driver/Src/stm32f4xx_hal_can.o
LOAD ./Drivers/STM32F4xx_HAL_Driver/Src/stm32f4xx_hal_cortex.o
LOAD ./Drivers/STM32F4xx_HAL_Driver/Src/stm32f4xx_hal_dma.o
LOAD ./Drivers/STM32F4xx_HAL_Driver/Src/stm32f4xx_hal_dma_ex.o
LOAD ./Drivers/STM32F4xx_HAL_Driver/Src/stm32f4xx_hal_exti.o
LOAD ./Drivers/STM32F4xx_HAL_Driver/Src/stm32f4xx_hal_flash.o
LOAD ./Drivers/STM32F4xx_HAL_Driver/Src/stm32f4xx_hal_flash_ex.o
LOAD ./Drivers/STM32F4xx_HAL_Driver/Src/stm32f4xx_hal_flash_ramfunc.o
LOAD ./Drivers/STM32F4xx_HAL_Driver/Src/stm32f4xx_hal_gpio.o
LOAD ./Drivers/STM32F4xx_HAL_Driver/Src/stm32f4xx_hal_i2c.o
LOAD ./Drivers/STM32F4xx_HAL_Driver/Src/stm32f4xx_hal_i2c_ex.o
LOAD ./Drivers/STM32F4xx_HAL_Driver/Src/stm32f4xx_hal_pcd.o
LOAD ./Drivers/STM32F4xx_HAL_Driver/Src/stm32f4xx_hal_pcd_ex.o
LOAD ./Drivers/STM32F4xx_HAL_Driver/Src/stm32f4xx_hal_pwr.o
LOAD ./Drivers/STM32F4xx_HAL_Driver/Src/stm32f4xx_hal_pwr_ex.o
LOAD ./Drivers/STM32F4xx_HAL_Driver/Src/stm32f4xx_hal_rcc.o
LOAD ./Drivers/STM32F4xx_HAL_Driver/Src/stm32f4xx_hal_rcc_ex.o
LOAD ./Drivers/STM32F4xx_HAL_Driver/Src/stm32f4xx_hal_uart.o
LOAD ./Drivers/STM32F4xx_HAL_Driver/Src/stm32f4xx_ll_dma.o
LOAD ./Drivers/STM32F4xx_HAL_Driver/Src/stm32f4xx_ll_exti.o
LOAD ./Drivers/STM32F4xx_HAL_Driver/Src/stm32f4xx_ll_gpio.o
LOAD ./Drivers/STM32F4xx_HAL_Driver/Src/stm32f4xx_ll_rcc.o
LOAD ./Drivers/STM32F4xx_HAL_Driver/Src/stm32f4xx_ll_tim.o
LOAD ./Drivers/STM32F4xx_HAL_Driver/Src/stm32f4xx_ll_usb.o
LOAD ./Drivers/STM32F4xx_HAL_Driver/Src/stm32f4xx_ll_utils.o
LOAD ./Middlewares/ST/STM32_USB_Device_Library/Class/CDC/Src/usbd_cdc.o
LOAD ./Middlewares/ST/STM32_USB_Device_Library/Core/Src/usbd_core.o
LOAD ./Middlewares/ST/STM32_USB_Device_Library/Core/Src/usbd_ctlreq.o
LOAD ./Middlewares/ST/STM32_USB_Device_Library/Core/Src/usbd_ioreq.o
LOAD ./USB_DEVICE/App/usb_device.o
LOAD ./USB_DEVICE/App/usbd_cdc_if.o
LOAD ./USB_DEVICE/App/usbd_desc.o
LOAD ./USB_DEVICE/Target/usbd_conf.o
START GROUP
LOAD /opt/st/stm32cubeide_2.1.1/plugins/com.st.stm32cube.ide.mcu.externaltools.gnu-tools-for-stm32.14.3.rel1.linux64_1.0.100.202602081740/tools/bin/../lib/gcc/arm-none-eabi/14.3.1/../../../../arm-none-eabi/lib/thumb/v7e-m+fp/hard/libstdc++_nano.a
LOAD /opt/st/stm32cubeide_2.1.1/plugins/com.st.stm32cube.ide.mcu.externaltools.gnu-tools-for-stm32.14.3.rel1.linux64_1.0.100.202602081740/tools/bin/../lib/gcc/arm-none-eabi/14.3.1/../../../../arm-none-eabi/lib/thumb/v7e-m+fp/hard/libsupc++_nano.a
END GROUP
LOAD /opt/st/stm32cubeide_2.1.1/plugins/com.st.stm32cube.ide.mcu.externaltools.gnu-tools-for-stm32.14.3.rel1.linux64_1.0.100.202602081740/tools/bin/../lib/gcc/arm-none-eabi/14.3.1/../../../../arm-none-eabi/lib/thumb/v7e-m+fp/hard/libstdc++_nano.a
LOAD /opt/st/stm32cubeide_2.1.1/plugins/com.st.stm32cube.ide.mcu.externaltools.gnu-tools-for-stm32.14.3.rel1.linux64_1.0.100.202602081740/tools/bin/../lib/gcc/arm-none-eabi/14.3.1/../../../../arm-none-eabi/lib/thumb/v7e-m+fp/hard/libm.a
LOAD /opt/st/stm32cubeide_2.1.1/plugins/com.st.stm32cube.ide.mcu.externaltools.gnu-tools-for-stm32.14.3.rel1.linux64_1.0.100.202602081740/tools/bin/../lib/gcc/arm-none-eabi/14.3.1/../../../../arm-none-eabi/lib/thumb/v7e-m+fp/hard/libc_nano.a
START GROUP
LOAD /opt/st/stm32cubeide_2.1.1/plugins/com.st.stm32cube.ide.mcu.externaltools.gnu-tools-for-stm32.14.3.rel1.linux64_1.0.100.202602081740/tools/bin/../lib/gcc/arm-none-eabi/14.3.1/thumb/v7e-m+fp/hard/libgcc.a
LOAD /opt/st/stm32cubeide_2.1.1/plugins/com.st.stm32cube.ide.mcu.externaltools.gnu-tools-for-stm32.14.3.rel1.linux64_1.0.100.202602081740/tools/bin/../lib/gcc/arm-none-eabi/14.3.1/../../../../arm-none-eabi/lib/thumb/v7e-m+fp/hard/libc_nano.a
END GROUP
START GROUP
LOAD /opt/st/stm32cubeide_2.1.1/plugins/com.st.stm32cube.ide.mcu.externaltools.gnu-tools-for-stm32.14.3.rel1.linux64_1.0.100.202602081740/tools/bin/../lib/gcc/arm-none-eabi/14.3.1/thumb/v7e-m+fp/hard/libgcc.a
LOAD /opt/st/stm32cubeide_2.1.1/plugins/com.st.stm32cube.ide.mcu.externaltools.gnu-tools-for-stm32.14.3.rel1.linux64_1.0.100.202602081740/tools/bin/../lib/gcc/arm-none-eabi/14.3.1/../../../../arm-none-eabi/lib/thumb/v7e-m+fp/hard/libc_nano.a
LOAD /opt/st/stm32cubeide_2.1.1/plugins/com.st.stm32cube.ide.mcu.externaltools.gnu-tools-for-stm32.14.3.rel1.linux64_1.0.100.202602081740/tools/bin/../lib/gcc/arm-none-eabi/14.3.1/../../../../arm-none-eabi/lib/thumb/v7e-m+fp/hard/libnosys.a
END GROUP
START GROUP
LOAD /opt/st/stm32cubeide_2.1.1/plugins/com.st.stm32cube.ide.mcu.externaltools.gnu-tools-for-stm32.14.3.rel1.linux64_1.0.100.202602081740/tools/bin/../lib/gcc/arm-none-eabi/14.3.1/thumb/v7e-m+fp/hard/libgcc.a
LOAD /opt/st/stm32cubeide_2.1.1/plugins/com.st.stm32cube.ide.mcu.externaltools.gnu-tools-for-stm32.14.3.rel1.linux64_1.0.100.202602081740/tools/bin/../lib/gcc/arm-none-eabi/14.3.1/../../../../arm-none-eabi/lib/thumb/v7e-m+fp/hard/libc_nano.a
LOAD /opt/st/stm32cubeide_2.1.1/plugins/com.st.stm32cube.ide.mcu.externaltools.gnu-tools-for-stm32.14.3.rel1.linux64_1.0.100.202602081740/tools/bin/../lib/gcc/arm-none-eabi/14.3.1/../../../../arm-none-eabi/lib/thumb/v7e-m+fp/hard/libnosys.a
END GROUP
LOAD /opt/st/stm32cubeide_2.1.1/plugins/com.st.stm32cube.ide.mcu.externaltools.gnu-tools-for-stm32.14.3.rel1.linux64_1.0.100.202602081740/tools/bin/../lib/gcc/arm-none-eabi/14.3.1/thumb/v7e-m+fp/hard/crtend.o
LOAD /opt/st/stm32cubeide_2.1.1/plugins/com.st.stm32cube.ide.mcu.externaltools.gnu-tools-for-stm32.14.3.rel1.linux64_1.0.100.202602081740/tools/bin/../lib/gcc/arm-none-eabi/14.3.1/thumb/v7e-m+fp/hard/crtn.o
                0x20020000                        _estack = (ORIGIN (RAM) + LENGTH (RAM))
                0x00000200                        _Min_Heap_Size = 0x200
                0x00000400                        _Min_Stack_Size = 0x400

.isr_vector     0x08000000      0x1c4
                0x08000000                        . = ALIGN (0x4)
 *(.isr_vector)
 .isr_vector    0x08000000      0x1c4 ./Core/Startup/startup_stm32f446retx.o
                0x08000000                g_pfnVectors
                0x080001c4                        . = ALIGN (0x4)

.text           0x080001d0    0x143f4
                0x080001d0                        . = ALIGN (0x4)
 *(.text)
 .text          0x080001d0       0x40 /opt/st/stm32cubeide_2.1.1/plugins/com.st.stm32cube.ide.mcu.externaltools.gnu-tools-for-stm32.14.3.rel1.linux64_1.0.100.202602081740/tools/bin/../lib/gcc/arm-none-eabi/14.3.1/thumb/v7e-m+fp/hard/crtbegin.o
 .text          0x08000210       0xa0 /opt/st/stm32cubeide_2.1.1/plugins/com.st.stm32cube.ide.mcu.externaltools.gnu-tools-for-stm32.14.3.rel1.linux64_1.0.100.202602081740/tools/bin/../lib/gcc/arm-none-eabi/14.3.1/../../../../arm-none-eabi/lib/thumb/v7e-m+fp/hard/libc_nano.a(libc_a-memchr.o)
                0x08000210                memchr
 .text          0x080002b0       0x10 /opt/st/stm32cubeide_2.1.1/plugins/com.st.stm32cube.ide.mcu.externaltools.gnu-tools-for-stm32.14.3.rel1.linux64_1.0.100.202602081740/tools/bin/../lib/gcc/arm-none-eabi/14.3.1/../../../../arm-none-eabi/lib/thumb/v7e-m+fp/hard/libc_nano.a(libc_a-strlen.o)
                0x080002b0                strlen
 .text          0x080002c0      0x378 /opt/st/stm32cubeide_2.1.1/plugins/com.st.stm32cube.ide.mcu.externaltools.gnu-tools-for-stm32.14.3.rel1.linux64_1.0.100.202602081740/tools/bin/../lib/gcc/arm-none-eabi/14.3.1/thumb/v7e-m+fp/hard/libgcc.a(_arm_addsubdf3.o)
                0x080002c0                __aeabi_drsub
                0x080002c8                __aeabi_dsub
                0x080002c8                __subdf3
                0x080002cc                __adddf3
                0x080002cc                __aeabi_dadd
                0x08000544                __aeabi_ui2d
                0x08000544                __floatunsidf
                0x08000564                __floatsidf
                0x08000564                __aeabi_i2d
                0x08000588                __extendsfdf2
                0x08000588                __aeabi_f2d
                0x080005cc                __aeabi_ul2d
                0x080005cc                __floatundidf
                0x080005dc                __floatdidf
                0x080005dc                __aeabi_l2d
 .text          0x08000638      0x424 /opt/st/stm32cubeide_2.1.1/plugins/com.st.stm32cube.ide.mcu.externaltools.gnu-tools-for-stm32.14.3.rel1.linux64_1.0.100.202602081740/tools/bin/../lib/gcc/arm-none-eabi/14.3.1/thumb/v7e-m+fp/hard/libgcc.a(_arm_muldivdf3.o)
                0x08000638                __aeabi_dmul
                0x08000638                __muldf3
                0x0800088c                __aeabi_ddiv
                0x0800088c                __divdf3
 .text          0x08000a5c      0x110 /opt/st/stm32cubeide_2.1.1/plugins/com.st.stm32cube.ide.mcu.externaltools.gnu-tools-for-stm32.14.3.rel1.linux64_1.0.100.202602081740/tools/bin/../lib/gcc/arm-none-eabi/14.3.1/thumb/v7e-m+fp/hard/libgcc.a(_arm_cmpdf2.o)
                0x08000a5c                __gtdf2
                0x08000a5c                __gedf2
                0x08000a64                __ltdf2
                0x08000a64                __ledf2
                0x08000a6c                __cmpdf2
                0x08000a6c                __eqdf2
                0x08000a6c                __nedf2
                0x08000ae8                __aeabi_cdrcmple
                0x08000af8                __aeabi_cdcmple
                0x08000af8                __aeabi_cdcmpeq
                0x08000b08                __aeabi_dcmpeq
                0x08000b1c                __aeabi_dcmplt
                0x08000b30                __aeabi_dcmple
                0x08000b44                __aeabi_dcmpge
                0x08000b58                __aeabi_dcmpgt
 .text          0x08000b6c       0x2c /opt/st/stm32cubeide_2.1.1/plugins/com.st.stm32cube.ide.mcu.externaltools.gnu-tools-for-stm32.14.3.rel1.linux64_1.0.100.202602081740/tools/bin/../lib/gcc/arm-none-eabi/14.3.1/thumb/v7e-m+fp/hard/libgcc.a(_arm_unorddf2.o)
                0x08000b6c                __aeabi_dcmpun
                0x08000b6c                __unorddf2
 .text          0x08000b98       0x50 /opt/st/stm32cubeide_2.1.1/plugins/com.st.stm32cube.ide.mcu.externaltools.gnu-tools-for-stm32.14.3.rel1.linux64_1.0.100.202602081740/tools/bin/../lib/gcc/arm-none-eabi/14.3.1/thumb/v7e-m+fp/hard/libgcc.a(_arm_fixdfsi.o)
                0x08000b98                __fixdfsi
                0x08000b98                __aeabi_d2iz
 .text          0x08000be8       0xa0 /opt/st/stm32cubeide_2.1.1/plugins/com.st.stm32cube.ide.mcu.externaltools.gnu-tools-for-stm32.14.3.rel1.linux64_1.0.100.202602081740/tools/bin/../lib/gcc/arm-none-eabi/14.3.1/thumb/v7e-m+fp/hard/libgcc.a(_arm_truncdfsf2.o)
                0x08000be8                __aeabi_d2f
                0x08000be8                __truncdfsf2
 .text          0x08000c88       0x30 /opt/st/stm32cubeide_2.1.1/plugins/com.st.stm32cube.ide.mcu.externaltools.gnu-tools-for-stm32.14.3.rel1.linux64_1.0.100.202602081740/tools/bin/../lib/gcc/arm-none-eabi/14.3.1/thumb/v7e-m+fp/hard/libgcc.a(_aeabi_uldivmod.o)
                0x08000c88                __aeabi_uldivmod
 .text          0x08000cb8      0x2f8 /opt/st/stm32cubeide_2.1.1/plugins/com.st.stm32cube.ide.mcu.externaltools.gnu-tools-for-stm32.14.3.rel1.linux64_1.0.100.202602081740/tools/bin/../lib/gcc/arm-none-eabi/14.3.1/thumb/v7e-m+fp/hard/libgcc.a(_udivmoddi4.o)
                0x08000cb8                __udivmoddi4
 .text          0x08000fb0        0x4 /opt/st/stm32cubeide_2.1.1/plugins/com.st.stm32cube.ide.mcu.externaltools.gnu-tools-for-stm32.14.3.rel1.linux64_1.0.100.202602081740/tools/bin/../lib/gcc/arm-none-eabi/14.3.1/thumb/v7e-m+fp/hard/libgcc.a(_dvmd_tls.o)
                0x08000fb0                __aeabi_ldiv0
                0x08000fb0                __aeabi_idiv0
 *(.text*)
 .text.Print2Console
                0x08000fb4       0x18 ./Core/Src/ICM20602.o
                0x08000fb4                Print2Console
 .text.Calibrate_GYRO
                0x08000fcc      0x134 ./Core/Src/ICM20602.o
                0x08000fcc                Calibrate_GYRO
 .text.ICM20602_Init
                0x08001100      0x1bc ./Core/Src/ICM20602.o
                0x08001100                ICM20602_Init
 .text.I2C_Bus_Recover
                0x080012bc      0x140 ./Core/Src/ICM20602.o
                0x080012bc                I2C_Bus_Recover
 .text.I2C_WatchdogCheck
                0x080013fc       0x74 ./Core/Src/ICM20602.o
                0x080013fc                I2C_WatchdogCheck
 .text.Read_data
                0x08001470       0x40 ./Core/Src/ICM20602.o
                0x08001470                Read_data
 .text.HAL_I2C_MemRxCpltCallback
                0x080014b0      0x280 ./Core/Src/ICM20602.o
                0x080014b0                HAL_I2C_MemRxCpltCallback
 .text.HAL_I2C_ErrorCallback
                0x08001730       0x38 ./Core/Src/ICM20602.o
                0x08001730                HAL_I2C_ErrorCallback
 .text.IMU_Init_MF
                0x08001768       0x60 ./Core/Src/ICM20602.o
                0x08001768                IMU_Init_MF
 .text.IMU_Update_MF
                0x080017c8      0x6d0 ./Core/Src/ICM20602.o
                0x080017c8                IMU_Update_MF
 .text._Z7sendMsgR16CubeCANInterfacemhPKh
                0x08001e98       0x5a ./Core/Src/ODrive_CubeIDE_glue.o
                0x08001e98                sendMsg(CubeCANInterface&, unsigned long, unsigned char, unsigned char const*)
 *fill*         0x08001ef2        0x2 
 .text._Z10pumpEventsR16CubeCANInterface
                0x08001ef4       0x64 ./Core/Src/ODrive_CubeIDE_glue.o
                0x08001ef4                pumpEvents(CubeCANInterface&)
 .text.send_imu
                0x08001f58       0x44 ./Core/Src/llcp.o
                0x08001f58                send_imu
 .text.send_ACK
                0x08001f9c       0xec ./Core/Src/llcp.o
                0x08001f9c                send_ACK
 .text.receive_message
                0x08002088      0x120 ./Core/Src/llcp.o
                0x08002088                receive_message
 .text.llcp_processChar
                0x080021a8      0x124 ./Core/Src/llcp_lib.o
                0x080021a8                llcp_processChar
 .text.llcp_prepareMessage
                0x080022cc       0xb0 ./Core/Src/llcp_lib.o
                0x080022cc                llcp_prepareMessage
 .text.__NVIC_GetPriorityGrouping
                0x0800237c       0x1c ./Core/Src/main.o
 .text.__NVIC_EnableIRQ
                0x08002398       0x3c ./Core/Src/main.o
 .text.__NVIC_SetPriority
                0x080023d4       0x54 ./Core/Src/main.o
 .text.NVIC_EncodePriority
                0x08002428       0x62 ./Core/Src/main.o
 .text.LL_TIM_EnableCounter
                0x0800248a       0x20 ./Core/Src/main.o
 .text.LL_TIM_EnableARRPreload
                0x080024aa       0x20 ./Core/Src/main.o
 .text.LL_TIM_SetCounter
                0x080024ca       0x1c ./Core/Src/main.o
 .text.LL_TIM_GetCounter
                0x080024e6       0x18 ./Core/Src/main.o
 .text.LL_TIM_SetTriggerOutput
                0x080024fe       0x26 ./Core/Src/main.o
 .text.LL_TIM_DisableMasterSlaveMode
                0x08002524       0x20 ./Core/Src/main.o
 .text.LL_TIM_EnableIT_UPDATE
                0x08002544       0x20 ./Core/Src/main.o
 .text.LL_APB1_GRP1_EnableClock
                0x08002564       0x30 ./Core/Src/main.o
 .text.LL_APB2_GRP1_EnableClock
                0x08002594       0x30 ./Core/Src/main.o
 .text._ZN29Get_Bus_Voltage_Current_msg_t10decode_bufEPKh
                0x080025c4       0x3e ./Core/Src/main.o
                0x080025c4                Get_Bus_Voltage_Current_msg_t::decode_buf(unsigned char const*)
 .text._ZN20ODriveCanIntfWrapper7sendMsgEmhPKh
                0x08002602       0x2a ./Core/Src/main.o
                0x08002602                ODriveCanIntfWrapper::sendMsg(unsigned long, unsigned char, unsigned char const*)
 .text._ZN9ODriveCANC2ERK20ODriveCanIntfWrapperm
                0x0800262c       0x5a ./Core/Src/main.o
                0x0800262c                ODriveCAN::ODriveCAN(ODriveCanIntfWrapper const&, unsigned long)
                0x0800262c                ODriveCAN::ODriveCAN(ODriveCanIntfWrapper const&, unsigned long)
 .text._ZN9ODriveCAN10onFeedbackEPFvR27Get_Encoder_Estimates_msg_tPvES2_
                0x08002686       0x24 ./Core/Src/main.o
                0x08002686                ODriveCAN::onFeedback(void (*)(Get_Encoder_Estimates_msg_t&, void*), void*)
 .text._ZN9ODriveCAN8onStatusEPFvR15Heartbeat_msg_tPvES2_
                0x080026aa       0x24 ./Core/Src/main.o
                0x080026aa                ODriveCAN::onStatus(void (*)(Heartbeat_msg_t&, void*), void*)
 .text._ZZL13wrap_can_intfR16CubeCANInterfaceENKUlPvmhPKhE_clES1_mhS3_
                0x080026ce       0x24 ./Core/Src/main.o
 .text._ZZL13wrap_can_intfR16CubeCANInterfaceENUlPvmhPKhE_4_FUNES1_mhS3_
                0x080026f2       0x2c ./Core/Src/main.o
 *fill*         0x0800271e        0x2 
 .text._ZZL13wrap_can_intfR16CubeCANInterfaceENKUlPvmhPKhE_cvPFbS1_mhS3_EEv
                0x08002720       0x1c ./Core/Src/main.o
 .text._ZZL13wrap_can_intfR16CubeCANInterfaceENKUlPvE_clES1_
                0x0800273c       0x16 ./Core/Src/main.o
 .text._ZZL13wrap_can_intfR16CubeCANInterfaceENUlPvE_4_FUNES1_
                0x08002752       0x16 ./Core/Src/main.o
 .text._ZZL13wrap_can_intfR16CubeCANInterfaceENKUlPvE_cvPFvS1_EEv
                0x08002768       0x1c ./Core/Src/main.o
 .text._ZL13wrap_can_intfR16CubeCANInterface
                0x08002784       0x38 ./Core/Src/main.o
 .text._Z11onHeartbeatR15Heartbeat_msg_tPv
                0x080027bc       0x30 ./Core/Src/main.o
                0x080027bc                onHeartbeat(Heartbeat_msg_t&, void*)
 .text._Z10onFeedbackR27Get_Encoder_Estimates_msg_tPv
                0x080027ec       0x2e ./Core/Src/main.o
                0x080027ec                onFeedback(Get_Encoder_Estimates_msg_t&, void*)
 *fill*         0x0800281a        0x2 
 .text.USB_RXCallback
                0x0800281c       0x3c ./Core/Src/main.o
                0x0800281c                USB_RXCallback
 .text.main     0x08002858      0x540 ./Core/Src/main.o
                0x08002858                main
 .text.SystemClock_Config
                0x08002d98       0xec ./Core/Src/main.o
                0x08002d98                SystemClock_Config
 .text._ZL12MX_CAN1_Initv
                0x08002e84       0x78 ./Core/Src/main.o
 .text._ZL12MX_I2C3_Initv
                0x08002efc       0x68 ./Core/Src/main.o
 .text._ZL12MX_TIM6_Initv
                0x08002f64       0x74 ./Core/Src/main.o
 .text._ZL12MX_TIM7_Initv
                0x08002fd8       0x74 ./Core/Src/main.o
 .text._ZL13MX_TIM10_Initv
                0x0800304c       0x4c ./Core/Src/main.o
 .text._ZL19MX_USART2_UART_Initv
                0x08003098       0x5c ./Core/Src/main.o
 .text._ZL11MX_DMA_Initv
                0x080030f4       0x40 ./Core/Src/main.o
 .text._ZL12MX_GPIO_Initv
                0x08003134       0xbc ./Core/Src/main.o
 .text.HAL_CAN_RxFifo0MsgPendingCallback
                0x080031f0       0x1c ./Core/Src/main.o
                0x080031f0                HAL_CAN_RxFifo0MsgPendingCallback
 .text.feedback_callback
                0x0800320c       0x3c ./Core/Src/main.o
                0x0800320c                feedback_callback
 .text.Error_Handler
                0x08003248        0xc ./Core/Src/main.o
                0x08003248                Error_Handler
 .text._Z18can_get_signal_rawIfET_PKhjjb
                0x08003254      0x156 ./Core/Src/main.o
                0x08003254                float can_get_signal_raw<float>(unsigned char const*, unsigned int, unsigned int, bool)
 .text._ZN9ODriveCAN7requestI29Get_Bus_Voltage_Current_msg_tEEbRT_t
                0x080033aa       0x58 ./Core/Src/main.o
                0x080033aa                bool ODriveCAN::request<Get_Bus_Voltage_Current_msg_t>(Get_Bus_Voltage_Current_msg_t&, unsigned short)
 *fill*         0x08003402        0x2 
 .text._Z41__static_initialization_and_destruction_0v
                0x08003404       0x28 ./Core/Src/main.o
 .text._GLOBAL__sub_I_hcan1
                0x0800342c        0xa ./Core/Src/main.o
 *fill*         0x08003436        0x2 
 .text.HAL_MspInit
                0x08003438       0x50 ./Core/Src/stm32f4xx_hal_msp.o
                0x08003438                HAL_MspInit
 .text.HAL_CAN_MspInit
                0x08003488       0xa0 ./Core/Src/stm32f4xx_hal_msp.o
                0x08003488                HAL_CAN_MspInit
 .text.HAL_I2C_MspInit
                0x08003528      0x15c ./Core/Src/stm32f4xx_hal_msp.o
                0x08003528                HAL_I2C_MspInit
 .text.HAL_I2C_MspDeInit
                0x08003684       0x60 ./Core/Src/stm32f4xx_hal_msp.o
                0x08003684                HAL_I2C_MspDeInit
 .text.HAL_UART_MspInit
                0x080036e4       0x90 ./Core/Src/stm32f4xx_hal_msp.o
                0x080036e4                HAL_UART_MspInit
 .text.LL_TIM_ClearFlag_UPDATE
                0x08003774       0x1c ./Core/Src/stm32f4xx_it.o
 .text.LL_TIM_IsActiveFlag_UPDATE
                0x08003790       0x26 ./Core/Src/stm32f4xx_it.o
 .text.NMI_Handler
                0x080037b6        0x8 ./Core/Src/stm32f4xx_it.o
                0x080037b6                NMI_Handler
 .text.HardFault_Handler
                0x080037be        0x8 ./Core/Src/stm32f4xx_it.o
                0x080037be                HardFault_Handler
 .text.MemManage_Handler
                0x080037c6        0x8 ./Core/Src/stm32f4xx_it.o
                0x080037c6                MemManage_Handler
 .text.BusFault_Handler
                0x080037ce        0x8 ./Core/Src/stm32f4xx_it.o
                0x080037ce                BusFault_Handler
 .text.UsageFault_Handler
                0x080037d6        0x8 ./Core/Src/stm32f4xx_it.o
                0x080037d6                UsageFault_Handler
 .text.SVC_Handler
                0x080037de        0xe ./Core/Src/stm32f4xx_it.o
                0x080037de                SVC_Handler
 .text.DebugMon_Handler
                0x080037ec        0xe ./Core/Src/stm32f4xx_it.o
                0x080037ec                DebugMon_Handler
 .text.PendSV_Handler
                0x080037fa        0xe ./Core/Src/stm32f4xx_it.o
                0x080037fa                PendSV_Handler
 .text.SysTick_Handler
                0x08003808        0xc ./Core/Src/stm32f4xx_it.o
                0x08003808                SysTick_Handler
 .text.DMA1_Stream2_IRQHandler
                0x08003814       0x14 ./Core/Src/stm32f4xx_it.o
                0x08003814                DMA1_Stream2_IRQHandler
 .text.CAN1_RX0_IRQHandler
                0x08003828       0x14 ./Core/Src/stm32f4xx_it.o
                0x08003828                CAN1_RX0_IRQHandler
 .text.TIM6_DAC_IRQHandler
                0x0800383c       0x28 ./Core/Src/stm32f4xx_it.o
                0x0800383c                TIM6_DAC_IRQHandler
 .text.TIM7_IRQHandler
                0x08003864       0x24 ./Core/Src/stm32f4xx_it.o
                0x08003864                TIM7_IRQHandler
 .text.OTG_FS_IRQHandler
                0x08003888       0x14 ./Core/Src/stm32f4xx_it.o
                0x08003888                OTG_FS_IRQHandler
 .text.I2C3_EV_IRQHandler
                0x0800389c       0x14 ./Core/Src/stm32f4xx_it.o
                0x0800389c                I2C3_EV_IRQHandler
 .text.I2C3_ER_IRQHandler
                0x080038b0       0x14 ./Core/Src/stm32f4xx_it.o
                0x080038b0                I2C3_ER_IRQHandler
 .text._getpid  0x080038c4       0x10 ./Core/Src/syscalls.o
                0x080038c4                _getpid
 .text._kill    0x080038d4       0x20 ./Core/Src/syscalls.o
                0x080038d4                _kill
 .text._exit    0x080038f4       0x16 ./Core/Src/syscalls.o
                0x080038f4                _exit
 .text._read    0x0800390a       0x3a ./Core/Src/syscalls.o
                0x0800390a                _read
 .text._write   0x08003944       0x38 ./Core/Src/syscalls.o
                0x08003944                _write
 .text._close   0x0800397c       0x18 ./Core/Src/syscalls.o
                0x0800397c                _close
 .text._fstat   0x08003994       0x20 ./Core/Src/syscalls.o
                0x08003994                _fstat
 .text._isatty  0x080039b4       0x16 ./Core/Src/syscalls.o
                0x080039b4                _isatty
 .text._lseek   0x080039ca       0x1a ./Core/Src/syscalls.o
                0x080039ca                _lseek
 .text._sbrk    0x080039e4       0x6c ./Core/Src/sysmem.o
                0x080039e4                _sbrk
 .text.SystemInit
                0x08003a50       0x24 ./Core/Src/system_stm32f4xx.o
                0x08003a50                SystemInit
 .text._ZN15Heartbeat_msg_t10decode_bufEPKh
                0x08003a74       0x60 ./Core/Src/ODrive/ODriveCAN.o
                0x08003a74                Heartbeat_msg_t::decode_buf(unsigned char const*)
 .text._ZN15Get_Error_msg_t10decode_bufEPKh
                0x08003ad4       0x36 ./Core/Src/ODrive/ODriveCAN.o
                0x08003ad4                Get_Error_msg_t::decode_buf(unsigned char const*)
 .text._ZNK20Set_Axis_State_msg_t10encode_bufEPh
                0x08003b0a       0x24 ./Core/Src/ODrive/ODriveCAN.o
                0x08003b0a                Set_Axis_State_msg_t::encode_buf(unsigned char*) const
 .text._ZN27Get_Encoder_Estimates_msg_t10decode_bufEPKh
                0x08003b2e       0x3e ./Core/Src/ODrive/ODriveCAN.o
                0x08003b2e                Get_Encoder_Estimates_msg_t::decode_buf(unsigned char const*)
 .text._ZNK19Set_Input_Pos_msg_t10encode_bufEPh
                0x08003b6c       0x6c ./Core/Src/ODrive/ODriveCAN.o
                0x08003b6c                Set_Input_Pos_msg_t::encode_buf(unsigned char*) const
 .text._ZN12Get_Iq_msg_t10decode_bufEPKh
                0x08003bd8       0x3e ./Core/Src/ODrive/ODriveCAN.o
                0x08003bd8                Get_Iq_msg_t::decode_buf(unsigned char const*)
 .text._ZN21Get_Temperature_msg_t10decode_bufEPKh
                0x08003c16       0x3e ./Core/Src/ODrive/ODriveCAN.o
                0x08003c16                Get_Temperature_msg_t::decode_buf(unsigned char const*)
 .text._ZNK18Clear_Errors_msg_t10encode_bufEPh
                0x08003c54       0x24 ./Core/Src/ODrive/ODriveCAN.o
                0x08003c54                Clear_Errors_msg_t::encode_buf(unsigned char*) const
 .text._ZN17Get_Torques_msg_t10decode_bufEPKh
                0x08003c78       0x3e ./Core/Src/ODrive/ODriveCAN.o
                0x08003c78                Get_Torques_msg_t::decode_buf(unsigned char const*)
 .text._ZN20ODriveCanIntfWrapper11pump_eventsEv
                0x08003cb6       0x1c ./Core/Src/ODrive/ODriveCAN.o
                0x08003cb6                ODriveCanIntfWrapper::pump_events()
 .text._ZN9ODriveCAN11clearErrorsEv
                0x08003cd2       0x22 ./Core/Src/ODrive/ODriveCAN.o
                0x08003cd2                ODriveCAN::clearErrors()
 .text._ZN9ODriveCAN11setPositionEfff
                0x08003cf4       0x48 ./Core/Src/ODrive/ODriveCAN.o
                0x08003cf4                ODriveCAN::setPosition(float, float, float)
 .text._ZN9ODriveCAN8setStateE15ODriveAxisState
                0x08003d3c       0x2a ./Core/Src/ODrive/ODriveCAN.o
                0x08003d3c                ODriveCAN::setState(ODriveAxisState)
 *fill*         0x08003d66        0x2 
 .text._ZN9ODriveCAN9onReceiveEmhPKh
                0x08003d68      0x288 ./Core/Src/ODrive/ODriveCAN.o
                0x08003d68                ODriveCAN::onReceive(unsigned long, unsigned char, unsigned char const*)
 .text._ZN9ODriveCAN8awaitMsgEt
                0x08003ff0       0x58 ./Core/Src/ODrive/ODriveCAN.o
                0x08003ff0                ODriveCAN::awaitMsg(unsigned short)
 .text._Z18can_set_signal_rawIhEvPhT_jjb
                0x08004048      0x234 ./Core/Src/ODrive/ODriveCAN.o
                0x08004048                void can_set_signal_raw<unsigned char>(unsigned char*, unsigned char, unsigned int, unsigned int, bool)
 .text._Z18can_get_signal_rawIhET_PKhjjb
                0x0800427c      0x156 ./Core/Src/ODrive/ODriveCAN.o
                0x0800427c                unsigned char can_get_signal_raw<unsigned char>(unsigned char const*, unsigned int, unsigned int, bool)
 .text._Z18can_set_signal_rawImEvPhT_jjb
                0x080043d2      0x22c ./Core/Src/ODrive/ODriveCAN.o
                0x080043d2                void can_set_signal_raw<unsigned long>(unsigned char*, unsigned long, unsigned int, unsigned int, bool)
 .text._Z18can_get_signal_rawImET_PKhjjb
                0x080045fe      0x150 ./Core/Src/ODrive/ODriveCAN.o
                0x080045fe                unsigned long can_get_signal_raw<unsigned long>(unsigned char const*, unsigned int, unsigned int, bool)
 .text._Z18can_set_signal_rawIfEvPhT_jjb
                0x0800474e      0x232 ./Core/Src/ODrive/ODriveCAN.o
                0x0800474e                void can_set_signal_raw<float>(unsigned char*, float, unsigned int, unsigned int, bool)
 .text._Z18can_set_signal_rawIsEvPhfjjbff
                0x08004980       0x52 ./Core/Src/ODrive/ODriveCAN.o
                0x08004980                void can_set_signal_raw<short>(unsigned char*, float, unsigned int, unsigned int, bool, float, float)
 .text._ZN9ODriveCAN4sendI18Clear_Errors_msg_tEEbRKT_
                0x080049d2       0x40 ./Core/Src/ODrive/ODriveCAN.o
                0x080049d2                bool ODriveCAN::send<Clear_Errors_msg_t>(Clear_Errors_msg_t const&)
 .text._ZN9ODriveCAN4sendI19Set_Input_Pos_msg_tEEbRKT_
                0x08004a12       0x40 ./Core/Src/ODrive/ODriveCAN.o
                0x08004a12                bool ODriveCAN::send<Set_Input_Pos_msg_t>(Set_Input_Pos_msg_t const&)
 .text._ZN9ODriveCAN4sendI20Set_Axis_State_msg_tEEbRKT_
                0x08004a52       0x40 ./Core/Src/ODrive/ODriveCAN.o
                0x08004a52                bool ODriveCAN::send<Set_Axis_State_msg_t>(Set_Axis_State_msg_t const&)
 .text._Z18can_set_signal_rawIsEvPhT_jjb
                0x08004a92      0x234 ./Core/Src/ODrive/ODriveCAN.o
                0x08004a92                void can_set_signal_raw<short>(unsigned char*, short, unsigned int, unsigned int, bool)
 *fill*         0x08004cc6        0x2 
 .text.Reset_Handler
                0x08004cc8       0x50 ./Core/Startup/startup_stm32f446retx.o
                0x08004cc8                Reset_Handler
 .text.Default_Handler
                0x08004d18        0x2 ./Core/Startup/startup_stm32f446retx.o
                0x08004d18                RTC_Alarm_IRQHandler
                0x08004d18                EXTI2_IRQHandler
                0x08004d18                TIM8_CC_IRQHandler
                0x08004d18                FMPI2C1_EV_IRQHandler
                0x08004d18                SPI4_IRQHandler
                0x08004d18                TIM1_CC_IRQHandler
                0x08004d18                DMA2_Stream5_IRQHandler
                0x08004d18                DMA1_Stream5_IRQHandler
                0x08004d18                PVD_IRQHandler
                0x08004d18                SDIO_IRQHandler
                0x08004d18                TAMP_STAMP_IRQHandler
                0x08004d18                CAN2_RX1_IRQHandler
                0x08004d18                EXTI3_IRQHandler
                0x08004d18                TIM8_TRG_COM_TIM14_IRQHandler
                0x08004d18                TIM1_UP_TIM10_IRQHandler
                0x08004d18                TIM8_UP_TIM13_IRQHandler
                0x08004d18                EXTI0_IRQHandler
                0x08004d18                I2C2_EV_IRQHandler
                0x08004d18                FPU_IRQHandler
                0x08004d18                OTG_HS_WKUP_IRQHandler
                0x08004d18                CAN2_SCE_IRQHandler
                0x08004d18                DMA2_Stream2_IRQHandler
                0x08004d18                SPI1_IRQHandler
                0x08004d18                TIM1_BRK_TIM9_IRQHandler
                0x08004d18                DCMI_IRQHandler
                0x08004d18                CAN2_RX0_IRQHandler
                0x08004d18                DMA2_Stream3_IRQHandler
                0x08004d18                SAI2_IRQHandler
                0x08004d18                USART6_IRQHandler
                0x08004d18                USART3_IRQHandler
                0x08004d18                CAN1_RX1_IRQHandler
                0x08004d18                UART5_IRQHandler
                0x08004d18                DMA2_Stream0_IRQHandler
                0x08004d18                TIM4_IRQHandler
                0x08004d18                QUADSPI_IRQHandler
                0x08004d18                I2C1_EV_IRQHandler
                0x08004d18                DMA1_Stream6_IRQHandler
                0x08004d18                DMA1_Stream1_IRQHandler
                0x08004d18                UART4_IRQHandler
                0x08004d18                TIM3_IRQHandler
                0x08004d18                RCC_IRQHandler
                0x08004d18                TIM8_BRK_TIM12_IRQHandler
                0x08004d18                Default_Handler
                0x08004d18                CEC_IRQHandler
                0x08004d18                EXTI15_10_IRQHandler
                0x08004d18                ADC_IRQHandler
                0x08004d18                DMA1_Stream7_IRQHandler
                0x08004d18                CAN2_TX_IRQHandler
                0x08004d18                TIM5_IRQHandler
                0x08004d18                DMA2_Stream7_IRQHandler
                0x08004d18                EXTI9_5_IRQHandler
                0x08004d18                RTC_WKUP_IRQHandler
                0x08004d18                SPDIF_RX_IRQHandler
                0x08004d18                SPI2_IRQHandler
                0x08004d18                OTG_HS_EP1_IN_IRQHandler
                0x08004d18                DMA1_Stream0_IRQHandler
                0x08004d18                CAN1_TX_IRQHandler
                0x08004d18                FMPI2C1_ER_IRQHandler
                0x08004d18                EXTI4_IRQHandler
                0x08004d18                OTG_HS_EP1_OUT_IRQHandler
                0x08004d18                WWDG_IRQHandler
                0x08004d18                TIM2_IRQHandler
                0x08004d18                OTG_FS_WKUP_IRQHandler
                0x08004d18                TIM1_TRG_COM_TIM11_IRQHandler
                0x08004d18                OTG_HS_IRQHandler
                0x08004d18                EXTI1_IRQHandler
                0x08004d18                USART2_IRQHandler
                0x08004d18                I2C2_ER_IRQHandler
                0x08004d18                DMA2_Stream1_IRQHandler
                0x08004d18                CAN1_SCE_IRQHandler
                0x08004d18                FLASH_IRQHandler
                0x08004d18                DMA2_Stream4_IRQHandler
                0x08004d18                USART1_IRQHandler
                0x08004d18                SPI3_IRQHandler
                0x08004d18                DMA1_Stream4_IRQHandler
                0x08004d18                I2C1_ER_IRQHandler
                0x08004d18                FMC_IRQHandler
                0x08004d18                DMA2_Stream6_IRQHandler
                0x08004d18                SAI1_IRQHandler
                0x08004d18                DMA1_Stream3_IRQHandler
 *fill*         0x08004d1a        0x2 
 .text.HAL_Init
                0x08004d1c       0x44 ./Drivers/STM32F4xx_HAL_Driver/Src/stm32f4xx_hal.o
                0x08004d1c                HAL_Init
 .text.HAL_InitTick
                0x08004d60       0x60 ./Drivers/STM32F4xx_HAL_Driver/Src/stm32f4xx_hal.o
                0x08004d60                HAL_InitTick
 .text.HAL_IncTick
                0x08004dc0       0x28 ./Drivers/STM32F4xx_HAL_Driver/Src/stm32f4xx_hal.o
                0x08004dc0                HAL_IncTick
 .text.HAL_GetTick
                0x08004de8       0x18 ./Drivers/STM32F4xx_HAL_Driver/Src/stm32f4xx_hal.o
                0x08004de8                HAL_GetTick
 .text.HAL_Delay
                0x08004e00       0x48 ./Drivers/STM32F4xx_HAL_Driver/Src/stm32f4xx_hal.o
                0x08004e00                HAL_Delay
 .text.HAL_CAN_Init
                0x08004e48      0x1f6 ./Drivers/STM32F4xx_HAL_Driver/Src/stm32f4xx_hal_can.o
                0x08004e48                HAL_CAN_Init
 *fill*         0x0800503e        0x2 
 .text.HAL_CAN_ConfigFilter
                0x08005040      0x1bc ./Drivers/STM32F4xx_HAL_Driver/Src/stm32f4xx_hal_can.o
                0x08005040                HAL_CAN_ConfigFilter
 .text.HAL_CAN_Start
                0x080051fc       0x88 ./Drivers/STM32F4xx_HAL_Driver/Src/stm32f4xx_hal_can.o
                0x080051fc                HAL_CAN_Start
 .text.HAL_CAN_AddTxMessage
                0x08005284      0x1a0 ./Drivers/STM32F4xx_HAL_Driver/Src/stm32f4xx_hal_can.o
                0x08005284                HAL_CAN_AddTxMessage
 .text.HAL_CAN_GetRxMessage
                0x08005424      0x244 ./Drivers/STM32F4xx_HAL_Driver/Src/stm32f4xx_hal_can.o
                0x08005424                HAL_CAN_GetRxMessage
 .text.HAL_CAN_GetRxFifoFillLevel
                0x08005668       0x50 ./Drivers/STM32F4xx_HAL_Driver/Src/stm32f4xx_hal_can.o
                0x08005668                HAL_CAN_GetRxFifoFillLevel
 .text.HAL_CAN_ActivateNotification
                0x080056b8       0x4c ./Drivers/STM32F4xx_HAL_Driver/Src/stm32f4xx_hal_can.o
                0x080056b8                HAL_CAN_ActivateNotification
 .text.HAL_CAN_IRQHandler
                0x08005704      0x36e ./Drivers/STM32F4xx_HAL_Driver/Src/stm32f4xx_hal_can.o
                0x08005704                HAL_CAN_IRQHandler
 .text.HAL_CAN_TxMailbox0CompleteCallback
                0x08005a72       0x14 ./Drivers/STM32F4xx_HAL_Driver/Src/stm32f4xx_hal_can.o
                0x08005a72                HAL_CAN_TxMailbox0CompleteCallback
 .text.HAL_CAN_TxMailbox1CompleteCallback
                0x08005a86       0x14 ./Drivers/STM32F4xx_HAL_Driver/Src/stm32f4xx_hal_can.o
                0x08005a86                HAL_CAN_TxMailbox1CompleteCallback
 .text.HAL_CAN_TxMailbox2CompleteCallback
                0x08005a9a       0x14 ./Drivers/STM32F4xx_HAL_Driver/Src/stm32f4xx_hal_can.o
                0x08005a9a                HAL_CAN_TxMailbox2CompleteCallback
 .text.HAL_CAN_TxMailbox0AbortCallback
                0x08005aae       0x14 ./Drivers/STM32F4xx_HAL_Driver/Src/stm32f4xx_hal_can.o
                0x08005aae                HAL_CAN_TxMailbox0AbortCallback
 .text.HAL_CAN_TxMailbox1AbortCallback
                0x08005ac2       0x14 ./Drivers/STM32F4xx_HAL_Driver/Src/stm32f4xx_hal_can.o
                0x08005ac2                HAL_CAN_TxMailbox1AbortCallback
 .text.HAL_CAN_TxMailbox2AbortCallback
                0x08005ad6       0x14 ./Drivers/STM32F4xx_HAL_Driver/Src/stm32f4xx_hal_can.o
                0x08005ad6                HAL_CAN_TxMailbox2AbortCallback
 .text.HAL_CAN_RxFifo0FullCallback
                0x08005aea       0x14 ./Drivers/STM32F4xx_HAL_Driver/Src/stm32f4xx_hal_can.o
                0x08005aea                HAL_CAN_RxFifo0FullCallback
 .text.HAL_CAN_RxFifo1MsgPendingCallback
                0x08005afe       0x14 ./Drivers/STM32F4xx_HAL_Driver/Src/stm32f4xx_hal_can.o
                0x08005afe                HAL_CAN_RxFifo1MsgPendingCallback
 .text.HAL_CAN_RxFifo1FullCallback
                0x08005b12       0x14 ./Drivers/STM32F4xx_HAL_Driver/Src/stm32f4xx_hal_can.o
                0x08005b12                HAL_CAN_RxFifo1FullCallback
 .text.HAL_CAN_SleepCallback
                0x08005b26       0x14 ./Drivers/STM32F4xx_HAL_Driver/Src/stm32f4xx_hal_can.o
                0x08005b26                HAL_CAN_SleepCallback
 .text.HAL_CAN_WakeUpFromRxMsgCallback
                0x08005b3a       0x14 ./Drivers/STM32F4xx_HAL_Driver/Src/stm32f4xx_hal_can.o
                0x08005b3a                HAL_CAN_WakeUpFromRxMsgCallback
 .text.HAL_CAN_ErrorCallback
                0x08005b4e       0x14 ./Drivers/STM32F4xx_HAL_Driver/Src/stm32f4xx_hal_can.o
                0x08005b4e                HAL_CAN_ErrorCallback
 *fill*         0x08005b62        0x2 
 .text.__NVIC_SetPriorityGrouping
                0x08005b64       0x48 ./Drivers/STM32F4xx_HAL_Driver/Src/stm32f4xx_hal_cortex.o
 .text.__NVIC_GetPriorityGrouping
                0x08005bac       0x1c ./Drivers/STM32F4xx_HAL_Driver/Src/stm32f4xx_hal_cortex.o
 .text.__NVIC_EnableIRQ
                0x08005bc8       0x3c ./Drivers/STM32F4xx_HAL_Driver/Src/stm32f4xx_hal_cortex.o
 .text.__NVIC_DisableIRQ
                0x08005c04       0x48 ./Drivers/STM32F4xx_HAL_Driver/Src/stm32f4xx_hal_cortex.o
 .text.__NVIC_SetPriority
                0x08005c4c       0x54 ./Drivers/STM32F4xx_HAL_Driver/Src/stm32f4xx_hal_cortex.o
 .text.NVIC_EncodePriority
                0x08005ca0       0x66 ./Drivers/STM32F4xx_HAL_Driver/Src/stm32f4xx_hal_cortex.o
 *fill*         0x08005d06        0x2 
 .text.SysTick_Config
                0x08005d08       0x44 ./Drivers/STM32F4xx_HAL_Driver/Src/stm32f4xx_hal_cortex.o
 .text.HAL_NVIC_SetPriorityGrouping
                0x08005d4c       0x16 ./Drivers/STM32F4xx_HAL_Driver/Src/stm32f4xx_hal_cortex.o
                0x08005d4c                HAL_NVIC_SetPriorityGrouping
 .text.HAL_NVIC_SetPriority
                0x08005d62       0x38 ./Drivers/STM32F4xx_HAL_Driver/Src/stm32f4xx_hal_cortex.o
                0x08005d62                HAL_NVIC_SetPriority
 .text.HAL_NVIC_EnableIRQ
                0x08005d9a       0x1c ./Drivers/STM32F4xx_HAL_Driver/Src/stm32f4xx_hal_cortex.o
                0x08005d9a                HAL_NVIC_EnableIRQ
 .text.HAL_NVIC_DisableIRQ
                0x08005db6       0x1c ./Drivers/STM32F4xx_HAL_Driver/Src/stm32f4xx_hal_cortex.o
                0x08005db6                HAL_NVIC_DisableIRQ
 .text.HAL_SYSTICK_Config
                0x08005dd2       0x18 ./Drivers/STM32F4xx_HAL_Driver/Src/stm32f4xx_hal_cortex.o
                0x08005dd2                HAL_SYSTICK_Config
 *fill*         0x08005dea        0x2 
 .text.HAL_DMA_Init
                0x08005dec      0x15c ./Drivers/STM32F4xx_HAL_Driver/Src/stm32f4xx_hal_dma.o
                0x08005dec                HAL_DMA_Init
 .text.HAL_DMA_DeInit
                0x08005f48       0xbc ./Drivers/STM32F4xx_HAL_Driver/Src/stm32f4xx_hal_dma.o
                0x08005f48                HAL_DMA_DeInit
 .text.HAL_DMA_Start_IT
                0x08006004       0xb0 ./Drivers/STM32F4xx_HAL_Driver/Src/stm32f4xx_hal_dma.o
                0x08006004                HAL_DMA_Start_IT
 .text.HAL_DMA_Abort
                0x080060b4       0xe0 ./Drivers/STM32F4xx_HAL_Driver/Src/stm32f4xx_hal_dma.o
                0x080060b4                HAL_DMA_Abort
 .text.HAL_DMA_Abort_IT
                0x08006194       0x44 ./Drivers/STM32F4xx_HAL_Driver/Src/stm32f4xx_hal_dma.o
                0x08006194                HAL_DMA_Abort_IT
 .text.HAL_DMA_IRQHandler
                0x080061d8      0x314 ./Drivers/STM32F4xx_HAL_Driver/Src/stm32f4xx_hal_dma.o
                0x080061d8                HAL_DMA_IRQHandler
 .text.HAL_DMA_GetState
                0x080064ec       0x1c ./Drivers/STM32F4xx_HAL_Driver/Src/stm32f4xx_hal_dma.o
                0x080064ec                HAL_DMA_GetState
 .text.HAL_DMA_GetError
                0x08006508       0x18 ./Drivers/STM32F4xx_HAL_Driver/Src/stm32f4xx_hal_dma.o
                0x08006508                HAL_DMA_GetError
 .text.DMA_SetConfig
                0x08006520       0x5c ./Drivers/STM32F4xx_HAL_Driver/Src/stm32f4xx_hal_dma.o
 .text.DMA_CalcBaseAndBitshift
                0x0800657c       0x6c ./Drivers/STM32F4xx_HAL_Driver/Src/stm32f4xx_hal_dma.o
 .text.DMA_CheckFifoParam
                0x080065e8       0xf8 ./Drivers/STM32F4xx_HAL_Driver/Src/stm32f4xx_hal_dma.o
 .text.HAL_GPIO_Init
                0x080066e0      0x328 ./Drivers/STM32F4xx_HAL_Driver/Src/stm32f4xx_hal_gpio.o
                0x080066e0                HAL_GPIO_Init
 .text.HAL_GPIO_DeInit
                0x08006a08      0x1e8 ./Drivers/STM32F4xx_HAL_Driver/Src/stm32f4xx_hal_gpio.o
                0x08006a08                HAL_GPIO_DeInit
 .text.HAL_GPIO_ReadPin
                0x08006bf0       0x30 ./Drivers/STM32F4xx_HAL_Driver/Src/stm32f4xx_hal_gpio.o
                0x08006bf0                HAL_GPIO_ReadPin
 .text.HAL_GPIO_WritePin
                0x08006c20       0x32 ./Drivers/STM32F4xx_HAL_Driver/Src/stm32f4xx_hal_gpio.o
                0x08006c20                HAL_GPIO_WritePin
 *fill*         0x08006c52        0x2 
 .text.HAL_I2C_Init
                0x08006c54      0x288 ./Drivers/STM32F4xx_HAL_Driver/Src/stm32f4xx_hal_i2c.o
                0x08006c54                HAL_I2C_Init
 .text.HAL_I2C_DeInit
                0x08006edc       0x5e ./Drivers/STM32F4xx_HAL_Driver/Src/stm32f4xx_hal_i2c.o
                0x08006edc                HAL_I2C_DeInit
 .text.I2C_Flush_DR
                0x08006f3a       0x2a ./Drivers/STM32F4xx_HAL_Driver/Src/stm32f4xx_hal_i2c.o
 .text.HAL_I2C_Mem_Write
                0x08006f64      0x1f4 ./Drivers/STM32F4xx_HAL_Driver/Src/stm32f4xx_hal_i2c.o
                0x08006f64                HAL_I2C_Mem_Write
 .text.HAL_I2C_Mem_Read
                0x08007158      0x464 ./Drivers/STM32F4xx_HAL_Driver/Src/stm32f4xx_hal_i2c.o
                0x08007158                HAL_I2C_Mem_Read
 .text.HAL_I2C_Mem_Read_DMA
                0x080075bc      0x320 ./Drivers/STM32F4xx_HAL_Driver/Src/stm32f4xx_hal_i2c.o
                0x080075bc                HAL_I2C_Mem_Read_DMA
 .text.HAL_I2C_IsDeviceReady
                0x080078dc      0x25c ./Drivers/STM32F4xx_HAL_Driver/Src/stm32f4xx_hal_i2c.o
                0x080078dc                HAL_I2C_IsDeviceReady
 .text.HAL_I2C_EV_IRQHandler
                0x08007b38      0x2e2 ./Drivers/STM32F4xx_HAL_Driver/Src/stm32f4xx_hal_i2c.o
                0x08007b38                HAL_I2C_EV_IRQHandler
 .text.HAL_I2C_ER_IRQHandler
                0x08007e1a      0x14e ./Drivers/STM32F4xx_HAL_Driver/Src/stm32f4xx_hal_i2c.o
                0x08007e1a                HAL_I2C_ER_IRQHandler
 .text.HAL_I2C_MasterTxCpltCallback
                0x08007f68       0x14 ./Drivers/STM32F4xx_HAL_Driver/Src/stm32f4xx_hal_i2c.o
                0x08007f68                HAL_I2C_MasterTxCpltCallback
 .text.HAL_I2C_MasterRxCpltCallback
                0x08007f7c       0x14 ./Drivers/STM32F4xx_HAL_Driver/Src/stm32f4xx_hal_i2c.o
                0x08007f7c                HAL_I2C_MasterRxCpltCallback
 .text.HAL_I2C_SlaveTxCpltCallback
                0x08007f90       0x14 ./Drivers/STM32F4xx_HAL_Driver/Src/stm32f4xx_hal_i2c.o
                0x08007f90                HAL_I2C_SlaveTxCpltCallback
 .text.HAL_I2C_SlaveRxCpltCallback
                0x08007fa4       0x14 ./Drivers/STM32F4xx_HAL_Driver/Src/stm32f4xx_hal_i2c.o
                0x08007fa4                HAL_I2C_SlaveRxCpltCallback
 .text.HAL_I2C_AddrCallback
                0x08007fb8       0x1c ./Drivers/STM32F4xx_HAL_Driver/Src/stm32f4xx_hal_i2c.o
                0x08007fb8                HAL_I2C_AddrCallback
 .text.HAL_I2C_ListenCpltCallback
                0x08007fd4       0x14 ./Drivers/STM32F4xx_HAL_Driver/Src/stm32f4xx_hal_i2c.o
                0x08007fd4                HAL_I2C_ListenCpltCallback
 .text.HAL_I2C_MemTxCpltCallback
                0x08007fe8       0x14 ./Drivers/STM32F4xx_HAL_Driver/Src/stm32f4xx_hal_i2c.o
                0x08007fe8                HAL_I2C_MemTxCpltCallback
 .text.HAL_I2C_AbortCpltCallback
                0x08007ffc       0x14 ./Drivers/STM32F4xx_HAL_Driver/Src/stm32f4xx_hal_i2c.o
                0x08007ffc                HAL_I2C_AbortCpltCallback
 .text.I2C_MasterTransmit_TXE
                0x08008010      0x138 ./Drivers/STM32F4xx_HAL_Driver/Src/stm32f4xx_hal_i2c.o
 .text.I2C_MasterTransmit_BTF
                0x08008148       0xec ./Drivers/STM32F4xx_HAL_Driver/Src/stm32f4xx_hal_i2c.o
 .text.I2C_MemoryTransmit_TXE_BTF
                0x08008234      0x130 ./Drivers/STM32F4xx_HAL_Driver/Src/stm32f4xx_hal_i2c.o
 .text.I2C_MasterReceive_RXNE
                0x08008364      0x190 ./Drivers/STM32F4xx_HAL_Driver/Src/stm32f4xx_hal_i2c.o
 .text.I2C_MasterReceive_BTF
                0x080084f4      0x1e2 ./Drivers/STM32F4xx_HAL_Driver/Src/stm32f4xx_hal_i2c.o
 .text.I2C_Master_SB
                0x080086d6      0x10c ./Drivers/STM32F4xx_HAL_Driver/Src/stm32f4xx_hal_i2c.o
 .text.I2C_Master_ADD10
                0x080087e2       0x54 ./Drivers/STM32F4xx_HAL_Driver/Src/stm32f4xx_hal_i2c.o
 .text.I2C_Master_ADDR
                0x08008836      0x322 ./Drivers/STM32F4xx_HAL_Driver/Src/stm32f4xx_hal_i2c.o
 .text.I2C_SlaveTransmit_TXE
                0x08008b58       0x7a ./Drivers/STM32F4xx_HAL_Driver/Src/stm32f4xx_hal_i2c.o
 .text.I2C_SlaveTransmit_BTF
                0x08008bd2       0x42 ./Drivers/STM32F4xx_HAL_Driver/Src/stm32f4xx_hal_i2c.o
 .text.I2C_SlaveReceive_RXNE
                0x08008c14       0x7c ./Drivers/STM32F4xx_HAL_Driver/Src/stm32f4xx_hal_i2c.o
 .text.I2C_SlaveReceive_BTF
                0x08008c90       0x44 ./Drivers/STM32F4xx_HAL_Driver/Src/stm32f4xx_hal_i2c.o
 .text.I2C_Slave_ADDR
                0x08008cd4       0x94 ./Drivers/STM32F4xx_HAL_Driver/Src/stm32f4xx_hal_i2c.o
 .text.I2C_Slave_STOPF
                0x08008d68      0x260 ./Drivers/STM32F4xx_HAL_Driver/Src/stm32f4xx_hal_i2c.o
 .text.I2C_Slave_AF
                0x08008fc8       0xe8 ./Drivers/STM32F4xx_HAL_Driver/Src/stm32f4xx_hal_i2c.o
 .text.I2C_ITError
                0x080090b0      0x264 ./Drivers/STM32F4xx_HAL_Driver/Src/stm32f4xx_hal_i2c.o
 .text.I2C_RequestMemoryWrite
                0x08009314      0x12c ./Drivers/STM32F4xx_HAL_Driver/Src/stm32f4xx_hal_i2c.o
 .text.I2C_RequestMemoryRead
                0x08009440      0x1d0 ./Drivers/STM32F4xx_HAL_Driver/Src/stm32f4xx_hal_i2c.o
 .text.I2C_DMAXferCplt
                0x08009610      0x1be ./Drivers/STM32F4xx_HAL_Driver/Src/stm32f4xx_hal_i2c.o
 .text.I2C_DMAError
                0x080097ce       0x7a ./Drivers/STM32F4xx_HAL_Driver/Src/stm32f4xx_hal_i2c.o
 .text.I2C_DMAAbort
                0x08009848      0x150 ./Drivers/STM32F4xx_HAL_Driver/Src/stm32f4xx_hal_i2c.o
 .text.I2C_WaitOnFlagUntilTimeout
                0x08009998       0xf4 ./Drivers/STM32F4xx_HAL_Driver/Src/stm32f4xx_hal_i2c.o
 .text.I2C_WaitOnMasterAddressFlagUntilTimeout
                0x08009a8c      0x140 ./Drivers/STM32F4xx_HAL_Driver/Src/stm32f4xx_hal_i2c.o
 .text.I2C_WaitOnTXEFlagUntilTimeout
                0x08009bcc       0x90 ./Drivers/STM32F4xx_HAL_Driver/Src/stm32f4xx_hal_i2c.o
 .text.I2C_WaitOnBTFFlagUntilTimeout
                0x08009c5c       0x90 ./Drivers/STM32F4xx_HAL_Driver/Src/stm32f4xx_hal_i2c.o
 .text.I2C_WaitOnSTOPRequestThroughIT
                0x08009cec       0x64 ./Drivers/STM32F4xx_HAL_Driver/Src/stm32f4xx_hal_i2c.o
 .text.I2C_WaitOnRXNEFlagUntilTimeout
                0x08009d50       0xba ./Drivers/STM32F4xx_HAL_Driver/Src/stm32f4xx_hal_i2c.o
 .text.I2C_IsAcknowledgeFailed
                0x08009e0a       0x5e ./Drivers/STM32F4xx_HAL_Driver/Src/stm32f4xx_hal_i2c.o
 .text.I2C_ConvertOtherXferOptions
                0x08009e68       0x36 ./Drivers/STM32F4xx_HAL_Driver/Src/stm32f4xx_hal_i2c.o
 .text.HAL_PCD_Init
                0x08009e9e      0x22c ./Drivers/STM32F4xx_HAL_Driver/Src/stm32f4xx_hal_pcd.o
                0x08009e9e                HAL_PCD_Init
 .text.HAL_PCD_Start
                0x0800a0ca       0x6a ./Drivers/STM32F4xx_HAL_Driver/Src/stm32f4xx_hal_pcd.o
                0x0800a0ca                HAL_PCD_Start
 .text.HAL_PCD_IRQHandler
                0x0800a134      0x99c ./Drivers/STM32F4xx_HAL_Driver/Src/stm32f4xx_hal_pcd.o
                0x0800a134                HAL_PCD_IRQHandler
 .text.HAL_PCD_SetAddress
                0x0800aad0       0x48 ./Drivers/STM32F4xx_HAL_Driver/Src/stm32f4xx_hal_pcd.o
                0x0800aad0                HAL_PCD_SetAddress
 .text.HAL_PCD_EP_Open
                0x0800ab18       0xd4 ./Drivers/STM32F4xx_HAL_Driver/Src/stm32f4xx_hal_pcd.o
                0x0800ab18                HAL_PCD_EP_Open
 .text.HAL_PCD_EP_Close
                0x0800abec       0x94 ./Drivers/STM32F4xx_HAL_Driver/Src/stm32f4xx_hal_pcd.o
                0x0800abec                HAL_PCD_EP_Close
 .text.HAL_PCD_EP_Receive
                0x0800ac80       0x76 ./Drivers/STM32F4xx_HAL_Driver/Src/stm32f4xx_hal_pcd.o
                0x0800ac80                HAL_PCD_EP_Receive
 .text.HAL_PCD_EP_GetRxCount
                0x0800acf6       0x30 ./Drivers/STM32F4xx_HAL_Driver/Src/stm32f4xx_hal_pcd.o
                0x0800acf6                HAL_PCD_EP_GetRxCount
 .text.HAL_PCD_EP_Transmit
                0x0800ad26       0x74 ./Drivers/STM32F4xx_HAL_Driver/Src/stm32f4xx_hal_pcd.o
                0x0800ad26                HAL_PCD_EP_Transmit
 .text.HAL_PCD_EP_SetStall
                0x0800ad9a       0xc6 ./Drivers/STM32F4xx_HAL_Driver/Src/stm32f4xx_hal_pcd.o
                0x0800ad9a                HAL_PCD_EP_SetStall
 .text.HAL_PCD_EP_ClrStall
                0x0800ae60       0xac ./Drivers/STM32F4xx_HAL_Driver/Src/stm32f4xx_hal_pcd.o
                0x0800ae60                HAL_PCD_EP_ClrStall
 .text.HAL_PCD_EP_Abort
                0x0800af0c       0x62 ./Drivers/STM32F4xx_HAL_Driver/Src/stm32f4xx_hal_pcd.o
                0x0800af0c                HAL_PCD_EP_Abort
 .text.PCD_WriteEmptyTxFifo
                0x0800af6e      0x118 ./Drivers/STM32F4xx_HAL_Driver/Src/stm32f4xx_hal_pcd.o
 *fill*         0x0800b086        0x2 
 .text.PCD_EP_OutXfrComplete_int
                0x0800b088      0x1d0 ./Drivers/STM32F4xx_HAL_Driver/Src/stm32f4xx_hal_pcd.o
 .text.PCD_EP_OutSetupPacket_int
                0x0800b258       0x8c ./Drivers/STM32F4xx_HAL_Driver/Src/stm32f4xx_hal_pcd.o
 .text.HAL_PCDEx_SetTxFiFo
                0x0800b2e4       0x8e ./Drivers/STM32F4xx_HAL_Driver/Src/stm32f4xx_hal_pcd_ex.o
                0x0800b2e4                HAL_PCDEx_SetTxFiFo
 .text.HAL_PCDEx_SetRxFiFo
                0x0800b372       0x22 ./Drivers/STM32F4xx_HAL_Driver/Src/stm32f4xx_hal_pcd_ex.o
                0x0800b372                HAL_PCDEx_SetRxFiFo
 .text.HAL_PCDEx_ActivateLPM
                0x0800b394       0x48 ./Drivers/STM32F4xx_HAL_Driver/Src/stm32f4xx_hal_pcd_ex.o
                0x0800b394                HAL_PCDEx_ActivateLPM
 .text.HAL_RCC_ClockConfig
                0x0800b3dc      0x1cc ./Drivers/STM32F4xx_HAL_Driver/Src/stm32f4xx_hal_rcc.o
                0x0800b3dc                HAL_RCC_ClockConfig
 .text.HAL_RCC_GetHCLKFreq
                0x0800b5a8       0x18 ./Drivers/STM32F4xx_HAL_Driver/Src/stm32f4xx_hal_rcc.o
                0x0800b5a8                HAL_RCC_GetHCLKFreq
 .text.HAL_RCC_GetPCLK1Freq
                0x0800b5c0       0x28 ./Drivers/STM32F4xx_HAL_Driver/Src/stm32f4xx_hal_rcc.o
                0x0800b5c0                HAL_RCC_GetPCLK1Freq
 .text.HAL_RCC_GetPCLK2Freq
                0x0800b5e8       0x28 ./Drivers/STM32F4xx_HAL_Driver/Src/stm32f4xx_hal_rcc.o
                0x0800b5e8                HAL_RCC_GetPCLK2Freq
 .text.HAL_RCCEx_PeriphCLKConfig
                0x0800b610      0x654 ./Drivers/STM32F4xx_HAL_Driver/Src/stm32f4xx_hal_rcc_ex.o
                0x0800b610                HAL_RCCEx_PeriphCLKConfig
 .text.HAL_RCC_GetSysClockFreq
                0x0800bc64      0x45c ./Drivers/STM32F4xx_HAL_Driver/Src/stm32f4xx_hal_rcc_ex.o
                0x0800bc64                HAL_RCC_GetSysClockFreq
 .text.HAL_RCC_OscConfig
                0x0800c0c0      0x53c ./Drivers/STM32F4xx_HAL_Driver/Src/stm32f4xx_hal_rcc_ex.o
                0x0800c0c0                HAL_RCC_OscConfig
 .text.HAL_UART_Init
                0x0800c5fc       0xa0 ./Drivers/STM32F4xx_HAL_Driver/Src/stm32f4xx_hal_uart.o
                0x0800c5fc                HAL_UART_Init
 .text.HAL_UART_Transmit
                0x0800c69c      0x116 ./Drivers/STM32F4xx_HAL_Driver/Src/stm32f4xx_hal_uart.o
                0x0800c69c                HAL_UART_Transmit
 .text.UART_WaitOnFlagUntilTimeout
                0x0800c7b2       0xb2 ./Drivers/STM32F4xx_HAL_Driver/Src/stm32f4xx_hal_uart.o
 .text.UART_EndRxTransfer
                0x0800c864       0xc6 ./Drivers/STM32F4xx_HAL_Driver/Src/stm32f4xx_hal_uart.o
 *fill*         0x0800c92a        0x2 
 .text.UART_SetConfig
                0x0800c92c      0x4e8 ./Drivers/STM32F4xx_HAL_Driver/Src/stm32f4xx_hal_uart.o
 .text.LL_TIM_SetPrescaler
                0x0800ce14       0x1c ./Drivers/STM32F4xx_HAL_Driver/Src/stm32f4xx_ll_tim.o
 .text.LL_TIM_SetAutoReload
                0x0800ce30       0x1c ./Drivers/STM32F4xx_HAL_Driver/Src/stm32f4xx_ll_tim.o
 .text.LL_TIM_SetRepetitionCounter
                0x0800ce4c       0x1c ./Drivers/STM32F4xx_HAL_Driver/Src/stm32f4xx_ll_tim.o
 .text.LL_TIM_GenerateEvent_UPDATE
                0x0800ce68       0x20 ./Drivers/STM32F4xx_HAL_Driver/Src/stm32f4xx_ll_tim.o
 .text.LL_TIM_Init
                0x0800ce88      0x134 ./Drivers/STM32F4xx_HAL_Driver/Src/stm32f4xx_ll_tim.o
                0x0800ce88                LL_TIM_Init
 .text.USB_CoreInit
                0x0800cfbc       0xc8 ./Drivers/STM32F4xx_HAL_Driver/Src/stm32f4xx_ll_usb.o
                0x0800cfbc                USB_CoreInit
 .text.USB_SetTurnaroundTime
                0x0800d084      0x144 ./Drivers/STM32F4xx_HAL_Driver/Src/stm32f4xx_ll_usb.o
                0x0800d084                USB_SetTurnaroundTime
 .text.USB_EnableGlobalInt
                0x0800d1c8       0x22 ./Drivers/STM32F4xx_HAL_Driver/Src/stm32f4xx_ll_usb.o
                0x0800d1c8                USB_EnableGlobalInt
 .text.USB_DisableGlobalInt
                0x0800d1ea       0x22 ./Drivers/STM32F4xx_HAL_Driver/Src/stm32f4xx_ll_usb.o
                0x0800d1ea                USB_DisableGlobalInt
 .text.USB_SetCurrentMode
                0x0800d20c       0x98 ./Drivers/STM32F4xx_HAL_Driver/Src/stm32f4xx_ll_usb.o
                0x0800d20c                USB_SetCurrentMode
 .text.USB_DevInit
                0x0800d2a4      0x2bc ./Drivers/STM32F4xx_HAL_Driver/Src/stm32f4xx_ll_usb.o
                0x0800d2a4                USB_DevInit
 .text.USB_FlushTxFifo
                0x0800d560       0x64 ./Drivers/STM32F4xx_HAL_Driver/Src/stm32f4xx_ll_usb.o
                0x0800d560                USB_FlushTxFifo
 .text.USB_FlushRxFifo
                0x0800d5c4       0x5c ./Drivers/STM32F4xx_HAL_Driver/Src/stm32f4xx_ll_usb.o
                0x0800d5c4                USB_FlushRxFifo
 .text.USB_SetDevSpeed
                0x0800d620       0x32 ./Drivers/STM32F4xx_HAL_Driver/Src/stm32f4xx_ll_usb.o
                0x0800d620                USB_SetDevSpeed
 .text.USB_GetDevSpeed
                0x0800d652       0x4a ./Drivers/STM32F4xx_HAL_Driver/Src/stm32f4xx_ll_usb.o
                0x0800d652                USB_GetDevSpeed
 .text.USB_ActivateEndpoint
                0x0800d69c      0x10e ./Drivers/STM32F4xx_HAL_Driver/Src/stm32f4xx_ll_usb.o
                0x0800d69c                USB_ActivateEndpoint
 *fill*         0x0800d7aa        0x2 
 .text.USB_DeactivateEndpoint
                0x0800d7ac      0x1b8 ./Drivers/STM32F4xx_HAL_Driver/Src/stm32f4xx_ll_usb.o
                0x0800d7ac                USB_DeactivateEndpoint
 .text.USB_EPStartXfer
                0x0800d964      0x53c ./Drivers/STM32F4xx_HAL_Driver/Src/stm32f4xx_ll_usb.o
                0x0800d964                USB_EPStartXfer
 .text.USB_EPStopXfer
                0x0800dea0      0x154 ./Drivers/STM32F4xx_HAL_Driver/Src/stm32f4xx_ll_usb.o
                0x0800dea0                USB_EPStopXfer
 .text.USB_WritePacket
                0x0800dff4       0x7c ./Drivers/STM32F4xx_HAL_Driver/Src/stm32f4xx_ll_usb.o
                0x0800dff4                USB_WritePacket
 .text.USB_ReadPacket
                0x0800e070       0xb0 ./Drivers/STM32F4xx_HAL_Driver/Src/stm32f4xx_ll_usb.o
                0x0800e070                USB_ReadPacket
 .text.USB_EPSetStall
                0x0800e120       0xdc ./Drivers/STM32F4xx_HAL_Driver/Src/stm32f4xx_ll_usb.o
                0x0800e120                USB_EPSetStall
 .text.USB_EPClearStall
                0x0800e1fc       0xcc ./Drivers/STM32F4xx_HAL_Driver/Src/stm32f4xx_ll_usb.o
                0x0800e1fc                USB_EPClearStall
 .text.USB_SetDevAddress
                0x0800e2c8       0x4c ./Drivers/STM32F4xx_HAL_Driver/Src/stm32f4xx_ll_usb.o
                0x0800e2c8                USB_SetDevAddress
 .text.USB_DevConnect
                0x0800e314       0x42 ./Drivers/STM32F4xx_HAL_Driver/Src/stm32f4xx_ll_usb.o
                0x0800e314                USB_DevConnect
 .text.USB_DevDisconnect
                0x0800e356       0x42 ./Drivers/STM32F4xx_HAL_Driver/Src/stm32f4xx_ll_usb.o
                0x0800e356                USB_DevDisconnect
 .text.USB_ReadInterrupts
                0x0800e398       0x26 ./Drivers/STM32F4xx_HAL_Driver/Src/stm32f4xx_ll_usb.o
                0x0800e398                USB_ReadInterrupts
 .text.USB_ReadDevAllOutEpInterrupt
                0x0800e3be       0x34 ./Drivers/STM32F4xx_HAL_Driver/Src/stm32f4xx_ll_usb.o
                0x0800e3be                USB_ReadDevAllOutEpInterrupt
 .text.USB_ReadDevAllInEpInterrupt
                0x0800e3f2       0x34 ./Drivers/STM32F4xx_HAL_Driver/Src/stm32f4xx_ll_usb.o
                0x0800e3f2                USB_ReadDevAllInEpInterrupt
 .text.USB_ReadDevOutEPInterrupt
                0x0800e426       0x3c ./Drivers/STM32F4xx_HAL_Driver/Src/stm32f4xx_ll_usb.o
                0x0800e426                USB_ReadDevOutEPInterrupt
 .text.USB_ReadDevInEPInterrupt
                0x0800e462       0x5c ./Drivers/STM32F4xx_HAL_Driver/Src/stm32f4xx_ll_usb.o
                0x0800e462                USB_ReadDevInEPInterrupt
 .text.USB_GetMode
                0x0800e4be       0x1c ./Drivers/STM32F4xx_HAL_Driver/Src/stm32f4xx_ll_usb.o
                0x0800e4be                USB_GetMode
 .text.USB_ActivateSetup
                0x0800e4da       0x46 ./Drivers/STM32F4xx_HAL_Driver/Src/stm32f4xx_ll_usb.o
                0x0800e4da                USB_ActivateSetup
 .text.USB_EP0_OutStart
                0x0800e520       0xbc ./Drivers/STM32F4xx_HAL_Driver/Src/stm32f4xx_ll_usb.o
                0x0800e520                USB_EP0_OutStart
 .text.USB_CoreReset
                0x0800e5dc       0x70 ./Drivers/STM32F4xx_HAL_Driver/Src/stm32f4xx_ll_usb.o
 .text.USBD_CDC_Init
                0x0800e64c      0x1f0 ./Middlewares/ST/STM32_USB_Device_Library/Class/CDC/Src/usbd_cdc.o
 .text.USBD_CDC_DeInit
                0x0800e83c      0x104 ./Middlewares/ST/STM32_USB_Device_Library/Class/CDC/Src/usbd_cdc.o
 .text.USBD_CDC_Setup
                0x0800e940      0x1b8 ./Middlewares/ST/STM32_USB_Device_Library/Class/CDC/Src/usbd_cdc.o
 .text.USBD_CDC_DataIn
                0x0800eaf8       0xfe ./Middlewares/ST/STM32_USB_Device_Library/Class/CDC/Src/usbd_cdc.o
 .text.USBD_CDC_DataOut
                0x0800ebf6       0x70 ./Middlewares/ST/STM32_USB_Device_Library/Class/CDC/Src/usbd_cdc.o
 .text.USBD_CDC_EP0_RxReady
                0x0800ec66       0x74 ./Middlewares/ST/STM32_USB_Device_Library/Class/CDC/Src/usbd_cdc.o
 *fill*         0x0800ecda        0x2 
 .text.USBD_CDC_GetFSCfgDesc
                0x0800ecdc       0x70 ./Middlewares/ST/STM32_USB_Device_Library/Class/CDC/Src/usbd_cdc.o
 .text.USBD_CDC_GetHSCfgDesc
                0x0800ed4c       0x70 ./Middlewares/ST/STM32_USB_Device_Library/Class/CDC/Src/usbd_cdc.o
 .text.USBD_CDC_GetOtherSpeedCfgDesc
                0x0800edbc       0x70 ./Middlewares/ST/STM32_USB_Device_Library/Class/CDC/Src/usbd_cdc.o
 .text.USBD_CDC_GetDeviceQualifierDescriptor
                0x0800ee2c       0x20 ./Middlewares/ST/STM32_USB_Device_Library/Class/CDC/Src/usbd_cdc.o
                0x0800ee2c                USBD_CDC_GetDeviceQualifierDescriptor
 .text.USBD_CDC_RegisterInterface
                0x0800ee4c       0x34 ./Middlewares/ST/STM32_USB_Device_Library/Class/CDC/Src/usbd_cdc.o
                0x0800ee4c                USBD_CDC_RegisterInterface
 .text.USBD_CDC_SetTxBuffer
                0x0800ee80       0x44 ./Middlewares/ST/STM32_USB_Device_Library/Class/CDC/Src/usbd_cdc.o
                0x0800ee80                USBD_CDC_SetTxBuffer
 .text.USBD_CDC_SetRxBuffer
                0x0800eec4       0x3a ./Middlewares/ST/STM32_USB_Device_Library/Class/CDC/Src/usbd_cdc.o
                0x0800eec4                USBD_CDC_SetRxBuffer
 *fill*         0x0800eefe        0x2 
 .text.USBD_CDC_TransmitPacket
                0x0800ef00       0x80 ./Middlewares/ST/STM32_USB_Device_Library/Class/CDC/Src/usbd_cdc.o
                0x0800ef00                USBD_CDC_TransmitPacket
 .text.USBD_CDC_ReceivePacket
                0x0800ef80       0x6c ./Middlewares/ST/STM32_USB_Device_Library/Class/CDC/Src/usbd_cdc.o
                0x0800ef80                USBD_CDC_ReceivePacket
 .text.USBD_Init
                0x0800efec       0x60 ./Middlewares/ST/STM32_USB_Device_Library/Core/Src/usbd_core.o
                0x0800efec                USBD_Init
 .text.USBD_RegisterClass
                0x0800f04c       0x6c ./Middlewares/ST/STM32_USB_Device_Library/Core/Src/usbd_core.o
                0x0800f04c                USBD_RegisterClass
 .text.USBD_Start
                0x0800f0b8       0x18 ./Middlewares/ST/STM32_USB_Device_Library/Core/Src/usbd_core.o
                0x0800f0b8                USBD_Start
 .text.USBD_RunTestMode
                0x0800f0d0       0x16 ./Middlewares/ST/STM32_USB_Device_Library/Core/Src/usbd_core.o
                0x0800f0d0                USBD_RunTestMode
 .text.USBD_SetClassConfig
                0x0800f0e6       0x38 ./Middlewares/ST/STM32_USB_Device_Library/Core/Src/usbd_core.o
                0x0800f0e6                USBD_SetClassConfig
 .text.USBD_ClrClassConfig
                0x0800f11e       0x34 ./Middlewares/ST/STM32_USB_Device_Library/Core/Src/usbd_core.o
                0x0800f11e                USBD_ClrClassConfig
 .text.USBD_LL_SetupStage
                0x0800f152       0xaa ./Middlewares/ST/STM32_USB_Device_Library/Core/Src/usbd_core.o
                0x0800f152                USBD_LL_SetupStage
 .text.USBD_LL_DataOutStage
                0x0800f1fc      0x178 ./Middlewares/ST/STM32_USB_Device_Library/Core/Src/usbd_core.o
                0x0800f1fc                USBD_LL_DataOutStage
 .text.USBD_LL_DataInStage
                0x0800f374      0x176 ./Middlewares/ST/STM32_USB_Device_Library/Core/Src/usbd_core.o
                0x0800f374                USBD_LL_DataInStage
 .text.USBD_LL_Reset
                0x0800f4ea       0xa6 ./Middlewares/ST/STM32_USB_Device_Library/Core/Src/usbd_core.o
                0x0800f4ea                USBD_LL_Reset
 .text.USBD_LL_SetSpeed
                0x0800f590       0x20 ./Middlewares/ST/STM32_USB_Device_Library/Core/Src/usbd_core.o
                0x0800f590                USBD_LL_SetSpeed
 .text.USBD_LL_Suspend
                0x0800f5b0       0x38 ./Middlewares/ST/STM32_USB_Device_Library/Core/Src/usbd_core.o
                0x0800f5b0                USBD_LL_Suspend
 .text.USBD_LL_Resume
                0x0800f5e8       0x30 ./Middlewares/ST/STM32_USB_Device_Library/Core/Src/usbd_core.o
                0x0800f5e8                USBD_LL_Resume
 .text.USBD_LL_SOF
                0x0800f618       0x40 ./Middlewares/ST/STM32_USB_Device_Library/Core/Src/usbd_core.o
                0x0800f618                USBD_LL_SOF
 .text.USBD_LL_IsoINIncomplete
                0x0800f658       0x64 ./Middlewares/ST/STM32_USB_Device_Library/Core/Src/usbd_core.o
                0x0800f658                USBD_LL_IsoINIncomplete
 .text.USBD_LL_IsoOUTIncomplete
                0x0800f6bc       0x64 ./Middlewares/ST/STM32_USB_Device_Library/Core/Src/usbd_core.o
                0x0800f6bc                USBD_LL_IsoOUTIncomplete
 .text.USBD_LL_DevConnected
                0x0800f720       0x16 ./Middlewares/ST/STM32_USB_Device_Library/Core/Src/usbd_core.o
                0x0800f720                USBD_LL_DevConnected
 .text.USBD_LL_DevDisconnected
                0x0800f736       0x46 ./Middlewares/ST/STM32_USB_Device_Library/Core/Src/usbd_core.o
                0x0800f736                USBD_LL_DevDisconnected
 .text.USBD_CoreFindIF
                0x0800f77c       0x1a ./Middlewares/ST/STM32_USB_Device_Library/Core/Src/usbd_core.o
                0x0800f77c                USBD_CoreFindIF
 .text.USBD_CoreFindEP
                0x0800f796       0x1a ./Middlewares/ST/STM32_USB_Device_Library/Core/Src/usbd_core.o
                0x0800f796                USBD_CoreFindEP
 .text.USBD_GetEpDesc
                0x0800f7b0       0x70 ./Middlewares/ST/STM32_USB_Device_Library/Core/Src/usbd_core.o
                0x0800f7b0                USBD_GetEpDesc
 .text.USBD_GetNextDesc
                0x0800f820       0x38 ./Middlewares/ST/STM32_USB_Device_Library/Core/Src/usbd_core.o
                0x0800f820                USBD_GetNextDesc
 .text.SWAPBYTE
                0x0800f858       0x3e ./Middlewares/ST/STM32_USB_Device_Library/Core/Src/usbd_ctlreq.o
 *fill*         0x0800f896        0x2 
 .text.USBD_StdDevReq
                0x0800f898       0xe4 ./Middlewares/ST/STM32_USB_Device_Library/Core/Src/usbd_ctlreq.o
                0x0800f898                USBD_StdDevReq
 .text.USBD_StdItfReq
                0x0800f97c       0xd8 ./Middlewares/ST/STM32_USB_Device_Library/Core/Src/usbd_ctlreq.o
                0x0800f97c                USBD_StdItfReq
 .text.USBD_StdEPReq
                0x0800fa54      0x33e ./Middlewares/ST/STM32_USB_Device_Library/Core/Src/usbd_ctlreq.o
                0x0800fa54                USBD_StdEPReq
 *fill*         0x0800fd92        0x2 
 .text.USBD_GetDescriptor
                0x0800fd94      0x328 ./Middlewares/ST/STM32_USB_Device_Library/Core/Src/usbd_ctlreq.o
 .text.USBD_SetAddress
                0x080100bc       0x88 ./Middlewares/ST/STM32_USB_Device_Library/Core/Src/usbd_ctlreq.o
 .text.USBD_SetConfig
                0x08010144      0x154 ./Middlewares/ST/STM32_USB_Device_Library/Core/Src/usbd_ctlreq.o
 .text.USBD_GetConfig
                0x08010298       0x6c ./Middlewares/ST/STM32_USB_Device_Library/Core/Src/usbd_ctlreq.o
 .text.USBD_GetStatus
                0x08010304       0x68 ./Middlewares/ST/STM32_USB_Device_Library/Core/Src/usbd_ctlreq.o
 .text.USBD_SetFeature
                0x0801036c       0x52 ./Middlewares/ST/STM32_USB_Device_Library/Core/Src/usbd_ctlreq.o
 .text.USBD_ClrFeature
                0x080103be       0x44 ./Middlewares/ST/STM32_USB_Device_Library/Core/Src/usbd_ctlreq.o
 .text.USBD_ParseSetupRequest
                0x08010402       0x74 ./Middlewares/ST/STM32_USB_Device_Library/Core/Src/usbd_ctlreq.o
                0x08010402                USBD_ParseSetupRequest
 .text.USBD_CtlError
                0x08010476       0x22 ./Middlewares/ST/STM32_USB_Device_Library/Core/Src/usbd_ctlreq.o
                0x08010476                USBD_CtlError
 .text.USBD_GetString
                0x08010498       0xa4 ./Middlewares/ST/STM32_USB_Device_Library/Core/Src/usbd_ctlreq.o
                0x08010498                USBD_GetString
 .text.USBD_GetLen
                0x0801053c       0x34 ./Middlewares/ST/STM32_USB_Device_Library/Core/Src/usbd_ctlreq.o
 .text.USBD_CtlSendData
                0x08010570       0x3c ./Middlewares/ST/STM32_USB_Device_Library/Core/Src/usbd_ioreq.o
                0x08010570                USBD_CtlSendData
 .text.USBD_CtlContinueSendData
                0x080105ac       0x22 ./Middlewares/ST/STM32_USB_Device_Library/Core/Src/usbd_ioreq.o
                0x080105ac                USBD_CtlContinueSendData
 .text.USBD_CtlPrepareRx
                0x080105ce       0x42 ./Middlewares/ST/STM32_USB_Device_Library/Core/Src/usbd_ioreq.o
                0x080105ce                USBD_CtlPrepareRx
 .text.USBD_CtlContinueRx
                0x08010610       0x22 ./Middlewares/ST/STM32_USB_Device_Library/Core/Src/usbd_ioreq.o
                0x08010610                USBD_CtlContinueRx
 .text.USBD_CtlSendStatus
                0x08010632       0x26 ./Middlewares/ST/STM32_USB_Device_Library/Core/Src/usbd_ioreq.o
                0x08010632                USBD_CtlSendStatus
 .text.USBD_CtlReceiveStatus
                0x08010658       0x26 ./Middlewares/ST/STM32_USB_Device_Library/Core/Src/usbd_ioreq.o
                0x08010658                USBD_CtlReceiveStatus
 *fill*         0x0801067e        0x2 
 .text.MX_USB_DEVICE_Init
                0x08010680       0x60 ./USB_DEVICE/App/usb_device.o
                0x08010680                MX_USB_DEVICE_Init
 .text.CDC_Init_FS
                0x080106e0       0x28 ./USB_DEVICE/App/usbd_cdc_if.o
 .text.CDC_DeInit_FS
                0x08010708       0x10 ./USB_DEVICE/App/usbd_cdc_if.o
 .text.CDC_Control_FS
                0x08010718      0x15c ./USB_DEVICE/App/usbd_cdc_if.o
 .text.CDC_Receive_FS
                0x08010874       0x30 ./USB_DEVICE/App/usbd_cdc_if.o
 .text.CDC_Transmit_FS
                0x080108a4       0x4c ./USB_DEVICE/App/usbd_cdc_if.o
                0x080108a4                CDC_Transmit_FS
 .text.CDC_TransmitCplt_FS
                0x080108f0       0x22 ./USB_DEVICE/App/usbd_cdc_if.o
 *fill*         0x08010912        0x2 
 .text.USBD_FS_DeviceDescriptor
                0x08010914       0x24 ./USB_DEVICE/App/usbd_desc.o
                0x08010914                USBD_FS_DeviceDescriptor
 .text.USBD_FS_LangIDStrDescriptor
                0x08010938       0x24 ./USB_DEVICE/App/usbd_desc.o
                0x08010938                USBD_FS_LangIDStrDescriptor
 .text.USBD_FS_ProductStrDescriptor
                0x0801095c       0x3c ./USB_DEVICE/App/usbd_desc.o
                0x0801095c                USBD_FS_ProductStrDescriptor
 .text.USBD_FS_ManufacturerStrDescriptor
                0x08010998       0x28 ./USB_DEVICE/App/usbd_desc.o
                0x08010998                USBD_FS_ManufacturerStrDescriptor
 .text.USBD_FS_SerialStrDescriptor
                0x080109c0       0x24 ./USB_DEVICE/App/usbd_desc.o
                0x080109c0                USBD_FS_SerialStrDescriptor
 .text.USBD_FS_ConfigStrDescriptor
                0x080109e4       0x3c ./USB_DEVICE/App/usbd_desc.o
                0x080109e4                USBD_FS_ConfigStrDescriptor
 .text.USBD_FS_InterfaceStrDescriptor
                0x08010a20       0x3c ./USB_DEVICE/App/usbd_desc.o
                0x08010a20                USBD_FS_InterfaceStrDescriptor
 .text.USBD_FS_USR_BOSDescriptor
                0x08010a5c       0x24 ./USB_DEVICE/App/usbd_desc.o
                0x08010a5c                USBD_FS_USR_BOSDescriptor
 .text.Get_SerialNum
                0x08010a80       0x58 ./USB_DEVICE/App/usbd_desc.o
 .text.IntToUnicode
                0x08010ad8       0x7e ./USB_DEVICE/App/usbd_desc.o
 *fill*         0x08010b56        0x2 
 .text.HAL_PCD_MspInit
                0x08010b58       0xd4 ./USB_DEVICE/Target/usbd_conf.o
                0x08010b58                HAL_PCD_MspInit
 .text.HAL_PCD_SetupStageCallback
                0x08010c2c       0x24 ./USB_DEVICE/Target/usbd_conf.o
                0x08010c2c                HAL_PCD_SetupStageCallback
 .text.HAL_PCD_DataOutStageCallback
                0x08010c50       0x36 ./USB_DEVICE/Target/usbd_conf.o
                0x08010c50                HAL_PCD_DataOutStageCallback
 .text.HAL_PCD_DataInStageCallback
                0x08010c86       0x34 ./USB_DEVICE/Target/usbd_conf.o
                0x08010c86                HAL_PCD_DataInStageCallback
 .text.HAL_PCD_SOFCallback
                0x08010cba       0x1c ./USB_DEVICE/Target/usbd_conf.o
                0x08010cba                HAL_PCD_SOFCallback
 .text.HAL_PCD_ResetCallback
                0x08010cd6       0x50 ./USB_DEVICE/Target/usbd_conf.o
                0x08010cd6                HAL_PCD_ResetCallback
 *fill*         0x08010d26        0x2 
 .text.HAL_PCD_SuspendCallback
                0x08010d28       0x4c ./USB_DEVICE/Target/usbd_conf.o
                0x08010d28                HAL_PCD_SuspendCallback
 .text.HAL_PCD_ResumeCallback
                0x08010d74       0x1c ./USB_DEVICE/Target/usbd_conf.o
                0x08010d74                HAL_PCD_ResumeCallback
 .text.HAL_PCD_ISOOUTIncompleteCallback
                0x08010d90       0x24 ./USB_DEVICE/Target/usbd_conf.o
                0x08010d90                HAL_PCD_ISOOUTIncompleteCallback
 .text.HAL_PCD_ISOINIncompleteCallback
                0x08010db4       0x24 ./USB_DEVICE/Target/usbd_conf.o
                0x08010db4                HAL_PCD_ISOINIncompleteCallback
 .text.HAL_PCD_ConnectCallback
                0x08010dd8       0x1c ./USB_DEVICE/Target/usbd_conf.o
                0x08010dd8                HAL_PCD_ConnectCallback
 .text.HAL_PCD_DisconnectCallback
                0x08010df4       0x1c ./USB_DEVICE/Target/usbd_conf.o
                0x08010df4                HAL_PCD_DisconnectCallback
 .text.USBD_LL_Init
                0x08010e10       0x98 ./USB_DEVICE/Target/usbd_conf.o
                0x08010e10                USBD_LL_Init
 .text.USBD_LL_Start
                0x08010ea8       0x36 ./USB_DEVICE/Target/usbd_conf.o
                0x08010ea8                USBD_LL_Start
 .text.USBD_LL_OpenEP
                0x08010ede       0x4c ./USB_DEVICE/Target/usbd_conf.o
                0x08010ede                USBD_LL_OpenEP
 .text.USBD_LL_CloseEP
                0x08010f2a       0x3e ./USB_DEVICE/Target/usbd_conf.o
                0x08010f2a                USBD_LL_CloseEP
 .text.USBD_LL_StallEP
                0x08010f68       0x3e ./USB_DEVICE/Target/usbd_conf.o
                0x08010f68                USBD_LL_StallEP
 .text.USBD_LL_ClearStallEP
                0x08010fa6       0x3e ./USB_DEVICE/Target/usbd_conf.o
                0x08010fa6                USBD_LL_ClearStallEP
 .text.USBD_LL_IsStallEP
                0x08010fe4       0x58 ./USB_DEVICE/Target/usbd_conf.o
                0x08010fe4                USBD_LL_IsStallEP
 .text.USBD_LL_SetUSBAddress
                0x0801103c       0x3e ./USB_DEVICE/Target/usbd_conf.o
                0x0801103c                USBD_LL_SetUSBAddress
 .text.USBD_LL_Transmit
                0x0801107a       0x42 ./USB_DEVICE/Target/usbd_conf.o
                0x0801107a                USBD_LL_Transmit
 .text.USBD_LL_PrepareReceive
                0x080110bc       0x42 ./USB_DEVICE/Target/usbd_conf.o
                0x080110bc                USBD_LL_PrepareReceive
 .text.USBD_LL_GetRxDataSize
                0x080110fe       0x26 ./USB_DEVICE/Target/usbd_conf.o
                0x080110fe                USBD_LL_GetRxDataSize
 .text.HAL_PCDEx_LPM_Callback
                0x08011124       0x9c ./USB_DEVICE/Target/usbd_conf.o
                0x08011124                HAL_PCDEx_LPM_Callback
 .text.USBD_static_malloc
                0x080111c0       0x1c ./USB_DEVICE/Target/usbd_conf.o
                0x080111c0                USBD_static_malloc
 .text.USBD_static_free
                0x080111dc       0x14 ./USB_DEVICE/Target/usbd_conf.o
                0x080111dc                USBD_static_free
 .text.USBD_Get_USB_Status
                0x080111f0       0x58 ./USB_DEVICE/Target/usbd_conf.o
                0x080111f0                USBD_Get_USB_Status
 .text.asinf    0x08011248       0x58 /opt/st/stm32cubeide_2.1.1/plugins/com.st.stm32cube.ide.mcu.externaltools.gnu-tools-for-stm32.14.3.rel1.linux64_1.0.100.202602081740/tools/bin/../lib/gcc/arm-none-eabi/14.3.1/../../../../arm-none-eabi/lib/thumb/v7e-m+fp/hard/libm.a(libm_a-wf_asin.o)
                0x08011248                asinf
 .text.atan2f   0x080112a0        0x4 /opt/st/stm32cubeide_2.1.1/plugins/com.st.stm32cube.ide.mcu.externaltools.gnu-tools-for-stm32.14.3.rel1.linux64_1.0.100.202602081740/tools/bin/../lib/gcc/arm-none-eabi/14.3.1/../../../../arm-none-eabi/lib/thumb/v7e-m+fp/hard/libm.a(libm_a-wf_atan2.o)
                0x080112a0                atan2f
 .text.sqrtf    0x080112a4       0x44 /opt/st/stm32cubeide_2.1.1/plugins/com.st.stm32cube.ide.mcu.externaltools.gnu-tools-for-stm32.14.3.rel1.linux64_1.0.100.202602081740/tools/bin/../lib/gcc/arm-none-eabi/14.3.1/../../../../arm-none-eabi/lib/thumb/v7e-m+fp/hard/libm.a(libm_a-wf_sqrt.o)
                0x080112a4                sqrtf
 .text.fabsf    0x080112e8       0x10 /opt/st/stm32cubeide_2.1.1/plugins/com.st.stm32cube.ide.mcu.externaltools.gnu-tools-for-stm32.14.3.rel1.linux64_1.0.100.202602081740/tools/bin/../lib/gcc/arm-none-eabi/14.3.1/../../../../arm-none-eabi/lib/thumb/v7e-m+fp/hard/libm.a(libm_a-sf_fabs.o)
                0x080112e8                fabsf
 .text.copysignf
                0x080112f8       0x18 /opt/st/stm32cubeide_2.1.1/plugins/com.st.stm32cube.ide.mcu.externaltools.gnu-tools-for-stm32.14.3.rel1.linux64_1.0.100.202602081740/tools/bin/../lib/gcc/arm-none-eabi/14.3.1/../../../../arm-none-eabi/lib/thumb/v7e-m+fp/hard/libm.a(libm_a-sf_copysign.o)
                0x080112f8                copysignf
 .text.nanf     0x08011310        0xc /opt/st/stm32cubeide_2.1.1/plugins/com.st.stm32cube.ide.mcu.externaltools.gnu-tools-for-stm32.14.3.rel1.linux64_1.0.100.202602081740/tools/bin/../lib/gcc/arm-none-eabi/14.3.1/../../../../arm-none-eabi/lib/thumb/v7e-m+fp/hard/libm.a(libm_a-sf_nan.o)
                0x08011310                nanf
 .text.__ieee754_sqrtf
                0x0801131c        0x8 /opt/st/stm32cubeide_2.1.1/plugins/com.st.stm32cube.ide.mcu.externaltools.gnu-tools-for-stm32.14.3.rel1.linux64_1.0.100.202602081740/tools/bin/../lib/gcc/arm-none-eabi/14.3.1/../../../../arm-none-eabi/lib/thumb/v7e-m+fp/hard/libm.a(libm_a-ef_sqrt.o)
                0x0801131c                __ieee754_sqrtf
 .text.__ieee754_asinf
                0x08011324      0x1f4 /opt/st/stm32cubeide_2.1.1/plugins/com.st.stm32cube.ide.mcu.externaltools.gnu-tools-for-stm32.14.3.rel1.linux64_1.0.100.202602081740/tools/bin/../lib/gcc/arm-none-eabi/14.3.1/../../../../arm-none-eabi/lib/thumb/v7e-m+fp/hard/libm.a(libm_a-ef_asin.o)
                0x08011324                __ieee754_asinf
 .text.__ieee754_atan2f
                0x08011518      0x14c /opt/st/stm32cubeide_2.1.1/plugins/com.st.stm32cube.ide.mcu.externaltools.gnu-tools-for-stm32.14.3.rel1.linux64_1.0.100.202602081740/tools/bin/../lib/gcc/arm-none-eabi/14.3.1/../../../../arm-none-eabi/lib/thumb/v7e-m+fp/hard/libm.a(libm_a-ef_atan2.o)
                0x08011518                __ieee754_atan2f
 .text.atanf    0x08011664      0x1a4 /opt/st/stm32cubeide_2.1.1/plugins/com.st.stm32cube.ide.mcu.externaltools.gnu-tools-for-stm32.14.3.rel1.linux64_1.0.100.202602081740/tools/bin/../lib/gcc/arm-none-eabi/14.3.1/../../../../arm-none-eabi/lib/thumb/v7e-m+fp/hard/libm.a(libm_a-sf_atan.o)
                0x08011664                atanf
 .text.__cvt    0x08011808       0xca /opt/st/stm32cubeide_2.1.1/plugins/com.st.stm32cube.ide.mcu.externaltools.gnu-tools-for-stm32.14.3.rel1.linux64_1.0.100.202602081740/tools/bin/../lib/gcc/arm-none-eabi/14.3.1/../../../../arm-none-eabi/lib/thumb/v7e-m+fp/hard/libc_nano.a(libc_a-nano-vfprintf_float.o)
                0x08011808                __cvt
 .text.__exponent
                0x080118d2       0x74 /opt/st/stm32cubeide_2.1.1/plugins/com.st.stm32cube.ide.mcu.externaltools.gnu-tools-for-stm32.14.3.rel1.linux64_1.0.100.202602081740/tools/bin/../lib/gcc/arm-none-eabi/14.3.1/../../../../arm-none-eabi/lib/thumb/v7e-m+fp/hard/libc_nano.a(libc_a-nano-vfprintf_float.o)
                0x080118d2                __exponent
 *fill*         0x08011946        0x2 
 .text._printf_float
                0x08011948      0x450 /opt/st/stm32cubeide_2.1.1/plugins/com.st.stm32cube.ide.mcu.externaltools.gnu-tools-for-stm32.14.3.rel1.linux64_1.0.100.202602081740/tools/bin/../lib/gcc/arm-none-eabi/14.3.1/../../../../arm-none-eabi/lib/thumb/v7e-m+fp/hard/libc_nano.a(libc_a-nano-vfprintf_float.o)
                0x08011948                _printf_float
 .text._printf_common
                0x08011d98       0xda /opt/st/stm32cubeide_2.1.1/plugins/com.st.stm32cube.ide.mcu.externaltools.gnu-tools-for-stm32.14.3.rel1.linux64_1.0.100.202602081740/tools/bin/../lib/gcc/arm-none-eabi/14.3.1/../../../../arm-none-eabi/lib/thumb/v7e-m+fp/hard/libc_nano.a(libc_a-nano-vfprintf_i.o)
                0x08011d98                _printf_common
 *fill*         0x08011e72        0x2 
 .text._printf_i
                0x08011e74      0x24c /opt/st/stm32cubeide_2.1.1/plugins/com.st.stm32cube.ide.mcu.externaltools.gnu-tools-for-stm32.14.3.rel1.linux64_1.0.100.202602081740/tools/bin/../lib/gcc/arm-none-eabi/14.3.1/../../../../arm-none-eabi/lib/thumb/v7e-m+fp/hard/libc_nano.a(libc_a-nano-vfprintf_i.o)
                0x08011e74                _printf_i
 .text.std      0x080120c0       0x6c /opt/st/stm32cubeide_2.1.1/plugins/com.st.stm32cube.ide.mcu.externaltools.gnu-tools-for-stm32.14.3.rel1.linux64_1.0.100.202602081740/tools/bin/../lib/gcc/arm-none-eabi/14.3.1/../../../../arm-none-eabi/lib/thumb/v7e-m+fp/hard/libc_nano.a(libc_a-findfp.o)
 .text.stdio_exit_handler
                0x0801212c       0x18 /opt/st/stm32cubeide_2.1.1/plugins/com.st.stm32cube.ide.mcu.externaltools.gnu-tools-for-stm32.14.3.rel1.linux64_1.0.100.202602081740/tools/bin/../lib/gcc/arm-none-eabi/14.3.1/../../../../arm-none-eabi/lib/thumb/v7e-m+fp/hard/libc_nano.a(libc_a-findfp.o)
 .text.cleanup_stdio
                0x08012144       0x40 /opt/st/stm32cubeide_2.1.1/plugins/com.st.stm32cube.ide.mcu.externaltools.gnu-tools-for-stm32.14.3.rel1.linux64_1.0.100.202602081740/tools/bin/../lib/gcc/arm-none-eabi/14.3.1/../../../../arm-none-eabi/lib/thumb/v7e-m+fp/hard/libc_nano.a(libc_a-findfp.o)
 .text.global_stdio_init.part.0
                0x08012184       0x40 /opt/st/stm32cubeide_2.1.1/plugins/com.st.stm32cube.ide.mcu.externaltools.gnu-tools-for-stm32.14.3.rel1.linux64_1.0.100.202602081740/tools/bin/../lib/gcc/arm-none-eabi/14.3.1/../../../../arm-none-eabi/lib/thumb/v7e-m+fp/hard/libc_nano.a(libc_a-findfp.o)
 .text.__sfp_lock_acquire
                0x080121c4        0xc /opt/st/stm32cubeide_2.1.1/plugins/com.st.stm32cube.ide.mcu.externaltools.gnu-tools-for-stm32.14.3.rel1.linux64_1.0.100.202602081740/tools/bin/../lib/gcc/arm-none-eabi/14.3.1/../../../../arm-none-eabi/lib/thumb/v7e-m+fp/hard/libc_nano.a(libc_a-findfp.o)
                0x080121c4                __sfp_lock_acquire
 .text.__sfp_lock_release
                0x080121d0        0xc /opt/st/stm32cubeide_2.1.1/plugins/com.st.stm32cube.ide.mcu.externaltools.gnu-tools-for-stm32.14.3.rel1.linux64_1.0.100.202602081740/tools/bin/../lib/gcc/arm-none-eabi/14.3.1/../../../../arm-none-eabi/lib/thumb/v7e-m+fp/hard/libc_nano.a(libc_a-findfp.o)
                0x080121d0                __sfp_lock_release
 .text.__sinit  0x080121dc       0x30 /opt/st/stm32cubeide_2.1.1/plugins/com.st.stm32cube.ide.mcu.externaltools.gnu-tools-for-stm32.14.3.rel1.linux64_1.0.100.202602081740/tools/bin/../lib/gcc/arm-none-eabi/14.3.1/../../../../arm-none-eabi/lib/thumb/v7e-m+fp/hard/libc_nano.a(libc_a-findfp.o)
                0x080121dc                __sinit
 .text._fwalk_sglue
                0x0801220c       0x3c /opt/st/stm32cubeide_2.1.1/plugins/com.st.stm32cube.ide.mcu.externaltools.gnu-tools-for-stm32.14.3.rel1.linux64_1.0.100.202602081740/tools/bin/../lib/gcc/arm-none-eabi/14.3.1/../../../../arm-none-eabi/lib/thumb/v7e-m+fp/hard/libc_nano.a(libc_a-fwalk.o)
                0x0801220c                _fwalk_sglue
 .text.printf   0x08012248       0x24 /opt/st/stm32cubeide_2.1.1/plugins/com.st.stm32cube.ide.mcu.externaltools.gnu-tools-for-stm32.14.3.rel1.linux64_1.0.100.202602081740/tools/bin/../lib/gcc/arm-none-eabi/14.3.1/../../../../arm-none-eabi/lib/thumb/v7e-m+fp/hard/libc_nano.a(libc_a-printf.o)
                0x08012248                printf
                0x08012248                iprintf
 .text._puts_r  0x0801226c       0xaa /opt/st/stm32cubeide_2.1.1/plugins/com.st.stm32cube.ide.mcu.externaltools.gnu-tools-for-stm32.14.3.rel1.linux64_1.0.100.202602081740/tools/bin/../lib/gcc/arm-none-eabi/14.3.1/../../../../arm-none-eabi/lib/thumb/v7e-m+fp/hard/libc_nano.a(libc_a-puts.o)
                0x0801226c                _puts_r
 *fill*         0x08012316        0x2 
 .text.puts     0x08012318       0x10 /opt/st/stm32cubeide_2.1.1/plugins/com.st.stm32cube.ide.mcu.externaltools.gnu-tools-for-stm32.14.3.rel1.linux64_1.0.100.202602081740/tools/bin/../lib/gcc/arm-none-eabi/14.3.1/../../../../arm-none-eabi/lib/thumb/v7e-m+fp/hard/libc_nano.a(libc_a-puts.o)
                0x08012318                puts
 .text.sprintf  0x08012328       0x44 /opt/st/stm32cubeide_2.1.1/plugins/com.st.stm32cube.ide.mcu.externaltools.gnu-tools-for-stm32.14.3.rel1.linux64_1.0.100.202602081740/tools/bin/../lib/gcc/arm-none-eabi/14.3.1/../../../../arm-none-eabi/lib/thumb/v7e-m+fp/hard/libc_nano.a(libc_a-sprintf.o)
                0x08012328                sprintf
                0x08012328                siprintf
 .text.__sread  0x0801236c       0x22 /opt/st/stm32cubeide_2.1.1/plugins/com.st.stm32cube.ide.mcu.externaltools.gnu-tools-for-stm32.14.3.rel1.linux64_1.0.100.202602081740/tools/bin/../lib/gcc/arm-none-eabi/14.3.1/../../../../arm-none-eabi/lib/thumb/v7e-m+fp/hard/libc_nano.a(libc_a-stdio.o)
                0x0801236c                __sread
 .text.__swrite
                0x0801238e       0x38 /opt/st/stm32cubeide_2.1.1/plugins/com.st.stm32cube.ide.mcu.externaltools.gnu-tools-for-stm32.14.3.rel1.linux64_1.0.100.202602081740/tools/bin/../lib/gcc/arm-none-eabi/14.3.1/../../../../arm-none-eabi/lib/thumb/v7e-m+fp/hard/libc_nano.a(libc_a-stdio.o)
                0x0801238e                __swrite
 .text.__sseek  0x080123c6       0x26 /opt/st/stm32cubeide_2.1.1/plugins/com.st.stm32cube.ide.mcu.externaltools.gnu-tools-for-stm32.14.3.rel1.linux64_1.0.100.202602081740/tools/bin/../lib/gcc/arm-none-eabi/14.3.1/../../../../arm-none-eabi/lib/thumb/v7e-m+fp/hard/libc_nano.a(libc_a-stdio.o)
                0x080123c6                __sseek
 .text.__sclose
                0x080123ec        0x8 /opt/st/stm32cubeide_2.1.1/plugins/com.st.stm32cube.ide.mcu.externaltools.gnu-tools-for-stm32.14.3.rel1.linux64_1.0.100.202602081740/tools/bin/../lib/gcc/arm-none-eabi/14.3.1/../../../../arm-none-eabi/lib/thumb/v7e-m+fp/hard/libc_nano.a(libc_a-stdio.o)
                0x080123ec                __sclose
 .text.__swbuf_r
                0x080123f4       0x7c /opt/st/stm32cubeide_2.1.1/plugins/com.st.stm32cube.ide.mcu.externaltools.gnu-tools-for-stm32.14.3.rel1.linux64_1.0.100.202602081740/tools/bin/../lib/gcc/arm-none-eabi/14.3.1/../../../../arm-none-eabi/lib/thumb/v7e-m+fp/hard/libc_nano.a(libc_a-wbuf.o)
                0x080123f4                __swbuf_r
 .text.__swsetup_r
                0x08012470       0xa8 /opt/st/stm32cubeide_2.1.1/plugins/com.st.stm32cube.ide.mcu.externaltools.gnu-tools-for-stm32.14.3.rel1.linux64_1.0.100.202602081740/tools/bin/../lib/gcc/arm-none-eabi/14.3.1/../../../../arm-none-eabi/lib/thumb/v7e-m+fp/hard/libc_nano.a(libc_a-wsetup.o)
                0x08012470                __swsetup_r
 .text.memset   0x08012518       0x10 /opt/st/stm32cubeide_2.1.1/plugins/com.st.stm32cube.ide.mcu.externaltools.gnu-tools-for-stm32.14.3.rel1.linux64_1.0.100.202602081740/tools/bin/../lib/gcc/arm-none-eabi/14.3.1/../../../../arm-none-eabi/lib/thumb/v7e-m+fp/hard/libc_nano.a(libc_a-memset.o)
                0x08012518                memset
 .text._localeconv_r
                0x08012528        0x8 /opt/st/stm32cubeide_2.1.1/plugins/com.st.stm32cube.ide.mcu.externaltools.gnu-tools-for-stm32.14.3.rel1.linux64_1.0.100.202602081740/tools/bin/../lib/gcc/arm-none-eabi/14.3.1/../../../../arm-none-eabi/lib/thumb/v7e-m+fp/hard/libc_nano.a(libc_a-localeconv.o)
                0x08012528                _localeconv_r
 .text._close_r
                0x08012530       0x20 /opt/st/stm32cubeide_2.1.1/plugins/com.st.stm32cube.ide.mcu.externaltools.gnu-tools-for-stm32.14.3.rel1.linux64_1.0.100.202602081740/tools/bin/../lib/gcc/arm-none-eabi/14.3.1/../../../../arm-none-eabi/lib/thumb/v7e-m+fp/hard/libc_nano.a(libc_a-closer.o)
                0x08012530                _close_r
 .text._lseek_r
                0x08012550       0x24 /opt/st/stm32cubeide_2.1.1/plugins/com.st.stm32cube.ide.mcu.externaltools.gnu-tools-for-stm32.14.3.rel1.linux64_1.0.100.202602081740/tools/bin/../lib/gcc/arm-none-eabi/14.3.1/../../../../arm-none-eabi/lib/thumb/v7e-m+fp/hard/libc_nano.a(libc_a-lseekr.o)
                0x08012550                _lseek_r
 .text._read_r  0x08012574       0x24 /opt/st/stm32cubeide_2.1.1/plugins/com.st.stm32cube.ide.mcu.externaltools.gnu-tools-for-stm32.14.3.rel1.linux64_1.0.100.202602081740/tools/bin/../lib/gcc/arm-none-eabi/14.3.1/../../../../arm-none-eabi/lib/thumb/v7e-m+fp/hard/libc_nano.a(libc_a-readr.o)
                0x08012574                _read_r
 .text._write_r
                0x08012598       0x24 /opt/st/stm32cubeide_2.1.1/plugins/com.st.stm32cube.ide.mcu.externaltools.gnu-tools-for-stm32.14.3.rel1.linux64_1.0.100.202602081740/tools/bin/../lib/gcc/arm-none-eabi/14.3.1/../../../../arm-none-eabi/lib/thumb/v7e-m+fp/hard/libc_nano.a(libc_a-writer.o)
                0x08012598                _write_r