Archive member included to satisfy reference by file (symbol)

/opt/st/stm32cubeide_1.19.0/plugins/com.st.stm32cube.ide.mcu.externaltools.gnu-tools-for-stm32.13.3.rel1.linux64_1.0.0.202410170706/tools/bin/../lib/gcc/arm-none-eabi/13.3.1/../../../../arm-none-eabi/lib/thumb/v7e-m+fp/hard/libm.a(libm_a-wf_asin.o)
                              ./Core/Src/ICM20602.o (asinf)
/opt/st/stm32cubeide_1.19.0/plugins/com.st.stm32cube.ide.mcu.externaltools.gnu-tools-for-stm32.13.3.rel1.linux64_1.0.0.202410170706/tools/bin/../lib/gcc/arm-none-eabi/13.3.1/../../../../arm-none-eabi/lib/thumb/v7e-m+fp/hard/libm.a(libm_a-wf_atan2.o)
                              ./Core/Src/ICM20602.o (atan2f)
/opt/st/stm32cubeide_1.19.0/plugins/com.st.stm32cube.ide.mcu.externaltools.gnu-tools-for-stm32.13.3.rel1.linux64_1.0.0.202410170706/tools/bin/../lib/gcc/arm-none-eabi/13.3.1/../../../../arm-none-eabi/lib/thumb/v7e-m+fp/hard/libm.a(libm_a-wf_sqrt.o)
                              ./Core/Src/ICM20602.o (sqrtf)
/opt/st/stm32cubeide_1.19.0/plugins/com.st.stm32cube.ide.mcu.externaltools.gnu-tools-for-stm32.13.3.rel1.linux64_1.0.0.202410170706/tools/bin/../lib/gcc/arm-none-eabi/13.3.1/../../../../arm-none-eabi/lib/thumb/v7e-m+fp/hard/libm.a(libm_a-sf_fabs.o)
                              /opt/st/stm32cubeide_1.19.0/plugins/com.st.stm32cube.ide.mcu.externaltools.gnu-tools-for-stm32.13.3.rel1.linux64_1.0.0.202410170706/tools/bin/../lib/gcc/arm-none-eabi/13.3.1/../../../../arm-none-eabi/lib/thumb/v7e-m+fp/hard/libm.a(libm_a-wf_asin.o) (fabsf)
/opt/st/stm32cubeide_1.19.0/plugins/com.st.stm32cube.ide.mcu.externaltools.gnu-tools-for-stm32.13.3.rel1.linux64_1.0.0.202410170706/tools/bin/../lib/gcc/arm-none-eabi/13.3.1/../../../../arm-none-eabi/lib/thumb/v7e-m+fp/hard/libm.a(libm_a-sf_copysign.o)
                              ./Core/Src/ICM20602.o (copysignf)
/opt/st/stm32cubeide_1.19.0/plugins/com.st.stm32cube.ide.mcu.externaltools.gnu-tools-for-stm32.13.3.rel1.linux64_1.0.0.202410170706/tools/bin/../lib/gcc/arm-none-eabi/13.3.1/../../../../arm-none-eabi/lib/thumb/v7e-m+fp/hard/libm.a(libm_a-sf_nan.o)
                              /opt/st/stm32cubeide_1.19.0/plugins/com.st.stm32cube.ide.mcu.externaltools.gnu-tools-for-stm32.13.3.rel1.linux64_1.0.0.202410170706/tools/bin/../lib/gcc/arm-none-eabi/13.3.1/../../../../arm-none-eabi/lib/thumb/v7e-m+fp/hard/libm.a(libm_a-wf_asin.o) (nanf)
/opt/st/stm32cubeide_1.19.0/plugins/com.st.stm32cube.ide.mcu.externaltools.gnu-tools-for-stm32.13.3.rel1.linux64_1.0.0.202410170706/tools/bin/../lib/gcc/arm-none-eabi/13.3.1/../../../../arm-none-eabi/lib/thumb/v7e-m+fp/hard/libm.a(libm_a-ef_sqrt.o)
                              /opt/st/stm32cubeide_1.19.0/plugins/com.st.stm32cube.ide.mcu.externaltools.gnu-tools-for-stm32.13.3.rel1.linux64_1.0.0.202410170706/tools/bin/../lib/gcc/arm-none-eabi/13.3.1/../../../../arm-none-eabi/lib/thumb/v7e-m+fp/hard/libm.a(libm_a-wf_sqrt.o) (__ieee754_sqrtf)
/opt/st/stm32cubeide_1.19.0/plugins/com.st.stm32cube.ide.mcu.externaltools.gnu-tools-for-stm32.13.3.rel1.linux64_1.0.0.202410170706/tools/bin/../lib/gcc/arm-none-eabi/13.3.1/../../../../arm-none-eabi/lib/thumb/v7e-m+fp/hard/libm.a(libm_a-ef_asin.o)
                              /opt/st/stm32cubeide_1.19.0/plugins/com.st.stm32cube.ide.mcu.externaltools.gnu-tools-for-stm32.13.3.rel1.linux64_1.0.0.202410170706/tools/bin/../lib/gcc/arm-none-eabi/13.3.1/../../../../arm-none-eabi/lib/thumb/v7e-m+fp/hard/libm.a(libm_a-wf_asin.o) (__ieee754_asinf)
/opt/st/stm32cubeide_1.19.0/plugins/com.st.stm32cube.ide.mcu.externaltools.gnu-tools-for-stm32.13.3.rel1.linux64_1.0.0.202410170706/tools/bin/../lib/gcc/arm-none-eabi/13.3.1/../../../../arm-none-eabi/lib/thumb/v7e-m+fp/hard/libm.a(libm_a-ef_atan2.o)
                              /opt/st/stm32cubeide_1.19.0/plugins/com.st.stm32cube.ide.mcu.externaltools.gnu-tools-for-stm32.13.3.rel1.linux64_1.0.0.202410170706/tools/bin/../lib/gcc/arm-none-eabi/13.3.1/../../../../arm-none-eabi/lib/thumb/v7e-m+fp/hard/libm.a(libm_a-wf_atan2.o) (__ieee754_atan2f)
/opt/st/stm32cubeide_1.19.0/plugins/com.st.stm32cube.ide.mcu.externaltools.gnu-tools-for-stm32.13.3.rel1.linux64_1.0.0.202410170706/tools/bin/../lib/gcc/arm-none-eabi/13.3.1/../../../../arm-none-eabi/lib/thumb/v7e-m+fp/hard/libm.a(libm_a-sf_atan.o)
                              /opt/st/stm32cubeide_1.19.0/plugins/com.st.stm32cube.ide.mcu.externaltools.gnu-tools-for-stm32.13.3.rel1.linux64_1.0.0.202410170706/tools/bin/../lib/gcc/arm-none-eabi/13.3.1/../../../../arm-none-eabi/lib/thumb/v7e-m+fp/hard/libm.a(libm_a-ef_atan2.o) (atanf)
/opt/st/stm32cubeide_1.19.0/plugins/com.st.stm32cube.ide.mcu.externaltools.gnu-tools-for-stm32.13.3.rel1.linux64_1.0.0.202410170706/tools/bin/../lib/gcc/arm-none-eabi/13.3.1/../../../../arm-none-eabi/lib/thumb/v7e-m+fp/hard/libc_nano.a(libc_a-exit.o)
[...]
Memory Configuration

Name             Origin             Length             Attributes
RAM              0x20000000         0x00020000         xrw
FLASH            0x08000000         0x00080000         xr
*default*        0x00000000         0xffffffff

Linker script and memory map

LOAD /opt/st/stm32cubeide_1.19.0/plugins/com.st.stm32cube.ide.mcu.externaltools.gnu-tools-for-stm32.13.3.rel1.linux64_1.0.0.202410170706/tools/bin/../lib/gcc/arm-none-eabi/13.3.1/thumb/v7e-m+fp/hard/crti.o
LOAD /opt/st/stm32cubeide_1.19.0/plugins/com.st.stm32cube.ide.mcu.externaltools.gnu-tools-for-stm32.13.3.rel1.linux64_1.0.0.202410170706/tools/bin/../lib/gcc/arm-none-eabi/13.3.1/thumb/v7e-m+fp/hard/crtbegin.o
LOAD /opt/st/stm32cubeide_1.19.0/plugins/com.st.stm32cube.ide.mcu.externaltools.gnu-tools-for-stm32.13.3.rel1.linux64_1.0.0.202410170706/tools/bin/../lib/gcc/arm-none-eabi/13.3.1/../../../../arm-none-eabi/lib/thumb/v7e-m+fp/hard/crt0.o
LOAD ./Core/Src/ICM20602.o
LOAD ./Core/Src/ODrive_CubeIDE_glue.o
LOAD ./Core/Src/llcp.o
LOAD ./Core/Src/llcp_lib.o
LOAD ./Core/Src/mahony.o
LOAD ./Core/Src/main.o
LOAD ./Core/Src/stm32f4xx_hal_msp.o
LOAD ./Core/Src/stm32f4xx_it.o
LOAD ./Core/Src/syscalls.o
LOAD ./Core/Src/sysmem.o
LOAD ./Core/Src/system_stm32f4xx.o
LOAD ./Core/Src/ODrive/ODriveCAN.o
LOAD ./Core/Startup/startup_stm32f446retx.o
LOAD ./Drivers/STM32F4xx_HAL_Driver/Src/stm32f4xx_hal.o
LOAD ./Drivers/STM32F4xx_HAL_Driver/Src/stm32f4xx_hal_can.o
LOAD ./Drivers/STM32F4xx_HAL_Driver/Src/stm32f4xx_hal_cortex.o
LOAD ./Drivers/STM32F4xx_HAL_Driver/Src/stm32f4xx_hal_dma.o
LOAD ./Drivers/STM32F4xx_HAL_Driver/Src/stm32f4xx_hal_dma_ex.o
LOAD ./Drivers/STM32F4xx_HAL_Driver/Src/stm32f4xx_hal_exti.o
LOAD ./Drivers/STM32F4xx_HAL_Driver/Src/stm32f4xx_hal_flash.o
LOAD ./Drivers/STM32F4xx_HAL_Driver/Src/stm32f4xx_hal_flash_ex.o
LOAD ./Drivers/STM32F4xx_HAL_Driver/Src/stm32f4xx_hal_flash_ramfunc.o
LOAD ./Drivers/STM32F4xx_HAL_Driver/Src/stm32f4xx_hal_gpio.o
LOAD ./Drivers/STM32F4xx_HAL_Driver/Src/stm32f4xx_hal_i2c.o
LOAD ./Drivers/STM32F4xx_HAL_Driver/Src/stm32f4xx_hal_i2c_ex.o
LOAD ./Drivers/STM32F4xx_HAL_Driver/Src/stm32f4xx_hal_pcd.o
LOAD ./Drivers/STM32F4xx_HAL_Driver/Src/stm32f4xx_hal_pcd_ex.o
LOAD ./Drivers/STM32F4xx_HAL_Driver/Src/stm32f4xx_hal_pwr.o
LOAD ./Drivers/STM32F4xx_HAL_Driver/Src/stm32f4xx_hal_pwr_ex.o
LOAD ./Drivers/STM32F4xx_HAL_Driver/Src/stm32f4xx_hal_rcc.o
LOAD ./Drivers/STM32F4xx_HAL_Driver/Src/stm32f4xx_hal_rcc_ex.o
LOAD ./Drivers/STM32F4xx_HAL_Driver/Src/stm32f4xx_hal_uart.o
LOAD ./Drivers/STM32F4xx_HAL_Driver/Src/stm32f4xx_ll_dma.o
LOAD ./Drivers/STM32F4xx_HAL_Driver/Src/stm32f4xx_ll_exti.o
LOAD ./Drivers/STM32F4xx_HAL_Driver/Src/stm32f4xx_ll_gpio.o
LOAD ./Drivers/STM32F4xx_HAL_Driver/Src/stm32f4xx_ll_rcc.o
LOAD ./Drivers/STM32F4xx_HAL_Driver/Src/stm32f4xx_ll_tim.o
LOAD ./Drivers/STM32F4xx_HAL_Driver/Src/stm32f4xx_ll_usb.o
LOAD ./Drivers/STM32F4xx_HAL_Driver/Src/stm32f4xx_ll_utils.o
LOAD ./Middlewares/ST/STM32_USB_Device_Library/Class/CDC/Src/usbd_cdc.o
LOAD ./Middlewares/ST/STM32_USB_Device_Library/Core/Src/usbd_core.o
LOAD ./Middlewares/ST/STM32_USB_Device_Library/Core/Src/usbd_ctlreq.o
LOAD ./Middlewares/ST/STM32_USB_Device_Library/Core/Src/usbd_ioreq.o
LOAD ./USB_DEVICE/App/usb_device.o
LOAD ./USB_DEVICE/App/usbd_cdc_if.o
LOAD ./USB_DEVICE/App/usbd_desc.o
LOAD ./USB_DEVICE/Target/usbd_conf.o
START GROUP
LOAD /opt/st/stm32cubeide_1.19.0/plugins/com.st.stm32cube.ide.mcu.externaltools.gnu-tools-for-stm32.13.3.rel1.linux64_1.0.0.202410170706/tools/bin/../lib/gcc/arm-none-eabi/13.3.1/../../../../arm-none-eabi/lib/thumb/v7e-m+fp/hard/libstdc++_nano.a
LOAD /opt/st/stm32cubeide_1.19.0/plugins/com.st.stm32cube.ide.mcu.externaltools.gnu-tools-for-stm32.13.3.rel1.linux64_1.0.0.202410170706/tools/bin/../lib/gcc/arm-none-eabi/13.3.1/../../../../arm-none-eabi/lib/thumb/v7e-m+fp/hard/libsupc++_nano.a
END GROUP
LOAD /opt/st/stm32cubeide_1.19.0/plugins/com.st.stm32cube.ide.mcu.externaltools.gnu-tools-for-stm32.13.3.rel1.linux64_1.0.0.202410170706/tools/bin/../lib/gcc/arm-none-eabi/13.3.1/../../../../arm-none-eabi/lib/thumb/v7e-m+fp/hard/libstdc++_nano.a
LOAD /opt/st/stm32cubeide_1.19.0/plugins/com.st.stm32cube.ide.mcu.externaltools.gnu-tools-for-stm32.13.3.rel1.linux64_1.0.0.202410170706/tools/bin/../lib/gcc/arm-none-eabi/13.3.1/../../../../arm-none-eabi/lib/thumb/v7e-m+fp/hard/libm.a
LOAD /opt/st/stm32cubeide_1.19.0/plugins/com.st.stm32cube.ide.mcu.externaltools.gnu-tools-for-stm32.13.3.rel1.linux64_1.0.0.202410170706/tools/bin/../lib/gcc/arm-none-eabi/13.3.1/../../../../arm-none-eabi/lib/thumb/v7e-m+fp/hard/libc_nano.a
START GROUP
LOAD /opt/st/stm32cubeide_1.19.0/plugins/com.st.stm32cube.ide.mcu.externaltools.gnu-tools-for-stm32.13.3.rel1.linux64_1.0.0.202410170706/tools/bin/../lib/gcc/arm-none-eabi/13.3.1/thumb/v7e-m+fp/hard/libgcc.a
LOAD /opt/st/stm32cubeide_1.19.0/plugins/com.st.stm32cube.ide.mcu.externaltools.gnu-tools-for-stm32.13.3.rel1.linux64_1.0.0.202410170706/tools/bin/../lib/gcc/arm-none-eabi/13.3.1/../../../../arm-none-eabi/lib/thumb/v7e-m+fp/hard/libc_nano.a
END GROUP
START GROUP
LOAD /opt/st/stm32cubeide_1.19.0/plugins/com.st.stm32cube.ide.mcu.externaltools.gnu-tools-for-stm32.13.3.rel1.linux64_1.0.0.202410170706/tools/bin/../lib/gcc/arm-none-eabi/13.3.1/thumb/v7e-m+fp/hard/libgcc.a
LOAD /opt/st/stm32cubeide_1.19.0/plugins/com.st.stm32cube.ide.mcu.externaltools.gnu-tools-for-stm32.13.3.rel1.linux64_1.0.0.202410170706/tools/bin/../lib/gcc/arm-none-eabi/13.3.1/../../../../arm-none-eabi/lib/thumb/v7e-m+fp/hard/libc_nano.a
LOAD /opt/st/stm32cubeide_1.19.0/plugins/com.st.stm32cube.ide.mcu.externaltools.gnu-tools-for-stm32.13.3.rel1.linux64_1.0.0.202410170706/tools/bin/../lib/gcc/arm-none-eabi/13.3.1/../../../../arm-none-eabi/lib/thumb/v7e-m+fp/hard/libnosys.a
END GROUP
START GROUP
LOAD /opt/st/stm32cubeide_1.19.0/plugins/com.st.stm32cube.ide.mcu.externaltools.gnu-tools-for-stm32.13.3.rel1.linux64_1.0.0.202410170706/tools/bin/../lib/gcc/arm-none-eabi/13.3.1/thumb/v7e-m+fp/hard/libgcc.a
LOAD /opt/st/stm32cubeide_1.19.0/plugins/com.st.stm32cube.ide.mcu.externaltools.gnu-tools-for-stm32.13.3.rel1.linux64_1.0.0.202410170706/tools/bin/../lib/gcc/arm-none-eabi/13.3.1/../../../../arm-none-eabi/lib/thumb/v7e-m+fp/hard/libc_nano.a
LOAD /opt/st/stm32cubeide_1.19.0/plugins/com.st.stm32cube.ide.mcu.externaltools.gnu-tools-for-stm32.13.3.rel1.linux64_1.0.0.202410170706/tools/bin/../lib/gcc/arm-none-eabi/13.3.1/../../../../arm-none-eabi/lib/thumb/v7e-m+fp/hard/libnosys.a
END GROUP
LOAD /opt/st/stm32cubeide_1.19.0/plugins/com.st.stm32cube.ide.mcu.externaltools.gnu-tools-for-stm32.13.3.rel1.linux64_1.0.0.202410170706/tools/bin/../lib/gcc/arm-none-eabi/13.3.1/thumb/v7e-m+fp/hard/crtend.o
LOAD /opt/st/stm32cubeide_1.19.0/plugins/com.st.stm32cube.ide.mcu.externaltools.gnu-tools-for-stm32.13.3.rel1.linux64_1.0.0.202410170706/tools/bin/../lib/gcc/arm-none-eabi/13.3.1/thumb/v7e-m+fp/hard/crtn.o
                0x20020000                        _estack = (ORIGIN (RAM) + LENGTH (RAM))
                0x00000200                        _Min_Heap_Size = 0x200
                0x00000400                        _Min_Stack_Size = 0x400

.isr_vector     0x08000000      0x1c4
                0x08000000                        . = ALIGN (0x4)
 *(.isr_vector)
 .isr_vector    0x08000000      0x1c4 ./Core/Startup/startup_stm32f446retx.o
                0x08000000                g_pfnVectors
                0x080001c4                        . = ALIGN (0x4)

.text           0x080001d0    0x11da8
                0x080001d0                        . = ALIGN (0x4)
 *(.text)
 .text          0x080001d0       0x40 /opt/st/stm32cubeide_1.19.0/plugins/com.st.stm32cube.ide.mcu.externaltools.gnu-tools-for-stm32.13.3.rel1.linux64_1.0.0.202410170706/tools/bin/../lib/gcc/arm-none-eabi/13.3.1/thumb/v7e-m+fp/hard/crtbegin.o
 .text          0x08000210       0xa0 /opt/st/stm32cubeide_1.19.0/plugins/com.st.stm32cube.ide.mcu.externaltools.gnu-tools-for-stm32.13.3.rel1.linux64_1.0.0.202410170706/tools/bin/../lib/gcc/arm-none-eabi/13.3.1/../../../../arm-none-eabi/lib/thumb/v7e-m+fp/hard/libc_nano.a(libc_a-memchr.o)
                0x08000210                memchr
 .text          0x080002b0      0x254 /opt/st/stm32cubeide_1.19.0/plugins/com.st.stm32cube.ide.mcu.externaltools.gnu-tools-for-stm32.13.3.rel1.linux64_1.0.0.202410170706/tools/bin/../lib/gcc/arm-none-eabi/13.3.1/thumb/v7e-m+fp/hard/libgcc.a(_arm_muldf3.o)
                0x080002b0                __aeabi_dmul
                0x080002b0                __muldf3
 .text          0x08000504      0x378 /opt/st/stm32cubeide_1.19.0/plugins/com.st.stm32cube.ide.mcu.externaltools.gnu-tools-for-stm32.13.3.rel1.linux64_1.0.0.202410170706/tools/bin/../lib/gcc/arm-none-eabi/13.3.1/thumb/v7e-m+fp/hard/libgcc.a(_arm_addsubdf3.o)
                0x08000504                __aeabi_drsub
                0x0800050c                __aeabi_dsub
                0x0800050c                __subdf3
                0x08000510                __adddf3
                0x08000510                __aeabi_dadd
                0x08000788                __aeabi_ui2d
                0x08000788                __floatunsidf
                0x080007a8                __floatsidf
                0x080007a8                __aeabi_i2d
                0x080007cc                __extendsfdf2
                0x080007cc                __aeabi_f2d
                0x08000810                __aeabi_ul2d
                0x08000810                __floatundidf
                0x08000820                __floatdidf
                0x08000820                __aeabi_l2d
 .text          0x0800087c       0xa0 /opt/st/stm32cubeide_1.19.0/plugins/com.st.stm32cube.ide.mcu.externaltools.gnu-tools-for-stm32.13.3.rel1.linux64_1.0.0.202410170706/tools/bin/../lib/gcc/arm-none-eabi/13.3.1/thumb/v7e-m+fp/hard/libgcc.a(_arm_truncdfsf2.o)
                0x0800087c                __aeabi_d2f
                0x0800087c                __truncdfsf2
 .text          0x0800091c       0x30 /opt/st/stm32cubeide_1.19.0/plugins/com.st.stm32cube.ide.mcu.externaltools.gnu-tools-for-stm32.13.3.rel1.linux64_1.0.0.202410170706/tools/bin/../lib/gcc/arm-none-eabi/13.3.1/thumb/v7e-m+fp/hard/libgcc.a(_aeabi_uldivmod.o)
                0x0800091c                __aeabi_uldivmod
 .text          0x0800094c      0x2f8 /opt/st/stm32cubeide_1.19.0/plugins/com.st.stm32cube.ide.mcu.externaltools.gnu-tools-for-stm32.13.3.rel1.linux64_1.0.0.202410170706/tools/bin/../lib/gcc/arm-none-eabi/13.3.1/thumb/v7e-m+fp/hard/libgcc.a(_udivmoddi4.o)
                0x0800094c                __udivmoddi4
 .text          0x08000c44        0x4 /opt/st/stm32cubeide_1.19.0/plugins/com.st.stm32cube.ide.mcu.externaltools.gnu-tools-for-stm32.13.3.rel1.linux64_1.0.0.202410170706/tools/bin/../lib/gcc/arm-none-eabi/13.3.1/thumb/v7e-m+fp/hard/libgcc.a(_dvmd_tls.o)
                0x08000c44                __aeabi_ldiv0
                0x08000c44                __aeabi_idiv0
 *(.text*)
 .text.Print2Console
                0x08000c48       0x18 ./Core/Src/ICM20602.o
                0x08000c48                Print2Console
 .text.Calibrate_GYRO
                0x08000c60      0x134 ./Core/Src/ICM20602.o
                0x08000c60                Calibrate_GYRO
 .text.ICM20602_Init
                0x08000d94      0x1bc ./Core/Src/ICM20602.o
                0x08000d94                ICM20602_Init
 .text.I2C_Bus_Recover
                0x08000f50      0x138 ./Core/Src/ICM20602.o
                0x08000f50                I2C_Bus_Recover
 .text.Read_data
                0x08001088       0x28 ./Core/Src/ICM20602.o
                0x08001088                Read_data
 .text.HAL_I2C_MemRxCpltCallback
                0x080010b0      0x28c ./Core/Src/ICM20602.o
                0x080010b0                HAL_I2C_MemRxCpltCallback
 .text.HAL_I2C_ErrorCallback
                0x0800133c       0x3c ./Core/Src/ICM20602.o
                0x0800133c                HAL_I2C_ErrorCallback
 .text.IMU_Init_MF
                0x08001378       0x60 ./Core/Src/ICM20602.o
                0x08001378                IMU_Init_MF
 .text.IMU_Update_MF
                0x080013d8      0x684 ./Core/Src/ICM20602.o
                0x080013d8                IMU_Update_MF
 .text._Z7sendMsgR16CubeCANInterfacemhPKh
                0x08001a5c       0x5a ./Core/Src/ODrive_CubeIDE_glue.o
                0x08001a5c                sendMsg(CubeCANInterface&, unsigned long, unsigned char, unsigned char const*)
 *fill*         0x08001ab6        0x2 
 .text._Z10pumpEventsR16CubeCANInterface
                0x08001ab8       0x64 ./Core/Src/ODrive_CubeIDE_glue.o
                0x08001ab8                pumpEvents(CubeCANInterface&)
 .text.send_imu
                0x08001b1c       0x48 ./Core/Src/llcp.o
                0x08001b1c                send_imu
 .text.send_ACK
                0x08001b64       0x38 ./Core/Src/llcp.o
                0x08001b64                send_ACK
 .text.receive_message
                0x08001b9c      0x10c ./Core/Src/llcp.o
                0x08001b9c                receive_message
 .text.llcp_processChar
                0x08001ca8      0x124 ./Core/Src/llcp_lib.o
                0x08001ca8                llcp_processChar
 .text.llcp_prepareMessage
                0x08001dcc       0xb0 ./Core/Src/llcp_lib.o
                0x08001dcc                llcp_prepareMessage
 .text.__NVIC_GetPriorityGrouping
                0x08001e7c       0x1c ./Core/Src/main.o
 .text.__NVIC_EnableIRQ
                0x08001e98       0x3c ./Core/Src/main.o
 .text.__NVIC_SetPriority
                0x08001ed4       0x54 ./Core/Src/main.o
 .text.NVIC_EncodePriority
                0x08001f28       0x62 ./Core/Src/main.o
 .text.LL_TIM_EnableCounter
                0x08001f8a       0x20 ./Core/Src/main.o
 .text.LL_TIM_EnableARRPreload
                0x08001faa       0x20 ./Core/Src/main.o
 .text.LL_TIM_SetCounter
                0x08001fca       0x1c ./Core/Src/main.o
 .text.LL_TIM_GetCounter
                0x08001fe6       0x18 ./Core/Src/main.o
 .text.LL_TIM_SetTriggerOutput
                0x08001ffe       0x26 ./Core/Src/main.o
 .text.LL_TIM_DisableMasterSlaveMode
                0x08002024       0x20 ./Core/Src/main.o
 .text.LL_TIM_EnableIT_UPDATE
                0x08002044       0x20 ./Core/Src/main.o
 .text.LL_APB1_GRP1_EnableClock
                0x08002064       0x30 ./Core/Src/main.o
 .text.LL_APB2_GRP1_EnableClock
                0x08002094       0x30 ./Core/Src/main.o
 .text._ZN29Get_Bus_Voltage_Current_msg_t10decode_bufEPKh
                0x080020c4       0x3e ./Core/Src/main.o
                0x080020c4                Get_Bus_Voltage_Current_msg_t::decode_buf(unsigned char const*)
 .text._ZN20ODriveCanIntfWrapper7sendMsgEmhPKh
                0x08002102       0x2a ./Core/Src/main.o
                0x08002102                ODriveCanIntfWrapper::sendMsg(unsigned long, unsigned char, unsigned char const*)
 .text._ZN9ODriveCANC2ERK20ODriveCanIntfWrapperm
                0x0800212c       0x5a ./Core/Src/main.o
                0x0800212c                ODriveCAN::ODriveCAN(ODriveCanIntfWrapper const&, unsigned long)
                0x0800212c                ODriveCAN::ODriveCAN(ODriveCanIntfWrapper const&, unsigned long)
 .text._ZN9ODriveCAN10onFeedbackEPFvR27Get_Encoder_Estimates_msg_tPvES2_
                0x08002186       0x24 ./Core/Src/main.o
                0x08002186                ODriveCAN::onFeedback(void (*)(Get_Encoder_Estimates_msg_t&, void*), void*)
 .text._ZN9ODriveCAN8onStatusEPFvR15Heartbeat_msg_tPvES2_
                0x080021aa       0x24 ./Core/Src/main.o
                0x080021aa                ODriveCAN::onStatus(void (*)(Heartbeat_msg_t&, void*), void*)
 .text._ZZL13wrap_can_intfR16CubeCANInterfaceENKUlPvmhPKhE_clES1_mhS3_
                0x080021ce       0x24 ./Core/Src/main.o
 .text._ZZL13wrap_can_intfR16CubeCANInterfaceENUlPvmhPKhE_4_FUNES1_mhS3_
                0x080021f2       0x2c ./Core/Src/main.o
 *fill*         0x0800221e        0x2 
 .text._ZZL13wrap_can_intfR16CubeCANInterfaceENKUlPvmhPKhE_cvPFbS1_mhS3_EEv
                0x08002220       0x1c ./Core/Src/main.o
 .text._ZZL13wrap_can_intfR16CubeCANInterfaceENKUlPvE_clES1_
                0x0800223c       0x16 ./Core/Src/main.o
 .text._ZZL13wrap_can_intfR16CubeCANInterfaceENUlPvE_4_FUNES1_
                0x08002252       0x16 ./Core/Src/main.o
 .text._ZZL13wrap_can_intfR16CubeCANInterfaceENKUlPvE_cvPFvS1_EEv
                0x08002268       0x1c ./Core/Src/main.o
 .text._ZL13wrap_can_intfR16CubeCANInterface
                0x08002284       0x38 ./Core/Src/main.o
 .text._Z11onHeartbeatR15Heartbeat_msg_tPv
                0x080022bc       0x30 ./Core/Src/main.o
                0x080022bc                onHeartbeat(Heartbeat_msg_t&, void*)
 .text._Z10onFeedbackR27Get_Encoder_Estimates_msg_tPv
                0x080022ec       0x2e ./Core/Src/main.o
                0x080022ec                onFeedback(Get_Encoder_Estimates_msg_t&, void*)
 *fill*         0x0800231a        0x2 
 .text.USB_RXCallback
                0x0800231c       0x3c ./Core/Src/main.o
                0x0800231c                USB_RXCallback
 .text.main     0x08002358      0x560 ./Core/Src/main.o
                0x08002358                main
 .text.SystemClock_Config
                0x080028b8       0xe8 ./Core/Src/main.o
                0x080028b8                SystemClock_Config
 .text._ZL12MX_CAN1_Initv
                0x080029a0       0x78 ./Core/Src/main.o
 .text._ZL12MX_I2C3_Initv
                0x08002a18       0x68 ./Core/Src/main.o
 .text._ZL12MX_TIM6_Initv
                0x08002a80       0x74 ./Core/Src/main.o
 .text._ZL12MX_TIM7_Initv
                0x08002af4       0x74 ./Core/Src/main.o
 .text._ZL13MX_TIM10_Initv
                0x08002b68       0x4c ./Core/Src/main.o
 .text._ZL19MX_USART2_UART_Initv
                0x08002bb4       0x5c ./Core/Src/main.o
 .text._ZL11MX_DMA_Initv
                0x08002c10       0x40 ./Core/Src/main.o
 .text._ZL12MX_GPIO_Initv
                0x08002c50       0xbc ./Core/Src/main.o
 .text.HAL_CAN_RxFifo0MsgPendingCallback
                0x08002d0c       0x1c ./Core/Src/main.o
                0x08002d0c                HAL_CAN_RxFifo0MsgPendingCallback
 .text.feedback_callback
                0x08002d28       0x3c ./Core/Src/main.o
                0x08002d28                feedback_callback
 .text.Error_Handler
                0x08002d64        0xc ./Core/Src/main.o
                0x08002d64                Error_Handler
 .text._Z18can_get_signal_rawIfET_PKhjjb
                0x08002d70      0x156 ./Core/Src/main.o
                0x08002d70                float can_get_signal_raw<float>(unsigned char const*, unsigned int, unsigned int, bool)
 .text._ZN9ODriveCAN7requestI29Get_Bus_Voltage_Current_msg_tEEbRT_t
                0x08002ec6       0x58 ./Core/Src/main.o
                0x08002ec6                bool ODriveCAN::request<Get_Bus_Voltage_Current_msg_t>(Get_Bus_Voltage_Current_msg_t&, unsigned short)
 *fill*         0x08002f1e        0x2 
 .text._Z41__static_initialization_and_destruction_0v
                0x08002f20       0x28 ./Core/Src/main.o
 .text._GLOBAL__sub_I_hcan1
                0x08002f48        0xa ./Core/Src/main.o
 *fill*         0x08002f52        0x2 
 .text.HAL_MspInit
                0x08002f54       0x50 ./Core/Src/stm32f4xx_hal_msp.o
                0x08002f54                HAL_MspInit
 .text.HAL_CAN_MspInit
                0x08002fa4       0xa0 ./Core/Src/stm32f4xx_hal_msp.o
                0x08002fa4                HAL_CAN_MspInit
 .text.HAL_I2C_MspInit
                0x08003044      0x15c ./Core/Src/stm32f4xx_hal_msp.o
                0x08003044                HAL_I2C_MspInit
 .text.HAL_I2C_MspDeInit
                0x080031a0       0x60 ./Core/Src/stm32f4xx_hal_msp.o
                0x080031a0                HAL_I2C_MspDeInit
 .text.HAL_UART_MspInit
                0x08003200       0x90 ./Core/Src/stm32f4xx_hal_msp.o
                0x08003200                HAL_UART_MspInit
 .text.LL_TIM_ClearFlag_UPDATE
                0x08003290       0x1c ./Core/Src/stm32f4xx_it.o
 .text.LL_TIM_IsActiveFlag_UPDATE
                0x080032ac       0x26 ./Core/Src/stm32f4xx_it.o
 .text.NMI_Handler
                0x080032d2        0x8 ./Core/Src/stm32f4xx_it.o
                0x080032d2                NMI_Handler
 .text.HardFault_Handler
                0x080032da        0x8 ./Core/Src/stm32f4xx_it.o
                0x080032da                HardFault_Handler
 .text.MemManage_Handler
                0x080032e2        0x8 ./Core/Src/stm32f4xx_it.o
                0x080032e2                MemManage_Handler
 .text.BusFault_Handler
                0x080032ea        0x8 ./Core/Src/stm32f4xx_it.o
                0x080032ea                BusFault_Handler
 .text.UsageFault_Handler
                0x080032f2        0x8 ./Core/Src/stm32f4xx_it.o
                0x080032f2                UsageFault_Handler
 .text.SVC_Handler
                0x080032fa        0xe ./Core/Src/stm32f4xx_it.o
                0x080032fa                SVC_Handler
 .text.DebugMon_Handler
                0x08003308        0xe ./Core/Src/stm32f4xx_it.o
                0x08003308                DebugMon_Handler
 .text.PendSV_Handler
                0x08003316        0xe ./Core/Src/stm32f4xx_it.o
                0x08003316                PendSV_Handler
 .text.SysTick_Handler
                0x08003324        0xc ./Core/Src/stm32f4xx_it.o
                0x08003324                SysTick_Handler
 .text.DMA1_Stream2_IRQHandler
                0x08003330       0x14 ./Core/Src/stm32f4xx_it.o
                0x08003330                DMA1_Stream2_IRQHandler
 .text.CAN1_RX0_IRQHandler
                0x08003344       0x14 ./Core/Src/stm32f4xx_it.o
                0x08003344                CAN1_RX0_IRQHandler
 .text.TIM6_DAC_IRQHandler
                0x08003358       0x28 ./Core/Src/stm32f4xx_it.o
                0x08003358                TIM6_DAC_IRQHandler
 .text.TIM7_IRQHandler
                0x08003380       0x24 ./Core/Src/stm32f4xx_it.o
                0x08003380                TIM7_IRQHandler
 .text.OTG_FS_IRQHandler
                0x080033a4       0x14 ./Core/Src/stm32f4xx_it.o
                0x080033a4                OTG_FS_IRQHandler
 .text.I2C3_EV_IRQHandler
                0x080033b8       0x14 ./Core/Src/stm32f4xx_it.o
                0x080033b8                I2C3_EV_IRQHandler
 .text.I2C3_ER_IRQHandler
                0x080033cc       0x14 ./Core/Src/stm32f4xx_it.o
                0x080033cc                I2C3_ER_IRQHandler
 .text._read    0x080033e0       0x3a ./Core/Src/syscalls.o
                0x080033e0                _read
 .text._write   0x0800341a       0x38 ./Core/Src/syscalls.o
                0x0800341a                _write
 .text._close   0x08003452       0x18 ./Core/Src/syscalls.o
                0x08003452                _close
 .text._fstat   0x0800346a       0x20 ./Core/Src/syscalls.o
                0x0800346a                _fstat
 .text._isatty  0x0800348a       0x16 ./Core/Src/syscalls.o
                0x0800348a                _isatty
 .text._lseek   0x080034a0       0x1a ./Core/Src/syscalls.o
                0x080034a0                _lseek
 *fill*         0x080034ba        0x2 
 .text._sbrk    0x080034bc       0x6c ./Core/Src/sysmem.o
                0x080034bc                _sbrk
 .text.SystemInit
                0x08003528       0x24 ./Core/Src/system_stm32f4xx.o
                0x08003528                SystemInit
 .text._ZN15Heartbeat_msg_t10decode_bufEPKh
                0x0800354c       0x60 ./Core/Src/ODrive/ODriveCAN.o
                0x0800354c                Heartbeat_msg_t::decode_buf(unsigned char const*)
 .text._ZN15Get_Error_msg_t10decode_bufEPKh
                0x080035ac       0x36 ./Core/Src/ODrive/ODriveCAN.o
                0x080035ac                Get_Error_msg_t::decode_buf(unsigned char const*)
 .text._ZNK20Set_Axis_State_msg_t10encode_bufEPh
                0x080035e2       0x24 ./Core/Src/ODrive/ODriveCAN.o
                0x080035e2                Set_Axis_State_msg_t::encode_buf(unsigned char*) const
 .text._ZN27Get_Encoder_Estimates_msg_t10decode_bufEPKh
                0x08003606       0x3e ./Core/Src/ODrive/ODriveCAN.o
                0x08003606                Get_Encoder_Estimates_msg_t::decode_buf(unsigned char const*)
 .text._ZNK19Set_Input_Pos_msg_t10encode_bufEPh
                0x08003644       0x6c ./Core/Src/ODrive/ODriveCAN.o
                0x08003644                Set_Input_Pos_msg_t::encode_buf(unsigned char*) const
 .text._ZN12Get_Iq_msg_t10decode_bufEPKh
                0x080036b0       0x3e ./Core/Src/ODrive/ODriveCAN.o
                0x080036b0                Get_Iq_msg_t::decode_buf(unsigned char const*)
 .text._ZN21Get_Temperature_msg_t10decode_bufEPKh
                0x080036ee       0x3e ./Core/Src/ODrive/ODriveCAN.o
                0x080036ee                Get_Temperature_msg_t::decode_buf(unsigned char const*)
 .text._ZNK18Clear_Errors_msg_t10encode_bufEPh
                0x0800372c       0x24 ./Core/Src/ODrive/ODriveCAN.o
                0x0800372c                Clear_Errors_msg_t::encode_buf(unsigned char*) const
 .text._ZN17Get_Torques_msg_t10decode_bufEPKh
                0x08003750       0x3e ./Core/Src/ODrive/ODriveCAN.o
                0x08003750                Get_Torques_msg_t::decode_buf(unsigned char const*)
 .text._ZN20ODriveCanIntfWrapper11pump_eventsEv
                0x0800378e       0x1c ./Core/Src/ODrive/ODriveCAN.o
                0x0800378e                ODriveCanIntfWrapper::pump_events()
 .text._ZN9ODriveCAN11clearErrorsEv
                0x080037aa       0x22 ./Core/Src/ODrive/ODriveCAN.o
                0x080037aa                ODriveCAN::clearErrors()
 .text._ZN9ODriveCAN11setPositionEfff
                0x080037cc       0x48 ./Core/Src/ODrive/ODriveCAN.o
                0x080037cc                ODriveCAN::setPosition(float, float, float)
 .text._ZN9ODriveCAN8setStateE15ODriveAxisState
                0x08003814       0x2a ./Core/Src/ODrive/ODriveCAN.o
                0x08003814                ODriveCAN::setState(ODriveAxisState)
 *fill*         0x0800383e        0x2 
 .text._ZN9ODriveCAN9onReceiveEmhPKh
                0x08003840      0x288 ./Core/Src/ODrive/ODriveCAN.o
                0x08003840                ODriveCAN::onReceive(unsigned long, unsigned char, unsigned char const*)
 .text._ZN9ODriveCAN8awaitMsgEt
                0x08003ac8       0x58 ./Core/Src/ODrive/ODriveCAN.o
                0x08003ac8                ODriveCAN::awaitMsg(unsigned short)
 .text._Z18can_set_signal_rawIhEvPhT_jjb
                0x08003b20      0x234 ./Core/Src/ODrive/ODriveCAN.o
                0x08003b20                void can_set_signal_raw<unsigned char>(unsigned char*, unsigned char, unsigned int, unsigned int, bool)
 .text._Z18can_get_signal_rawIhET_PKhjjb
                0x08003d54      0x156 ./Core/Src/ODrive/ODriveCAN.o
                0x08003d54                unsigned char can_get_signal_raw<unsigned char>(unsigned char const*, unsigned int, unsigned int, bool)
 .text._Z18can_set_signal_rawImEvPhT_jjb
                0x08003eaa      0x22c ./Core/Src/ODrive/ODriveCAN.o
                0x08003eaa                void can_set_signal_raw<unsigned long>(unsigned char*, unsigned long, unsigned int, unsigned int, bool)
 .text._Z18can_get_signal_rawImET_PKhjjb
                0x080040d6      0x150 ./Core/Src/ODrive/ODriveCAN.o
                0x080040d6                unsigned long can_get_signal_raw<unsigned long>(unsigned char const*, unsigned int, unsigned int, bool)
 .text._Z18can_set_signal_rawIfEvPhT_jjb
                0x08004226      0x232 ./Core/Src/ODrive/ODriveCAN.o
                0x08004226                void can_set_signal_raw<float>(unsigned char*, float, unsigned int, unsigned int, bool)
 .text._Z18can_set_signal_rawIsEvPhfjjbff
                0x08004458       0x52 ./Core/Src/ODrive/ODriveCAN.o
                0x08004458                void can_set_signal_raw<short>(unsigned char*, float, unsigned int, unsigned int, bool, float, float)
 .text._ZN9ODriveCAN4sendI18Clear_Errors_msg_tEEbRKT_
                0x080044aa       0x40 ./Core/Src/ODrive/ODriveCAN.o
                0x080044aa                bool ODriveCAN::send<Clear_Errors_msg_t>(Clear_Errors_msg_t const&)
 .text._ZN9ODriveCAN4sendI19Set_Input_Pos_msg_tEEbRKT_
                0x080044ea       0x40 ./Core/Src/ODrive/ODriveCAN.o
                0x080044ea                bool ODriveCAN::send<Set_Input_Pos_msg_t>(Set_Input_Pos_msg_t const&)
 .text._ZN9ODriveCAN4sendI20Set_Axis_State_msg_tEEbRKT_
                0x0800452a       0x40 ./Core/Src/ODrive/ODriveCAN.o
                0x0800452a                bool ODriveCAN::send<Set_Axis_State_msg_t>(Set_Axis_State_msg_t const&)
 .text._Z18can_set_signal_rawIsEvPhT_jjb
                0x0800456a      0x234 ./Core/Src/ODrive/ODriveCAN.o
                0x0800456a                void can_set_signal_raw<short>(unsigned char*, short, unsigned int, unsigned int, bool)
 *fill*         0x0800479e        0x2 
 .text.Reset_Handler
                0x080047a0       0x50 ./Core/Startup/startup_stm32f446retx.o
                0x080047a0                Reset_Handler
 .text.Default_Handler
                0x080047f0        0x2 ./Core/Startup/startup_stm32f446retx.o
                0x080047f0                RTC_Alarm_IRQHandler
                0x080047f0                EXTI2_IRQHandler
                0x080047f0                TIM8_CC_IRQHandler
                0x080047f0                FMPI2C1_EV_IRQHandler
                0x080047f0                SPI4_IRQHandler
                0x080047f0                TIM1_CC_IRQHandler
                0x080047f0                DMA2_Stream5_IRQHandler
                0x080047f0                DMA1_Stream5_IRQHandler
                0x080047f0                PVD_IRQHandler
                0x080047f0                SDIO_IRQHandler
                0x080047f0                TAMP_STAMP_IRQHandler
                0x080047f0                CAN2_RX1_IRQHandler
                0x080047f0                EXTI3_IRQHandler
                0x080047f0                TIM8_TRG_COM_TIM14_IRQHandler
                0x080047f0                TIM1_UP_TIM10_IRQHandler
                0x080047f0                TIM8_UP_TIM13_IRQHandler
                0x080047f0                EXTI0_IRQHandler
                0x080047f0                I2C2_EV_IRQHandler
                0x080047f0                FPU_IRQHandler
                0x080047f0                OTG_HS_WKUP_IRQHandler
                0x080047f0                CAN2_SCE_IRQHandler
                0x080047f0                DMA2_Stream2_IRQHandler
                0x080047f0                SPI1_IRQHandler
                0x080047f0                TIM1_BRK_TIM9_IRQHandler
                0x080047f0                DCMI_IRQHandler
                0x080047f0                CAN2_RX0_IRQHandler
                0x080047f0                DMA2_Stream3_IRQHandler
                0x080047f0                SAI2_IRQHandler
                0x080047f0                USART6_IRQHandler
                0x080047f0                USART3_IRQHandler
                0x080047f0                CAN1_RX1_IRQHandler
                0x080047f0                UART5_IRQHandler
                0x080047f0                DMA2_Stream0_IRQHandler
                0x080047f0                TIM4_IRQHandler
                0x080047f0                QUADSPI_IRQHandler
                0x080047f0                I2C1_EV_IRQHandler
                0x080047f0                DMA1_Stream6_IRQHandler
                0x080047f0                DMA1_Stream1_IRQHandler
                0x080047f0                UART4_IRQHandler
                0x080047f0                TIM3_IRQHandler
                0x080047f0                RCC_IRQHandler
                0x080047f0                TIM8_BRK_TIM12_IRQHandler
                0x080047f0                Default_Handler
                0x080047f0                CEC_IRQHandler
                0x080047f0                EXTI15_10_IRQHandler
                0x080047f0                ADC_IRQHandler
                0x080047f0                DMA1_Stream7_IRQHandler
                0x080047f0                CAN2_TX_IRQHandler
                0x080047f0                TIM5_IRQHandler
                0x080047f0                DMA2_Stream7_IRQHandler
                0x080047f0                EXTI9_5_IRQHandler
                0x080047f0                RTC_WKUP_IRQHandler
                0x080047f0                SPDIF_RX_IRQHandler
                0x080047f0                SPI2_IRQHandler
                0x080047f0                OTG_HS_EP1_IN_IRQHandler
                0x080047f0                DMA1_Stream0_IRQHandler
                0x080047f0                CAN1_TX_IRQHandler
                0x080047f0                FMPI2C1_ER_IRQHandler
                0x080047f0                EXTI4_IRQHandler
                0x080047f0                OTG_HS_EP1_OUT_IRQHandler
                0x080047f0                WWDG_IRQHandler
                0x080047f0                TIM2_IRQHandler
                0x080047f0                OTG_FS_WKUP_IRQHandler
                0x080047f0                TIM1_TRG_COM_TIM11_IRQHandler
                0x080047f0                OTG_HS_IRQHandler
                0x080047f0                EXTI1_IRQHandler
                0x080047f0                USART2_IRQHandler
                0x080047f0                I2C2_ER_IRQHandler
                0x080047f0                DMA2_Stream1_IRQHandler
                0x080047f0                CAN1_SCE_IRQHandler
                0x080047f0                FLASH_IRQHandler
                0x080047f0                DMA2_Stream4_IRQHandler
                0x080047f0                USART1_IRQHandler
                0x080047f0                SPI3_IRQHandler
                0x080047f0                DMA1_Stream4_IRQHandler
                0x080047f0                I2C1_ER_IRQHandler
                0x080047f0                FMC_IRQHandler
                0x080047f0                DMA2_Stream6_IRQHandler
                0x080047f0                SAI1_IRQHandler
                0x080047f0                DMA1_Stream3_IRQHandler
 *fill*         0x080047f2        0x2 
 .text.HAL_Init
                0x080047f4       0x44 ./Drivers/STM32F4xx_HAL_Driver/Src/stm32f4xx_hal.o
                0x080047f4                HAL_Init
 .text.HAL_InitTick
                0x08004838       0x60 ./Drivers/STM32F4xx_HAL_Driver/Src/stm32f4xx_hal.o
                0x08004838                HAL_InitTick
 .text.HAL_IncTick
                0x08004898       0x28 ./Drivers/STM32F4xx_HAL_Driver/Src/stm32f4xx_hal.o
                0x08004898                HAL_IncTick
 .text.HAL_GetTick
                0x080048c0       0x18 ./Drivers/STM32F4xx_HAL_Driver/Src/stm32f4xx_hal.o
                0x080048c0                HAL_GetTick
 .text.HAL_Delay
                0x080048d8       0x48 ./Drivers/STM32F4xx_HAL_Driver/Src/stm32f4xx_hal.o
                0x080048d8                HAL_Delay
 .text.HAL_CAN_Init
                0x08004920      0x1f6 ./Drivers/STM32F4xx_HAL_Driver/Src/stm32f4xx_hal_can.o
                0x08004920                HAL_CAN_Init
 *fill*         0x08004b16        0x2 
 .text.HAL_CAN_ConfigFilter
                0x08004b18      0x1bc ./Drivers/STM32F4xx_HAL_Driver/Src/stm32f4xx_hal_can.o
                0x08004b18                HAL_CAN_ConfigFilter
 .text.HAL_CAN_Start
                0x08004cd4       0x88 ./Drivers/STM32F4xx_HAL_Driver/Src/stm32f4xx_hal_can.o
                0x08004cd4                HAL_CAN_Start
 .text.HAL_CAN_AddTxMessage
                0x08004d5c      0x1a0 ./Drivers/STM32F4xx_HAL_Driver/Src/stm32f4xx_hal_can.o
                0x08004d5c                HAL_CAN_AddTxMessage
 .text.HAL_CAN_GetRxMessage
                0x08004efc      0x244 ./Drivers/STM32F4xx_HAL_Driver/Src/stm32f4xx_hal_can.o
                0x08004efc                HAL_CAN_GetRxMessage
 .text.HAL_CAN_GetRxFifoFillLevel
                0x08005140       0x50 ./Drivers/STM32F4xx_HAL_Driver/Src/stm32f4xx_hal_can.o
                0x08005140                HAL_CAN_GetRxFifoFillLevel
 .text.HAL_CAN_ActivateNotification
                0x08005190       0x4c ./Drivers/STM32F4xx_HAL_Driver/Src/stm32f4xx_hal_can.o
                0x08005190                HAL_CAN_ActivateNotification
 .text.HAL_CAN_IRQHandler
                0x080051dc      0x36e ./Drivers/STM32F4xx_HAL_Driver/Src/stm32f4xx_hal_can.o
                0x080051dc                HAL_CAN_IRQHandler
 .text.HAL_CAN_TxMailbox0CompleteCallback
                0x0800554a       0x14 ./Drivers/STM32F4xx_HAL_Driver/Src/stm32f4xx_hal_can.o
                0x0800554a                HAL_CAN_TxMailbox0CompleteCallback
 .text.HAL_CAN_TxMailbox1CompleteCallback
                0x0800555e       0x14 ./Drivers/STM32F4xx_HAL_Driver/Src/stm32f4xx_hal_can.o
                0x0800555e                HAL_CAN_TxMailbox1CompleteCallback
 .text.HAL_CAN_TxMailbox2CompleteCallback
                0x08005572       0x14 ./Drivers/STM32F4xx_HAL_Driver/Src/stm32f4xx_hal_can.o
                0x08005572                HAL_CAN_TxMailbox2CompleteCallback
 .text.HAL_CAN_TxMailbox0AbortCallback
                0x08005586       0x14 ./Drivers/STM32F4xx_HAL_Driver/Src/stm32f4xx_hal_can.o
                0x08005586                HAL_CAN_TxMailbox0AbortCallback
 .text.HAL_CAN_TxMailbox1AbortCallback
                0x0800559a       0x14 ./Drivers/STM32F4xx_HAL_Driver/Src/stm32f4xx_hal_can.o
                0x0800559a                HAL_CAN_TxMailbox1AbortCallback
 .text.HAL_CAN_TxMailbox2AbortCallback
                0x080055ae       0x14 ./Drivers/STM32F4xx_HAL_Driver/Src/stm32f4xx_hal_can.o
                0x080055ae                HAL_CAN_TxMailbox2AbortCallback
 .text.HAL_CAN_RxFifo0FullCallback
                0x080055c2       0x14 ./Drivers/STM32F4xx_HAL_Driver/Src/stm32f4xx_hal_can.o
                0x080055c2                HAL_CAN_RxFifo0FullCallback
 .text.HAL_CAN_RxFifo1MsgPendingCallback
                0x080055d6       0x14 ./Drivers/STM32F4xx_HAL_Driver/Src/stm32f4xx_hal_can.o
                0x080055d6                HAL_CAN_RxFifo1MsgPendingCallback
 .text.HAL_CAN_RxFifo1FullCallback
                0x080055ea       0x14 ./Drivers/STM32F4xx_HAL_Driver/Src/stm32f4xx_hal_can.o
                0x080055ea                HAL_CAN_RxFifo1FullCallback
 .text.HAL_CAN_SleepCallback
                0x080055fe       0x14 ./Drivers/STM32F4xx_HAL_Driver/Src/stm32f4xx_hal_can.o
                0x080055fe                HAL_CAN_SleepCallback
 .text.HAL_CAN_WakeUpFromRxMsgCallback
                0x08005612       0x14 ./Drivers/STM32F4xx_HAL_Driver/Src/stm32f4xx_hal_can.o
                0x08005612                HAL_CAN_WakeUpFromRxMsgCallback
 .text.HAL_CAN_ErrorCallback
                0x08005626       0x14 ./Drivers/STM32F4xx_HAL_Driver/Src/stm32f4xx_hal_can.o
                0x08005626                HAL_CAN_ErrorCallback
 *fill*         0x0800563a        0x2 
 .text.__NVIC_SetPriorityGrouping
                0x0800563c       0x48 ./Drivers/STM32F4xx_HAL_Driver/Src/stm32f4xx_hal_cortex.o
 .text.__NVIC_GetPriorityGrouping
                0x08005684       0x1c ./Drivers/STM32F4xx_HAL_Driver/Src/stm32f4xx_hal_cortex.o
 .text.__NVIC_EnableIRQ
                0x080056a0       0x3c ./Drivers/STM32F4xx_HAL_Driver/Src/stm32f4xx_hal_cortex.o
 .text.__NVIC_DisableIRQ
                0x080056dc       0x48 ./Drivers/STM32F4xx_HAL_Driver/Src/stm32f4xx_hal_cortex.o
 .text.__NVIC_SetPriority
                0x08005724       0x54 ./Drivers/STM32F4xx_HAL_Driver/Src/stm32f4xx_hal_cortex.o
 .text.NVIC_EncodePriority
                0x08005778       0x66 ./Drivers/STM32F4xx_HAL_Driver/Src/stm32f4xx_hal_cortex.o
 *fill*         0x080057de        0x2 
 .text.SysTick_Config
                0x080057e0       0x44 ./Drivers/STM32F4xx_HAL_Driver/Src/stm32f4xx_hal_cortex.o
 .text.HAL_NVIC_SetPriorityGrouping
                0x08005824       0x16 ./Drivers/STM32F4xx_HAL_Driver/Src/stm32f4xx_hal_cortex.o
                0x08005824                HAL_NVIC_SetPriorityGrouping
 .text.HAL_NVIC_SetPriority
                0x0800583a       0x38 ./Drivers/STM32F4xx_HAL_Driver/Src/stm32f4xx_hal_cortex.o
                0x0800583a                HAL_NVIC_SetPriority
 .text.HAL_NVIC_EnableIRQ
                0x08005872       0x1c ./Drivers/STM32F4xx_HAL_Driver/Src/stm32f4xx_hal_cortex.o
                0x08005872                HAL_NVIC_EnableIRQ
 .text.HAL_NVIC_DisableIRQ
                0x0800588e       0x1c ./Drivers/STM32F4xx_HAL_Driver/Src/stm32f4xx_hal_cortex.o
                0x0800588e                HAL_NVIC_DisableIRQ
 .text.HAL_SYSTICK_Config
                0x080058aa       0x18 ./Drivers/STM32F4xx_HAL_Driver/Src/stm32f4xx_hal_cortex.o
                0x080058aa                HAL_SYSTICK_Config
 *fill*         0x080058c2        0x2 
 .text.HAL_DMA_Init
                0x080058c4      0x15c ./Drivers/STM32F4xx_HAL_Driver/Src/stm32f4xx_hal_dma.o
                0x080058c4                HAL_DMA_Init
 .text.HAL_DMA_DeInit
                0x08005a20       0xbc ./Drivers/STM32F4xx_HAL_Driver/Src/stm32f4xx_hal_dma.o
                0x08005a20                HAL_DMA_DeInit
 .text.HAL_DMA_Start_IT
                0x08005adc       0xb0 ./Drivers/STM32F4xx_HAL_Driver/Src/stm32f4xx_hal_dma.o
                0x08005adc                HAL_DMA_Start_IT
 .text.HAL_DMA_Abort
                0x08005b8c       0xe0 ./Drivers/STM32F4xx_HAL_Driver/Src/stm32f4xx_hal_dma.o
                0x08005b8c                HAL_DMA_Abort
 .text.HAL_DMA_Abort_IT
                0x08005c6c       0x44 ./Drivers/STM32F4xx_HAL_Driver/Src/stm32f4xx_hal_dma.o
                0x08005c6c                HAL_DMA_Abort_IT
 .text.HAL_DMA_IRQHandler
                0x08005cb0      0x314 ./Drivers/STM32F4xx_HAL_Driver/Src/stm32f4xx_hal_dma.o
                0x08005cb0                HAL_DMA_IRQHandler
 .text.HAL_DMA_GetState
                0x08005fc4       0x1c ./Drivers/STM32F4xx_HAL_Driver/Src/stm32f4xx_hal_dma.o
                0x08005fc4                HAL_DMA_GetState
 .text.HAL_DMA_GetError
                0x08005fe0       0x18 ./Drivers/STM32F4xx_HAL_Driver/Src/stm32f4xx_hal_dma.o
                0x08005fe0                HAL_DMA_GetError
 .text.DMA_SetConfig
                0x08005ff8       0x5c ./Drivers/STM32F4xx_HAL_Driver/Src/stm32f4xx_hal_dma.o
 .text.DMA_CalcBaseAndBitshift
                0x08006054       0x6c ./Drivers/STM32F4xx_HAL_Driver/Src/stm32f4xx_hal_dma.o
 .text.DMA_CheckFifoParam
                0x080060c0       0xf8 ./Drivers/STM32F4xx_HAL_Driver/Src/stm32f4xx_hal_dma.o
 .text.HAL_GPIO_Init
                0x080061b8      0x328 ./Drivers/STM32F4xx_HAL_Driver/Src/stm32f4xx_hal_gpio.o
                0x080061b8                HAL_GPIO_Init
 .text.HAL_GPIO_DeInit
                0x080064e0      0x1e8 ./Drivers/STM32F4xx_HAL_Driver/Src/stm32f4xx_hal_gpio.o
                0x080064e0                HAL_GPIO_DeInit
 .text.HAL_GPIO_ReadPin
                0x080066c8       0x30 ./Drivers/STM32F4xx_HAL_Driver/Src/stm32f4xx_hal_gpio.o
                0x080066c8                HAL_GPIO_ReadPin
 .text.HAL_GPIO_WritePin
                0x080066f8       0x32 ./Drivers/STM32F4xx_HAL_Driver/Src/stm32f4xx_hal_gpio.o
                0x080066f8                HAL_GPIO_WritePin
 *fill*         0x0800672a        0x2 
 .text.HAL_I2C_Init
                0x0800672c      0x288 ./Drivers/STM32F4xx_HAL_Driver/Src/stm32f4xx_hal_i2c.o
                0x0800672c                HAL_I2C_Init
 .text.HAL_I2C_DeInit
                0x080069b4       0x5e ./Drivers/STM32F4xx_HAL_Driver/Src/stm32f4xx_hal_i2c.o
                0x080069b4                HAL_I2C_DeInit
 .text.I2C_Flush_DR
                0x08006a12       0x2a ./Drivers/STM32F4xx_HAL_Driver/Src/stm32f4xx_hal_i2c.o
 .text.HAL_I2C_Mem_Write
                0x08006a3c      0x1f4 ./Drivers/STM32F4xx_HAL_Driver/Src/stm32f4xx_hal_i2c.o
                0x08006a3c                HAL_I2C_Mem_Write
 .text.HAL_I2C_Mem_Read
                0x08006c30      0x464 ./Drivers/STM32F4xx_HAL_Driver/Src/stm32f4xx_hal_i2c.o
                0x08006c30                HAL_I2C_Mem_Read
 .text.HAL_I2C_Mem_Read_DMA
                0x08007094      0x320 ./Drivers/STM32F4xx_HAL_Driver/Src/stm32f4xx_hal_i2c.o
                0x08007094                HAL_I2C_Mem_Read_DMA
 .text.HAL_I2C_IsDeviceReady
                0x080073b4      0x25c ./Drivers/STM32F4xx_HAL_Driver/Src/stm32f4xx_hal_i2c.o
                0x080073b4                HAL_I2C_IsDeviceReady
 .text.HAL_I2C_EV_IRQHandler
                0x08007610      0x2e2 ./Drivers/STM32F4xx_HAL_Driver/Src/stm32f4xx_hal_i2c.o
                0x08007610                HAL_I2C_EV_IRQHandler
 .text.HAL_I2C_ER_IRQHandler
                0x080078f2      0x14e ./Drivers/STM32F4xx_HAL_Driver/Src/stm32f4xx_hal_i2c.o
                0x080078f2                HAL_I2C_ER_IRQHandler
 .text.HAL_I2C_MasterTxCpltCallback
                0x08007a40       0x14 ./Drivers/STM32F4xx_HAL_Driver/Src/stm32f4xx_hal_i2c.o
                0x08007a40                HAL_I2C_MasterTxCpltCallback
 .text.HAL_I2C_MasterRxCpltCallback
                0x08007a54       0x14 ./Drivers/STM32F4xx_HAL_Driver/Src/stm32f4xx_hal_i2c.o
                0x08007a54                HAL_I2C_MasterRxCpltCallback
 .text.HAL_I2C_SlaveTxCpltCallback
                0x08007a68       0x14 ./Drivers/STM32F4xx_HAL_Driver/Src/stm32f4xx_hal_i2c.o
                0x08007a68                HAL_I2C_SlaveTxCpltCallback
 .text.HAL_I2C_SlaveRxCpltCallback
                0x08007a7c       0x14 ./Drivers/STM32F4xx_HAL_Driver/Src/stm32f4xx_hal_i2c.o
                0x08007a7c                HAL_I2C_SlaveRxCpltCallback
 .text.HAL_I2C_AddrCallback
                0x08007a90       0x1c ./Drivers/STM32F4xx_HAL_Driver/Src/stm32f4xx_hal_i2c.o
                0x08007a90                HAL_I2C_AddrCallback
 .text.HAL_I2C_ListenCpltCallback
                0x08007aac       0x14 ./Drivers/STM32F4xx_HAL_Driver/Src/stm32f4xx_hal_i2c.o
                0x08007aac                HAL_I2C_ListenCpltCallback
 .text.HAL_I2C_MemTxCpltCallback
                0x08007ac0       0x14 ./Drivers/STM32F4xx_HAL_Driver/Src/stm32f4xx_hal_i2c.o
                0x08007ac0                HAL_I2C_MemTxCpltCallback
 .text.HAL_I2C_AbortCpltCallback
                0x08007ad4       0x14 ./Drivers/STM32F4xx_HAL_Driver/Src/stm32f4xx_hal_i2c.o
                0x08007ad4                HAL_I2C_AbortCpltCallback
 .text.HAL_I2C_GetState
                0x08007ae8       0x1c ./Drivers/STM32F4xx_HAL_Driver/Src/stm32f4xx_hal_i2c.o
                0x08007ae8                HAL_I2C_GetState
 .text.I2C_MasterTransmit_TXE
                0x08007b04      0x138 ./Drivers/STM32F4xx_HAL_Driver/Src/stm32f4xx_hal_i2c.o
 .text.I2C_MasterTransmit_BTF
                0x08007c3c       0xec ./Drivers/STM32F4xx_HAL_Driver/Src/stm32f4xx_hal_i2c.o
 .text.I2C_MemoryTransmit_TXE_BTF
                0x08007d28      0x130 ./Drivers/STM32F4xx_HAL_Driver/Src/stm32f4xx_hal_i2c.o
 .text.I2C_MasterReceive_RXNE
                0x08007e58      0x190 ./Drivers/STM32F4xx_HAL_Driver/Src/stm32f4xx_hal_i2c.o
 .text.I2C_MasterReceive_BTF
                0x08007fe8      0x1e2 ./Drivers/STM32F4xx_HAL_Driver/Src/stm32f4xx_hal_i2c.o
 .text.I2C_Master_SB
                0x080081ca      0x10c ./Drivers/STM32F4xx_HAL_Driver/Src/stm32f4xx_hal_i2c.o
 .text.I2C_Master_ADD10
                0x080082d6       0x54 ./Drivers/STM32F4xx_HAL_Driver/Src/stm32f4xx_hal_i2c.o
 .text.I2C_Master_ADDR
                0x0800832a      0x322 ./Drivers/STM32F4xx_HAL_Driver/Src/stm32f4xx_hal_i2c.o
 .text.I2C_SlaveTransmit_TXE
                0x0800864c       0x7a ./Drivers/STM32F4xx_HAL_Driver/Src/stm32f4xx_hal_i2c.o
 .text.I2C_SlaveTransmit_BTF
                0x080086c6       0x42 ./Drivers/STM32F4xx_HAL_Driver/Src/stm32f4xx_hal_i2c.o
 .text.I2C_SlaveReceive_RXNE
                0x08008708       0x7c ./Drivers/STM32F4xx_HAL_Driver/Src/stm32f4xx_hal_i2c.o
 .text.I2C_SlaveReceive_BTF
                0x08008784       0x44 ./Drivers/STM32F4xx_HAL_Driver/Src/stm32f4xx_hal_i2c.o
 .text.I2C_Slave_ADDR
                0x080087c8       0x94 ./Drivers/STM32F4xx_HAL_Driver/Src/stm32f4xx_hal_i2c.o
 .text.I2C_Slave_STOPF
                0x0800885c      0x260 ./Drivers/STM32F4xx_HAL_Driver/Src/stm32f4xx_hal_i2c.o
 .text.I2C_Slave_AF
                0x08008abc       0xe8 ./Drivers/STM32F4xx_HAL_Driver/Src/stm32f4xx_hal_i2c.o
 .text.I2C_ITError
                0x08008ba4      0x264 ./Drivers/STM32F4xx_HAL_Driver/Src/stm32f4xx_hal_i2c.o
 .text.I2C_RequestMemoryWrite
                0x08008e08      0x12c ./Drivers/STM32F4xx_HAL_Driver/Src/stm32f4xx_hal_i2c.o
 .text.I2C_RequestMemoryRead
                0x08008f34      0x1d0 ./Drivers/STM32F4xx_HAL_Driver/Src/stm32f4xx_hal_i2c.o
 .text.I2C_DMAXferCplt
                0x08009104      0x1be ./Drivers/STM32F4xx_HAL_Driver/Src/stm32f4xx_hal_i2c.o
 .text.I2C_DMAError
                0x080092c2       0x7a ./Drivers/STM32F4xx_HAL_Driver/Src/stm32f4xx_hal_i2c.o
 .text.I2C_DMAAbort
                0x0800933c      0x150 ./Drivers/STM32F4xx_HAL_Driver/Src/stm32f4xx_hal_i2c.o
 .text.I2C_WaitOnFlagUntilTimeout
                0x0800948c       0xf4 ./Drivers/STM32F4xx_HAL_Driver/Src/stm32f4xx_hal_i2c.o
 .text.I2C_WaitOnMasterAddressFlagUntilTimeout
                0x08009580      0x140 ./Drivers/STM32F4xx_HAL_Driver/Src/stm32f4xx_hal_i2c.o
 .text.I2C_WaitOnTXEFlagUntilTimeout
                0x080096c0       0x90 ./Drivers/STM32F4xx_HAL_Driver/Src/stm32f4xx_hal_i2c.o
 .text.I2C_WaitOnBTFFlagUntilTimeout
                0x08009750       0x90 ./Drivers/STM32F4xx_HAL_Driver/Src/stm32f4xx_hal_i2c.o
 .text.I2C_WaitOnSTOPRequestThroughIT
                0x080097e0       0x64 ./Drivers/STM32F4xx_HAL_Driver/Src/stm32f4xx_hal_i2c.o
 .text.I2C_WaitOnRXNEFlagUntilTimeout
                0x08009844       0xba ./Drivers/STM32F4xx_HAL_Driver/Src/stm32f4xx_hal_i2c.o
 .text.I2C_IsAcknowledgeFailed
                0x080098fe       0x5e ./Drivers/STM32F4xx_HAL_Driver/Src/stm32f4xx_hal_i2c.o
 .text.I2C_ConvertOtherXferOptions
                0x0800995c       0x36 ./Drivers/STM32F4xx_HAL_Driver/Src/stm32f4xx_hal_i2c.o
 .text.HAL_PCD_Init
                0x08009992      0x22c ./Drivers/STM32F4xx_HAL_Driver/Src/stm32f4xx_hal_pcd.o
                0x08009992                HAL_PCD_Init
 .text.HAL_PCD_Start
                0x08009bbe       0x6a ./Drivers/STM32F4xx_HAL_Driver/Src/stm32f4xx_hal_pcd.o
                0x08009bbe                HAL_PCD_Start
 .text.HAL_PCD_IRQHandler
                0x08009c28      0x99c ./Drivers/STM32F4xx_HAL_Driver/Src/stm32f4xx_hal_pcd.o
                0x08009c28                HAL_PCD_IRQHandler
 .text.HAL_PCD_SetAddress
                0x0800a5c4       0x48 ./Drivers/STM32F4xx_HAL_Driver/Src/stm32f4xx_hal_pcd.o
                0x0800a5c4                HAL_PCD_SetAddress
 .text.HAL_PCD_EP_Open
                0x0800a60c       0xd4 ./Drivers/STM32F4xx_HAL_Driver/Src/stm32f4xx_hal_pcd.o
                0x0800a60c                HAL_PCD_EP_Open
 .text.HAL_PCD_EP_Close
                0x0800a6e0       0x94 ./Drivers/STM32F4xx_HAL_Driver/Src/stm32f4xx_hal_pcd.o
                0x0800a6e0                HAL_PCD_EP_Close
 .text.HAL_PCD_EP_Receive
                0x0800a774       0x76 ./Drivers/STM32F4xx_HAL_Driver/Src/stm32f4xx_hal_pcd.o
                0x0800a774                HAL_PCD_EP_Receive
 .text.HAL_PCD_EP_GetRxCount
                0x0800a7ea       0x30 ./Drivers/STM32F4xx_HAL_Driver/Src/stm32f4xx_hal_pcd.o
                0x0800a7ea                HAL_PCD_EP_GetRxCount
 .text.HAL_PCD_EP_Transmit
                0x0800a81a       0x74 ./Drivers/STM32F4xx_HAL_Driver/Src/stm32f4xx_hal_pcd.o
                0x0800a81a                HAL_PCD_EP_Transmit
 .text.HAL_PCD_EP_SetStall
                0x0800a88e       0xc6 ./Drivers/STM32F4xx_HAL_Driver/Src/stm32f4xx_hal_pcd.o
                0x0800a88e                HAL_PCD_EP_SetStall
 .text.HAL_PCD_EP_ClrStall
                0x0800a954       0xac ./Drivers/STM32F4xx_HAL_Driver/Src/stm32f4xx_hal_pcd.o
                0x0800a954                HAL_PCD_EP_ClrStall
 .text.HAL_PCD_EP_Abort
                0x0800aa00       0x62 ./Drivers/STM32F4xx_HAL_Driver/Src/stm32f4xx_hal_pcd.o
                0x0800aa00                HAL_PCD_EP_Abort
 .text.PCD_WriteEmptyTxFifo
                0x0800aa62      0x118 ./Drivers/STM32F4xx_HAL_Driver/Src/stm32f4xx_hal_pcd.o
 *fill*         0x0800ab7a        0x2 
 .text.PCD_EP_OutXfrComplete_int
                0x0800ab7c      0x1d0 ./Drivers/STM32F4xx_HAL_Driver/Src/stm32f4xx_hal_pcd.o
 .text.PCD_EP_OutSetupPacket_int
                0x0800ad4c       0x8c ./Drivers/STM32F4xx_HAL_Driver/Src/stm32f4xx_hal_pcd.o
 .text.HAL_PCDEx_SetTxFiFo
                0x0800add8       0x8e ./Drivers/STM32F4xx_HAL_Driver/Src/stm32f4xx_hal_pcd_ex.o
                0x0800add8                HAL_PCDEx_SetTxFiFo
 .text.HAL_PCDEx_SetRxFiFo
                0x0800ae66       0x22 ./Drivers/STM32F4xx_HAL_Driver/Src/stm32f4xx_hal_pcd_ex.o
                0x0800ae66                HAL_PCDEx_SetRxFiFo
 .text.HAL_PCDEx_ActivateLPM
                0x0800ae88       0x48 ./Drivers/STM32F4xx_HAL_Driver/Src/stm32f4xx_hal_pcd_ex.o
                0x0800ae88                HAL_PCDEx_ActivateLPM
 .text.HAL_RCC_ClockConfig
                0x0800aed0      0x1cc ./Drivers/STM32F4xx_HAL_Driver/Src/stm32f4xx_hal_rcc.o
                0x0800aed0                HAL_RCC_ClockConfig
 .text.HAL_RCC_GetHCLKFreq
                0x0800b09c       0x18 ./Drivers/STM32F4xx_HAL_Driver/Src/stm32f4xx_hal_rcc.o
                0x0800b09c                HAL_RCC_GetHCLKFreq
 .text.HAL_RCC_GetPCLK1Freq
                0x0800b0b4       0x28 ./Drivers/STM32F4xx_HAL_Driver/Src/stm32f4xx_hal_rcc.o
                0x0800b0b4                HAL_RCC_GetPCLK1Freq
 .text.HAL_RCC_GetPCLK2Freq
                0x0800b0dc       0x28 ./Drivers/STM32F4xx_HAL_Driver/Src/stm32f4xx_hal_rcc.o
                0x0800b0dc                HAL_RCC_GetPCLK2Freq
 .text.HAL_RCCEx_PeriphCLKConfig
                0x0800b104      0x654 ./Drivers/STM32F4xx_HAL_Driver/Src/stm32f4xx_hal_rcc_ex.o
                0x0800b104                HAL_RCCEx_PeriphCLKConfig
 .text.HAL_RCC_GetSysClockFreq
                0x0800b758      0x45c ./Drivers/STM32F4xx_HAL_Driver/Src/stm32f4xx_hal_rcc_ex.o
                0x0800b758                HAL_RCC_GetSysClockFreq
 .text.HAL_RCC_OscConfig
                0x0800bbb4      0x53c ./Drivers/STM32F4xx_HAL_Driver/Src/stm32f4xx_hal_rcc_ex.o
                0x0800bbb4                HAL_RCC_OscConfig
 .text.HAL_UART_Init
                0x0800c0f0       0xa0 ./Drivers/STM32F4xx_HAL_Driver/Src/stm32f4xx_hal_uart.o
                0x0800c0f0                HAL_UART_Init
 .text.UART_SetConfig
                0x0800c190      0x4e8 ./Drivers/STM32F4xx_HAL_Driver/Src/stm32f4xx_hal_uart.o
 .text.LL_TIM_SetPrescaler
                0x0800c678       0x1c ./Drivers/STM32F4xx_HAL_Driver/Src/stm32f4xx_ll_tim.o
 .text.LL_TIM_SetAutoReload
                0x0800c694       0x1c ./Drivers/STM32F4xx_HAL_Driver/Src/stm32f4xx_ll_tim.o
 .text.LL_TIM_SetRepetitionCounter
                0x0800c6b0       0x1c ./Drivers/STM32F4xx_HAL_Driver/Src/stm32f4xx_ll_tim.o
 .text.LL_TIM_GenerateEvent_UPDATE
                0x0800c6cc       0x20 ./Drivers/STM32F4xx_HAL_Driver/Src/stm32f4xx_ll_tim.o
 .text.LL_TIM_Init
                0x0800c6ec      0x134 ./Drivers/STM32F4xx_HAL_Driver/Src/stm32f4xx_ll_tim.o
                0x0800c6ec                LL_TIM_Init
 .text.USB_CoreInit
                0x0800c820       0xc8 ./Drivers/STM32F4xx_HAL_Driver/Src/stm32f4xx_ll_usb.o
                0x0800c820                USB_CoreInit
 .text.USB_SetTurnaroundTime
                0x0800c8e8      0x144 ./Drivers/STM32F4xx_HAL_Driver/Src/stm32f4xx_ll_usb.o
                0x0800c8e8                USB_SetTurnaroundTime
 .text.USB_EnableGlobalInt
                0x0800ca2c       0x22 ./Drivers/STM32F4xx_HAL_Driver/Src/stm32f4xx_ll_usb.o
                0x0800ca2c                USB_EnableGlobalInt
 .text.USB_DisableGlobalInt
                0x0800ca4e       0x22 ./Drivers/STM32F4xx_HAL_Driver/Src/stm32f4xx_ll_usb.o
                0x0800ca4e                USB_DisableGlobalInt
 .text.USB_SetCurrentMode
                0x0800ca70       0x98 ./Drivers/STM32F4xx_HAL_Driver/Src/stm32f4xx_ll_usb.o
                0x0800ca70                USB_SetCurrentMode
 .text.USB_DevInit
                0x0800cb08      0x2bc ./Drivers/STM32F4xx_HAL_Driver/Src/stm32f4xx_ll_usb.o
                0x0800cb08                USB_DevInit
 .text.USB_FlushTxFifo
                0x0800cdc4       0x64 ./Drivers/STM32F4xx_HAL_Driver/Src/stm32f4xx_ll_usb.o
                0x0800cdc4                USB_FlushTxFifo
 .text.USB_FlushRxFifo
                0x0800ce28       0x5c ./Drivers/STM32F4xx_HAL_Driver/Src/stm32f4xx_ll_usb.o
                0x0800ce28                USB_FlushRxFifo
 .text.USB_SetDevSpeed
                0x0800ce84       0x32 ./Drivers/STM32F4xx_HAL_Driver/Src/stm32f4xx_ll_usb.o
                0x0800ce84                USB_SetDevSpeed
 .text.USB_GetDevSpeed
                0x0800ceb6       0x4a ./Drivers/STM32F4xx_HAL_Driver/Src/stm32f4xx_ll_usb.o
                0x0800ceb6                USB_GetDevSpeed
 .text.USB_ActivateEndpoint
                0x0800cf00      0x10e ./Drivers/STM32F4xx_HAL_Driver/Src/stm32f4xx_ll_usb.o
                0x0800cf00                USB_ActivateEndpoint
 *fill*         0x0800d00e        0x2 
 .text.USB_DeactivateEndpoint
                0x0800d010      0x1b8 ./Drivers/STM32F4xx_HAL_Driver/Src/stm32f4xx_ll_usb.o
                0x0800d010                USB_DeactivateEndpoint
 .text.USB_EPStartXfer
                0x0800d1c8      0x53c ./Drivers/STM32F4xx_HAL_Driver/Src/stm32f4xx_ll_usb.o
                0x0800d1c8                USB_EPStartXfer
 .text.USB_EPStopXfer
                0x0800d704      0x154 ./Drivers/STM32F4xx_HAL_Driver/Src/stm32f4xx_ll_usb.o
                0x0800d704                USB_EPStopXfer
 .text.USB_WritePacket
                0x0800d858       0x7c ./Drivers/STM32F4xx_HAL_Driver/Src/stm32f4xx_ll_usb.o
                0x0800d858                USB_WritePacket
 .text.USB_ReadPacket
                0x0800d8d4       0xb0 ./Drivers/STM32F4xx_HAL_Driver/Src/stm32f4xx_ll_usb.o
                0x0800d8d4                USB_ReadPacket
 .text.USB_EPSetStall
                0x0800d984       0xdc ./Drivers/STM32F4xx_HAL_Driver/Src/stm32f4xx_ll_usb.o
                0x0800d984                USB_EPSetStall
 .text.USB_EPClearStall
                0x0800da60       0xcc ./Drivers/STM32F4xx_HAL_Driver/Src/stm32f4xx_ll_usb.o
                0x0800da60                USB_EPClearStall
 .text.USB_SetDevAddress
                0x0800db2c       0x4c ./Drivers/STM32F4xx_HAL_Driver/Src/stm32f4xx_ll_usb.o
                0x0800db2c                USB_SetDevAddress
 .text.USB_DevConnect
                0x0800db78       0x42 ./Drivers/STM32F4xx_HAL_Driver/Src/stm32f4xx_ll_usb.o
                0x0800db78                USB_DevConnect
 .text.USB_DevDisconnect
                0x0800dbba       0x42 ./Drivers/STM32F4xx_HAL_Driver/Src/stm32f4xx_ll_usb.o
                0x0800dbba                USB_DevDisconnect
 .text.USB_ReadInterrupts
                0x0800dbfc       0x26 ./Drivers/STM32F4xx_HAL_Driver/Src/stm32f4xx_ll_usb.o
                0x0800dbfc                USB_ReadInterrupts
 .text.USB_ReadDevAllOutEpInterrupt
                0x0800dc22       0x34 ./Drivers/STM32F4xx_HAL_Driver/Src/stm32f4xx_ll_usb.o
                0x0800dc22                USB_ReadDevAllOutEpInterrupt
 .text.USB_ReadDevAllInEpInterrupt
                0x0800dc56       0x34 ./Drivers/STM32F4xx_HAL_Driver/Src/stm32f4xx_ll_usb.o
                0x0800dc56                USB_ReadDevAllInEpInterrupt
 .text.USB_ReadDevOutEPInterrupt
                0x0800dc8a       0x3c ./Drivers/STM32F4xx_HAL_Driver/Src/stm32f4xx_ll_usb.o
                0x0800dc8a                USB_ReadDevOutEPInterrupt
 .text.USB_ReadDevInEPInterrupt
                0x0800dcc6       0x5c ./Drivers/STM32F4xx_HAL_Driver/Src/stm32f4xx_ll_usb.o
                0x0800dcc6                USB_ReadDevInEPInterrupt
 .text.USB_GetMode
                0x0800dd22       0x1c ./Drivers/STM32F4xx_HAL_Driver/Src/stm32f4xx_ll_usb.o
                0x0800dd22                USB_GetMode
 .text.USB_ActivateSetup
                0x0800dd3e       0x46 ./Drivers/STM32F4xx_HAL_Driver/Src/stm32f4xx_ll_usb.o
                0x0800dd3e                USB_ActivateSetup
 .text.USB_EP0_OutStart
                0x0800dd84       0xbc ./Drivers/STM32F4xx_HAL_Driver/Src/stm32f4xx_ll_usb.o
                0x0800dd84                USB_EP0_OutStart
 .text.USB_CoreReset
                0x0800de40       0x70 ./Drivers/STM32F4xx_HAL_Driver/Src/stm32f4xx_ll_usb.o
 .text.USBD_CDC_Init
                0x0800deb0      0x1f0 ./Middlewares/ST/STM32_USB_Device_Library/Class/CDC/Src/usbd_cdc.o
 .text.USBD_CDC_DeInit
                0x0800e0a0      0x104 ./Middlewares/ST/STM32_USB_Device_Library/Class/CDC/Src/usbd_cdc.o
 .text.USBD_CDC_Setup
                0x0800e1a4      0x1b8 ./Middlewares/ST/STM32_USB_Device_Library/Class/CDC/Src/usbd_cdc.o
 .text.USBD_CDC_DataIn
                0x0800e35c       0xfe ./Middlewares/ST/STM32_USB_Device_Library/Class/CDC/Src/usbd_cdc.o
 .text.USBD_CDC_DataOut
                0x0800e45a       0x70 ./Middlewares/ST/STM32_USB_Device_Library/Class/CDC/Src/usbd_cdc.o
 .text.USBD_CDC_EP0_RxReady
                0x0800e4ca       0x74 ./Middlewares/ST/STM32_USB_Device_Library/Class/CDC/Src/usbd_cdc.o
 *fill*         0x0800e53e        0x2 
 .text.USBD_CDC_GetFSCfgDesc
                0x0800e540       0x70 ./Middlewares/ST/STM32_USB_Device_Library/Class/CDC/Src/usbd_cdc.o
 .text.USBD_CDC_GetHSCfgDesc
                0x0800e5b0       0x70 ./Middlewares/ST/STM32_USB_Device_Library/Class/CDC/Src/usbd_cdc.o
 .text.USBD_CDC_GetOtherSpeedCfgDesc
                0x0800e620       0x70 ./Middlewares/ST/STM32_USB_Device_Library/Class/CDC/Src/usbd_cdc.o
 .text.USBD_CDC_GetDeviceQualifierDescriptor
                0x0800e690       0x20 ./Middlewares/ST/STM32_USB_Device_Library/Class/CDC/Src/usbd_cdc.o
                0x0800e690                USBD_CDC_GetDeviceQualifierDescriptor
 .text.USBD_CDC_RegisterInterface
                0x0800e6b0       0x34 ./Middlewares/ST/STM32_USB_Device_Library/Class/CDC/Src/usbd_cdc.o
                0x0800e6b0                USBD_CDC_RegisterInterface
 .text.USBD_CDC_SetTxBuffer
                0x0800e6e4       0x44 ./Middlewares/ST/STM32_USB_Device_Library/Class/CDC/Src/usbd_cdc.o
                0x0800e6e4                USBD_CDC_SetTxBuffer
 .text.USBD_CDC_SetRxBuffer
                0x0800e728       0x3a ./Middlewares/ST/STM32_USB_Device_Library/Class/CDC/Src/usbd_cdc.o
                0x0800e728                USBD_CDC_SetRxBuffer
 *fill*         0x0800e762        0x2 
 .text.USBD_CDC_TransmitPacket
                0x0800e764       0x80 ./Middlewares/ST/STM32_USB_Device_Library/Class/CDC/Src/usbd_cdc.o
                0x0800e764                USBD_CDC_TransmitPacket
 .text.USBD_CDC_ReceivePacket
                0x0800e7e4       0x6c ./Middlewares/ST/STM32_USB_Device_Library/Class/CDC/Src/usbd_cdc.o
                0x0800e7e4                USBD_CDC_ReceivePacket
 .text.USBD_Init
                0x0800e850       0x60 ./Middlewares/ST/STM32_USB_Device_Library/Core/Src/usbd_core.o
                0x0800e850                USBD_Init
 .text.USBD_RegisterClass
                0x0800e8b0       0x6c ./Middlewares/ST/STM32_USB_Device_Library/Core/Src/usbd_core.o
                0x0800e8b0                USBD_RegisterClass
 .text.USBD_Start
                0x0800e91c       0x18 ./Middlewares/ST/STM32_USB_Device_Library/Core/Src/usbd_core.o
                0x0800e91c                USBD_Start
 .text.USBD_RunTestMode
                0x0800e934       0x16 ./Middlewares/ST/STM32_USB_Device_Library/Core/Src/usbd_core.o
                0x0800e934                USBD_RunTestMode
 .text.USBD_SetClassConfig
                0x0800e94a       0x38 ./Middlewares/ST/STM32_USB_Device_Library/Core/Src/usbd_core.o
                0x0800e94a                USBD_SetClassConfig
 .text.USBD_ClrClassConfig
                0x0800e982       0x34 ./Middlewares/ST/STM32_USB_Device_Library/Core/Src/usbd_core.o
                0x0800e982                USBD_ClrClassConfig
 .text.USBD_LL_SetupStage
                0x0800e9b6       0xaa ./Middlewares/ST/STM32_USB_Device_Library/Core/Src/usbd_core.o
                0x0800e9b6                USBD_LL_SetupStage
 .text.USBD_LL_DataOutStage
                0x0800ea60      0x178 ./Middlewares/ST/STM32_USB_Device_Library/Core/Src/usbd_core.o
                0x0800ea60                USBD_LL_DataOutStage
 .text.USBD_LL_DataInStage
                0x0800ebd8      0x176 ./Middlewares/ST/STM32_USB_Device_Library/Core/Src/usbd_core.o
                0x0800ebd8                USBD_LL_DataInStage
 .text.USBD_LL_Reset
                0x0800ed4e       0xa6 ./Middlewares/ST/STM32_USB_Device_Library/Core/Src/usbd_core.o
                0x0800ed4e                USBD_LL_Reset
 .text.USBD_LL_SetSpeed
                0x0800edf4       0x20 ./Middlewares/ST/STM32_USB_Device_Library/Core/Src/usbd_core.o
                0x0800edf4                USBD_LL_SetSpeed
 .text.USBD_LL_Suspend
                0x0800ee14       0x38 ./Middlewares/ST/STM32_USB_Device_Library/Core/Src/usbd_core.o
                0x0800ee14                USBD_LL_Suspend
 .text.USBD_LL_Resume
                0x0800ee4c       0x30 ./Middlewares/ST/STM32_USB_Device_Library/Core/Src/usbd_core.o
                0x0800ee4c                USBD_LL_Resume
 .text.USBD_LL_SOF
                0x0800ee7c       0x40 ./Middlewares/ST/STM32_USB_Device_Library/Core/Src/usbd_core.o
                0x0800ee7c                USBD_LL_SOF
 .text.USBD_LL_IsoINIncomplete
                0x0800eebc       0x64 ./Middlewares/ST/STM32_USB_Device_Library/Core/Src/usbd_core.o
                0x0800eebc                USBD_LL_IsoINIncomplete
 .text.USBD_LL_IsoOUTIncomplete
                0x0800ef20       0x64 ./Middlewares/ST/STM32_USB_Device_Library/Core/Src/usbd_core.o
                0x0800ef20                USBD_LL_IsoOUTIncomplete
 .text.USBD_LL_DevConnected
                0x0800ef84       0x16 ./Middlewares/ST/STM32_USB_Device_Library/Core/Src/usbd_core.o
                0x0800ef84                USBD_LL_DevConnected
 .text.USBD_LL_DevDisconnected
                0x0800ef9a       0x46 ./Middlewares/ST/STM32_USB_Device_Library/Core/Src/usbd_core.o
                0x0800ef9a                USBD_LL_DevDisconnected
 .text.USBD_CoreFindIF
                0x0800efe0       0x1a ./Middlewares/ST/STM32_USB_Device_Library/Core/Src/usbd_core.o
                0x0800efe0                USBD_CoreFindIF
 .text.USBD_CoreFindEP
                0x0800effa       0x1a ./Middlewares/ST/STM32_USB_Device_Library/Core/Src/usbd_core.o
                0x0800effa                USBD_CoreFindEP
 .text.USBD_GetEpDesc
                0x0800f014       0x70 ./Middlewares/ST/STM32_USB_Device_Library/Core/Src/usbd_core.o
                0x0800f014                USBD_GetEpDesc
 .text.USBD_GetNextDesc
                0x0800f084       0x38 ./Middlewares/ST/STM32_USB_Device_Library/Core/Src/usbd_core.o
                0x0800f084                USBD_GetNextDesc
 .text.SWAPBYTE
                0x0800f0bc       0x3e ./Middlewares/ST/STM32_USB_Device_Library/Core/Src/usbd_ctlreq.o
 *fill*         0x0800f0fa        0x2 
 .text.USBD_StdDevReq
                0x0800f0fc       0xe4 ./Middlewares/ST/STM32_USB_Device_Library/Core/Src/usbd_ctlreq.o
                0x0800f0fc                USBD_StdDevReq
 .text.USBD_StdItfReq
                0x0800f1e0       0xd8 ./Middlewares/ST/STM32_USB_Device_Library/Core/Src/usbd_ctlreq.o
                0x0800f1e0                USBD_StdItfReq
 .text.USBD_StdEPReq
                0x0800f2b8      0x33e ./Middlewares/ST/STM32_USB_Device_Library/Core/Src/usbd_ctlreq.o
                0x0800f2b8                USBD_StdEPReq
 *fill*         0x0800f5f6        0x2 
 .text.USBD_GetDescriptor
                0x0800f5f8      0x328 ./Middlewares/ST/STM32_USB_Device_Library/Core/Src/usbd_ctlreq.o
 .text.USBD_SetAddress
                0x0800f920       0x88 ./Middlewares/ST/STM32_USB_Device_Library/Core/Src/usbd_ctlreq.o
 .text.USBD_SetConfig
                0x0800f9a8      0x154 ./Middlewares/ST/STM32_USB_Device_Library/Core/Src/usbd_ctlreq.o
 .text.USBD_GetConfig
                0x0800fafc       0x6c ./Middlewares/ST/STM32_USB_Device_Library/Core/Src/usbd_ctlreq.o
 .text.USBD_GetStatus
                0x0800fb68       0x68 ./Middlewares/ST/STM32_USB_Device_Library/Core/Src/usbd_ctlreq.o
 .text.USBD_SetFeature
                0x0800fbd0       0x52 ./Middlewares/ST/STM32_USB_Device_Library/Core/Src/usbd_ctlreq.o
 .text.USBD_ClrFeature
                0x0800fc22       0x44 ./Middlewares/ST/STM32_USB_Device_Library/Core/Src/usbd_ctlreq.o
 .text.USBD_ParseSetupRequest
                0x0800fc66       0x74 ./Middlewares/ST/STM32_USB_Device_Library/Core/Src/usbd_ctlreq.o
                0x0800fc66                USBD_ParseSetupRequest
 .text.USBD_CtlError
                0x0800fcda       0x22 ./Middlewares/ST/STM32_USB_Device_Library/Core/Src/usbd_ctlreq.o
                0x0800fcda                USBD_CtlError
 .text.USBD_GetString
                0x0800fcfc       0xa4 ./Middlewares/ST/STM32_USB_Device_Library/Core/Src/usbd_ctlreq.o
                0x0800fcfc                USBD_GetString
 .text.USBD_GetLen
                0x0800fda0       0x34 ./Middlewares/ST/STM32_USB_Device_Library/Core/Src/usbd_ctlreq.o
 .text.USBD_CtlSendData
                0x0800fdd4       0x3c ./Middlewares/ST/STM32_USB_Device_Library/Core/Src/usbd_ioreq.o
                0x0800fdd4                USBD_CtlSendData
 .text.USBD_CtlContinueSendData
                0x0800fe10       0x22 ./Middlewares/ST/STM32_USB_Device_Library/Core/Src/usbd_ioreq.o
                0x0800fe10                USBD_CtlContinueSendData
 .text.USBD_CtlPrepareRx
                0x0800fe32       0x42 ./Middlewares/ST/STM32_USB_Device_Library/Core/Src/usbd_ioreq.o
                0x0800fe32                USBD_CtlPrepareRx
 .text.USBD_CtlContinueRx
                0x0800fe74       0x22 ./Middlewares/ST/STM32_USB_Device_Library/Core/Src/usbd_ioreq.o
                0x0800fe74                USBD_CtlContinueRx
 .text.USBD_CtlSendStatus
                0x0800fe96       0x26 ./Middlewares/ST/STM32_USB_Device_Library/Core/Src/usbd_ioreq.o
                0x0800fe96                USBD_CtlSendStatus
 .text.USBD_CtlReceiveStatus
                0x0800febc       0x26 ./Middlewares/ST/STM32_USB_Device_Library/Core/Src/usbd_ioreq.o
                0x0800febc                USBD_CtlReceiveStatus
 *fill*         0x0800fee2        0x2 
 .text.MX_USB_DEVICE_Init
                0x0800fee4       0x60 ./USB_DEVICE/App/usb_device.o
                0x0800fee4                MX_USB_DEVICE_Init
 .text.CDC_Init_FS
                0x0800ff44       0x28 ./USB_DEVICE/App/usbd_cdc_if.o
 .text.CDC_DeInit_FS
                0x0800ff6c       0x10 ./USB_DEVICE/App/usbd_cdc_if.o
 .text.CDC_Control_FS
                0x0800ff7c      0x15c ./USB_DEVICE/App/usbd_cdc_if.o
 .text.CDC_Receive_FS
                0x080100d8       0x30 ./USB_DEVICE/App/usbd_cdc_if.o
 .text.CDC_Transmit_FS
                0x08010108       0x4c ./USB_DEVICE/App/usbd_cdc_if.o
                0x08010108                CDC_Transmit_FS
 .text.CDC_TransmitCplt_FS
                0x08010154       0x22 ./USB_DEVICE/App/usbd_cdc_if.o
 *fill*         0x08010176        0x2 
 .text.USBD_FS_DeviceDescriptor
                0x08010178       0x24 ./USB_DEVICE/App/usbd_desc.o
                0x08010178                USBD_FS_DeviceDescriptor
 .text.USBD_FS_LangIDStrDescriptor
                0x0801019c       0x24 ./USB_DEVICE/App/usbd_desc.o
                0x0801019c                USBD_FS_LangIDStrDescriptor
 .text.USBD_FS_ProductStrDescriptor
                0x080101c0       0x3c ./USB_DEVICE/App/usbd_desc.o
                0x080101c0                USBD_FS_ProductStrDescriptor
 .text.USBD_FS_ManufacturerStrDescriptor
                0x080101fc       0x28 ./USB_DEVICE/App/usbd_desc.o
                0x080101fc                USBD_FS_ManufacturerStrDescriptor
 .text.USBD_FS_SerialStrDescriptor
                0x08010224       0x24 ./USB_DEVICE/App/usbd_desc.o
                0x08010224                USBD_FS_SerialStrDescriptor
 .text.USBD_FS_ConfigStrDescriptor
                0x08010248       0x3c ./USB_DEVICE/App/usbd_desc.o
                0x08010248                USBD_FS_ConfigStrDescriptor
 .text.USBD_FS_InterfaceStrDescriptor
                0x08010284       0x3c ./USB_DEVICE/App/usbd_desc.o
                0x08010284                USBD_FS_InterfaceStrDescriptor
 .text.USBD_FS_USR_BOSDescriptor
                0x080102c0       0x24 ./USB_DEVICE/App/usbd_desc.o
                0x080102c0                USBD_FS_USR_BOSDescriptor
 .text.Get_SerialNum
                0x080102e4       0x58 ./USB_DEVICE/App/usbd_desc.o
 .text.IntToUnicode
                0x0801033c       0x7e ./USB_DEVICE/App/usbd_desc.o
 *fill*         0x080103ba        0x2 
 .text.HAL_PCD_MspInit
                0x080103bc       0xd4 ./USB_DEVICE/Target/usbd_conf.o
                0x080103bc                HAL_PCD_MspInit
 .text.HAL_PCD_SetupStageCallback
                0x08010490       0x24 ./USB_DEVICE/Target/usbd_conf.o
                0x08010490                HAL_PCD_SetupStageCallback
 .text.HAL_PCD_DataOutStageCallback
                0x080104b4       0x36 ./USB_DEVICE/Target/usbd_conf.o
                0x080104b4                HAL_PCD_DataOutStageCallback
 .text.HAL_PCD_DataInStageCallback
                0x080104ea       0x34 ./USB_DEVICE/Target/usbd_conf.o
                0x080104ea                HAL_PCD_DataInStageCallback
 .text.HAL_PCD_SOFCallback
                0x0801051e       0x1c ./USB_DEVICE/Target/usbd_conf.o
                0x0801051e                HAL_PCD_SOFCallback
 .text.HAL_PCD_ResetCallback
                0x0801053a       0x50 ./USB_DEVICE/Target/usbd_conf.o
                0x0801053a                HAL_PCD_ResetCallback
 *fill*         0x0801058a        0x2 
 .text.HAL_PCD_SuspendCallback
                0x0801058c       0x4c ./USB_DEVICE/Target/usbd_conf.o
                0x0801058c                HAL_PCD_SuspendCallback
 .text.HAL_PCD_ResumeCallback
                0x080105d8       0x1c ./USB_DEVICE/Target/usbd_conf.o
                0x080105d8                HAL_PCD_ResumeCallback
 .text.HAL_PCD_ISOOUTIncompleteCallback
                0x080105f4       0x24 ./USB_DEVICE/Target/usbd_conf.o
                0x080105f4                HAL_PCD_ISOOUTIncompleteCallback
 .text.HAL_PCD_ISOINIncompleteCallback
                0x08010618       0x24 ./USB_DEVICE/Target/usbd_conf.o
                0x08010618                HAL_PCD_ISOINIncompleteCallback
 .text.HAL_PCD_ConnectCallback
                0x0801063c       0x1c ./USB_DEVICE/Target/usbd_conf.o
                0x0801063c                HAL_PCD_ConnectCallback
 .text.HAL_PCD_DisconnectCallback
                0x08010658       0x1c ./USB_DEVICE/Target/usbd_conf.o
                0x08010658                HAL_PCD_DisconnectCallback
 .text.USBD_LL_Init
                0x08010674       0x98 ./USB_DEVICE/Target/usbd_conf.o
                0x08010674                USBD_LL_Init
 .text.USBD_LL_Start
                0x0801070c       0x36 ./USB_DEVICE/Target/usbd_conf.o
                0x0801070c                USBD_LL_Start
 .text.USBD_LL_OpenEP
                0x08010742       0x4c ./USB_DEVICE/Target/usbd_conf.o
                0x08010742                USBD_LL_OpenEP
 .text.USBD_LL_CloseEP
                0x0801078e       0x3e ./USB_DEVICE/Target/usbd_conf.o
                0x0801078e                USBD_LL_CloseEP
 .text.USBD_LL_StallEP
                0x080107cc       0x3e ./USB_DEVICE/Target/usbd_conf.o
                0x080107cc                USBD_LL_StallEP
 .text.USBD_LL_ClearStallEP
                0x0801080a       0x3e ./USB_DEVICE/Target/usbd_conf.o
                0x0801080a                USBD_LL_ClearStallEP
 .text.USBD_LL_IsStallEP
                0x08010848       0x58 ./USB_DEVICE/Target/usbd_conf.o
                0x08010848                USBD_LL_IsStallEP
 .text.USBD_LL_SetUSBAddress
                0x080108a0       0x3e ./USB_DEVICE/Target/usbd_conf.o
                0x080108a0                USBD_LL_SetUSBAddress
 .text.USBD_LL_Transmit
                0x080108de       0x42 ./USB_DEVICE/Target/usbd_conf.o
                0x080108de                USBD_LL_Transmit
 .text.USBD_LL_PrepareReceive
                0x08010920       0x42 ./USB_DEVICE/Target/usbd_conf.o
                0x08010920                USBD_LL_PrepareReceive
 .text.USBD_LL_GetRxDataSize
                0x08010962       0x26 ./USB_DEVICE/Target/usbd_conf.o
                0x08010962                USBD_LL_GetRxDataSize
 .text.HAL_PCDEx_LPM_Callback
                0x08010988       0x9c ./USB_DEVICE/Target/usbd_conf.o
                0x08010988                HAL_PCDEx_LPM_Callback
 .text.USBD_static_malloc
                0x08010a24       0x1c ./USB_DEVICE/Target/usbd_conf.o
                0x08010a24                USBD_static_malloc
 .text.USBD_static_free
                0x08010a40       0x14 ./USB_DEVICE/Target/usbd_conf.o
                0x08010a40                USBD_static_free
 .text.USBD_Get_USB_Status
                0x08010a54       0x58 ./USB_DEVICE/Target/usbd_conf.o
                0x08010a54                USBD_Get_USB_Status
 .text.asinf    0x08010aac       0x58 /opt/st/stm32cubeide_1.19.0/plugins/com.st.stm32cube.ide.mcu.externaltools.gnu-tools-for-stm32.13.3.rel1.linux64_1.0.0.202410170706/tools/bin/../lib/gcc/arm-none-eabi/13.3.1/../../../../arm-none-eabi/lib/thumb/v7e-m+fp/hard/libm.a(libm_a-wf_asin.o)
                0x08010aac                asinf
 .text.atan2f   0x08010b04        0x4 /opt/st/stm32cubeide_1.19.0/plugins/com.st.stm32cube.ide.mcu.externaltools.gnu-tools-for-stm32.13.3.rel1.linux64_1.0.0.202410170706/tools/bin/../lib/gcc/arm-none-eabi/13.3.1/../../../../arm-none-eabi/lib/thumb/v7e-m+fp/hard/libm.a(libm_a-wf_atan2.o)
                0x08010b04                atan2f
 .text.sqrtf    0x08010b08       0x3c /opt/st/stm32cubeide_1.19.0/plugins/com.st.stm32cube.ide.mcu.externaltools.gnu-tools-for-stm32.13.3.rel1.linux64_1.0.0.202410170706/tools/bin/../lib/gcc/arm-none-eabi/13.3.1/../../../../arm-none-eabi/lib/thumb/v7e-m+fp/hard/libm.a(libm_a-wf_sqrt.o)
                0x08010b08                sqrtf
 .text.fabsf    0x08010b44        0xe /opt/st/stm32cubeide_1.19.0/plugins/com.st.stm32cube.ide.mcu.externaltools.gnu-tools-for-stm32.13.3.rel1.linux64_1.0.0.202410170706/tools/bin/../lib/gcc/arm-none-eabi/13.3.1/../../../../arm-none-eabi/lib/thumb/v7e-m+fp/hard/libm.a(libm_a-sf_fabs.o)
                0x08010b44                fabsf
 .text.copysignf
                0x08010b52       0x16 /opt/st/stm32cubeide_1.19.0/plugins/com.st.stm32cube.ide.mcu.externaltools.gnu-tools-for-stm32.13.3.rel1.linux64_1.0.0.202410170706/tools/bin/../lib/gcc/arm-none-eabi/13.3.1/../../../../arm-none-eabi/lib/thumb/v7e-m+fp/hard/libm.a(libm_a-sf_copysign.o)
                0x08010b52                copysignf
 .text.nanf     0x08010b68        0xc /opt/st/stm32cubeide_1.19.0/plugins/com.st.stm32cube.ide.mcu.externaltools.gnu-tools-for-stm32.13.3.rel1.linux64_1.0.0.202410170706/tools/bin/../lib/gcc/arm-none-eabi/13.3.1/../../../../arm-none-eabi/lib/thumb/v7e-m+fp/hard/libm.a(libm_a-sf_nan.o)
                0x08010b68                nanf
 .text.__ieee754_sqrtf
                0x08010b74        0x6 /opt/st/stm32cubeide_1.19.0/plugins/com.st.stm32cube.ide.mcu.externaltools.gnu-tools-for-stm32.13.3.rel1.linux64_1.0.0.202410170706/tools/bin/../lib/gcc/arm-none-eabi/13.3.1/../../../../arm-none-eabi/lib/thumb/v7e-m+fp/hard/libm.a(libm_a-ef_sqrt.o)
                0x08010b74                __ieee754_sqrtf
 *fill*         0x08010b7a        0x2 
 .text.__ieee754_asinf
                0x08010b7c      0x1c8 /opt/st/stm32cubeide_1.19.0/plugins/com.st.stm32cube.ide.mcu.externaltools.gnu-tools-for-stm32.13.3.rel1.linux64_1.0.0.202410170706/tools/bin/../lib/gcc/arm-none-eabi/13.3.1/../../../../arm-none-eabi/lib/thumb/v7e-m+fp/hard/libm.a(libm_a-ef_asin.o)
                0x08010b7c                __ieee754_asinf
 .text.__ieee754_atan2f
                0x08010d44      0x140 /opt/st/stm32cubeide_1.19.0/plugins/com.st.stm32cube.ide.mcu.externaltools.gnu-tools-for-stm32.13.3.rel1.linux64_1.0.0.202410170706/tools/bin/../lib/gcc/arm-none-eabi/13.3.1/../../../../arm-none-eabi/lib/thumb/v7e-m+fp/hard/libm.a(libm_a-ef_atan2.o)
                0x08010d44                __ieee754_atan2f
 .text.atanf    0x08010e84      0x1a8 /opt/st/stm32cubeide_1.19.0/plugins/com.st.stm32cube.ide.mcu.externaltools.gnu-tools-for-stm32.13.3.rel1.linux64_1.0.0.202410170706/tools/bin/../lib/gcc/arm-none-eabi/13.3.1/../../../../arm-none-eabi/lib/thumb/v7e-m+fp/hard/libm.a(libm_a-sf_atan.o)
                0x08010e84                atanf
 .text.std      0x0801102c       0x6c /opt/st/stm32cubeide_1.19.0/plugins/com.st.stm32cube.ide.mcu.externaltools.gnu-tools-for-stm32.13.3.rel1.linux64_1.0.0.202410170706/tools/bin/../lib/gcc/arm-none-eabi/13.3.1/../../../../arm-none-eabi/lib/thumb/v7e-m+fp/hard/libc_nano.a(libc_a-findfp.o)
 .text.stdio_exit_handler
                0x08011098       0x18 /opt/st/stm32cubeide_1.19.0/plugins/com.st.stm32cube.ide.mcu.externaltools.gnu-tools-for-stm32.13.3.rel1.linux64_1.0.0.202410170706/tools/bin/../lib/gcc/arm-none-eabi/13.3.1/../../../../arm-none-eabi/lib/thumb/v7e-m+fp/hard/libc_nano.a(libc_a-findfp.o)
 .text.cleanup_stdio
                0x080110b0       0x40 /opt/st/stm32cubeide_1.19.0/plugins/com.st.stm32cube.ide.mcu.externaltools.gnu-tools-for-stm32.13.3.rel1.linux64_1.0.0.202410170706/tools/bin/../lib/gcc/arm-none-eabi/13.3.1/../../../../arm-none-eabi/lib/thumb/v7e-m+fp/hard/libc_nano.a(libc_a-findfp.o)
 .text.global_stdio_init.part.0
                0x080110f0       0x3c /opt/st/stm32cubeide_1.19.0/plugins/com.st.stm32cube.ide.mcu.externaltools.gnu-tools-for-stm32.13.3.rel1.linux64_1.0.0.202410170706/tools/bin/../lib/gcc/arm-none-eabi/13.3.1/../../../../arm-none-eabi/lib/thumb/v7e-m+fp/hard/libc_nano.a(libc_a-findfp.o)
 .text.__sfp_lock_acquire
                0x0801112c        0xc /opt/st/stm32cubeide_1.19.0/plugins/com.st.stm32cube.ide.mcu.externaltools.gnu-tools-for-stm32.13.3.rel1.linux64_1.0.0.202410170706/tools/bin/../lib/gcc/arm-none-eabi/13.3.1/../../../../arm-none-eabi/lib/thumb/v7e-m+fp/hard/libc_nano.a(libc_a-findfp.o)
                0x0801112c                __sfp_lock_acquire
 .text.__sfp_lock_release
                0x08011138        0xc /opt/st/stm32cubeide_1.19.0/plugins/com.st.stm32cube.ide.mcu.externaltools.gnu-tools-for-stm32.13.3.rel1.linux64_1.0.0.202410170706/tools/bin/../lib/gcc/arm-none-eabi/13.3.1/../../../../arm-none-eabi/lib/thumb/v7e-m+fp/hard/libc_nano.a(libc_a-findfp.o)
                0x08011138                __sfp_lock_release
 .text.__sinit  0x08011144       0x30 /opt/st/stm32cubeide_1.19.0/plugins/com.st.stm32cube.ide.mcu.externaltools.gnu-tools-for-stm32.13.3.rel1.linux64_1.0.0.202410170706/tools/bin/../lib/gcc/arm-none-eabi/13.3.1/../../../../arm-none-eabi/lib/thumb/v7e-m+fp/hard/libc_nano.a(libc_a-findfp.o)
                0x08011144                __sinit
 .text._fwalk_sglue
                0x08011174       0x3c /opt/st/stm32cubeide_1.19.0/plugins/com.st.stm32cube.ide.mcu.externaltools.gnu-tools-for-stm32.13.3.rel1.linux64_1.0.0.202410170706/tools/bin/../lib/gcc/arm-none-eabi/13.3.1/../../../../arm-none-eabi/lib/thumb/v7e-m+fp/hard/libc_nano.a(libc_a-fwalk.o)
                0x08011174                _fwalk_sglue
 .text.printf   0x080111b0       0x24 /opt/st/stm32cubeide_1.19.0/plugins/com.st.stm32cube.ide.mcu.externaltools.gnu-tools-for-stm32.13.3.rel1.linux64_1.0.0.202410170706/tools/bin/../lib/gcc/arm-none-eabi/13.3.1/../../../../arm-none-eabi/lib/thumb/v7e-m+fp/hard/libc_nano.a(libc_a-printf.o)
                0x080111b0                printf
                0x080111b0                iprintf
 .text._puts_r  0x080111d4       0xaa /opt/st/stm32cubeide_1.19.0/plugins/com.st.stm32cube.ide.mcu.externaltools.gnu-tools-for-stm32.13.3.rel1.linux64_1.0.0.202410170706/tools/bin/../lib/gcc/arm-none-eabi/13.3.1/../../../../arm-none-eabi/lib/thumb/v7e-m+fp/hard/libc_nano.a(libc_a-puts.o)
                0x080111d4                _puts_r
 *fill*         0x0801127e        0x2 
 .text.puts     0x08011280       0x10 /opt/st/stm32cubeide_1.19.0/plugins/com.st.stm32cube.ide.mcu.externaltools.gnu-tools-for-stm32.13.3.rel1.linux64_1.0.0.202410170706/tools/bin/../lib/gcc/arm-none-eabi/13.3.1/../../../../arm-none-eabi/lib/thumb/v7e-m+fp/hard/libc_nano.a(libc_a-puts.o)
                0x08011280                puts
 .text.__sread  0x08011290       0x22 /opt/st/stm32cubeide_1.19.0/plugins/com.st.stm32cube.ide.mcu.externaltools.gnu-tools-for-stm32.13.3.rel1.linux64_1.0.0.202410170706/tools/bin/../lib/gcc/arm-none-eabi/13.3.1/../../../../arm-none-eabi/lib/thumb/v7e-m+fp/hard/libc_nano.a(libc_a-stdio.o)
                0x08011290                __sread
 .text.__swrite
                0x080112b2       0x38 /opt/st/stm32cubeide_1.19.0/plugins/com.st.stm32cube.ide.mcu.externaltools.gnu-tools-for-stm32.13.3.rel1.linux64_1.0.0.202410170706/tools/bin/../lib/gcc/arm-none-eabi/13.3.1/../../../../arm-none-eabi/lib/thumb/v7e-m+fp/hard/libc_nano.a(libc_a-stdio.o)
                0x080112b2                __swrite
 .text.__sseek  0x080112ea       0x24 /opt/st/stm32cubeide_1.19.0/plugins/com.st.stm32cube.ide.mcu.externaltools.gnu-tools-for-stm32.13.3.rel1.linux64_1.0.0.202410170706/tools/bin/../lib/gcc/arm-none-eabi/13.3.1/../../../../arm-none-eabi/lib/thumb/v7e-m+fp/hard/libc_nano.a(libc_a-stdio.o)
                0x080112ea                __sseek
 .text.__sclose
                0x0801130e        0x8 /opt/st/stm32cubeide_1.19.0/plugins/com.st.stm32cube.ide.mcu.externaltools.gnu-tools-for-stm32.13.3.rel1.linux64_1.0.0.202410170706/tools/bin/../lib/gcc/arm-none-eabi/13.3.1/../../../../arm-none-eabi/lib/thumb/v7e-m+fp/hard/libc_nano.a(libc_a-stdio.o)
                0x0801130e                __sclose
 .text.__swbuf_r
                0x08011316       0x7c /opt/st/stm32cubeide_1.19.0/plugins/com.st.stm32cube.ide.mcu.externaltools.gnu-tools-for-stm32.13.3.rel1.linux64_1.0.0.202410170706/tools/bin/../lib/gcc/arm-none-eabi/13.3.1/../../../../arm-none-eabi/lib/thumb/v7e-m+fp/hard/libc_nano.a(libc_a-wbuf.o)
                0x08011316                __swbuf_r
 *fill*         0x08011392        0x2 
 .text.__swsetup_r
                0x08011394       0xac /opt/st/stm32cubeide_1.19.0/plugins/com.st.stm32cube.ide.mcu.externaltools.gnu-tools-for-stm32.13.3.rel1.linux64_1.0.0.202410170706/tools/bin/../lib/gcc/arm-none-eabi/13.3.1/../../../../arm-none-eabi/lib/thumb/v7e-m+fp/hard/libc_nano.a(libc_a-wsetup.o)
                0x08011394                __swsetup_r
 .text.memset   0x08011440       0x10 /opt/st/stm32cubeide_1.19.0/plugins/com.st.stm32cube.ide.mcu.externaltools.gnu-tools-for-stm32.13.3.rel1.linux64_1.0.0.202410170706/tools/bin/../lib/gcc/arm-none-eabi/13.3.1/../../../../arm-none-eabi/lib/thumb/v7e-m+fp/hard/libc_nano.a(libc_a-memset.o)
                0x08011440                memset
 .text._close_r
                0x08011450       0x20 /opt/st/stm32cubeide_1.19.0/plugins/com.st.stm32cube.ide.mcu.externaltools.gnu-tools-for-stm32.13.3.rel1.linux64_1.0.0.202410170706/tools/bin/../lib/gcc/arm-none-eabi/13.3.1/../../../../arm-none-eabi/lib/thumb/v7e-m+fp/hard/libc_nano.a(libc_a-closer.o)
                0x08011450                _close_r
 .text._lseek_r
                0x08011470       0x24 /opt/st/stm32cubeide_1.19.0/plugins/com.st.stm32cube.ide.mcu.externaltools.gnu-tools-for-stm32.13.3.rel1.linux64_1.0.0.202410170706/tools/bin/../lib/gcc/arm-none-eabi/13.3.1/../../../../arm-none-eabi/lib/thumb/v7e-m+fp/hard/libc_nano.a(libc_a-lseekr.o)
                0x08011470                _lseek_r
 .text._read_r  0x08011494       0x24 /opt/st/stm32cubeide_1.19.0/plugins/com.st.stm32cube.ide.mcu.externaltools.gnu-tools-for-stm32.13.3.rel1.linux64_1.0.0.202410170706/tools/bin/../lib/gcc/arm-none-eabi/13.3.1/../../../../arm-none-eabi/lib/thumb/v7e-m+fp/hard/libc_nano.a(libc_a-readr.o)
                0x08011494                _read_r
 .text._write_r
                0x080114b8       0x24 /opt/st/stm32cubeide_1.19.0/plugins/com.st.stm32cube.ide.mcu.externaltools.gnu-tools-for-stm32.13.3.rel1.linux64_1.0.0.202410170706/tools/bin/../lib/gcc/arm-none-eabi/13.3.1/../../../../arm-none-eabi/lib/thumb/v7e-m+fp/hard/libc_nano.a(libc_a-writer.o)
                0x080114b8                _write_r
 .text.__errno  0x080114dc        0xc /opt/st/stm32cubeide_1.19.0/plugins/com.st.stm32cube.ide.mcu.externaltools.gnu-tools-for-stm32.13.3.rel1.linux64_1.0.0.202410170706/tools/bin/../lib/gcc/arm-none-eabi/13.3.1/../../../../arm-none-eabi/lib/thumb/v7e-m+fp/hard/libc_nano.a(libc_a-errno.o)
                0x080114dc                __errno
 .text.__libc_init_array
                0x080114e8       0x48 /opt/st/stm32cubeide_1.19.0/plugins/com.st.stm32cube.ide.mcu.externaltools.gnu-tools-for-stm32.13.3.rel1.linux64_1.0.0.202410170706/tools/bin/../lib/gcc/arm-none-eabi/13.3.1/../../../../arm-none-eabi/lib/thumb/v7e-m+fp/hard/libc_nano.a(libc_a-init.o)
                0x080114e8                __libc_init_array
 .text.__retarget_lock_init_recursive
                0x08011530        0x2 /opt/st/stm32cubeide_1.19.0/plugins/com.st.stm32cube.ide.mcu.externaltools.gnu-tools-for-stm32.13.3.rel1.linux64_1.0.0.202410170706/tools/bin/../lib/gcc/arm-none-eabi/13.3.1/../../../../arm-none-eabi/lib/thumb/v7e-m+fp/hard/libc_nano.a(libc_a-lock.o)
                0x08011530                __retarget_lock_init_recursive
 .text.__retarget_lock_acquire_recursive
                0x08011532        0x2 /opt/st/stm32cubeide_1.19.0/plugins/com.st.stm32cube.ide.mcu.externaltools.gnu-tools-for-stm32.13.3.rel1.linux64_1.0.0.202410170706/tools/bin/../lib/gcc/arm-none-eabi/13.3.1/../../../../arm-none-eabi/lib/thumb/v7e-m+fp/hard/libc_nano.a(libc_a-lock.o)
                0x08011532                __retarget_lock_acquire_recursive
 .text.__retarget_lock_release_recursive
                0x08011534        0x2 /opt/st/stm32cubeide_1.19.0/plugins/com.st.stm32cube.ide.mcu.externaltools.gnu-tools-for-stm32.13.3.rel1.linux64_1.0.0.202410170706/tools/bin/../lib/gcc/arm-none-eabi/13.3.1/../../../../arm-none-eabi/lib/thumb/v7e-m+fp/hard/libc_nano.a(libc_a-lock.o)
                0x08011534                __retarget_lock_release_recursive
 .text.memcpy   0x08011536       0x1c /opt/st/stm32cubeide_1.19.0/plugins/com.st.stm32cube.ide.mcu.externaltools.gnu-tools-for-stm32.13.3.rel1.linux64_1.0.0.202410170706/tools/bin/../lib/gcc/arm-none-eabi/13.3.1/../../../../arm-none-eabi/lib/thumb/v7e-m+fp/hard/libc_nano.a(libc_a-memcpy-stub.o)
                0x08011536                memcpy
 *fill*         0x08011552        0x2 
 .text._free_r  0x08011554       0x94 /opt/st/stm32cubeide_1.19.0/plugins/com.st.stm32cube.ide.mcu.externaltools.gnu-tools-for-stm32.13.3.rel1.linux64_1.0.0.202410170706/tools/bin/../lib/gcc/arm-none-eabi/13.3.1/../../../../arm-none-eabi/lib/thumb/v7e-m+fp/hard/libc_nano.a(libc_a-freer.o)
                0x08011554                _free_r
 .text.sbrk_aligned
                0x080115e8       0x44 /opt/st/stm32cubeide_1.19.0/plugins/com.st.stm32cube.ide.mcu.externaltools.gnu-tools-for-stm32.13.3.rel1.linux64_1.0.0.202410170706/tools/bin/../lib/gcc/arm-none-eabi/13.3.1/../../../../arm-none-eabi/lib/thumb/v7e-m+fp/hard/libc_nano.a(libc_a-mallocr.o)
 .text._malloc_r
                0x0801162c      0x100 /opt/st/stm32cubeide_1.19.0/plugins/com.st.stm32cube.ide.mcu.externaltools.gnu-tools-for-stm32.13.3.rel1.linux64_1.0.0.202410170706/tools/bin/../lib/gcc/arm-none-eabi/13.3.1/../../../../arm-none-eabi/lib/thumb/v7e-m+fp/hard/libc_nano.a(libc_a-mallocr.o)
                0x0801162c                _malloc_r
 .text.__malloc_lock
                0x0801172c        0xc /opt/st/stm32cubeide_1.19.0/plugins/com.st.stm32cube.ide.mcu.externaltools.gnu-tools-for-stm32.13.3.rel1.linux64_1.0.0.202410170706/tools/bin/../lib/gcc/arm-none-eabi/13.3.1/../../../../arm-none-eabi/lib/thumb/v7e-m+fp/hard/libc_nano.a(libc_a-mlock.o)
                0x0801172c                __malloc_lock
 .text.__malloc_unlock
                0x08011738        0xc /opt/st/stm32cubeide_1.19.0/plugins/com.st.stm32cube.ide.mcu.externaltools.gnu-tools-for-stm32.13.3.rel1.linux64_1.0.0.202410170706/tools/bin/../lib/gcc/arm-none-eabi/13.3.1/../../../../arm-none-eabi/lib/thumb/v7e-m+fp/hard/libc_nano.a(libc_a-mlock.o)
                0x08011738                __malloc_unlock
 .text.__sfputc_r
                0x08011744       0x2e /opt/st/stm32cubeide_1.19.0/plugins/com.st.stm32cube.ide.mcu.externaltools.gnu-tools-for-stm32.13.3.rel1.linux64_1.0.0.202410170706/tools/bin/../lib/gcc/arm-none-eabi/13.3.1/../../../../arm-none-eabi/lib/thumb/v7e-m+fp/hard/libc_nano.a(libc_a-nano-vfprintf.o)
 .text.__sfputs_r
                0x08011772       0x24 /opt/st/stm32cubeide_1.19.0/plugins/com.st.stm32cube.ide.mcu.externaltools.gnu-tools-for-stm32.13.3.rel1.linux64_1.0.0.202410170706/tools/bin/../lib/gcc/arm-none-eabi/13.3.1/../../../../arm-none-eabi/lib/thumb/v7e-m+fp/hard/libc_nano.a(libc_a-nano-vfprintf.o)
                0x08011772                __sfputs_r
 *fill*         0x08011796        0x2 
 .text._vfprintf_r
                0x08011798      0x230 /opt/st/stm32cubeide_1.19.0/plugins/com.st.stm32cube.ide.mcu.externaltools.gnu-tools-for-stm32.13.3.rel1.linux64_1.0.0.202410170706/tools/bin/../lib/gcc/arm-none-eabi/13.3.1/../../../../arm-none-eabi/lib/thumb/v7e-m+fp/hard/libc_nano.a(libc_a-nano-vfprintf.o)
                0x08011798                _vfiprintf_r
                0x08011798                _vfprintf_r
 .text._printf_common
                0x080119c8       0xda /opt/st/stm32cubeide_1.19.0/plugins/com.st.stm32cube.ide.mcu.externaltools.gnu-tools-for-stm32.13.3.rel1.linux64_1.0.0.202410170706/tools/bin/../lib/gcc/arm-none-eabi/13.3.1/../../../../arm-none-eabi/lib/thumb/v7e-m+fp/hard/libc_nano.a(libc_a-nano-vfprintf_i.o)
                0x080119c8                _printf_common
 *fill*         0x08011aa2        0x2 
 .text._printf_i