../Core/Src/main.c:79:5:main	16	static
../Core/Src/main.c:131:6:SystemClock_Config	88	static
../Core/Src/main.c:178:13:MX_CAN1_Init	8	static
../Core/Src/main.c:215:13:MX_I2C3_Init	8	static
../Core/Src/main.c:249:13:MX_TIM6_Init	16	static
../Core/Src/main.c:287:13:MX_TIM10_Init	8	static
../Core/Src/main.c:318:13:MX_USART2_UART_Init	8	static
../Core/Src/main.c:349:13:MX_DMA_Init	16	static
../Core/Src/main.c:367:13:MX_GPIO_Init	48	static
../Core/Src/main.c:411:6:Error_Handler	4	static,ignoring_inline_asm
