2026-04-14 10:59:05,949 [INFO] Activator:176 - 


2026-04-14 10:59:05,952 [INFO] Activator:177 - !SESSION log4j initialized
2026-04-14 10:59:09,411 [INFO] LogOutputStream:77 - [STDOUT_REDIRECT] 
2026-04-14 10:59:10,208 [INFO] ApplicationProperties:184 - Using Application install path: /opt/st/stm32cubeide_1.19.0/plugins/com.st.stm32cube.common.mx_6.15.0.202507011659
2026-04-14 10:59:10,221 [INFO] DbMcusXml:78 - Set database path to: /opt/st/stm32cubeide_1.19.0/plugins/com.st.stm32cube.common.mx_6.15.0.202507011659//db//mcu/
2026-04-14 10:59:10,222 [INFO] ApiDb:274 - Set plugin database path to: /opt/st/stm32cubeide_1.19.0/plugins/com.st.stm32cube.common.mx_6.15.0.202507011659//db//plugins/boardmanager/
2026-04-14 10:59:10,222 [WARN] ApiDb:259 - Overriding images path with different value:  => /opt/st/stm32cubeide_1.19.0/plugins/com.st.stm32cube.common.mx_6.15.0.202507011659//db//plugins/mcufinder/images/
2026-04-14 10:59:10,226 [INFO] ApiDb:250 - Set database path to: /home/kamil/.stmcufinder/plugins/mcufinder//mcu/
2026-04-14 10:59:10,227 [INFO] DbMcusAds:125 - Set database path to: /home/kamil/.stmcufinder/plugins/mcufinder//mcu/
2026-04-14 10:59:10,229 [INFO] CrossReferenceDbSqlite:203 - Set database path to: /home/kamil/.stmcufinder/plugins/mcufinder//mcu/cs/
2026-04-14 10:59:10,293 [INFO] RulesReader:64 - Compatibility file has been processed (317 Rules)
2026-04-14 10:59:10,336 [INFO] DbMcusXml:78 - Set database path to: /opt/st/stm32cubeide_1.19.0/plugins/com.st.stm32cube.common.mx_6.15.0.202507011659//db//mcu/
2026-04-14 10:59:10,337 [INFO] ApiDb:274 - Set plugin database path to: /opt/st/stm32cubeide_1.19.0/plugins/com.st.stm32cube.common.mx_6.15.0.202507011659//db//plugins/boardmanager/
2026-04-14 10:59:10,337 [INFO] ApiDb:261 - Set plugin images path to: /opt/st/stm32cubeide_1.19.0/plugins/com.st.stm32cube.common.mx_6.15.0.202507011659//db//plugins/mcufinder/images/
2026-04-14 10:59:10,337 [WARN] DbFile:41 - Overriding database path with different value: /home/kamil/.stmcufinder/plugins/mcufinder/ => /home/kamil/.stmcufinder/plugins/mcufinder
2026-04-14 10:59:10,337 [INFO] ApiDb:250 - Set database path to: /home/kamil/.stmcufinder/plugins/mcufinder//mcu/
2026-04-14 10:59:10,337 [WARN] DbFile:41 - Overriding database path with different value: /home/kamil/.stmcufinder/plugins/mcufinder/ => /home/kamil/.stmcufinder/plugins/mcufinder
2026-04-14 10:59:10,337 [INFO] DbMcusAds:125 - Set database path to: /home/kamil/.stmcufinder/plugins/mcufinder//mcu/
2026-04-14 10:59:10,337 [WARN] DbFile:41 - Overriding database path with different value: /home/kamil/.stmcufinder/plugins/mcufinder/ => /home/kamil/.stmcufinder/plugins/mcufinder
2026-04-14 10:59:10,337 [WARN] DbFile:41 - Overriding database path with different value: /home/kamil/.stmcufinder/plugins/mcufinder/ => /home/kamil/.stmcufinder/plugins/mcufinder
2026-04-14 10:59:10,337 [INFO] CrossReferenceDbSqlite:203 - Set database path to: /home/kamil/.stmcufinder/plugins/mcufinder//mcu/cs/
2026-04-14 10:59:10,386 [INFO] MainPanel:274 - HeapMemory: 268435456
2026-04-14 10:59:10,481 [INFO] DbMcusXml:78 - Set database path to: /opt/st/stm32cubeide_1.19.0/plugins/com.st.stm32cube.common.mx_6.15.0.202507011659//db//mcu/
2026-04-14 10:59:10,481 [INFO] ApiDb:274 - Set plugin database path to: /opt/st/stm32cubeide_1.19.0/plugins/com.st.stm32cube.common.mx_6.15.0.202507011659//db//plugins/boardmanager/
2026-04-14 10:59:10,481 [INFO] ApiDb:261 - Set plugin images path to: /opt/st/stm32cubeide_1.19.0/plugins/com.st.stm32cube.common.mx_6.15.0.202507011659//db//plugins/mcufinder/images/
2026-04-14 10:59:10,481 [WARN] DbFile:41 - Overriding database path with different value: /home/kamil/.stmcufinder/plugins/mcufinder/ => /home/kamil/.stmcufinder/plugins/mcufinder
2026-04-14 10:59:10,481 [INFO] ApiDb:250 - Set database path to: /home/kamil/.stmcufinder/plugins/mcufinder//mcu/
2026-04-14 10:59:10,481 [WARN] DbFile:41 - Overriding database path with different value: /home/kamil/.stmcufinder/plugins/mcufinder/ => /home/kamil/.stmcufinder/plugins/mcufinder
2026-04-14 10:59:10,481 [INFO] DbMcusAds:125 - Set database path to: /home/kamil/.stmcufinder/plugins/mcufinder//mcu/
2026-04-14 10:59:10,481 [WARN] DbFile:41 - Overriding database path with different value: /home/kamil/.stmcufinder/plugins/mcufinder/ => /home/kamil/.stmcufinder/plugins/mcufinder
2026-04-14 10:59:10,482 [WARN] DbFile:41 - Overriding database path with different value: /home/kamil/.stmcufinder/plugins/mcufinder/ => /home/kamil/.stmcufinder/plugins/mcufinder
2026-04-14 10:59:10,482 [INFO] CrossReferenceDbSqlite:203 - Set database path to: /home/kamil/.stmcufinder/plugins/mcufinder//mcu/cs/
2026-04-14 10:59:10,494 [INFO] ApplicationProperties:184 - Using Application install path: /opt/st/stm32cubeide_1.19.0/plugins/com.st.stm32cube.common.mx_6.15.0.202507011659
2026-04-14 10:59:10,494 [INFO] PluginManage:196 - Search for loadable plugins [exclusion list=, ]
2026-04-14 10:59:10,495 [INFO] PluginManage:310 - Check plugin analytics
2026-04-14 10:59:10,573 [INFO] AnalyticsPlugin:253 - Accepted Software Licenses: 
2026-04-14 10:59:10,574 [INFO] AnalyticsPlugin:255 - Accepted CMSIS Pack Licenses: 
2026-04-14 10:59:10,574 [INFO] AnalyticsPlugin:257 - Accepted Firmware Licenses: FW.F4.1.28.0
2026-04-14 10:59:10,575 [INFO] PluginManage:359 - Loaded plugin analytics (category:tool,tabindex:-1)
2026-04-14 10:59:10,575 [INFO] PluginManage:310 - Check plugin cadmodel
2026-04-14 10:59:10,578 [INFO] CADModel:105 - Init CAD model plugin
2026-04-14 10:59:10,578 [INFO] PluginManage:359 - Loaded plugin cadmodel (category:power,tabindex:5)
2026-04-14 10:59:10,579 [INFO] PluginManage:310 - Check plugin clock
2026-04-14 10:59:10,584 [INFO] PluginManage:359 - Loaded plugin clock (category:base,tabindex:2)
2026-04-14 10:59:10,585 [INFO] PluginManage:310 - Check plugin ddr
2026-04-14 10:59:10,586 [INFO] PluginManage:359 - Loaded plugin ddr (category:tool,tabindex:6)
2026-04-14 10:59:10,586 [INFO] PluginManage:310 - Check plugin filemanager
2026-04-14 10:59:10,667 [INFO] PluginManage:359 - Loaded plugin filemanager (category:base,tabindex:10)
2026-04-14 10:59:10,667 [INFO] PluginManage:310 - Check plugin ipmanager
2026-04-14 10:59:10,670 [INFO] PluginManage:359 - Loaded plugin ipmanager (category:base,tabindex:5)
2026-04-14 10:59:10,670 [INFO] PluginManage:310 - Check plugin lpbam
2026-04-14 10:59:10,676 [INFO] PluginManage:359 - Loaded plugin lpbam (category:base,tabindex:0)
2026-04-14 10:59:10,676 [INFO] PluginManage:310 - Check plugin memorymap
2026-04-14 10:59:10,687 [INFO] PluginManage:359 - Loaded plugin memorymap (category:base,tabindex:4)
2026-04-14 10:59:10,688 [INFO] PluginManage:310 - Check plugin pinoutandconfiguration
2026-04-14 10:59:10,693 [INFO] PluginManage:359 - Loaded plugin pinoutandconfiguration (category:base,tabindex:1)
2026-04-14 10:59:10,693 [INFO] PluginManage:310 - Check plugin pinoutconfig
2026-04-14 10:59:10,750 [WARN] SupportedApi:132 - Cannot load RTOS API schema: s4s-elt-must-match.1: The content of 'definitions' must match (annotation?, (simpleType | complexType)?, (unique | key | keyref)*)). A problem was found starting at: attribute.
2026-04-14 10:59:10,848 [INFO] PluginManage:359 - Loaded plugin pinoutconfig (category:base,tabindex:0)
2026-04-14 10:59:10,848 [INFO] PluginManage:310 - Check plugin power
2026-04-14 10:59:10,856 [INFO] PluginManage:359 - Loaded plugin power (category:power,tabindex:4)
2026-04-14 10:59:10,856 [INFO] PluginManage:310 - Check plugin projectmanager
2026-04-14 10:59:10,868 [INFO] PluginManage:359 - Loaded plugin projectmanager (category:projectmanager,tabindex:4)
2026-04-14 10:59:10,868 [INFO] PluginManage:310 - Check plugin rif
2026-04-14 10:59:10,875 [INFO] PluginManage:359 - Loaded plugin rif (category:base,tabindex:3)
2026-04-14 10:59:10,875 [INFO] PluginManage:310 - Check plugin thirdparty
2026-04-14 10:59:10,954 [INFO] PluginManage:359 - Loaded plugin thirdparty (category:base,tabindex:-1)
2026-04-14 10:59:10,954 [WARN] IntegrityCheckThread:84 - waiting for thirdparty lock release [integrity check]
2026-04-14 10:59:10,955 [INFO] PluginManage:310 - Check plugin tools
2026-04-14 10:59:10,955 [INFO] IntegrityCheckThread:86 - entering critical section [integrity check]
2026-04-14 10:59:10,955 [INFO] ThirdPartyUpdaterWithRetryManager:70 - Updater plugin not ready yet. [1/15]
2026-04-14 10:59:10,956 [INFO] PluginManage:359 - Loaded plugin tools (category:base,tabindex:7)
2026-04-14 10:59:10,956 [INFO] PluginManage:310 - Check plugin tutovideos
2026-04-14 10:59:11,077 [INFO] PluginManage:359 - Loaded plugin tutovideos (category:base,tabindex:-1)
2026-04-14 10:59:11,078 [INFO] PluginManage:310 - Check plugin updater
2026-04-14 10:59:11,102 [INFO] PluginManage:359 - Loaded plugin updater (category:base,tabindex:12)
2026-04-14 10:59:11,102 [INFO] PluginManage:310 - Check plugin userauth
2026-04-14 10:59:11,105 [INFO] UserAuth:118 - Init User Auth plugin
2026-04-14 10:59:11,106 [INFO] PluginManage:359 - Loaded plugin userauth (category:base,tabindex:14)
2026-04-14 10:59:11,107 [INFO] PluginManage:283 - PluginManage : Loaded plugins [18]
2026-04-14 10:59:11,220 [INFO] PinOutPanel:1589 - setPackage(No Configuration,No Configuration)
2026-04-14 10:59:11,261 [INFO] CADModel:165 - CPN selected for project level
2026-04-14 10:59:11,261 [INFO] CADModel:114 - Register for checkConnection events
2026-04-14 10:59:11,267 [INFO] IPUIPlugin:80 - create IPUIPlugin
2026-04-14 10:59:11,268 [INFO] PluginManager:220 - loadIPPluginJar : add tracer_emb
2026-04-14 10:59:11,269 [INFO] IPUIPlugin:80 - create IPUIPlugin
2026-04-14 10:59:11,269 [INFO] PluginManager:220 - loadIPPluginJar : add radio
2026-04-14 10:59:11,272 [INFO] IPUIPlugin:80 - create IPUIPlugin
2026-04-14 10:59:11,272 [INFO] PluginManager:220 - loadIPPluginJar : add ddr_ctrl_phy
2026-04-14 10:59:11,276 [INFO] IPUIPlugin:80 - create IPUIPlugin
2026-04-14 10:59:11,276 [INFO] PluginManager:220 - loadIPPluginJar : add mdma
2026-04-14 10:59:11,278 [INFO] IPUIPlugin:80 - create IPUIPlugin
2026-04-14 10:59:11,278 [INFO] PluginManager:220 - loadIPPluginJar : add touchsensing
2026-04-14 10:59:11,279 [INFO] IPUIPlugin:80 - create IPUIPlugin
2026-04-14 10:59:11,279 [INFO] PluginManager:220 - loadIPPluginJar : add ucpd
2026-04-14 10:59:11,284 [INFO] IPUIPlugin:80 - create IPUIPlugin
2026-04-14 10:59:11,285 [INFO] PluginManager:220 - loadIPPluginJar : add plateformsettings
2026-04-14 10:59:11,287 [INFO] IPUIPlugin:80 - create IPUIPlugin
2026-04-14 10:59:11,287 [INFO] PluginManager:220 - loadIPPluginJar : add ipddr
2026-04-14 10:59:11,291 [INFO] IPUIPlugin:80 - create IPUIPlugin
2026-04-14 10:59:11,291 [INFO] PluginManager:220 - loadIPPluginJar : add resmgrutility
2026-04-14 10:59:11,292 [INFO] IPUIPlugin:80 - create IPUIPlugin
2026-04-14 10:59:11,292 [INFO] PluginManager:220 - loadIPPluginJar : add ts
2026-04-14 10:59:11,293 [INFO] IPUIPlugin:80 - create IPUIPlugin
2026-04-14 10:59:11,293 [INFO] PluginManager:220 - loadIPPluginJar : add dma3
2026-04-14 10:59:11,295 [INFO] IPUIPlugin:80 - create IPUIPlugin
2026-04-14 10:59:11,295 [INFO] PluginManager:220 - loadIPPluginJar : add openamp
2026-04-14 10:59:11,297 [INFO] IPUIPlugin:80 - create IPUIPlugin
2026-04-14 10:59:11,297 [INFO] PluginManager:220 - loadIPPluginJar : add opamp
2026-04-14 10:59:11,298 [INFO] IPUIPlugin:80 - create IPUIPlugin
2026-04-14 10:59:11,298 [INFO] PluginManager:220 - loadIPPluginJar : add pdm2pcm
2026-04-14 10:59:11,300 [INFO] IPUIPlugin:80 - create IPUIPlugin
2026-04-14 10:59:11,300 [INFO] PluginManager:220 - loadIPPluginJar : add gfxmmu
2026-04-14 10:59:11,302 [INFO] IPUIPlugin:80 - create IPUIPlugin
2026-04-14 10:59:11,302 [INFO] PluginManager:220 - loadIPPluginJar : add aes
2026-04-14 10:59:11,304 [INFO] IPUIPlugin:80 - create IPUIPlugin
2026-04-14 10:59:11,304 [INFO] PluginManager:220 - loadIPPluginJar : add gtzc
2026-04-14 10:59:11,306 [INFO] IPUIPlugin:80 - create IPUIPlugin
2026-04-14 10:59:11,306 [INFO] PluginManager:220 - loadIPPluginJar : add sai
2026-04-14 10:59:11,307 [INFO] IPUIPlugin:80 - create IPUIPlugin
2026-04-14 10:59:11,307 [INFO] PluginManager:220 - loadIPPluginJar : add tsc
2026-04-14 10:59:11,309 [INFO] IPUIPlugin:80 - create IPUIPlugin
2026-04-14 10:59:11,309 [INFO] PluginManager:220 - loadIPPluginJar : add usbx
2026-04-14 10:59:11,311 [INFO] IPUIPlugin:80 - create IPUIPlugin
2026-04-14 10:59:11,311 [INFO] PluginManager:220 - loadIPPluginJar : add can
2026-04-14 10:59:11,313 [INFO] IPUIPlugin:80 - create IPUIPlugin
2026-04-14 10:59:11,313 [INFO] PluginManager:220 - loadIPPluginJar : add i2c
2026-04-14 10:59:11,315 [INFO] IPUIPlugin:80 - create IPUIPlugin
2026-04-14 10:59:11,315 [INFO] PluginManager:220 - loadIPPluginJar : add lorawan
2026-04-14 10:59:11,317 [INFO] IPUIPlugin:80 - create IPUIPlugin
2026-04-14 10:59:11,317 [INFO] PluginManager:220 - loadIPPluginJar : add spi
2026-04-14 10:59:11,323 [INFO] IPUIPlugin:80 - create IPUIPlugin
2026-04-14 10:59:11,323 [INFO] PluginManager:220 - loadIPPluginJar : add linkedlist
2026-04-14 10:59:11,327 [INFO] IPUIPlugin:80 - create IPUIPlugin
2026-04-14 10:59:11,327 [INFO] PluginManager:220 - loadIPPluginJar : add fmc
2026-04-14 10:59:11,330 [INFO] IPUIPlugin:80 - create IPUIPlugin
2026-04-14 10:59:11,330 [INFO] PluginManager:220 - loadIPPluginJar : add i3c
2026-04-14 10:59:11,331 [INFO] IPUIPlugin:80 - create IPUIPlugin
2026-04-14 10:59:11,331 [INFO] PluginManager:220 - loadIPPluginJar : add ltdc
2026-04-14 10:59:11,336 [INFO] IPUIPlugin:80 - create IPUIPlugin
2026-04-14 10:59:11,337 [INFO] PluginManager:220 - loadIPPluginJar : add dma
2026-04-14 10:59:11,341 [INFO] IPUIPlugin:80 - create IPUIPlugin
2026-04-14 10:59:11,342 [INFO] PluginManager:220 - loadIPPluginJar : add freertos
2026-04-14 10:59:11,344 [INFO] IPUIPlugin:80 - create IPUIPlugin
2026-04-14 10:59:11,344 [INFO] PluginManager:220 - loadIPPluginJar : add hash
2026-04-14 10:59:11,350 [INFO] IPUIPlugin:80 - create IPUIPlugin
2026-04-14 10:59:11,351 [INFO] PluginManager:220 - loadIPPluginJar : add adc
2026-04-14 10:59:11,353 [INFO] IPUIPlugin:80 - create IPUIPlugin
2026-04-14 10:59:11,353 [INFO] PluginManager:220 - loadIPPluginJar : add usart
2026-04-14 10:59:11,358 [INFO] IPUIPlugin:80 - create IPUIPlugin
2026-04-14 10:59:11,358 [INFO] PluginManager:220 - loadIPPluginJar : add stm32_wpan
2026-04-14 10:59:11,359 [INFO] IPUIPlugin:80 - create IPUIPlugin
2026-04-14 10:59:11,359 [INFO] PluginManager:220 - loadIPPluginJar : add genericplugin
2026-04-14 10:59:11,362 [INFO] IPUIPlugin:80 - create IPUIPlugin
2026-04-14 10:59:11,362 [INFO] PluginManager:220 - loadIPPluginJar : add gpio
2026-04-14 10:59:11,365 [INFO] IPUIPlugin:80 - create IPUIPlugin
2026-04-14 10:59:11,365 [INFO] PluginManager:220 - loadIPPluginJar : add nvic
2026-04-14 10:59:11,367 [INFO] IPUIPlugin:80 - create IPUIPlugin
2026-04-14 10:59:11,367 [INFO] PluginManager:220 - loadIPPluginJar : add dfsdm
2026-04-14 10:59:11,368 [INFO] IPUIPlugin:80 - create IPUIPlugin
2026-04-14 10:59:11,368 [INFO] PluginManager:220 - loadIPPluginJar : add fatfs
2026-04-14 10:59:11,369 [INFO] IPUIPlugin:80 - create IPUIPlugin
2026-04-14 10:59:11,369 [INFO] PluginManager:220 - loadIPPluginJar : add comp
2026-04-14 10:59:11,371 [INFO] IPUIPlugin:80 - create IPUIPlugin
2026-04-14 10:59:11,372 [INFO] PluginManager:220 - loadIPPluginJar : add i2s
2026-04-14 10:59:11,373 [INFO] IPUIPlugin:80 - create IPUIPlugin
2026-04-14 10:59:11,374 [INFO] PluginManager:220 - loadIPPluginJar : add cryp
2026-04-14 10:59:11,375 [INFO] IPUIPlugin:80 - create IPUIPlugin
2026-04-14 10:59:11,375 [INFO] PluginManager:220 - loadIPPluginJar : add quadspi
2026-04-14 10:59:11,379 [INFO] IPUIPlugin:80 - create IPUIPlugin
2026-04-14 10:59:11,380 [INFO] PluginManager:220 - loadIPPluginJar : add gic
2026-04-14 10:59:11,381 [INFO] IPUIPlugin:80 - create IPUIPlugin
2026-04-14 10:59:11,381 [INFO] PluginManager:220 - loadIPPluginJar : add tim
2026-04-14 10:59:11,383 [INFO] IPUIPlugin:80 - create IPUIPlugin
2026-04-14 10:59:11,383 [INFO] PluginManager:220 - loadIPPluginJar : add extmemmanager
2026-04-14 10:59:11,483 [FATAL] Updater:351 - Updater called before beeing initialized
2026-04-14 10:59:11,504 [INFO] RulesReader:64 - Compatibility file has been processed (317 Rules)
2026-04-14 10:59:11,513 [INFO] RulesReader:64 - Compatibility file has been processed (317 Rules)
2026-04-14 10:59:11,519 [INFO] CADModel:165 - CPN selected for project level
2026-04-14 10:59:11,519 [INFO] CADModel:114 - Register for checkConnection events
2026-04-14 10:59:11,519 [FATAL] Updater:351 - Updater called before beeing initialized
2026-04-14 10:59:11,519 [ERROR] CADModel:125 - Updater not yet initialized, retry later 
2026-04-14 10:59:11,611 [FATAL] Updater:351 - Updater called before beeing initialized
2026-04-14 10:59:11,612 [INFO] CADModel:165 - CPN selected for project level
2026-04-14 10:59:11,612 [INFO] CADModel:114 - Register for checkConnection events
2026-04-14 10:59:11,612 [FATAL] Updater:351 - Updater called before beeing initialized
2026-04-14 10:59:11,612 [ERROR] CADModel:125 - Updater not yet initialized, retry later 
2026-04-14 10:59:11,615 [FATAL] Updater:351 - Updater called before beeing initialized
2026-04-14 10:59:11,697 [FATAL] Updater:351 - Updater called before beeing initialized
2026-04-14 10:59:11,700 [INFO] DbMcusAds:53 - JSON generation date=Wed Feb 18 15:32:49 CET 2026 (1771425169371)
2026-04-14 10:59:11,700 [FATAL] Updater:351 - Updater called before beeing initialized
2026-04-14 10:59:11,726 [WARN] DetailPanel:346 - Failed to get advertising image, set to default
2026-04-14 10:59:11,784 [FATAL] Updater:351 - Updater called before beeing initialized
2026-04-14 10:59:11,785 [FATAL] Updater:351 - Updater called before beeing initialized
2026-04-14 10:59:11,785 [FATAL] Updater:351 - Updater called before beeing initialized
2026-04-14 10:59:11,785 [WARN] DetailPanel:346 - Failed to get advertising image, set to default
2026-04-14 10:59:11,786 [FATAL] Updater:351 - Updater called before beeing initialized
2026-04-14 10:59:11,805 [ERROR] Updater:1198 - MainUpdater not yet initialized. External WinMGr cannot be set.
2026-04-14 10:59:11,806 [INFO] Updater:1134 - Updater Version found : 6.15.0
2026-04-14 10:59:11,816 [INFO] ApplicationProperties:184 - Using Application install path: /opt/st/stm32cubeide_1.19.0/plugins/com.st.stm32cube.common.mx_6.15.0.202507011659
2026-04-14 10:59:12,386 [INFO] MainUpdater:2872 - connection check result : 10
2026-04-14 10:59:12,388 [INFO] MainUpdater:3604 - Updater definition file requires update
2026-04-14 10:59:12,388 [INFO] MainUpdater:289 - Updater Check For Update Now.
2026-04-14 10:59:12,389 [INFO] MicroXplorer:498 - Change Database Version : DB.6.0.150
2026-04-14 10:59:12,392 [INFO] McuFinderGlobals:63 - Set McuFinder mode to 2 (CubeIDE integrated)
2026-04-14 10:59:12,393 [INFO] UserAuth:487 - Internet connection configuration mode: 1
2026-04-14 10:59:12,406 [INFO] JxBrowserEngine:152 - Initiate JxBrowser Engine with user profile folder
2026-04-14 10:59:12,458 [INFO] ServerAccessManage:452 - Complete download http(s) 200
2026-04-14 10:59:12,458 [INFO] ServerAccessManage:509 - Download File updaters.zip
2026-04-14 10:59:12,918 [INFO] WebApp:169 - Instantiating new browser for Auth
2026-04-14 10:59:12,919 [INFO] FileExtend:248 - Unzip File : updaters.zip
2026-04-14 10:59:12,919 [INFO] FileExtend:263 - Standard Zip Deflate
2026-04-14 10:59:13,169 [INFO] ServerAccessManage:452 - Complete download http(s) 200
2026-04-14 10:59:13,170 [INFO] ServerAccessManage:509 - Download File PacksControlFlags.xml
2026-04-14 10:59:13,364 [INFO] WebApp:463 - Apply proxy settings
2026-04-14 10:59:13,364 [INFO] WebApp:548 - Chromium requires no authentication
2026-04-14 10:59:13,369 [INFO] WebApp:491 - Direct internet connection detected
2026-04-14 10:59:13,379 [INFO] WebApp:900 - Register for checkConnection events
2026-04-14 10:59:13,379 [INFO] WebApp:463 - Apply proxy settings
2026-04-14 10:59:13,380 [INFO] WebApp:548 - Chromium requires no authentication
2026-04-14 10:59:13,380 [INFO] WebApp:491 - Direct internet connection detected
2026-04-14 10:59:13,398 [INFO] ServerAccessManage:452 - Complete download http(s) 200
2026-04-14 10:59:13,398 [INFO] ServerAccessManage:509 - Download File cubemx.pidx
2026-04-14 10:59:13,445 [INFO] WebApp:225 - Starting web application
2026-04-14 10:59:13,445 [INFO] WebApp:593 - Web application path used /opt/st/stm32cubeide_1.19.0/plugins/com.st.stm32cube.common.mx_6.15.0.202507011659/db/plugins/mcufinder/reactClient1/index.html
2026-04-14 10:59:13,464 [INFO] LoadServerUpdatesThread:375 - End of LoadServerUpdate Thread
2026-04-14 10:59:13,526 [INFO] UserAuth:487 - Internet connection configuration mode: 1
2026-04-14 10:59:13,609 [INFO] CheckServerUpdateThread:120 - End of CheckServer Thread
2026-04-14 10:59:13,662 [INFO] WebApp:191 - Connection restablished
2026-04-14 10:59:14,103 [WARN] PackLoader:240 - Cannot read IP mode file for STMicroelectronics.X-CUBE-AZRTOS-H7.3.5.0
2026-04-14 10:59:14,113 [WARN] PackLoader:240 - Cannot read IP mode file for STMicroelectronics.FP-SNS-MOTENVWB1.1.4.0
2026-04-14 10:59:14,118 [WARN] PackLoader:240 - Cannot read IP mode file for STMicroelectronics.FP-ATR-ASTRA1.2.0.2
2026-04-14 10:59:14,124 [WARN] PackLoader:240 - Cannot read IP mode file for STMicroelectronics.X-CUBE-SMBUS.2.1.0
2026-04-14 10:59:14,128 [WARN] PackLoader:240 - Cannot read IP mode file for STMicroelectronics.X-CUBE-ST60.1.0.0
2026-04-14 10:59:14,149 [WARN] PackLoader:240 - Cannot read IP mode file for STMicroelectronics.X-CUBE-AZRTOS-F7.1.1.0
2026-04-14 10:59:14,155 [WARN] PackLoader:240 - Cannot read IP mode file for Cesanta.I-CUBE-Mongoose.7.19.0
2026-04-14 10:59:14,159 [WARN] PackLoader:240 - Cannot read IP mode file for STMicroelectronics.FP-SNS-MOTENV1.5.1.0
2026-04-14 10:59:14,165 [WARN] PackLoader:240 - Cannot read IP mode file for WES.I-CUBE-Cesium.1.4.0
2026-04-14 10:59:14,183 [WARN] PackLoader:240 - Cannot read IP mode file for Infineon.AIROC-Wi-Fi-Bluetooth-STM32.1.7.1
2026-04-14 10:59:14,203 [WARN] PackLoader:240 - Cannot read IP mode file for STMicroelectronics.X-CUBE-AZRTOS-H7.3.4.0
2026-04-14 10:59:14,211 [WARN] PackLoader:240 - Cannot read IP mode file for STMicroelectronics.X-CUBE-DISPLAY.3.0.0
2026-04-14 10:59:14,217 [WARN] PackLoader:240 - Cannot read IP mode file for STMicroelectronics.FP-SNS-MOTENVWB1.1.5.0
2026-04-14 10:59:14,223 [WARN] PackLoader:240 - Cannot read IP mode file for STMicroelectronics.X-CUBE-NFC10.1.0.0
2026-04-14 10:59:14,228 [WARN] PackLoader:240 - Cannot read IP mode file for STMicroelectronics.X-CUBE-ST60.1.1.0
2026-04-14 10:59:14,232 [WARN] PackLoader:240 - Cannot read IP mode file for emotas.I-CUBE-CANOPEN.1.3.0
2026-04-14 10:59:14,236 [WARN] PackLoader:240 - Cannot read IP mode file for STMicroelectronics.X-CUBE-GNSS1.7.1.0
2026-04-14 10:59:14,240 [WARN] PackLoader:240 - Cannot read IP mode file for STMicroelectronics.FP-SNS-SMARTAG2.1.2.0
2026-04-14 10:59:14,244 [WARN] PackLoader:240 - Cannot read IP mode file for STMicroelectronics.FP-SNS-FLIGHT1.5.1.0
2026-04-14 10:59:14,250 [INFO] LogOutputStream:77 - [STDOUT_REDIRECT] 1 : Invalid condition id : UX_CORESTACK_Condition cause : null
2026-04-14 10:59:14,250 [INFO] LogOutputStream:77 - [STDOUT_REDIRECT] 1 : Invalid condition id : UX_CORESTACK_Condition cause : null
2026-04-14 10:59:14,250 [INFO] LogOutputStream:77 - [STDOUT_REDIRECT] 1 : Invalid condition id : UX_CORESTACK_Condition cause : null
2026-04-14 10:59:14,250 [INFO] LogOutputStream:77 - [STDOUT_REDIRECT] 1 : Invalid condition id : UX_CORESTACK_Condition cause : null
2026-04-14 10:59:14,250 [INFO] LogOutputStream:77 - [STDOUT_REDIRECT] 1 : Invalid condition id : UX_CORESTACK_Condition cause : null
2026-04-14 10:59:14,252 [WARN] PackLoader:240 - Cannot read IP mode file for STMicroelectronics.X-CUBE-AZRTOS-WL.2.0.0
2026-04-14 10:59:14,256 [WARN] PackLoader:240 - Cannot read IP mode file for STMicroelectronics.FP-SNS-MOTENV1.5.0.0
2026-04-14 10:59:14,265 [WARN] PackLoader:240 - Cannot read IP mode file for STMicroelectronics.X-CUBE-AZRTOS-H7RS.1.2.0
2026-04-14 10:59:14,270 [WARN] PackLoader:240 - Cannot read IP mode file for STMicroelectronics.X-CUBE-BLE2.3.3.0
2026-04-14 10:59:14,279 [WARN] PackLoader:240 - Cannot read IP mode file for STMicroelectronics.X-CUBE-NFC9.1.0.0
2026-04-14 10:59:14,282 [WARN] PackLoader:240 - Cannot read IP mode file for wolfSSL.I-CUBE-wolfSSL.5.8.2
2026-04-14 10:59:14,284 [WARN] PackLoader:240 - Cannot read IP mode file for STMicroelectronics.X-CUBE-BLE1.7.1.0
2026-04-14 10:59:14,286 [WARN] PackLoader:240 - Cannot read IP mode file for wolfSSL.I-CUBE-wolfMQTT.1.19.2
2026-04-14 10:59:14,289 [WARN] PackLoader:240 - Cannot read IP mode file for STMicroelectronics.X-CUBE-FREERTOS.1.4.0
2026-04-14 10:59:14,292 [WARN] PackLoader:240 - Cannot read IP mode file for STMicroelectronics.X-CUBE-EEPRMA1.5.2.0
2026-04-14 10:59:14,297 [WARN] PackLoader:240 - Cannot read IP mode file for STMicroelectronics.X-CUBE-ST67W61.1.1.0
2026-04-14 10:59:14,326 [WARN] PackLoader:240 - Cannot read IP mode file for STMicroelectronics.X-CUBE-MEMS1.12.0.0
2026-04-14 10:59:14,377 [WARN] PackLoader:240 - Cannot read IP mode file for STMicroelectronics.X-CUBE-AZRTOS-G0.1.1.0
2026-04-14 10:59:14,381 [WARN] PackLoader:240 - Cannot read IP mode file for STMicroelectronics.X-CUBE-SAFEA1.1.2.2
2026-04-14 10:59:14,385 [WARN] PackLoader:240 - Cannot read IP mode file for STMicroelectronics.X-CUBE-NFC4.3.0.0
2026-04-14 10:59:14,389 [WARN] PackLoader:240 - Cannot read IP mode file for EmbeddedOffice.I-CUBE-FS-RTOS.1.0.1
2026-04-14 10:59:14,393 [WARN] PackLoader:240 - Cannot read IP mode file for STMicroelectronics.X-CUBE-WB05N.2.0.0
2026-04-14 10:59:14,396 [WARN] PackLoader:240 - Cannot read IP mode file for wolfSSL.I-CUBE-wolfTPM.3.8.0
2026-04-14 10:59:14,400 [WARN] PackLoader:240 - Cannot read IP mode file for STMicroelectronics.X-CUBE-TCPP.4.2.0
2026-04-14 10:59:14,403 [WARN] PackLoader:240 - Cannot read IP mode file for RealThread.X-CUBE-RT-Thread_Nano.4.1.1
2026-04-14 10:59:14,406 [WARN] PackLoader:240 - Cannot read IP mode file for STMicroelectronics.FP-ATR-SIGFOX1.3.2.0
2026-04-14 10:59:14,417 [WARN] PackLoader:240 - Cannot read IP mode file for STMicroelectronics.X-CUBE-FREERTOS.1.5.0
2026-04-14 10:59:14,420 [WARN] PackLoader:240 - Cannot read IP mode file for ITTIA_DB.I-CUBE-ITTIADB.8.9.0
2026-04-14 10:59:14,424 [WARN] PackLoader:240 - Cannot read IP mode file for STMicroelectronics.X-CUBE-NFC6.3.2.0
2026-04-14 10:59:14,441 [WARN] PackLoader:240 - Cannot read IP mode file for SEGGER.I-CUBE-embOS.1.3.1
2026-04-14 10:59:14,464 [WARN] PackLoader:240 - Cannot read IP mode file for STMicroelectronics.X-CUBE-ALGOBUILD.1.4.0
2026-04-14 10:59:14,488 [WARN] PackLoader:240 - Cannot read IP mode file for STMicroelectronics.X-CUBE-MEMS1.11.3.0
2026-04-14 10:59:14,557 [WARN] PackLoader:240 - Cannot read IP mode file for STMicroelectronics.X-CUBE-PM33A1.1.0.0
2026-04-14 10:59:14,564 [WARN] PackLoader:240 - Cannot read IP mode file for STMicroelectronics.X-CUBE-AZRTOS-F4.1.1.0
2026-04-14 10:59:14,567 [WARN] PackLoader:240 - Cannot read IP mode file for STMicroelectronics.X-CUBE-ISPU.2.1.0
2026-04-14 10:59:14,573 [WARN] PackLoader:240 - Cannot read IP mode file for STMicroelectronics.X-CUBE-IPS.3.2.0
2026-04-14 10:59:14,577 [WARN] PackLoader:240 - Cannot read IP mode file for STMicroelectronics.eDS-WB_DPC_TT-BIDIR.2.1.1
2026-04-14 10:59:14,580 [WARN] PackLoader:240 - Cannot read IP mode file for STMicroelectronics.X-CUBE-NFC12.1.0.0
2026-04-14 10:59:14,589 [WARN] PackLoader:240 - Cannot read IP mode file for STMicroelectronics.X-CUBE-AZRTOS-L5.2.0.0
2026-04-14 10:59:14,594 [WARN] PackLoader:240 - Cannot read IP mode file for STMicroelectronics.X-CUBE-NFC6.3.1.0
2026-04-14 10:59:14,597 [WARN] PackLoader:240 - Cannot read IP mode file for STMicroelectronics.eDS-WB_DPC_VIENNA.1.2.0
2026-04-14 10:59:14,598 [WARN] PackLoader:240 - Cannot read IP mode file for STMicroelectronics.eDS-WB_DPC_3PH2L-BIDIR.1.1.1
2026-04-14 10:59:14,601 [WARN] PackLoader:240 - Cannot read IP mode file for STMicroelectronics.X-CUBE-FREERTOS.1.3.1
2026-04-14 10:59:14,604 [WARN] PackLoader:240 - Cannot read IP mode file for STMicroelectronics.X-CUBE-TOUCHGFX.4.26.0
2026-04-14 10:59:14,605 [WARN] PackLoader:240 - Cannot read IP mode file for STMicroelectronics.X-CUBE-TOUCHGFX.4.26.1
2026-04-14 10:59:14,608 [WARN] PackLoader:240 - Cannot read IP mode file for STMicroelectronics.X-CUBE-DPower.1.3.0
2026-04-14 10:59:14,618 [WARN] ConditionMgr:438 - getConditionDescription Invalid condition id : LAN8742 Phy interface Condition cause : null
2026-04-14 10:59:14,618 [WARN] PackLoader:240 - Cannot read IP mode file for STMicroelectronics.X-CUBE-AZRTOS-L4.2.0.0
2026-04-14 10:59:14,619 [WARN] ConditionMgr:1044 - genDependencies : Invalid condition id : LAN8742 Phy interface Condition cause : null
2026-04-14 10:59:14,619 [WARN] ConditionMgr:1044 - genDependencies : Invalid condition id : LAN8742 Phy interface Condition cause : null
2026-04-14 10:59:14,619 [WARN] ConditionMgr:1044 - genDependencies : Invalid condition id : LAN8742 Phy interface Condition cause : null
2026-04-14 10:59:14,623 [WARN] PackLoader:240 - Cannot read IP mode file for STMicroelectronics.X-CUBE-SFXS2LP1.4.0.0
2026-04-14 10:59:14,627 [WARN] PackLoader:240 - Cannot read IP mode file for STMicroelectronics.X-CUBE-WB05N.2.1.0
2026-04-14 10:59:14,631 [WARN] PackLoader:240 - Cannot read IP mode file for STMicroelectronics.X-CUBE-ST67W61.1.2.0
2026-04-14 10:59:14,638 [WARN] PackLoader:240 - Cannot read IP mode file for STMicroelectronics.X-CUBE-BLEMGR.4.1.0
2026-04-14 10:59:14,646 [WARN] ConditionMgr:438 - getConditionDescription Invalid condition id : UX DEVICE CLASS RTOS Condition cause : null
2026-04-14 10:59:14,646 [WARN] ConditionMgr:438 - getConditionDescription Invalid condition id : UX DEVICE CLASS RTOS Condition cause : null
2026-04-14 10:59:14,647 [WARN] PackLoader:240 - Cannot read IP mode file for STMicroelectronics.X-CUBE-AZRTOS-WB.2.0.0
2026-04-14 10:59:14,648 [WARN] ConditionMgr:1044 - genDependencies : Invalid condition id : UX DEVICE CLASS RTOS Condition cause : null
2026-04-14 10:59:14,648 [WARN] ConditionMgr:1044 - genDependencies : Invalid condition id : UX DEVICE CLASS RTOS Condition cause : null
2026-04-14 10:59:14,648 [WARN] ConditionMgr:1044 - genDependencies : Invalid condition id : UX DEVICE CLASS RTOS Condition cause : null
2026-04-14 10:59:14,649 [WARN] ConditionMgr:1044 - genDependencies : Invalid condition id : UX DEVICE CLASS RTOS Condition cause : null
2026-04-14 10:59:14,649 [WARN] ConditionMgr:1044 - genDependencies : Invalid condition id : UX DEVICE CLASS RTOS Condition cause : null
2026-04-14 10:59:14,652 [WARN] PackLoader:240 - Cannot read IP mode file for STMicroelectronics.X-CUBE-GNSS1.7.0.1
2026-04-14 10:59:14,654 [WARN] ConditionMgr:438 - getConditionDescription Invalid condition id : Cortex-A Device cause : null
2026-04-14 10:59:14,658 [WARN] ConditionMgr:1044 - genDependencies : Invalid condition id : Cortex-A Device cause : null
2026-04-14 10:59:14,658 [WARN] ConditionMgr:1044 - genDependencies : Invalid condition id : Cortex-A Device cause : null
2026-04-14 10:59:14,658 [WARN] ConditionMgr:1044 - genDependencies : Invalid condition id : Cortex-A Device cause : null
2026-04-14 10:59:14,661 [WARN] PackLoader:240 - Cannot read IP mode file for STMicroelectronics.X-CUBE-STSE01.2.0.0
2026-04-14 10:59:14,667 [WARN] PackLoader:240 - Cannot read IP mode file for STMicroelectronics.X-CUBE-SUBG2.5.0.0
2026-04-14 10:59:14,677 [WARN] PackLoader:240 - Cannot read IP mode file for STMicroelectronics.X-CUBE-AZRTOS-H7RS.1.1.0
2026-04-14 10:59:14,686 [WARN] PackLoader:240 - Cannot read IP mode file for STMicroelectronics.X-CUBE-AZRTOS-G4.2.0.0
2026-04-14 10:59:14,689 [WARN] PackLoader:240 - Cannot read IP mode file for wolfSSL.I-CUBE-wolfSSH.1.4.20
2026-04-14 10:59:14,691 [WARN] PackLoader:240 - Cannot read IP mode file for STMicroelectronics.X-CUBE-NFC7.2.0.0
2026-04-14 10:59:14,693 [WARN] PackLoader:240 - Cannot read IP mode file for STMicroelectronics.X-CUBE-ALS.1.0.2
2026-04-14 10:59:14,697 [WARN] PackLoader:240 - Cannot read IP mode file for STMicroelectronics.X-CUBE-STSE01.1.0.0
2026-04-14 10:59:14,711 [WARN] PackLoader:240 - Cannot read IP mode file for STMicroelectronics.X-CUBE-TOF1.3.4.3
2026-04-14 10:59:14,717 [INFO] ThirdParty:978 - Integrity check success = true
2026-04-14 10:59:14,717 [INFO] IntegrityCheckThread:100 - exiting critical section [integrity check]
2026-04-14 10:59:14,717 [INFO] IntegrityCheckThread:103 - End integrity checks thread
2026-04-14 10:59:29,394 [ERROR] LogOutputStream:75 - [STDERR_REDIRECT] 
2026-04-14 10:59:40,984 [INFO] Activator:176 - 


2026-04-14 10:59:40,985 [INFO] Activator:177 - !SESSION log4j initialized
2026-04-14 10:59:44,327 [INFO] LogOutputStream:77 - [STDOUT_REDIRECT] 
2026-04-14 10:59:44,985 [INFO] ApplicationProperties:184 - Using Application install path: /opt/st/stm32cubeide_1.19.0/plugins/com.st.stm32cube.common.mx_6.15.0.202507011659
2026-04-14 10:59:44,995 [INFO] DbMcusXml:78 - Set database path to: /opt/st/stm32cubeide_1.19.0/plugins/com.st.stm32cube.common.mx_6.15.0.202507011659//db//mcu/
2026-04-14 10:59:44,996 [INFO] ApiDb:274 - Set plugin database path to: /opt/st/stm32cubeide_1.19.0/plugins/com.st.stm32cube.common.mx_6.15.0.202507011659//db//plugins/boardmanager/
2026-04-14 10:59:44,996 [WARN] ApiDb:259 - Overriding images path with different value:  => /opt/st/stm32cubeide_1.19.0/plugins/com.st.stm32cube.common.mx_6.15.0.202507011659//db//plugins/mcufinder/images/
2026-04-14 10:59:44,998 [INFO] ApiDb:250 - Set database path to: /home/kamil/.stmcufinder/plugins/mcufinder//mcu/
2026-04-14 10:59:44,999 [INFO] DbMcusAds:125 - Set database path to: /home/kamil/.stmcufinder/plugins/mcufinder//mcu/
2026-04-14 10:59:45,000 [INFO] CrossReferenceDbSqlite:203 - Set database path to: /home/kamil/.stmcufinder/plugins/mcufinder//mcu/cs/
2026-04-14 10:59:45,067 [INFO] RulesReader:64 - Compatibility file has been processed (317 Rules)
2026-04-14 10:59:45,100 [INFO] DbMcusXml:78 - Set database path to: /opt/st/stm32cubeide_1.19.0/plugins/com.st.stm32cube.common.mx_6.15.0.202507011659//db//mcu/
2026-04-14 10:59:45,100 [INFO] ApiDb:274 - Set plugin database path to: /opt/st/stm32cubeide_1.19.0/plugins/com.st.stm32cube.common.mx_6.15.0.202507011659//db//plugins/boardmanager/
2026-04-14 10:59:45,100 [INFO] ApiDb:261 - Set plugin images path to: /opt/st/stm32cubeide_1.19.0/plugins/com.st.stm32cube.common.mx_6.15.0.202507011659//db//plugins/mcufinder/images/
2026-04-14 10:59:45,100 [WARN] DbFile:41 - Overriding database path with different value: /home/kamil/.stmcufinder/plugins/mcufinder/ => /home/kamil/.stmcufinder/plugins/mcufinder
2026-04-14 10:59:45,100 [INFO] ApiDb:250 - Set database path to: /home/kamil/.stmcufinder/plugins/mcufinder//mcu/
2026-04-14 10:59:45,100 [WARN] DbFile:41 - Overriding database path with different value: /home/kamil/.stmcufinder/plugins/mcufinder/ => /home/kamil/.stmcufinder/plugins/mcufinder
2026-04-14 10:59:45,100 [INFO] DbMcusAds:125 - Set database path to: /home/kamil/.stmcufinder/plugins/mcufinder//mcu/
2026-04-14 10:59:45,101 [WARN] DbFile:41 - Overriding database path with different value: /home/kamil/.stmcufinder/plugins/mcufinder/ => /home/kamil/.stmcufinder/plugins/mcufinder
2026-04-14 10:59:45,101 [WARN] DbFile:41 - Overriding database path with different value: /home/kamil/.stmcufinder/plugins/mcufinder/ => /home/kamil/.stmcufinder/plugins/mcufinder
2026-04-14 10:59:45,101 [INFO] CrossReferenceDbSqlite:203 - Set database path to: /home/kamil/.stmcufinder/plugins/mcufinder//mcu/cs/
2026-04-14 10:59:45,136 [INFO] MainPanel:274 - HeapMemory: 268435456
2026-04-14 10:59:45,221 [INFO] DbMcusXml:78 - Set database path to: /opt/st/stm32cubeide_1.19.0/plugins/com.st.stm32cube.common.mx_6.15.0.202507011659//db//mcu/
2026-04-14 10:59:45,221 [INFO] ApiDb:274 - Set plugin database path to: /opt/st/stm32cubeide_1.19.0/plugins/com.st.stm32cube.common.mx_6.15.0.202507011659//db//plugins/boardmanager/
2026-04-14 10:59:45,221 [INFO] ApiDb:261 - Set plugin images path to: /opt/st/stm32cubeide_1.19.0/plugins/com.st.stm32cube.common.mx_6.15.0.202507011659//db//plugins/mcufinder/images/
2026-04-14 10:59:45,222 [WARN] DbFile:41 - Overriding database path with different value: /home/kamil/.stmcufinder/plugins/mcufinder/ => /home/kamil/.stmcufinder/plugins/mcufinder
2026-04-14 10:59:45,222 [INFO] ApiDb:250 - Set database path to: /home/kamil/.stmcufinder/plugins/mcufinder//mcu/
2026-04-14 10:59:45,222 [WARN] DbFile:41 - Overriding database path with different value: /home/kamil/.stmcufinder/plugins/mcufinder/ => /home/kamil/.stmcufinder/plugins/mcufinder
2026-04-14 10:59:45,222 [INFO] DbMcusAds:125 - Set database path to: /home/kamil/.stmcufinder/plugins/mcufinder//mcu/
2026-04-14 10:59:45,222 [WARN] DbFile:41 - Overriding database path with different value: /home/kamil/.stmcufinder/plugins/mcufinder/ => /home/kamil/.stmcufinder/plugins/mcufinder
2026-04-14 10:59:45,222 [WARN] DbFile:41 - Overriding database path with different value: /home/kamil/.stmcufinder/plugins/mcufinder/ => /home/kamil/.stmcufinder/plugins/mcufinder
2026-04-14 10:59:45,222 [INFO] CrossReferenceDbSqlite:203 - Set database path to: /home/kamil/.stmcufinder/plugins/mcufinder//mcu/cs/
2026-04-14 10:59:45,235 [INFO] ApplicationProperties:184 - Using Application install path: /opt/st/stm32cubeide_1.19.0/plugins/com.st.stm32cube.common.mx_6.15.0.202507011659
2026-04-14 10:59:45,236 [INFO] PluginManage:196 - Search for loadable plugins [exclusion list=, ]
2026-04-14 10:59:45,237 [INFO] PluginManage:310 - Check plugin analytics
2026-04-14 10:59:45,331 [INFO] AnalyticsPlugin:253 - Accepted Software Licenses: 
2026-04-14 10:59:45,331 [INFO] AnalyticsPlugin:255 - Accepted CMSIS Pack Licenses: 
2026-04-14 10:59:45,331 [INFO] AnalyticsPlugin:257 - Accepted Firmware Licenses: FW.F4.1.28.0
2026-04-14 10:59:45,332 [INFO] PluginManage:359 - Loaded plugin analytics (category:tool,tabindex:-1)
2026-04-14 10:59:45,332 [INFO] PluginManage:310 - Check plugin cadmodel
2026-04-14 10:59:45,334 [INFO] CADModel:105 - Init CAD model plugin
2026-04-14 10:59:45,335 [INFO] PluginManage:359 - Loaded plugin cadmodel (category:power,tabindex:5)
2026-04-14 10:59:45,335 [INFO] PluginManage:310 - Check plugin clock
2026-04-14 10:59:45,339 [INFO] PluginManage:359 - Loaded plugin clock (category:base,tabindex:2)
2026-04-14 10:59:45,340 [INFO] PluginManage:310 - Check plugin ddr
2026-04-14 10:59:45,340 [INFO] PluginManage:359 - Loaded plugin ddr (category:tool,tabindex:6)
2026-04-14 10:59:45,340 [INFO] PluginManage:310 - Check plugin filemanager
2026-04-14 10:59:45,422 [INFO] PluginManage:359 - Loaded plugin filemanager (category:base,tabindex:10)
2026-04-14 10:59:45,422 [INFO] PluginManage:310 - Check plugin ipmanager
2026-04-14 10:59:45,426 [INFO] PluginManage:359 - Loaded plugin ipmanager (category:base,tabindex:5)
2026-04-14 10:59:45,426 [INFO] PluginManage:310 - Check plugin lpbam
2026-04-14 10:59:45,432 [INFO] PluginManage:359 - Loaded plugin lpbam (category:base,tabindex:0)
2026-04-14 10:59:45,432 [INFO] PluginManage:310 - Check plugin memorymap
2026-04-14 10:59:45,439 [INFO] PluginManage:359 - Loaded plugin memorymap (category:base,tabindex:4)
2026-04-14 10:59:45,440 [INFO] PluginManage:310 - Check plugin pinoutandconfiguration
2026-04-14 10:59:45,444 [INFO] PluginManage:359 - Loaded plugin pinoutandconfiguration (category:base,tabindex:1)
2026-04-14 10:59:45,444 [INFO] PluginManage:310 - Check plugin pinoutconfig
2026-04-14 10:59:45,491 [WARN] SupportedApi:132 - Cannot load RTOS API schema: s4s-elt-must-match.1: The content of 'definitions' must match (annotation?, (simpleType | complexType)?, (unique | key | keyref)*)). A problem was found starting at: attribute.
2026-04-14 10:59:45,561 [INFO] PluginManage:359 - Loaded plugin pinoutconfig (category:base,tabindex:0)
2026-04-14 10:59:45,561 [INFO] PluginManage:310 - Check plugin power
2026-04-14 10:59:45,567 [INFO] PluginManage:359 - Loaded plugin power (category:power,tabindex:4)
2026-04-14 10:59:45,567 [INFO] PluginManage:310 - Check plugin projectmanager
2026-04-14 10:59:45,581 [INFO] PluginManage:359 - Loaded plugin projectmanager (category:projectmanager,tabindex:4)
2026-04-14 10:59:45,581 [INFO] PluginManage:310 - Check plugin rif
2026-04-14 10:59:45,588 [INFO] PluginManage:359 - Loaded plugin rif (category:base,tabindex:3)
2026-04-14 10:59:45,588 [INFO] PluginManage:310 - Check plugin thirdparty
2026-04-14 10:59:45,653 [WARN] IntegrityCheckThread:84 - waiting for thirdparty lock release [integrity check]
2026-04-14 10:59:45,653 [INFO] PluginManage:359 - Loaded plugin thirdparty (category:base,tabindex:-1)
2026-04-14 10:59:45,653 [INFO] IntegrityCheckThread:86 - entering critical section [integrity check]
2026-04-14 10:59:45,653 [INFO] PluginManage:310 - Check plugin tools
2026-04-14 10:59:45,654 [INFO] ThirdPartyUpdaterWithRetryManager:70 - Updater plugin not ready yet. [1/15]
2026-04-14 10:59:45,655 [INFO] PluginManage:359 - Loaded plugin tools (category:base,tabindex:7)
2026-04-14 10:59:45,655 [INFO] PluginManage:310 - Check plugin tutovideos
2026-04-14 10:59:45,811 [INFO] PluginManage:359 - Loaded plugin tutovideos (category:base,tabindex:-1)
2026-04-14 10:59:45,811 [INFO] PluginManage:310 - Check plugin updater
2026-04-14 10:59:45,830 [INFO] PluginManage:359 - Loaded plugin updater (category:base,tabindex:12)
2026-04-14 10:59:45,830 [INFO] PluginManage:310 - Check plugin userauth
2026-04-14 10:59:45,833 [INFO] UserAuth:118 - Init User Auth plugin
2026-04-14 10:59:45,834 [INFO] PluginManage:359 - Loaded plugin userauth (category:base,tabindex:14)
2026-04-14 10:59:45,835 [INFO] PluginManage:283 - PluginManage : Loaded plugins [18]
2026-04-14 10:59:45,954 [INFO] PinOutPanel:1589 - setPackage(No Configuration,No Configuration)
2026-04-14 10:59:45,996 [INFO] CADModel:165 - CPN selected for project level
2026-04-14 10:59:45,996 [INFO] CADModel:114 - Register for checkConnection events
2026-04-14 10:59:46,002 [INFO] IPUIPlugin:80 - create IPUIPlugin
2026-04-14 10:59:46,002 [INFO] PluginManager:220 - loadIPPluginJar : add tracer_emb
2026-04-14 10:59:46,003 [INFO] IPUIPlugin:80 - create IPUIPlugin
2026-04-14 10:59:46,003 [INFO] PluginManager:220 - loadIPPluginJar : add radio
2026-04-14 10:59:46,006 [INFO] IPUIPlugin:80 - create IPUIPlugin
2026-04-14 10:59:46,006 [INFO] PluginManager:220 - loadIPPluginJar : add ddr_ctrl_phy
2026-04-14 10:59:46,010 [INFO] IPUIPlugin:80 - create IPUIPlugin
2026-04-14 10:59:46,010 [INFO] PluginManager:220 - loadIPPluginJar : add mdma
2026-04-14 10:59:46,012 [INFO] IPUIPlugin:80 - create IPUIPlugin
2026-04-14 10:59:46,012 [INFO] PluginManager:220 - loadIPPluginJar : add touchsensing
2026-04-14 10:59:46,013 [INFO] IPUIPlugin:80 - create IPUIPlugin
2026-04-14 10:59:46,013 [INFO] PluginManager:220 - loadIPPluginJar : add ucpd
2026-04-14 10:59:46,016 [INFO] IPUIPlugin:80 - create IPUIPlugin
2026-04-14 10:59:46,018 [INFO] PluginManager:220 - loadIPPluginJar : add plateformsettings
2026-04-14 10:59:46,020 [INFO] IPUIPlugin:80 - create IPUIPlugin
2026-04-14 10:59:46,020 [INFO] PluginManager:220 - loadIPPluginJar : add ipddr
2026-04-14 10:59:46,023 [INFO] IPUIPlugin:80 - create IPUIPlugin
2026-04-14 10:59:46,023 [INFO] PluginManager:220 - loadIPPluginJar : add resmgrutility
2026-04-14 10:59:46,024 [INFO] IPUIPlugin:80 - create IPUIPlugin
2026-04-14 10:59:46,024 [INFO] PluginManager:220 - loadIPPluginJar : add ts
2026-04-14 10:59:46,025 [INFO] IPUIPlugin:80 - create IPUIPlugin
2026-04-14 10:59:46,025 [INFO] PluginManager:220 - loadIPPluginJar : add dma3
2026-04-14 10:59:46,026 [INFO] IPUIPlugin:80 - create IPUIPlugin
2026-04-14 10:59:46,026 [INFO] PluginManager:220 - loadIPPluginJar : add openamp
2026-04-14 10:59:46,027 [INFO] IPUIPlugin:80 - create IPUIPlugin
2026-04-14 10:59:46,027 [INFO] PluginManager:220 - loadIPPluginJar : add opamp
2026-04-14 10:59:46,028 [INFO] IPUIPlugin:80 - create IPUIPlugin
2026-04-14 10:59:46,028 [INFO] PluginManager:220 - loadIPPluginJar : add pdm2pcm
2026-04-14 10:59:46,029 [INFO] IPUIPlugin:80 - create IPUIPlugin
2026-04-14 10:59:46,029 [INFO] PluginManager:220 - loadIPPluginJar : add gfxmmu
2026-04-14 10:59:46,031 [INFO] IPUIPlugin:80 - create IPUIPlugin
2026-04-14 10:59:46,031 [INFO] PluginManager:220 - loadIPPluginJar : add aes
2026-04-14 10:59:46,032 [INFO] IPUIPlugin:80 - create IPUIPlugin
2026-04-14 10:59:46,032 [INFO] PluginManager:220 - loadIPPluginJar : add gtzc
2026-04-14 10:59:46,034 [INFO] IPUIPlugin:80 - create IPUIPlugin
2026-04-14 10:59:46,034 [INFO] PluginManager:220 - loadIPPluginJar : add sai
2026-04-14 10:59:46,034 [INFO] IPUIPlugin:80 - create IPUIPlugin
2026-04-14 10:59:46,034 [INFO] PluginManager:220 - loadIPPluginJar : add tsc
2026-04-14 10:59:46,036 [INFO] IPUIPlugin:80 - create IPUIPlugin
2026-04-14 10:59:46,036 [INFO] PluginManager:220 - loadIPPluginJar : add usbx
2026-04-14 10:59:46,037 [INFO] IPUIPlugin:80 - create IPUIPlugin
2026-04-14 10:59:46,037 [INFO] PluginManager:220 - loadIPPluginJar : add can
2026-04-14 10:59:46,039 [INFO] IPUIPlugin:80 - create IPUIPlugin
2026-04-14 10:59:46,039 [INFO] PluginManager:220 - loadIPPluginJar : add i2c
2026-04-14 10:59:46,040 [INFO] IPUIPlugin:80 - create IPUIPlugin
2026-04-14 10:59:46,040 [INFO] PluginManager:220 - loadIPPluginJar : add lorawan
2026-04-14 10:59:46,041 [INFO] IPUIPlugin:80 - create IPUIPlugin
2026-04-14 10:59:46,041 [INFO] PluginManager:220 - loadIPPluginJar : add spi
2026-04-14 10:59:46,046 [INFO] IPUIPlugin:80 - create IPUIPlugin
2026-04-14 10:59:46,046 [INFO] PluginManager:220 - loadIPPluginJar : add linkedlist
2026-04-14 10:59:46,049 [INFO] IPUIPlugin:80 - create IPUIPlugin
2026-04-14 10:59:46,049 [INFO] PluginManager:220 - loadIPPluginJar : add fmc
2026-04-14 10:59:46,051 [INFO] IPUIPlugin:80 - create IPUIPlugin
2026-04-14 10:59:46,051 [INFO] PluginManager:220 - loadIPPluginJar : add i3c
2026-04-14 10:59:46,051 [INFO] IPUIPlugin:80 - create IPUIPlugin
2026-04-14 10:59:46,052 [INFO] PluginManager:220 - loadIPPluginJar : add ltdc
2026-04-14 10:59:46,055 [INFO] IPUIPlugin:80 - create IPUIPlugin
2026-04-14 10:59:46,056 [INFO] PluginManager:220 - loadIPPluginJar : add dma
2026-04-14 10:59:46,059 [INFO] IPUIPlugin:80 - create IPUIPlugin
2026-04-14 10:59:46,059 [INFO] PluginManager:220 - loadIPPluginJar : add freertos
2026-04-14 10:59:46,061 [INFO] IPUIPlugin:80 - create IPUIPlugin
2026-04-14 10:59:46,061 [INFO] PluginManager:220 - loadIPPluginJar : add hash
2026-04-14 10:59:46,065 [INFO] IPUIPlugin:80 - create IPUIPlugin
2026-04-14 10:59:46,065 [INFO] PluginManager:220 - loadIPPluginJar : add adc
2026-04-14 10:59:46,067 [INFO] IPUIPlugin:80 - create IPUIPlugin
2026-04-14 10:59:46,067 [INFO] PluginManager:220 - loadIPPluginJar : add usart
2026-04-14 10:59:46,070 [INFO] IPUIPlugin:80 - create IPUIPlugin
2026-04-14 10:59:46,071 [INFO] PluginManager:220 - loadIPPluginJar : add stm32_wpan
2026-04-14 10:59:46,071 [INFO] IPUIPlugin:80 - create IPUIPlugin
2026-04-14 10:59:46,072 [INFO] PluginManager:220 - loadIPPluginJar : add genericplugin
2026-04-14 10:59:46,074 [INFO] IPUIPlugin:80 - create IPUIPlugin
2026-04-14 10:59:46,074 [INFO] PluginManager:220 - loadIPPluginJar : add gpio
2026-04-14 10:59:46,076 [INFO] IPUIPlugin:80 - create IPUIPlugin
2026-04-14 10:59:46,076 [INFO] PluginManager:220 - loadIPPluginJar : add nvic
2026-04-14 10:59:46,077 [INFO] IPUIPlugin:80 - create IPUIPlugin
2026-04-14 10:59:46,077 [INFO] PluginManager:220 - loadIPPluginJar : add dfsdm
2026-04-14 10:59:46,078 [INFO] IPUIPlugin:80 - create IPUIPlugin
2026-04-14 10:59:46,078 [INFO] PluginManager:220 - loadIPPluginJar : add fatfs
2026-04-14 10:59:46,079 [INFO] IPUIPlugin:80 - create IPUIPlugin
2026-04-14 10:59:46,079 [INFO] PluginManager:220 - loadIPPluginJar : add comp
2026-04-14 10:59:46,080 [INFO] IPUIPlugin:80 - create IPUIPlugin
2026-04-14 10:59:46,080 [INFO] PluginManager:220 - loadIPPluginJar : add i2s
2026-04-14 10:59:46,081 [INFO] IPUIPlugin:80 - create IPUIPlugin
2026-04-14 10:59:46,081 [INFO] PluginManager:220 - loadIPPluginJar : add cryp
2026-04-14 10:59:46,082 [INFO] IPUIPlugin:80 - create IPUIPlugin
2026-04-14 10:59:46,082 [INFO] PluginManager:220 - loadIPPluginJar : add quadspi
2026-04-14 10:59:46,085 [INFO] IPUIPlugin:80 - create IPUIPlugin
2026-04-14 10:59:46,085 [INFO] PluginManager:220 - loadIPPluginJar : add gic
2026-04-14 10:59:46,086 [INFO] IPUIPlugin:80 - create IPUIPlugin
2026-04-14 10:59:46,086 [INFO] PluginManager:220 - loadIPPluginJar : add tim
2026-04-14 10:59:46,088 [INFO] IPUIPlugin:80 - create IPUIPlugin
2026-04-14 10:59:46,088 [INFO] PluginManager:220 - loadIPPluginJar : add extmemmanager
2026-04-14 10:59:46,179 [FATAL] Updater:351 - Updater called before beeing initialized
2026-04-14 10:59:46,194 [INFO] RulesReader:64 - Compatibility file has been processed (317 Rules)
2026-04-14 10:59:46,200 [INFO] RulesReader:64 - Compatibility file has been processed (317 Rules)
2026-04-14 10:59:46,204 [INFO] CADModel:165 - CPN selected for project level
2026-04-14 10:59:46,204 [INFO] CADModel:114 - Register for checkConnection events
2026-04-14 10:59:46,205 [FATAL] Updater:351 - Updater called before beeing initialized
2026-04-14 10:59:46,205 [ERROR] CADModel:125 - Updater not yet initialized, retry later 
2026-04-14 10:59:46,299 [FATAL] Updater:351 - Updater called before beeing initialized
2026-04-14 10:59:46,301 [INFO] CADModel:165 - CPN selected for project level
2026-04-14 10:59:46,301 [INFO] CADModel:114 - Register for checkConnection events
2026-04-14 10:59:46,302 [FATAL] Updater:351 - Updater called before beeing initialized
2026-04-14 10:59:46,302 [ERROR] CADModel:125 - Updater not yet initialized, retry later 
2026-04-14 10:59:46,305 [FATAL] Updater:351 - Updater called before beeing initialized
2026-04-14 10:59:46,390 [FATAL] Updater:351 - Updater called before beeing initialized
2026-04-14 10:59:46,393 [INFO] DbMcusAds:53 - JSON generation date=Wed Feb 18 15:32:49 CET 2026 (1771425169371)
2026-04-14 10:59:46,393 [FATAL] Updater:351 - Updater called before beeing initialized
2026-04-14 10:59:46,411 [WARN] DetailPanel:346 - Failed to get advertising image, set to default
2026-04-14 10:59:46,460 [FATAL] Updater:351 - Updater called before beeing initialized
2026-04-14 10:59:46,461 [FATAL] Updater:351 - Updater called before beeing initialized
2026-04-14 10:59:46,461 [FATAL] Updater:351 - Updater called before beeing initialized
2026-04-14 10:59:46,461 [WARN] DetailPanel:346 - Failed to get advertising image, set to default
2026-04-14 10:59:46,462 [FATAL] Updater:351 - Updater called before beeing initialized
2026-04-14 10:59:46,478 [ERROR] Updater:1198 - MainUpdater not yet initialized. External WinMGr cannot be set.
2026-04-14 10:59:46,479 [INFO] Updater:1134 - Updater Version found : 6.15.0
2026-04-14 10:59:46,488 [INFO] ApplicationProperties:184 - Using Application install path: /opt/st/stm32cubeide_1.19.0/plugins/com.st.stm32cube.common.mx_6.15.0.202507011659
2026-04-14 10:59:46,996 [INFO] MainUpdater:2872 - connection check result : 10
2026-04-14 10:59:46,996 [INFO] MainUpdater:289 - Updater Check For Update Now.
2026-04-14 10:59:46,997 [INFO] MicroXplorer:498 - Change Database Version : DB.6.0.150
2026-04-14 10:59:46,999 [INFO] McuFinderGlobals:63 - Set McuFinder mode to 2 (CubeIDE integrated)
2026-04-14 10:59:46,999 [INFO] UserAuth:487 - Internet connection configuration mode: 1
2026-04-14 10:59:47,008 [INFO] JxBrowserEngine:152 - Initiate JxBrowser Engine with user profile folder
2026-04-14 10:59:47,153 [INFO] CheckServerUpdateThread:120 - End of CheckServer Thread
2026-04-14 10:59:47,391 [INFO] WebApp:169 - Instantiating new browser for Auth
2026-04-14 10:59:47,802 [INFO] WebApp:463 - Apply proxy settings
2026-04-14 10:59:47,803 [INFO] WebApp:548 - Chromium requires no authentication
2026-04-14 10:59:47,808 [INFO] WebApp:491 - Direct internet connection detected
2026-04-14 10:59:47,819 [INFO] WebApp:900 - Register for checkConnection events
2026-04-14 10:59:47,819 [INFO] WebApp:463 - Apply proxy settings
2026-04-14 10:59:47,819 [INFO] WebApp:548 - Chromium requires no authentication
2026-04-14 10:59:47,820 [INFO] WebApp:491 - Direct internet connection detected
2026-04-14 10:59:47,889 [INFO] WebApp:225 - Starting web application
2026-04-14 10:59:47,890 [INFO] WebApp:593 - Web application path used /opt/st/stm32cubeide_1.19.0/plugins/com.st.stm32cube.common.mx_6.15.0.202507011659/db/plugins/mcufinder/reactClient1/index.html
2026-04-14 10:59:47,957 [INFO] UserAuth:487 - Internet connection configuration mode: 1
2026-04-14 10:59:48,271 [INFO] WebApp:191 - Connection restablished
2026-04-14 10:59:48,742 [WARN] PackLoader:240 - Cannot read IP mode file for STMicroelectronics.X-CUBE-AZRTOS-H7.3.5.0
2026-04-14 10:59:48,749 [WARN] PackLoader:240 - Cannot read IP mode file for STMicroelectronics.FP-SNS-MOTENVWB1.1.4.0
2026-04-14 10:59:48,753 [WARN] PackLoader:240 - Cannot read IP mode file for STMicroelectronics.FP-ATR-ASTRA1.2.0.2
2026-04-14 10:59:48,758 [WARN] PackLoader:240 - Cannot read IP mode file for STMicroelectronics.X-CUBE-SMBUS.2.1.0
2026-04-14 10:59:48,761 [WARN] PackLoader:240 - Cannot read IP mode file for STMicroelectronics.X-CUBE-ST60.1.0.0
2026-04-14 10:59:48,777 [WARN] PackLoader:240 - Cannot read IP mode file for STMicroelectronics.X-CUBE-AZRTOS-F7.1.1.0
2026-04-14 10:59:48,782 [WARN] PackLoader:240 - Cannot read IP mode file for Cesanta.I-CUBE-Mongoose.7.19.0
2026-04-14 10:59:48,785 [WARN] PackLoader:240 - Cannot read IP mode file for STMicroelectronics.FP-SNS-MOTENV1.5.1.0
2026-04-14 10:59:48,792 [WARN] PackLoader:240 - Cannot read IP mode file for WES.I-CUBE-Cesium.1.4.0
2026-04-14 10:59:48,810 [WARN] PackLoader:240 - Cannot read IP mode file for Infineon.AIROC-Wi-Fi-Bluetooth-STM32.1.7.1
2026-04-14 10:59:48,836 [WARN] PackLoader:240 - Cannot read IP mode file for STMicroelectronics.X-CUBE-AZRTOS-H7.3.4.0
2026-04-14 10:59:48,844 [WARN] PackLoader:240 - Cannot read IP mode file for STMicroelectronics.X-CUBE-DISPLAY.3.0.0
2026-04-14 10:59:48,849 [WARN] PackLoader:240 - Cannot read IP mode file for STMicroelectronics.FP-SNS-MOTENVWB1.1.5.0
2026-04-14 10:59:48,854 [WARN] PackLoader:240 - Cannot read IP mode file for STMicroelectronics.X-CUBE-NFC10.1.0.0
2026-04-14 10:59:48,857 [WARN] PackLoader:240 - Cannot read IP mode file for STMicroelectronics.X-CUBE-ST60.1.1.0
2026-04-14 10:59:48,860 [WARN] PackLoader:240 - Cannot read IP mode file for emotas.I-CUBE-CANOPEN.1.3.0
2026-04-14 10:59:48,863 [WARN] PackLoader:240 - Cannot read IP mode file for STMicroelectronics.X-CUBE-GNSS1.7.1.0
2026-04-14 10:59:48,867 [WARN] PackLoader:240 - Cannot read IP mode file for STMicroelectronics.FP-SNS-SMARTAG2.1.2.0
2026-04-14 10:59:48,870 [WARN] PackLoader:240 - Cannot read IP mode file for STMicroelectronics.FP-SNS-FLIGHT1.5.1.0
2026-04-14 10:59:48,875 [INFO] LogOutputStream:77 - [STDOUT_REDIRECT] 1 : Invalid condition id : UX_CORESTACK_Condition cause : null
2026-04-14 10:59:48,875 [INFO] LogOutputStream:77 - [STDOUT_REDIRECT] 1 : Invalid condition id : UX_CORESTACK_Condition cause : null
2026-04-14 10:59:48,875 [INFO] LogOutputStream:77 - [STDOUT_REDIRECT] 1 : Invalid condition id : UX_CORESTACK_Condition cause : null
2026-04-14 10:59:48,875 [INFO] LogOutputStream:77 - [STDOUT_REDIRECT] 1 : Invalid condition id : UX_CORESTACK_Condition cause : null
2026-04-14 10:59:48,875 [INFO] LogOutputStream:77 - [STDOUT_REDIRECT] 1 : Invalid condition id : UX_CORESTACK_Condition cause : null
2026-04-14 10:59:48,877 [WARN] PackLoader:240 - Cannot read IP mode file for STMicroelectronics.X-CUBE-AZRTOS-WL.2.0.0
2026-04-14 10:59:48,880 [WARN] PackLoader:240 - Cannot read IP mode file for STMicroelectronics.FP-SNS-MOTENV1.5.0.0
2026-04-14 10:59:48,888 [WARN] PackLoader:240 - Cannot read IP mode file for STMicroelectronics.X-CUBE-AZRTOS-H7RS.1.2.0
2026-04-14 10:59:48,893 [WARN] PackLoader:240 - Cannot read IP mode file for STMicroelectronics.X-CUBE-BLE2.3.3.0
2026-04-14 10:59:48,903 [WARN] PackLoader:240 - Cannot read IP mode file for STMicroelectronics.X-CUBE-NFC9.1.0.0
2026-04-14 10:59:48,906 [WARN] PackLoader:240 - Cannot read IP mode file for wolfSSL.I-CUBE-wolfSSL.5.8.2
2026-04-14 10:59:48,909 [WARN] PackLoader:240 - Cannot read IP mode file for STMicroelectronics.X-CUBE-BLE1.7.1.0
2026-04-14 10:59:48,911 [WARN] PackLoader:240 - Cannot read IP mode file for wolfSSL.I-CUBE-wolfMQTT.1.19.2
2026-04-14 10:59:48,914 [WARN] PackLoader:240 - Cannot read IP mode file for STMicroelectronics.X-CUBE-FREERTOS.1.4.0
2026-04-14 10:59:48,916 [WARN] PackLoader:240 - Cannot read IP mode file for STMicroelectronics.X-CUBE-EEPRMA1.5.2.0
2026-04-14 10:59:48,920 [WARN] PackLoader:240 - Cannot read IP mode file for STMicroelectronics.X-CUBE-ST67W61.1.1.0
2026-04-14 10:59:48,948 [WARN] PackLoader:240 - Cannot read IP mode file for STMicroelectronics.X-CUBE-MEMS1.12.0.0
2026-04-14 10:59:49,084 [WARN] PackLoader:240 - Cannot read IP mode file for STMicroelectronics.X-CUBE-AZRTOS-G0.1.1.0
2026-04-14 10:59:49,090 [WARN] PackLoader:240 - Cannot read IP mode file for STMicroelectronics.X-CUBE-SAFEA1.1.2.2
2026-04-14 10:59:49,094 [WARN] PackLoader:240 - Cannot read IP mode file for STMicroelectronics.X-CUBE-NFC4.3.0.0
2026-04-14 10:59:49,100 [WARN] PackLoader:240 - Cannot read IP mode file for EmbeddedOffice.I-CUBE-FS-RTOS.1.0.1
2026-04-14 10:59:49,104 [WARN] PackLoader:240 - Cannot read IP mode file for STMicroelectronics.X-CUBE-WB05N.2.0.0
2026-04-14 10:59:49,107 [WARN] PackLoader:240 - Cannot read IP mode file for wolfSSL.I-CUBE-wolfTPM.3.8.0
2026-04-14 10:59:49,109 [WARN] PackLoader:240 - Cannot read IP mode file for STMicroelectronics.X-CUBE-TCPP.4.2.0
2026-04-14 10:59:49,113 [WARN] PackLoader:240 - Cannot read IP mode file for RealThread.X-CUBE-RT-Thread_Nano.4.1.1
2026-04-14 10:59:49,116 [WARN] PackLoader:240 - Cannot read IP mode file for STMicroelectronics.FP-ATR-SIGFOX1.3.2.0
2026-04-14 10:59:49,121 [WARN] PackLoader:240 - Cannot read IP mode file for STMicroelectronics.X-CUBE-FREERTOS.1.5.0
2026-04-14 10:59:49,126 [WARN] PackLoader:240 - Cannot read IP mode file for ITTIA_DB.I-CUBE-ITTIADB.8.9.0
2026-04-14 10:59:49,135 [WARN] PackLoader:240 - Cannot read IP mode file for STMicroelectronics.X-CUBE-NFC6.3.2.0
2026-04-14 10:59:49,152 [WARN] PackLoader:240 - Cannot read IP mode file for SEGGER.I-CUBE-embOS.1.3.1
2026-04-14 10:59:49,180 [WARN] PackLoader:240 - Cannot read IP mode file for STMicroelectronics.X-CUBE-ALGOBUILD.1.4.0
2026-04-14 10:59:49,206 [WARN] PackLoader:240 - Cannot read IP mode file for STMicroelectronics.X-CUBE-MEMS1.11.3.0
2026-04-14 10:59:49,284 [WARN] PackLoader:240 - Cannot read IP mode file for STMicroelectronics.X-CUBE-PM33A1.1.0.0
2026-04-14 10:59:49,289 [WARN] PackLoader:240 - Cannot read IP mode file for STMicroelectronics.X-CUBE-AZRTOS-F4.1.1.0
2026-04-14 10:59:49,292 [WARN] PackLoader:240 - Cannot read IP mode file for STMicroelectronics.X-CUBE-ISPU.2.1.0
2026-04-14 10:59:49,297 [WARN] PackLoader:240 - Cannot read IP mode file for STMicroelectronics.X-CUBE-IPS.3.2.0
2026-04-14 10:59:49,300 [WARN] PackLoader:240 - Cannot read IP mode file for STMicroelectronics.eDS-WB_DPC_TT-BIDIR.2.1.1
2026-04-14 10:59:49,302 [WARN] PackLoader:240 - Cannot read IP mode file for STMicroelectronics.X-CUBE-NFC12.1.0.0
2026-04-14 10:59:49,308 [WARN] PackLoader:240 - Cannot read IP mode file for STMicroelectronics.X-CUBE-AZRTOS-L5.2.0.0
2026-04-14 10:59:49,311 [WARN] PackLoader:240 - Cannot read IP mode file for STMicroelectronics.X-CUBE-NFC6.3.1.0
2026-04-14 10:59:49,314 [WARN] PackLoader:240 - Cannot read IP mode file for STMicroelectronics.eDS-WB_DPC_VIENNA.1.2.0
2026-04-14 10:59:49,315 [WARN] PackLoader:240 - Cannot read IP mode file for STMicroelectronics.eDS-WB_DPC_3PH2L-BIDIR.1.1.1
2026-04-14 10:59:49,317 [WARN] PackLoader:240 - Cannot read IP mode file for STMicroelectronics.X-CUBE-FREERTOS.1.3.1
2026-04-14 10:59:49,319 [WARN] PackLoader:240 - Cannot read IP mode file for STMicroelectronics.X-CUBE-TOUCHGFX.4.26.0
2026-04-14 10:59:49,320 [WARN] PackLoader:240 - Cannot read IP mode file for STMicroelectronics.X-CUBE-TOUCHGFX.4.26.1
2026-04-14 10:59:49,322 [WARN] PackLoader:240 - Cannot read IP mode file for STMicroelectronics.X-CUBE-DPower.1.3.0
2026-04-14 10:59:49,328 [WARN] ConditionMgr:438 - getConditionDescription Invalid condition id : LAN8742 Phy interface Condition cause : null
2026-04-14 10:59:49,329 [WARN] PackLoader:240 - Cannot read IP mode file for STMicroelectronics.X-CUBE-AZRTOS-L4.2.0.0
2026-04-14 10:59:49,329 [WARN] ConditionMgr:1044 - genDependencies : Invalid condition id : LAN8742 Phy interface Condition cause : null
2026-04-14 10:59:49,329 [WARN] ConditionMgr:1044 - genDependencies : Invalid condition id : LAN8742 Phy interface Condition cause : null
2026-04-14 10:59:49,329 [WARN] ConditionMgr:1044 - genDependencies : Invalid condition id : LAN8742 Phy interface Condition cause : null
2026-04-14 10:59:49,333 [WARN] PackLoader:240 - Cannot read IP mode file for STMicroelectronics.X-CUBE-SFXS2LP1.4.0.0
2026-04-14 10:59:49,335 [WARN] PackLoader:240 - Cannot read IP mode file for STMicroelectronics.X-CUBE-WB05N.2.1.0
2026-04-14 10:59:49,337 [WARN] PackLoader:240 - Cannot read IP mode file for STMicroelectronics.X-CUBE-ST67W61.1.2.0
2026-04-14 10:59:49,341 [WARN] PackLoader:240 - Cannot read IP mode file for STMicroelectronics.X-CUBE-BLEMGR.4.1.0
2026-04-14 10:59:49,347 [WARN] ConditionMgr:438 - getConditionDescription Invalid condition id : UX DEVICE CLASS RTOS Condition cause : null
2026-04-14 10:59:49,347 [WARN] ConditionMgr:438 - getConditionDescription Invalid condition id : UX DEVICE CLASS RTOS Condition cause : null
2026-04-14 10:59:49,348 [WARN] PackLoader:240 - Cannot read IP mode file for STMicroelectronics.X-CUBE-AZRTOS-WB.2.0.0
2026-04-14 10:59:49,348 [WARN] ConditionMgr:1044 - genDependencies : Invalid condition id : UX DEVICE CLASS RTOS Condition cause : null
2026-04-14 10:59:49,348 [WARN] ConditionMgr:1044 - genDependencies : Invalid condition id : UX DEVICE CLASS RTOS Condition cause : null
2026-04-14 10:59:49,349 [WARN] ConditionMgr:1044 - genDependencies : Invalid condition id : UX DEVICE CLASS RTOS Condition cause : null
2026-04-14 10:59:49,349 [WARN] ConditionMgr:1044 - genDependencies : Invalid condition id : UX DEVICE CLASS RTOS Condition cause : null
2026-04-14 10:59:49,349 [WARN] ConditionMgr:1044 - genDependencies : Invalid condition id : UX DEVICE CLASS RTOS Condition cause : null
2026-04-14 10:59:49,351 [WARN] PackLoader:240 - Cannot read IP mode file for STMicroelectronics.X-CUBE-GNSS1.7.0.1
2026-04-14 10:59:49,353 [WARN] ConditionMgr:438 - getConditionDescription Invalid condition id : Cortex-A Device cause : null
2026-04-14 10:59:49,356 [WARN] ConditionMgr:1044 - genDependencies : Invalid condition id : Cortex-A Device cause : null
2026-04-14 10:59:49,357 [WARN] ConditionMgr:1044 - genDependencies : Invalid condition id : Cortex-A Device cause : null
2026-04-14 10:59:49,357 [WARN] ConditionMgr:1044 - genDependencies : Invalid condition id : Cortex-A Device cause : null
2026-04-14 10:59:49,359 [WARN] PackLoader:240 - Cannot read IP mode file for STMicroelectronics.X-CUBE-STSE01.2.0.0
2026-04-14 10:59:49,363 [WARN] PackLoader:240 - Cannot read IP mode file for STMicroelectronics.X-CUBE-SUBG2.5.0.0
2026-04-14 10:59:49,371 [WARN] PackLoader:240 - Cannot read IP mode file for STMicroelectronics.X-CUBE-AZRTOS-H7RS.1.1.0
2026-04-14 10:59:49,382 [WARN] PackLoader:240 - Cannot read IP mode file for STMicroelectronics.X-CUBE-AZRTOS-G4.2.0.0
2026-04-14 10:59:49,387 [WARN] PackLoader:240 - Cannot read IP mode file for wolfSSL.I-CUBE-wolfSSH.1.4.20
2026-04-14 10:59:49,389 [WARN] PackLoader:240 - Cannot read IP mode file for STMicroelectronics.X-CUBE-NFC7.2.0.0
2026-04-14 10:59:49,391 [WARN] PackLoader:240 - Cannot read IP mode file for STMicroelectronics.X-CUBE-ALS.1.0.2
2026-04-14 10:59:49,395 [WARN] PackLoader:240 - Cannot read IP mode file for STMicroelectronics.X-CUBE-STSE01.1.0.0
2026-04-14 10:59:49,402 [WARN] PackLoader:240 - Cannot read IP mode file for STMicroelectronics.X-CUBE-TOF1.3.4.3
2026-04-14 10:59:49,408 [INFO] ThirdParty:978 - Integrity check success = true
2026-04-14 10:59:49,408 [INFO] IntegrityCheckThread:100 - exiting critical section [integrity check]
2026-04-14 10:59:49,409 [INFO] IntegrityCheckThread:103 - End integrity checks thread
2026-04-14 13:11:57,067 [INFO] WebApp:194 - Connection lost
2026-04-14 13:12:04,702 [INFO] WebApp:191 - Connection restablished
2026-04-14 13:57:55,999 [INFO] WebApp:194 - Connection lost
2026-04-14 13:58:02,228 [INFO] WebApp:191 - Connection restablished
2026-04-14 13:58:04,200 [INFO] WebApp:194 - Connection lost
2026-04-14 13:58:04,364 [INFO] WebApp:191 - Connection restablished
2026-04-14 14:05:53,240 [INFO] WebApp:194 - Connection lost
