2026-04-11 13:44:15,126 [INFO] Activator:176 - 


2026-04-11 13:44:15,129 [INFO] Activator:177 - !SESSION log4j initialized
2026-04-11 13:44:18,552 [INFO] LogOutputStream:77 - [STDOUT_REDIRECT] 
2026-04-11 13:44:19,429 [INFO] ApplicationProperties:184 - Using Application install path: /opt/st/stm32cubeide_1.19.0/plugins/com.st.stm32cube.common.mx_6.15.0.202507011659
2026-04-11 13:44:19,444 [INFO] DbMcusXml:78 - Set database path to: /opt/st/stm32cubeide_1.19.0/plugins/com.st.stm32cube.common.mx_6.15.0.202507011659//db//mcu/
2026-04-11 13:44:19,444 [INFO] ApiDb:274 - Set plugin database path to: /opt/st/stm32cubeide_1.19.0/plugins/com.st.stm32cube.common.mx_6.15.0.202507011659//db//plugins/boardmanager/
2026-04-11 13:44:19,444 [WARN] ApiDb:259 - Overriding images path with different value:  => /opt/st/stm32cubeide_1.19.0/plugins/com.st.stm32cube.common.mx_6.15.0.202507011659//db//plugins/mcufinder/images/
2026-04-11 13:44:19,449 [INFO] ApiDb:250 - Set database path to: /home/kamil/.stmcufinder/plugins/mcufinder//mcu/
2026-04-11 13:44:19,450 [INFO] DbMcusAds:125 - Set database path to: /home/kamil/.stmcufinder/plugins/mcufinder//mcu/
2026-04-11 13:44:19,452 [INFO] CrossReferenceDbSqlite:203 - Set database path to: /home/kamil/.stmcufinder/plugins/mcufinder//mcu/cs/
2026-04-11 13:44:19,520 [INFO] RulesReader:64 - Compatibility file has been processed (317 Rules)
2026-04-11 13:44:19,558 [INFO] DbMcusXml:78 - Set database path to: /opt/st/stm32cubeide_1.19.0/plugins/com.st.stm32cube.common.mx_6.15.0.202507011659//db//mcu/
2026-04-11 13:44:19,558 [INFO] ApiDb:274 - Set plugin database path to: /opt/st/stm32cubeide_1.19.0/plugins/com.st.stm32cube.common.mx_6.15.0.202507011659//db//plugins/boardmanager/
2026-04-11 13:44:19,558 [INFO] ApiDb:261 - Set plugin images path to: /opt/st/stm32cubeide_1.19.0/plugins/com.st.stm32cube.common.mx_6.15.0.202507011659//db//plugins/mcufinder/images/
2026-04-11 13:44:19,558 [WARN] DbFile:41 - Overriding database path with different value: /home/kamil/.stmcufinder/plugins/mcufinder/ => /home/kamil/.stmcufinder/plugins/mcufinder
2026-04-11 13:44:19,558 [INFO] ApiDb:250 - Set database path to: /home/kamil/.stmcufinder/plugins/mcufinder//mcu/
2026-04-11 13:44:19,558 [WARN] DbFile:41 - Overriding database path with different value: /home/kamil/.stmcufinder/plugins/mcufinder/ => /home/kamil/.stmcufinder/plugins/mcufinder
2026-04-11 13:44:19,558 [INFO] DbMcusAds:125 - Set database path to: /home/kamil/.stmcufinder/plugins/mcufinder//mcu/
2026-04-11 13:44:19,558 [WARN] DbFile:41 - Overriding database path with different value: /home/kamil/.stmcufinder/plugins/mcufinder/ => /home/kamil/.stmcufinder/plugins/mcufinder
2026-04-11 13:44:19,558 [WARN] DbFile:41 - Overriding database path with different value: /home/kamil/.stmcufinder/plugins/mcufinder/ => /home/kamil/.stmcufinder/plugins/mcufinder
2026-04-11 13:44:19,558 [INFO] CrossReferenceDbSqlite:203 - Set database path to: /home/kamil/.stmcufinder/plugins/mcufinder//mcu/cs/
2026-04-11 13:44:19,599 [INFO] MainPanel:274 - HeapMemory: 268435456
2026-04-11 13:44:19,699 [INFO] DbMcusXml:78 - Set database path to: /opt/st/stm32cubeide_1.19.0/plugins/com.st.stm32cube.common.mx_6.15.0.202507011659//db//mcu/
2026-04-11 13:44:19,700 [INFO] ApiDb:274 - Set plugin database path to: /opt/st/stm32cubeide_1.19.0/plugins/com.st.stm32cube.common.mx_6.15.0.202507011659//db//plugins/boardmanager/
2026-04-11 13:44:19,700 [INFO] ApiDb:261 - Set plugin images path to: /opt/st/stm32cubeide_1.19.0/plugins/com.st.stm32cube.common.mx_6.15.0.202507011659//db//plugins/mcufinder/images/
2026-04-11 13:44:19,700 [WARN] DbFile:41 - Overriding database path with different value: /home/kamil/.stmcufinder/plugins/mcufinder/ => /home/kamil/.stmcufinder/plugins/mcufinder
2026-04-11 13:44:19,700 [INFO] ApiDb:250 - Set database path to: /home/kamil/.stmcufinder/plugins/mcufinder//mcu/
2026-04-11 13:44:19,700 [WARN] DbFile:41 - Overriding database path with different value: /home/kamil/.stmcufinder/plugins/mcufinder/ => /home/kamil/.stmcufinder/plugins/mcufinder
2026-04-11 13:44:19,700 [INFO] DbMcusAds:125 - Set database path to: /home/kamil/.stmcufinder/plugins/mcufinder//mcu/
2026-04-11 13:44:19,700 [WARN] DbFile:41 - Overriding database path with different value: /home/kamil/.stmcufinder/plugins/mcufinder/ => /home/kamil/.stmcufinder/plugins/mcufinder
2026-04-11 13:44:19,700 [WARN] DbFile:41 - Overriding database path with different value: /home/kamil/.stmcufinder/plugins/mcufinder/ => /home/kamil/.stmcufinder/plugins/mcufinder
2026-04-11 13:44:19,700 [INFO] CrossReferenceDbSqlite:203 - Set database path to: /home/kamil/.stmcufinder/plugins/mcufinder//mcu/cs/
2026-04-11 13:44:19,710 [INFO] ApplicationProperties:184 - Using Application install path: /opt/st/stm32cubeide_1.19.0/plugins/com.st.stm32cube.common.mx_6.15.0.202507011659
2026-04-11 13:44:19,712 [INFO] PluginManage:196 - Search for loadable plugins [exclusion list=, ]
2026-04-11 13:44:19,713 [INFO] PluginManage:310 - Check plugin analytics
2026-04-11 13:44:19,809 [INFO] AnalyticsPlugin:253 - Accepted Software Licenses: 
2026-04-11 13:44:19,810 [INFO] AnalyticsPlugin:255 - Accepted CMSIS Pack Licenses: 
2026-04-11 13:44:19,810 [INFO] AnalyticsPlugin:257 - Accepted Firmware Licenses: FW.F4.1.28.0
2026-04-11 13:44:19,811 [INFO] PluginManage:359 - Loaded plugin analytics (category:tool,tabindex:-1)
2026-04-11 13:44:19,812 [INFO] PluginManage:310 - Check plugin cadmodel
2026-04-11 13:44:19,815 [INFO] CADModel:105 - Init CAD model plugin
2026-04-11 13:44:19,815 [INFO] PluginManage:359 - Loaded plugin cadmodel (category:power,tabindex:5)
2026-04-11 13:44:19,815 [INFO] PluginManage:310 - Check plugin clock
2026-04-11 13:44:19,821 [INFO] PluginManage:359 - Loaded plugin clock (category:base,tabindex:2)
2026-04-11 13:44:19,821 [INFO] PluginManage:310 - Check plugin ddr
2026-04-11 13:44:19,823 [INFO] PluginManage:359 - Loaded plugin ddr (category:tool,tabindex:6)
2026-04-11 13:44:19,823 [INFO] PluginManage:310 - Check plugin filemanager
2026-04-11 13:44:19,907 [INFO] PluginManage:359 - Loaded plugin filemanager (category:base,tabindex:10)
2026-04-11 13:44:19,907 [INFO] PluginManage:310 - Check plugin ipmanager
2026-04-11 13:44:19,910 [INFO] PluginManage:359 - Loaded plugin ipmanager (category:base,tabindex:5)
2026-04-11 13:44:19,911 [INFO] PluginManage:310 - Check plugin lpbam
2026-04-11 13:44:19,916 [INFO] PluginManage:359 - Loaded plugin lpbam (category:base,tabindex:0)
2026-04-11 13:44:19,916 [INFO] PluginManage:310 - Check plugin memorymap
2026-04-11 13:44:19,923 [INFO] PluginManage:359 - Loaded plugin memorymap (category:base,tabindex:4)
2026-04-11 13:44:19,924 [INFO] PluginManage:310 - Check plugin pinoutandconfiguration
2026-04-11 13:44:19,932 [INFO] PluginManage:359 - Loaded plugin pinoutandconfiguration (category:base,tabindex:1)
2026-04-11 13:44:19,932 [INFO] PluginManage:310 - Check plugin pinoutconfig
2026-04-11 13:44:19,981 [WARN] SupportedApi:132 - Cannot load RTOS API schema: s4s-elt-must-match.1: The content of 'definitions' must match (annotation?, (simpleType | complexType)?, (unique | key | keyref)*)). A problem was found starting at: attribute.
2026-04-11 13:44:20,060 [INFO] PluginManage:359 - Loaded plugin pinoutconfig (category:base,tabindex:0)
2026-04-11 13:44:20,060 [INFO] PluginManage:310 - Check plugin power
2026-04-11 13:44:20,067 [INFO] PluginManage:359 - Loaded plugin power (category:power,tabindex:4)
2026-04-11 13:44:20,067 [INFO] PluginManage:310 - Check plugin projectmanager
2026-04-11 13:44:20,077 [INFO] PluginManage:359 - Loaded plugin projectmanager (category:projectmanager,tabindex:4)
2026-04-11 13:44:20,077 [INFO] PluginManage:310 - Check plugin rif
2026-04-11 13:44:20,084 [INFO] PluginManage:359 - Loaded plugin rif (category:base,tabindex:3)
2026-04-11 13:44:20,084 [INFO] PluginManage:310 - Check plugin thirdparty
2026-04-11 13:44:20,171 [WARN] IntegrityCheckThread:84 - waiting for thirdparty lock release [integrity check]
2026-04-11 13:44:20,172 [INFO] PluginManage:359 - Loaded plugin thirdparty (category:base,tabindex:-1)
2026-04-11 13:44:20,172 [INFO] IntegrityCheckThread:86 - entering critical section [integrity check]
2026-04-11 13:44:20,172 [INFO] PluginManage:310 - Check plugin tools
2026-04-11 13:44:20,172 [INFO] ThirdPartyUpdaterWithRetryManager:70 - Updater plugin not ready yet. [1/15]
2026-04-11 13:44:20,174 [INFO] PluginManage:359 - Loaded plugin tools (category:base,tabindex:7)
2026-04-11 13:44:20,174 [INFO] PluginManage:310 - Check plugin tutovideos
2026-04-11 13:44:20,299 [INFO] PluginManage:359 - Loaded plugin tutovideos (category:base,tabindex:-1)
2026-04-11 13:44:20,299 [INFO] PluginManage:310 - Check plugin updater
2026-04-11 13:44:20,316 [INFO] PluginManage:359 - Loaded plugin updater (category:base,tabindex:12)
2026-04-11 13:44:20,316 [INFO] PluginManage:310 - Check plugin userauth
2026-04-11 13:44:20,319 [INFO] UserAuth:118 - Init User Auth plugin
2026-04-11 13:44:20,320 [INFO] PluginManage:359 - Loaded plugin userauth (category:base,tabindex:14)
2026-04-11 13:44:20,320 [INFO] PluginManage:283 - PluginManage : Loaded plugins [18]
2026-04-11 13:44:20,424 [INFO] PinOutPanel:1589 - setPackage(No Configuration,No Configuration)
2026-04-11 13:44:20,468 [INFO] CADModel:165 - CPN selected for project level
2026-04-11 13:44:20,468 [INFO] CADModel:114 - Register for checkConnection events
2026-04-11 13:44:20,476 [INFO] IPUIPlugin:80 - create IPUIPlugin
2026-04-11 13:44:20,477 [INFO] PluginManager:220 - loadIPPluginJar : add tracer_emb
2026-04-11 13:44:20,478 [INFO] IPUIPlugin:80 - create IPUIPlugin
2026-04-11 13:44:20,478 [INFO] PluginManager:220 - loadIPPluginJar : add radio
2026-04-11 13:44:20,483 [INFO] IPUIPlugin:80 - create IPUIPlugin
2026-04-11 13:44:20,483 [INFO] PluginManager:220 - loadIPPluginJar : add ddr_ctrl_phy
2026-04-11 13:44:20,488 [INFO] IPUIPlugin:80 - create IPUIPlugin
2026-04-11 13:44:20,488 [INFO] PluginManager:220 - loadIPPluginJar : add mdma
2026-04-11 13:44:20,490 [INFO] IPUIPlugin:80 - create IPUIPlugin
2026-04-11 13:44:20,490 [INFO] PluginManager:220 - loadIPPluginJar : add touchsensing
2026-04-11 13:44:20,491 [INFO] IPUIPlugin:80 - create IPUIPlugin
2026-04-11 13:44:20,491 [INFO] PluginManager:220 - loadIPPluginJar : add ucpd
2026-04-11 13:44:20,495 [INFO] IPUIPlugin:80 - create IPUIPlugin
2026-04-11 13:44:20,497 [INFO] PluginManager:220 - loadIPPluginJar : add plateformsettings
2026-04-11 13:44:20,499 [INFO] IPUIPlugin:80 - create IPUIPlugin
2026-04-11 13:44:20,499 [INFO] PluginManager:220 - loadIPPluginJar : add ipddr
2026-04-11 13:44:20,503 [INFO] IPUIPlugin:80 - create IPUIPlugin
2026-04-11 13:44:20,503 [INFO] PluginManager:220 - loadIPPluginJar : add resmgrutility
2026-04-11 13:44:20,504 [INFO] IPUIPlugin:80 - create IPUIPlugin
2026-04-11 13:44:20,504 [INFO] PluginManager:220 - loadIPPluginJar : add ts
2026-04-11 13:44:20,505 [INFO] IPUIPlugin:80 - create IPUIPlugin
2026-04-11 13:44:20,505 [INFO] PluginManager:220 - loadIPPluginJar : add dma3
2026-04-11 13:44:20,507 [INFO] IPUIPlugin:80 - create IPUIPlugin
2026-04-11 13:44:20,507 [INFO] PluginManager:220 - loadIPPluginJar : add openamp
2026-04-11 13:44:20,509 [INFO] IPUIPlugin:80 - create IPUIPlugin
2026-04-11 13:44:20,509 [INFO] PluginManager:220 - loadIPPluginJar : add opamp
2026-04-11 13:44:20,510 [INFO] IPUIPlugin:80 - create IPUIPlugin
2026-04-11 13:44:20,510 [INFO] PluginManager:220 - loadIPPluginJar : add pdm2pcm
2026-04-11 13:44:20,512 [INFO] IPUIPlugin:80 - create IPUIPlugin
2026-04-11 13:44:20,512 [INFO] PluginManager:220 - loadIPPluginJar : add gfxmmu
2026-04-11 13:44:20,513 [INFO] IPUIPlugin:80 - create IPUIPlugin
2026-04-11 13:44:20,513 [INFO] PluginManager:220 - loadIPPluginJar : add aes
2026-04-11 13:44:20,515 [INFO] IPUIPlugin:80 - create IPUIPlugin
2026-04-11 13:44:20,515 [INFO] PluginManager:220 - loadIPPluginJar : add gtzc
2026-04-11 13:44:20,516 [INFO] IPUIPlugin:80 - create IPUIPlugin
2026-04-11 13:44:20,516 [INFO] PluginManager:220 - loadIPPluginJar : add sai
2026-04-11 13:44:20,517 [INFO] IPUIPlugin:80 - create IPUIPlugin
2026-04-11 13:44:20,517 [INFO] PluginManager:220 - loadIPPluginJar : add tsc
2026-04-11 13:44:20,519 [INFO] IPUIPlugin:80 - create IPUIPlugin
2026-04-11 13:44:20,519 [INFO] PluginManager:220 - loadIPPluginJar : add usbx
2026-04-11 13:44:20,521 [INFO] IPUIPlugin:80 - create IPUIPlugin
2026-04-11 13:44:20,521 [INFO] PluginManager:220 - loadIPPluginJar : add can
2026-04-11 13:44:20,522 [INFO] IPUIPlugin:80 - create IPUIPlugin
2026-04-11 13:44:20,522 [INFO] PluginManager:220 - loadIPPluginJar : add i2c
2026-04-11 13:44:20,523 [INFO] IPUIPlugin:80 - create IPUIPlugin
2026-04-11 13:44:20,523 [INFO] PluginManager:220 - loadIPPluginJar : add lorawan
2026-04-11 13:44:20,524 [INFO] IPUIPlugin:80 - create IPUIPlugin
2026-04-11 13:44:20,524 [INFO] PluginManager:220 - loadIPPluginJar : add spi
2026-04-11 13:44:20,529 [INFO] IPUIPlugin:80 - create IPUIPlugin
2026-04-11 13:44:20,529 [INFO] PluginManager:220 - loadIPPluginJar : add linkedlist
2026-04-11 13:44:20,532 [INFO] IPUIPlugin:80 - create IPUIPlugin
2026-04-11 13:44:20,532 [INFO] PluginManager:220 - loadIPPluginJar : add fmc
2026-04-11 13:44:20,533 [INFO] IPUIPlugin:80 - create IPUIPlugin
2026-04-11 13:44:20,533 [INFO] PluginManager:220 - loadIPPluginJar : add i3c
2026-04-11 13:44:20,534 [INFO] IPUIPlugin:80 - create IPUIPlugin
2026-04-11 13:44:20,534 [INFO] PluginManager:220 - loadIPPluginJar : add ltdc
2026-04-11 13:44:20,538 [INFO] IPUIPlugin:80 - create IPUIPlugin
2026-04-11 13:44:20,538 [INFO] PluginManager:220 - loadIPPluginJar : add dma
2026-04-11 13:44:20,542 [INFO] IPUIPlugin:80 - create IPUIPlugin
2026-04-11 13:44:20,542 [INFO] PluginManager:220 - loadIPPluginJar : add freertos
2026-04-11 13:44:20,543 [INFO] IPUIPlugin:80 - create IPUIPlugin
2026-04-11 13:44:20,543 [INFO] PluginManager:220 - loadIPPluginJar : add hash
2026-04-11 13:44:20,547 [INFO] IPUIPlugin:80 - create IPUIPlugin
2026-04-11 13:44:20,547 [INFO] PluginManager:220 - loadIPPluginJar : add adc
2026-04-11 13:44:20,548 [INFO] IPUIPlugin:80 - create IPUIPlugin
2026-04-11 13:44:20,548 [INFO] PluginManager:220 - loadIPPluginJar : add usart
2026-04-11 13:44:20,553 [INFO] IPUIPlugin:80 - create IPUIPlugin
2026-04-11 13:44:20,553 [INFO] PluginManager:220 - loadIPPluginJar : add stm32_wpan
2026-04-11 13:44:20,554 [INFO] IPUIPlugin:80 - create IPUIPlugin
2026-04-11 13:44:20,554 [INFO] PluginManager:220 - loadIPPluginJar : add genericplugin
2026-04-11 13:44:20,557 [INFO] IPUIPlugin:80 - create IPUIPlugin
2026-04-11 13:44:20,557 [INFO] PluginManager:220 - loadIPPluginJar : add gpio
2026-04-11 13:44:20,559 [INFO] IPUIPlugin:80 - create IPUIPlugin
2026-04-11 13:44:20,560 [INFO] PluginManager:220 - loadIPPluginJar : add nvic
2026-04-11 13:44:20,561 [INFO] IPUIPlugin:80 - create IPUIPlugin
2026-04-11 13:44:20,561 [INFO] PluginManager:220 - loadIPPluginJar : add dfsdm
2026-04-11 13:44:20,562 [INFO] IPUIPlugin:80 - create IPUIPlugin
2026-04-11 13:44:20,562 [INFO] PluginManager:220 - loadIPPluginJar : add fatfs
2026-04-11 13:44:20,563 [INFO] IPUIPlugin:80 - create IPUIPlugin
2026-04-11 13:44:20,563 [INFO] PluginManager:220 - loadIPPluginJar : add comp
2026-04-11 13:44:20,565 [INFO] IPUIPlugin:80 - create IPUIPlugin
2026-04-11 13:44:20,565 [INFO] PluginManager:220 - loadIPPluginJar : add i2s
2026-04-11 13:44:20,566 [INFO] IPUIPlugin:80 - create IPUIPlugin
2026-04-11 13:44:20,567 [INFO] PluginManager:220 - loadIPPluginJar : add cryp
2026-04-11 13:44:20,568 [INFO] IPUIPlugin:80 - create IPUIPlugin
2026-04-11 13:44:20,568 [INFO] PluginManager:220 - loadIPPluginJar : add quadspi
2026-04-11 13:44:20,572 [INFO] IPUIPlugin:80 - create IPUIPlugin
2026-04-11 13:44:20,573 [INFO] PluginManager:220 - loadIPPluginJar : add gic
2026-04-11 13:44:20,574 [INFO] IPUIPlugin:80 - create IPUIPlugin
2026-04-11 13:44:20,575 [INFO] PluginManager:220 - loadIPPluginJar : add tim
2026-04-11 13:44:20,577 [INFO] IPUIPlugin:80 - create IPUIPlugin
2026-04-11 13:44:20,577 [INFO] PluginManager:220 - loadIPPluginJar : add extmemmanager
2026-04-11 13:44:20,674 [FATAL] Updater:351 - Updater called before beeing initialized
2026-04-11 13:44:20,690 [INFO] RulesReader:64 - Compatibility file has been processed (317 Rules)
2026-04-11 13:44:20,695 [INFO] RulesReader:64 - Compatibility file has been processed (317 Rules)
2026-04-11 13:44:20,700 [INFO] CADModel:165 - CPN selected for project level
2026-04-11 13:44:20,700 [INFO] CADModel:114 - Register for checkConnection events
2026-04-11 13:44:20,700 [FATAL] Updater:351 - Updater called before beeing initialized
2026-04-11 13:44:20,700 [ERROR] CADModel:125 - Updater not yet initialized, retry later 
2026-04-11 13:44:20,784 [FATAL] Updater:351 - Updater called before beeing initialized
2026-04-11 13:44:20,786 [INFO] CADModel:165 - CPN selected for project level
2026-04-11 13:44:20,786 [INFO] CADModel:114 - Register for checkConnection events
2026-04-11 13:44:20,786 [FATAL] Updater:351 - Updater called before beeing initialized
2026-04-11 13:44:20,786 [ERROR] CADModel:125 - Updater not yet initialized, retry later 
2026-04-11 13:44:20,788 [FATAL] Updater:351 - Updater called before beeing initialized
2026-04-11 13:44:20,867 [FATAL] Updater:351 - Updater called before beeing initialized
2026-04-11 13:44:20,870 [INFO] DbMcusAds:53 - JSON generation date=Wed Feb 18 15:32:49 CET 2026 (1771425169371)
2026-04-11 13:44:20,870 [FATAL] Updater:351 - Updater called before beeing initialized
2026-04-11 13:44:20,894 [WARN] DetailPanel:346 - Failed to get advertising image, set to default
2026-04-11 13:44:20,940 [FATAL] Updater:351 - Updater called before beeing initialized
2026-04-11 13:44:20,941 [FATAL] Updater:351 - Updater called before beeing initialized
2026-04-11 13:44:20,942 [FATAL] Updater:351 - Updater called before beeing initialized
2026-04-11 13:44:20,942 [WARN] DetailPanel:346 - Failed to get advertising image, set to default
2026-04-11 13:44:20,942 [FATAL] Updater:351 - Updater called before beeing initialized
2026-04-11 13:44:20,960 [ERROR] Updater:1198 - MainUpdater not yet initialized. External WinMGr cannot be set.
2026-04-11 13:44:20,961 [INFO] Updater:1134 - Updater Version found : 6.15.0
2026-04-11 13:44:20,969 [INFO] ApplicationProperties:184 - Using Application install path: /opt/st/stm32cubeide_1.19.0/plugins/com.st.stm32cube.common.mx_6.15.0.202507011659
2026-04-11 13:44:21,629 [INFO] MainUpdater:2872 - connection check result : 10
2026-04-11 13:44:21,630 [INFO] MainUpdater:289 - Updater Check For Update Now.
2026-04-11 13:44:21,630 [INFO] MicroXplorer:498 - Change Database Version : DB.6.0.150
2026-04-11 13:44:21,634 [INFO] McuFinderGlobals:63 - Set McuFinder mode to 2 (CubeIDE integrated)
2026-04-11 13:44:21,635 [INFO] UserAuth:487 - Internet connection configuration mode: 1
2026-04-11 13:44:21,650 [INFO] JxBrowserEngine:152 - Initiate JxBrowser Engine with user profile folder
2026-04-11 13:44:21,780 [INFO] CheckServerUpdateThread:120 - End of CheckServer Thread
2026-04-11 13:44:22,210 [INFO] WebApp:169 - Instantiating new browser for Auth
2026-04-11 13:44:22,603 [INFO] WebApp:463 - Apply proxy settings
2026-04-11 13:44:22,603 [INFO] WebApp:548 - Chromium requires no authentication
2026-04-11 13:44:22,608 [INFO] WebApp:491 - Direct internet connection detected
2026-04-11 13:44:22,618 [INFO] WebApp:900 - Register for checkConnection events
2026-04-11 13:44:22,618 [INFO] WebApp:463 - Apply proxy settings
2026-04-11 13:44:22,618 [INFO] WebApp:548 - Chromium requires no authentication
2026-04-11 13:44:22,619 [INFO] WebApp:491 - Direct internet connection detected
2026-04-11 13:44:22,687 [INFO] WebApp:225 - Starting web application
2026-04-11 13:44:22,687 [INFO] WebApp:593 - Web application path used /opt/st/stm32cubeide_1.19.0/plugins/com.st.stm32cube.common.mx_6.15.0.202507011659/db/plugins/mcufinder/reactClient1/index.html
2026-04-11 13:44:22,748 [INFO] UserAuth:487 - Internet connection configuration mode: 1
2026-04-11 13:44:23,151 [INFO] WebApp:191 - Connection restablished
2026-04-11 13:44:23,271 [WARN] PackLoader:240 - Cannot read IP mode file for STMicroelectronics.X-CUBE-AZRTOS-H7.3.5.0
2026-04-11 13:44:23,283 [WARN] PackLoader:240 - Cannot read IP mode file for STMicroelectronics.FP-SNS-MOTENVWB1.1.4.0
2026-04-11 13:44:23,287 [WARN] PackLoader:240 - Cannot read IP mode file for STMicroelectronics.FP-ATR-ASTRA1.2.0.2
2026-04-11 13:44:23,292 [WARN] PackLoader:240 - Cannot read IP mode file for STMicroelectronics.X-CUBE-SMBUS.2.1.0
2026-04-11 13:44:23,295 [WARN] PackLoader:240 - Cannot read IP mode file for STMicroelectronics.X-CUBE-ST60.1.0.0
2026-04-11 13:44:23,307 [WARN] PackLoader:240 - Cannot read IP mode file for STMicroelectronics.X-CUBE-AZRTOS-F7.1.1.0
2026-04-11 13:44:23,311 [WARN] PackLoader:240 - Cannot read IP mode file for Cesanta.I-CUBE-Mongoose.7.19.0
2026-04-11 13:44:23,314 [WARN] PackLoader:240 - Cannot read IP mode file for STMicroelectronics.FP-SNS-MOTENV1.5.1.0
2026-04-11 13:44:23,320 [WARN] PackLoader:240 - Cannot read IP mode file for WES.I-CUBE-Cesium.1.4.0
2026-04-11 13:44:23,334 [WARN] PackLoader:240 - Cannot read IP mode file for Infineon.AIROC-Wi-Fi-Bluetooth-STM32.1.7.1
2026-04-11 13:44:23,352 [WARN] PackLoader:240 - Cannot read IP mode file for STMicroelectronics.X-CUBE-AZRTOS-H7.3.4.0
2026-04-11 13:44:23,359 [WARN] PackLoader:240 - Cannot read IP mode file for STMicroelectronics.X-CUBE-DISPLAY.3.0.0
2026-04-11 13:44:23,365 [WARN] PackLoader:240 - Cannot read IP mode file for STMicroelectronics.FP-SNS-MOTENVWB1.1.5.0
2026-04-11 13:44:23,370 [WARN] PackLoader:240 - Cannot read IP mode file for STMicroelectronics.X-CUBE-NFC10.1.0.0
2026-04-11 13:44:23,375 [WARN] PackLoader:240 - Cannot read IP mode file for STMicroelectronics.X-CUBE-ST60.1.1.0
2026-04-11 13:44:23,379 [WARN] PackLoader:240 - Cannot read IP mode file for emotas.I-CUBE-CANOPEN.1.3.0
2026-04-11 13:44:23,390 [WARN] PackLoader:240 - Cannot read IP mode file for STMicroelectronics.X-CUBE-GNSS1.7.1.0
2026-04-11 13:44:23,395 [WARN] PackLoader:240 - Cannot read IP mode file for STMicroelectronics.FP-SNS-SMARTAG2.1.2.0
2026-04-11 13:44:23,399 [WARN] PackLoader:240 - Cannot read IP mode file for STMicroelectronics.FP-SNS-FLIGHT1.5.1.0
2026-04-11 13:44:23,406 [INFO] LogOutputStream:77 - [STDOUT_REDIRECT] 1 : Invalid condition id : UX_CORESTACK_Condition cause : null
2026-04-11 13:44:23,406 [INFO] LogOutputStream:77 - [STDOUT_REDIRECT] 1 : Invalid condition id : UX_CORESTACK_Condition cause : null
2026-04-11 13:44:23,407 [INFO] LogOutputStream:77 - [STDOUT_REDIRECT] 1 : Invalid condition id : UX_CORESTACK_Condition cause : null
2026-04-11 13:44:23,407 [INFO] LogOutputStream:77 - [STDOUT_REDIRECT] 1 : Invalid condition id : UX_CORESTACK_Condition cause : null
2026-04-11 13:44:23,407 [INFO] LogOutputStream:77 - [STDOUT_REDIRECT] 1 : Invalid condition id : UX_CORESTACK_Condition cause : null
2026-04-11 13:44:23,409 [WARN] PackLoader:240 - Cannot read IP mode file for STMicroelectronics.X-CUBE-AZRTOS-WL.2.0.0
2026-04-11 13:44:23,413 [WARN] PackLoader:240 - Cannot read IP mode file for STMicroelectronics.FP-SNS-MOTENV1.5.0.0
2026-04-11 13:44:23,424 [WARN] PackLoader:240 - Cannot read IP mode file for STMicroelectronics.X-CUBE-AZRTOS-H7RS.1.2.0
2026-04-11 13:44:23,430 [WARN] PackLoader:240 - Cannot read IP mode file for STMicroelectronics.X-CUBE-BLE2.3.3.0
2026-04-11 13:44:23,445 [WARN] PackLoader:240 - Cannot read IP mode file for STMicroelectronics.X-CUBE-NFC9.1.0.0
2026-04-11 13:44:23,449 [WARN] PackLoader:240 - Cannot read IP mode file for wolfSSL.I-CUBE-wolfSSL.5.8.2
2026-04-11 13:44:23,452 [WARN] PackLoader:240 - Cannot read IP mode file for STMicroelectronics.X-CUBE-BLE1.7.1.0
2026-04-11 13:44:23,455 [WARN] PackLoader:240 - Cannot read IP mode file for wolfSSL.I-CUBE-wolfMQTT.1.19.2
2026-04-11 13:44:23,458 [WARN] PackLoader:240 - Cannot read IP mode file for STMicroelectronics.X-CUBE-FREERTOS.1.4.0
2026-04-11 13:44:23,463 [WARN] PackLoader:240 - Cannot read IP mode file for STMicroelectronics.X-CUBE-EEPRMA1.5.2.0
2026-04-11 13:44:23,467 [WARN] PackLoader:240 - Cannot read IP mode file for STMicroelectronics.X-CUBE-ST67W61.1.1.0
2026-04-11 13:44:23,498 [WARN] PackLoader:240 - Cannot read IP mode file for STMicroelectronics.X-CUBE-MEMS1.12.0.0
2026-04-11 13:44:23,585 [WARN] PackLoader:240 - Cannot read IP mode file for STMicroelectronics.X-CUBE-AZRTOS-G0.1.1.0
2026-04-11 13:44:23,593 [WARN] PackLoader:240 - Cannot read IP mode file for STMicroelectronics.X-CUBE-SAFEA1.1.2.2
2026-04-11 13:44:23,598 [WARN] PackLoader:240 - Cannot read IP mode file for STMicroelectronics.X-CUBE-NFC4.3.0.0
2026-04-11 13:44:23,606 [WARN] PackLoader:240 - Cannot read IP mode file for EmbeddedOffice.I-CUBE-FS-RTOS.1.0.1
2026-04-11 13:44:23,627 [WARN] PackLoader:240 - Cannot read IP mode file for STMicroelectronics.X-CUBE-WB05N.2.0.0
2026-04-11 13:44:23,633 [WARN] PackLoader:240 - Cannot read IP mode file for wolfSSL.I-CUBE-wolfTPM.3.8.0
2026-04-11 13:44:23,638 [WARN] PackLoader:240 - Cannot read IP mode file for STMicroelectronics.X-CUBE-TCPP.4.2.0
2026-04-11 13:44:23,644 [WARN] PackLoader:240 - Cannot read IP mode file for RealThread.X-CUBE-RT-Thread_Nano.4.1.1
2026-04-11 13:44:23,647 [WARN] PackLoader:240 - Cannot read IP mode file for STMicroelectronics.FP-ATR-SIGFOX1.3.2.0
2026-04-11 13:44:23,653 [WARN] PackLoader:240 - Cannot read IP mode file for STMicroelectronics.X-CUBE-FREERTOS.1.5.0
2026-04-11 13:44:23,658 [WARN] PackLoader:240 - Cannot read IP mode file for ITTIA_DB.I-CUBE-ITTIADB.8.9.0
2026-04-11 13:44:23,663 [WARN] PackLoader:240 - Cannot read IP mode file for STMicroelectronics.X-CUBE-NFC6.3.2.0
2026-04-11 13:44:23,683 [WARN] PackLoader:240 - Cannot read IP mode file for SEGGER.I-CUBE-embOS.1.3.1
2026-04-11 13:44:23,714 [WARN] PackLoader:240 - Cannot read IP mode file for STMicroelectronics.X-CUBE-ALGOBUILD.1.4.0
2026-04-11 13:44:23,732 [WARN] PackLoader:240 - Cannot read IP mode file for STMicroelectronics.X-CUBE-MEMS1.11.3.0
2026-04-11 13:44:23,776 [WARN] PackLoader:240 - Cannot read IP mode file for STMicroelectronics.X-CUBE-PM33A1.1.0.0
2026-04-11 13:44:23,783 [WARN] PackLoader:240 - Cannot read IP mode file for STMicroelectronics.X-CUBE-AZRTOS-F4.1.1.0
2026-04-11 13:44:23,787 [WARN] PackLoader:240 - Cannot read IP mode file for STMicroelectronics.X-CUBE-ISPU.2.1.0
2026-04-11 13:44:23,793 [WARN] PackLoader:240 - Cannot read IP mode file for STMicroelectronics.X-CUBE-IPS.3.2.0
2026-04-11 13:44:23,798 [WARN] PackLoader:240 - Cannot read IP mode file for STMicroelectronics.eDS-WB_DPC_TT-BIDIR.2.1.1
2026-04-11 13:44:23,800 [WARN] PackLoader:240 - Cannot read IP mode file for STMicroelectronics.X-CUBE-NFC12.1.0.0
2026-04-11 13:44:23,811 [WARN] PackLoader:240 - Cannot read IP mode file for STMicroelectronics.X-CUBE-AZRTOS-L5.2.0.0
2026-04-11 13:44:23,817 [WARN] PackLoader:240 - Cannot read IP mode file for STMicroelectronics.X-CUBE-NFC6.3.1.0
2026-04-11 13:44:23,820 [WARN] PackLoader:240 - Cannot read IP mode file for STMicroelectronics.eDS-WB_DPC_VIENNA.1.2.0
2026-04-11 13:44:23,822 [WARN] PackLoader:240 - Cannot read IP mode file for STMicroelectronics.eDS-WB_DPC_3PH2L-BIDIR.1.1.1
2026-04-11 13:44:23,824 [WARN] PackLoader:240 - Cannot read IP mode file for STMicroelectronics.X-CUBE-FREERTOS.1.3.1
2026-04-11 13:44:23,828 [WARN] PackLoader:240 - Cannot read IP mode file for STMicroelectronics.X-CUBE-TOUCHGFX.4.26.0
2026-04-11 13:44:23,830 [WARN] PackLoader:240 - Cannot read IP mode file for STMicroelectronics.X-CUBE-TOUCHGFX.4.26.1
2026-04-11 13:44:23,833 [WARN] PackLoader:240 - Cannot read IP mode file for STMicroelectronics.X-CUBE-DPower.1.3.0
2026-04-11 13:44:23,841 [WARN] ConditionMgr:438 - getConditionDescription Invalid condition id : LAN8742 Phy interface Condition cause : null
2026-04-11 13:44:23,841 [WARN] PackLoader:240 - Cannot read IP mode file for STMicroelectronics.X-CUBE-AZRTOS-L4.2.0.0
2026-04-11 13:44:23,842 [WARN] ConditionMgr:1044 - genDependencies : Invalid condition id : LAN8742 Phy interface Condition cause : null
2026-04-11 13:44:23,842 [WARN] ConditionMgr:1044 - genDependencies : Invalid condition id : LAN8742 Phy interface Condition cause : null
2026-04-11 13:44:23,842 [WARN] ConditionMgr:1044 - genDependencies : Invalid condition id : LAN8742 Phy interface Condition cause : null
2026-04-11 13:44:23,847 [WARN] PackLoader:240 - Cannot read IP mode file for STMicroelectronics.X-CUBE-SFXS2LP1.4.0.0
2026-04-11 13:44:23,850 [WARN] PackLoader:240 - Cannot read IP mode file for STMicroelectronics.X-CUBE-WB05N.2.1.0
2026-04-11 13:44:23,853 [WARN] PackLoader:240 - Cannot read IP mode file for STMicroelectronics.X-CUBE-ST67W61.1.2.0
2026-04-11 13:44:23,859 [WARN] PackLoader:240 - Cannot read IP mode file for STMicroelectronics.X-CUBE-BLEMGR.4.1.0
2026-04-11 13:44:23,867 [WARN] ConditionMgr:438 - getConditionDescription Invalid condition id : UX DEVICE CLASS RTOS Condition cause : null
2026-04-11 13:44:23,867 [WARN] ConditionMgr:438 - getConditionDescription Invalid condition id : UX DEVICE CLASS RTOS Condition cause : null
2026-04-11 13:44:23,868 [WARN] PackLoader:240 - Cannot read IP mode file for STMicroelectronics.X-CUBE-AZRTOS-WB.2.0.0
2026-04-11 13:44:23,868 [WARN] ConditionMgr:1044 - genDependencies : Invalid condition id : UX DEVICE CLASS RTOS Condition cause : null
2026-04-11 13:44:23,868 [WARN] ConditionMgr:1044 - genDependencies : Invalid condition id : UX DEVICE CLASS RTOS Condition cause : null
2026-04-11 13:44:23,868 [WARN] ConditionMgr:1044 - genDependencies : Invalid condition id : UX DEVICE CLASS RTOS Condition cause : null
2026-04-11 13:44:23,868 [WARN] ConditionMgr:1044 - genDependencies : Invalid condition id : UX DEVICE CLASS RTOS Condition cause : null
2026-04-11 13:44:23,868 [WARN] ConditionMgr:1044 - genDependencies : Invalid condition id : UX DEVICE CLASS RTOS Condition cause : null
2026-04-11 13:44:23,872 [WARN] PackLoader:240 - Cannot read IP mode file for STMicroelectronics.X-CUBE-GNSS1.7.0.1
2026-04-11 13:44:23,874 [WARN] ConditionMgr:438 - getConditionDescription Invalid condition id : Cortex-A Device cause : null
2026-04-11 13:44:23,878 [WARN] ConditionMgr:1044 - genDependencies : Invalid condition id : Cortex-A Device cause : null
2026-04-11 13:44:23,878 [WARN] ConditionMgr:1044 - genDependencies : Invalid condition id : Cortex-A Device cause : null
2026-04-11 13:44:23,878 [WARN] ConditionMgr:1044 - genDependencies : Invalid condition id : Cortex-A Device cause : null
2026-04-11 13:44:23,881 [WARN] PackLoader:240 - Cannot read IP mode file for STMicroelectronics.X-CUBE-STSE01.2.0.0
2026-04-11 13:44:23,886 [WARN] PackLoader:240 - Cannot read IP mode file for STMicroelectronics.X-CUBE-SUBG2.5.0.0
2026-04-11 13:44:23,894 [WARN] PackLoader:240 - Cannot read IP mode file for STMicroelectronics.X-CUBE-AZRTOS-H7RS.1.1.0
2026-04-11 13:44:23,900 [WARN] PackLoader:240 - Cannot read IP mode file for STMicroelectronics.X-CUBE-AZRTOS-G4.2.0.0
2026-04-11 13:44:23,902 [WARN] PackLoader:240 - Cannot read IP mode file for wolfSSL.I-CUBE-wolfSSH.1.4.20
2026-04-11 13:44:23,904 [WARN] PackLoader:240 - Cannot read IP mode file for STMicroelectronics.X-CUBE-NFC7.2.0.0
2026-04-11 13:44:23,906 [WARN] PackLoader:240 - Cannot read IP mode file for STMicroelectronics.X-CUBE-ALS.1.0.2
2026-04-11 13:44:23,909 [WARN] PackLoader:240 - Cannot read IP mode file for STMicroelectronics.X-CUBE-STSE01.1.0.0
2026-04-11 13:44:23,915 [WARN] PackLoader:240 - Cannot read IP mode file for STMicroelectronics.X-CUBE-TOF1.3.4.3
2026-04-11 13:44:23,921 [INFO] ThirdParty:978 - Integrity check success = true
2026-04-11 13:44:23,921 [INFO] IntegrityCheckThread:100 - exiting critical section [integrity check]
2026-04-11 13:44:23,921 [INFO] IntegrityCheckThread:103 - End integrity checks thread
2026-04-11 14:46:30,041 [INFO] WebApp:194 - Connection lost
2026-04-11 14:46:38,413 [INFO] WebApp:191 - Connection restablished
2026-04-11 14:46:43,387 [INFO] WebApp:194 - Connection lost
2026-04-11 14:46:43,534 [INFO] WebApp:191 - Connection restablished
2026-04-11 15:42:02,457 [INFO] WebApp:194 - Connection lost
2026-04-11 15:42:12,281 [INFO] WebApp:191 - Connection restablished
2026-04-11 15:45:12,466 [INFO] WebApp:194 - Connection lost
2026-04-11 15:45:23,916 [INFO] WebApp:191 - Connection restablished
2026-04-11 15:45:44,410 [INFO] WebApp:194 - Connection lost
2026-04-11 15:45:44,526 [INFO] WebApp:191 - Connection restablished
2026-04-11 15:46:30,955 [INFO] WebApp:194 - Connection lost
2026-04-11 15:46:31,124 [INFO] WebApp:191 - Connection restablished
2026-04-11 15:46:51,359 [INFO] WebApp:194 - Connection lost
2026-04-11 15:46:51,565 [INFO] WebApp:191 - Connection restablished
2026-04-11 15:47:19,309 [INFO] WebApp:194 - Connection lost
2026-04-11 15:47:19,490 [INFO] WebApp:191 - Connection restablished
2026-04-11 15:50:20,688 [INFO] WebApp:194 - Connection lost
2026-04-11 15:50:22,425 [INFO] WebApp:191 - Connection restablished
2026-04-11 16:08:41,060 [INFO] WebApp:194 - Connection lost
2026-04-11 16:08:51,896 [INFO] WebApp:191 - Connection restablished
2026-04-11 16:47:04,445 [INFO] WebApp:194 - Connection lost
2026-04-11 16:47:12,803 [INFO] WebApp:191 - Connection restablished
2026-04-11 16:47:17,832 [INFO] WebApp:194 - Connection lost
2026-04-11 16:47:18,188 [INFO] WebApp:191 - Connection restablished
2026-04-11 16:47:36,296 [INFO] WebApp:194 - Connection lost
2026-04-11 16:47:42,672 [INFO] WebApp:191 - Connection restablished
2026-04-11 16:47:46,567 [INFO] WebApp:194 - Connection lost
2026-04-11 16:47:46,774 [INFO] WebApp:191 - Connection restablished
2026-04-11 16:52:15,127 [INFO] WebApp:194 - Connection lost
2026-04-11 16:52:35,119 [INFO] WebApp:191 - Connection restablished
2026-04-11 16:52:57,357 [INFO] WebApp:194 - Connection lost
2026-04-11 16:54:01,352 [INFO] WebApp:191 - Connection restablished
2026-04-11 16:54:05,366 [INFO] WebApp:194 - Connection lost
2026-04-11 16:54:06,414 [INFO] WebApp:191 - Connection restablished
2026-04-11 16:54:46,780 [INFO] WebApp:194 - Connection lost
2026-04-11 16:55:14,931 [INFO] WebApp:191 - Connection restablished
2026-04-11 16:55:21,068 [INFO] WebApp:194 - Connection lost
2026-04-11 16:55:32,687 [INFO] WebApp:191 - Connection restablished
2026-04-11 16:55:32,758 [INFO] WebApp:194 - Connection lost
2026-04-11 16:55:32,961 [INFO] WebApp:191 - Connection restablished
2026-04-11 16:55:37,195 [INFO] WebApp:194 - Connection lost
2026-04-11 16:55:37,402 [INFO] WebApp:191 - Connection restablished
2026-04-11 17:20:49,385 [INFO] WebApp:194 - Connection lost
2026-04-11 17:21:11,367 [INFO] WebApp:191 - Connection restablished
2026-04-11 17:21:16,811 [INFO] WebApp:194 - Connection lost
2026-04-11 17:21:17,020 [INFO] WebApp:191 - Connection restablished
2026-04-11 17:23:14,438 [INFO] WebApp:194 - Connection lost
2026-04-11 17:23:30,353 [INFO] WebApp:191 - Connection restablished
2026-04-11 17:49:26,805 [INFO] WebApp:194 - Connection lost
2026-04-11 17:49:27,172 [INFO] WebApp:191 - Connection restablished
2026-04-11 17:56:20,340 [INFO] WebApp:194 - Connection lost
2026-04-11 17:56:20,690 [INFO] WebApp:191 - Connection restablished
2026-04-11 17:56:23,140 [INFO] WebApp:194 - Connection lost
2026-04-11 17:56:23,266 [INFO] WebApp:191 - Connection restablished
2026-04-11 17:59:09,123 [INFO] WebApp:194 - Connection lost
2026-04-11 17:59:09,728 [INFO] WebApp:191 - Connection restablished
2026-04-11 17:59:11,782 [INFO] WebApp:194 - Connection lost
2026-04-11 17:59:12,124 [INFO] WebApp:191 - Connection restablished
2026-04-11 18:22:05,987 [INFO] WebApp:194 - Connection lost
2026-04-11 18:22:11,705 [INFO] WebApp:191 - Connection restablished
2026-04-11 18:22:17,654 [INFO] WebApp:194 - Connection lost
2026-04-11 18:22:17,878 [INFO] WebApp:191 - Connection restablished
2026-04-11 18:23:40,794 [INFO] WebApp:194 - Connection lost
2026-04-11 18:23:41,301 [INFO] WebApp:191 - Connection restablished
2026-04-11 18:28:38,300 [ERROR] LogOutputStream:75 - [STDERR_REDIRECT] 
