2026-04-16 16:23:50,157 [INFO] Activator:176 - 


2026-04-16 16:23:50,160 [INFO] Activator:177 - !SESSION log4j initialized
2026-04-16 16:23:53,213 [INFO] LogOutputStream:77 - [STDOUT_REDIRECT] 
2026-04-16 16:23:54,122 [INFO] ApplicationProperties:184 - Using Application install path: /opt/st/stm32cubeide_1.19.0/plugins/com.st.stm32cube.common.mx_6.15.0.202507011659
2026-04-16 16:23:54,136 [INFO] DbMcusXml:78 - Set database path to: /opt/st/stm32cubeide_1.19.0/plugins/com.st.stm32cube.common.mx_6.15.0.202507011659//db//mcu/
2026-04-16 16:23:54,136 [INFO] ApiDb:274 - Set plugin database path to: /opt/st/stm32cubeide_1.19.0/plugins/com.st.stm32cube.common.mx_6.15.0.202507011659//db//plugins/boardmanager/
2026-04-16 16:23:54,136 [WARN] ApiDb:259 - Overriding images path with different value:  => /opt/st/stm32cubeide_1.19.0/plugins/com.st.stm32cube.common.mx_6.15.0.202507011659//db//plugins/mcufinder/images/
2026-04-16 16:23:54,142 [INFO] ApiDb:250 - Set database path to: /home/kamil/.stmcufinder/plugins/mcufinder//mcu/
2026-04-16 16:23:54,143 [INFO] DbMcusAds:125 - Set database path to: /home/kamil/.stmcufinder/plugins/mcufinder//mcu/
2026-04-16 16:23:54,145 [INFO] CrossReferenceDbSqlite:203 - Set database path to: /home/kamil/.stmcufinder/plugins/mcufinder//mcu/cs/
2026-04-16 16:23:54,220 [INFO] RulesReader:64 - Compatibility file has been processed (317 Rules)
2026-04-16 16:23:54,261 [INFO] DbMcusXml:78 - Set database path to: /opt/st/stm32cubeide_1.19.0/plugins/com.st.stm32cube.common.mx_6.15.0.202507011659//db//mcu/
2026-04-16 16:23:54,262 [INFO] ApiDb:274 - Set plugin database path to: /opt/st/stm32cubeide_1.19.0/plugins/com.st.stm32cube.common.mx_6.15.0.202507011659//db//plugins/boardmanager/
2026-04-16 16:23:54,262 [INFO] ApiDb:261 - Set plugin images path to: /opt/st/stm32cubeide_1.19.0/plugins/com.st.stm32cube.common.mx_6.15.0.202507011659//db//plugins/mcufinder/images/
2026-04-16 16:23:54,262 [WARN] DbFile:41 - Overriding database path with different value: /home/kamil/.stmcufinder/plugins/mcufinder/ => /home/kamil/.stmcufinder/plugins/mcufinder
2026-04-16 16:23:54,262 [INFO] ApiDb:250 - Set database path to: /home/kamil/.stmcufinder/plugins/mcufinder//mcu/
2026-04-16 16:23:54,262 [WARN] DbFile:41 - Overriding database path with different value: /home/kamil/.stmcufinder/plugins/mcufinder/ => /home/kamil/.stmcufinder/plugins/mcufinder
2026-04-16 16:23:54,262 [INFO] DbMcusAds:125 - Set database path to: /home/kamil/.stmcufinder/plugins/mcufinder//mcu/
2026-04-16 16:23:54,262 [WARN] DbFile:41 - Overriding database path with different value: /home/kamil/.stmcufinder/plugins/mcufinder/ => /home/kamil/.stmcufinder/plugins/mcufinder
2026-04-16 16:23:54,262 [WARN] DbFile:41 - Overriding database path with different value: /home/kamil/.stmcufinder/plugins/mcufinder/ => /home/kamil/.stmcufinder/plugins/mcufinder
2026-04-16 16:23:54,262 [INFO] CrossReferenceDbSqlite:203 - Set database path to: /home/kamil/.stmcufinder/plugins/mcufinder//mcu/cs/
2026-04-16 16:23:54,310 [INFO] MainPanel:274 - HeapMemory: 268435456
2026-04-16 16:23:54,449 [INFO] DbMcusXml:78 - Set database path to: /opt/st/stm32cubeide_1.19.0/plugins/com.st.stm32cube.common.mx_6.15.0.202507011659//db//mcu/
2026-04-16 16:23:54,450 [INFO] ApiDb:274 - Set plugin database path to: /opt/st/stm32cubeide_1.19.0/plugins/com.st.stm32cube.common.mx_6.15.0.202507011659//db//plugins/boardmanager/
2026-04-16 16:23:54,450 [INFO] ApiDb:261 - Set plugin images path to: /opt/st/stm32cubeide_1.19.0/plugins/com.st.stm32cube.common.mx_6.15.0.202507011659//db//plugins/mcufinder/images/
2026-04-16 16:23:54,450 [WARN] DbFile:41 - Overriding database path with different value: /home/kamil/.stmcufinder/plugins/mcufinder/ => /home/kamil/.stmcufinder/plugins/mcufinder
2026-04-16 16:23:54,450 [INFO] ApiDb:250 - Set database path to: /home/kamil/.stmcufinder/plugins/mcufinder//mcu/
2026-04-16 16:23:54,450 [WARN] DbFile:41 - Overriding database path with different value: /home/kamil/.stmcufinder/plugins/mcufinder/ => /home/kamil/.stmcufinder/plugins/mcufinder
2026-04-16 16:23:54,450 [INFO] DbMcusAds:125 - Set database path to: /home/kamil/.stmcufinder/plugins/mcufinder//mcu/
2026-04-16 16:23:54,450 [WARN] DbFile:41 - Overriding database path with different value: /home/kamil/.stmcufinder/plugins/mcufinder/ => /home/kamil/.stmcufinder/plugins/mcufinder
2026-04-16 16:23:54,450 [WARN] DbFile:41 - Overriding database path with different value: /home/kamil/.stmcufinder/plugins/mcufinder/ => /home/kamil/.stmcufinder/plugins/mcufinder
2026-04-16 16:23:54,450 [INFO] CrossReferenceDbSqlite:203 - Set database path to: /home/kamil/.stmcufinder/plugins/mcufinder//mcu/cs/
2026-04-16 16:23:54,460 [INFO] ApplicationProperties:184 - Using Application install path: /opt/st/stm32cubeide_1.19.0/plugins/com.st.stm32cube.common.mx_6.15.0.202507011659
2026-04-16 16:23:54,461 [INFO] PluginManage:196 - Search for loadable plugins [exclusion list=, ]
2026-04-16 16:23:54,462 [INFO] PluginManage:310 - Check plugin analytics
2026-04-16 16:23:54,570 [INFO] AnalyticsPlugin:253 - Accepted Software Licenses: 
2026-04-16 16:23:54,570 [INFO] AnalyticsPlugin:255 - Accepted CMSIS Pack Licenses: 
2026-04-16 16:23:54,570 [INFO] AnalyticsPlugin:257 - Accepted Firmware Licenses: FW.F4.1.28.0
2026-04-16 16:23:54,571 [INFO] PluginManage:359 - Loaded plugin analytics (category:tool,tabindex:-1)
2026-04-16 16:23:54,572 [INFO] PluginManage:310 - Check plugin cadmodel
2026-04-16 16:23:54,575 [INFO] CADModel:105 - Init CAD model plugin
2026-04-16 16:23:54,575 [INFO] PluginManage:359 - Loaded plugin cadmodel (category:power,tabindex:5)
2026-04-16 16:23:54,575 [INFO] PluginManage:310 - Check plugin clock
2026-04-16 16:23:54,581 [INFO] PluginManage:359 - Loaded plugin clock (category:base,tabindex:2)
2026-04-16 16:23:54,581 [INFO] PluginManage:310 - Check plugin ddr
2026-04-16 16:23:54,583 [INFO] PluginManage:359 - Loaded plugin ddr (category:tool,tabindex:6)
2026-04-16 16:23:54,583 [INFO] PluginManage:310 - Check plugin filemanager
2026-04-16 16:23:54,688 [INFO] PluginManage:359 - Loaded plugin filemanager (category:base,tabindex:10)
2026-04-16 16:23:54,688 [INFO] PluginManage:310 - Check plugin ipmanager
2026-04-16 16:23:54,692 [INFO] PluginManage:359 - Loaded plugin ipmanager (category:base,tabindex:5)
2026-04-16 16:23:54,692 [INFO] PluginManage:310 - Check plugin lpbam
2026-04-16 16:23:54,701 [INFO] PluginManage:359 - Loaded plugin lpbam (category:base,tabindex:0)
2026-04-16 16:23:54,702 [INFO] PluginManage:310 - Check plugin memorymap
2026-04-16 16:23:54,713 [INFO] PluginManage:359 - Loaded plugin memorymap (category:base,tabindex:4)
2026-04-16 16:23:54,713 [INFO] PluginManage:310 - Check plugin pinoutandconfiguration
2026-04-16 16:23:54,720 [INFO] PluginManage:359 - Loaded plugin pinoutandconfiguration (category:base,tabindex:1)
2026-04-16 16:23:54,720 [INFO] PluginManage:310 - Check plugin pinoutconfig
2026-04-16 16:23:54,791 [WARN] SupportedApi:132 - Cannot load RTOS API schema: s4s-elt-must-match.1: The content of 'definitions' must match (annotation?, (simpleType | complexType)?, (unique | key | keyref)*)). A problem was found starting at: attribute.
2026-04-16 16:23:54,881 [INFO] PluginManage:359 - Loaded plugin pinoutconfig (category:base,tabindex:0)
2026-04-16 16:23:54,881 [INFO] PluginManage:310 - Check plugin power
2026-04-16 16:23:54,887 [INFO] PluginManage:359 - Loaded plugin power (category:power,tabindex:4)
2026-04-16 16:23:54,887 [INFO] PluginManage:310 - Check plugin projectmanager
2026-04-16 16:23:54,897 [INFO] PluginManage:359 - Loaded plugin projectmanager (category:projectmanager,tabindex:4)
2026-04-16 16:23:54,897 [INFO] PluginManage:310 - Check plugin rif
2026-04-16 16:23:54,903 [INFO] PluginManage:359 - Loaded plugin rif (category:base,tabindex:3)
2026-04-16 16:23:54,903 [INFO] PluginManage:310 - Check plugin thirdparty
2026-04-16 16:23:54,977 [INFO] PluginManage:359 - Loaded plugin thirdparty (category:base,tabindex:-1)
2026-04-16 16:23:54,977 [WARN] IntegrityCheckThread:84 - waiting for thirdparty lock release [integrity check]
2026-04-16 16:23:54,977 [INFO] PluginManage:310 - Check plugin tools
2026-04-16 16:23:54,977 [INFO] IntegrityCheckThread:86 - entering critical section [integrity check]
2026-04-16 16:23:54,977 [INFO] ThirdPartyUpdaterWithRetryManager:70 - Updater plugin not ready yet. [1/15]
2026-04-16 16:23:54,979 [INFO] PluginManage:359 - Loaded plugin tools (category:base,tabindex:7)
2026-04-16 16:23:54,979 [INFO] PluginManage:310 - Check plugin tutovideos
2026-04-16 16:23:55,103 [INFO] PluginManage:359 - Loaded plugin tutovideos (category:base,tabindex:-1)
2026-04-16 16:23:55,103 [INFO] PluginManage:310 - Check plugin updater
2026-04-16 16:23:55,121 [INFO] PluginManage:359 - Loaded plugin updater (category:base,tabindex:12)
2026-04-16 16:23:55,121 [INFO] PluginManage:310 - Check plugin userauth
2026-04-16 16:23:55,124 [INFO] UserAuth:118 - Init User Auth plugin
2026-04-16 16:23:55,125 [INFO] PluginManage:359 - Loaded plugin userauth (category:base,tabindex:14)
2026-04-16 16:23:55,125 [INFO] PluginManage:283 - PluginManage : Loaded plugins [18]
2026-04-16 16:23:55,230 [INFO] PinOutPanel:1589 - setPackage(No Configuration,No Configuration)
2026-04-16 16:23:55,274 [INFO] CADModel:165 - CPN selected for project level
2026-04-16 16:23:55,275 [INFO] CADModel:114 - Register for checkConnection events
2026-04-16 16:23:55,281 [INFO] IPUIPlugin:80 - create IPUIPlugin
2026-04-16 16:23:55,281 [INFO] PluginManager:220 - loadIPPluginJar : add tracer_emb
2026-04-16 16:23:55,282 [INFO] IPUIPlugin:80 - create IPUIPlugin
2026-04-16 16:23:55,282 [INFO] PluginManager:220 - loadIPPluginJar : add radio
2026-04-16 16:23:55,286 [INFO] IPUIPlugin:80 - create IPUIPlugin
2026-04-16 16:23:55,286 [INFO] PluginManager:220 - loadIPPluginJar : add ddr_ctrl_phy
2026-04-16 16:23:55,290 [INFO] IPUIPlugin:80 - create IPUIPlugin
2026-04-16 16:23:55,290 [INFO] PluginManager:220 - loadIPPluginJar : add mdma
2026-04-16 16:23:55,291 [INFO] IPUIPlugin:80 - create IPUIPlugin
2026-04-16 16:23:55,292 [INFO] PluginManager:220 - loadIPPluginJar : add touchsensing
2026-04-16 16:23:55,292 [INFO] IPUIPlugin:80 - create IPUIPlugin
2026-04-16 16:23:55,293 [INFO] PluginManager:220 - loadIPPluginJar : add ucpd
2026-04-16 16:23:55,297 [INFO] IPUIPlugin:80 - create IPUIPlugin
2026-04-16 16:23:55,298 [INFO] PluginManager:220 - loadIPPluginJar : add plateformsettings
2026-04-16 16:23:55,300 [INFO] IPUIPlugin:80 - create IPUIPlugin
2026-04-16 16:23:55,301 [INFO] PluginManager:220 - loadIPPluginJar : add ipddr
2026-04-16 16:23:55,304 [INFO] IPUIPlugin:80 - create IPUIPlugin
2026-04-16 16:23:55,304 [INFO] PluginManager:220 - loadIPPluginJar : add resmgrutility
2026-04-16 16:23:55,305 [INFO] IPUIPlugin:80 - create IPUIPlugin
2026-04-16 16:23:55,305 [INFO] PluginManager:220 - loadIPPluginJar : add ts
2026-04-16 16:23:55,307 [INFO] IPUIPlugin:80 - create IPUIPlugin
2026-04-16 16:23:55,307 [INFO] PluginManager:220 - loadIPPluginJar : add dma3
2026-04-16 16:23:55,308 [INFO] IPUIPlugin:80 - create IPUIPlugin
2026-04-16 16:23:55,308 [INFO] PluginManager:220 - loadIPPluginJar : add openamp
2026-04-16 16:23:55,310 [INFO] IPUIPlugin:80 - create IPUIPlugin
2026-04-16 16:23:55,310 [INFO] PluginManager:220 - loadIPPluginJar : add opamp
2026-04-16 16:23:55,311 [INFO] IPUIPlugin:80 - create IPUIPlugin
2026-04-16 16:23:55,311 [INFO] PluginManager:220 - loadIPPluginJar : add pdm2pcm
2026-04-16 16:23:55,312 [INFO] IPUIPlugin:80 - create IPUIPlugin
2026-04-16 16:23:55,312 [INFO] PluginManager:220 - loadIPPluginJar : add gfxmmu
2026-04-16 16:23:55,314 [INFO] IPUIPlugin:80 - create IPUIPlugin
2026-04-16 16:23:55,314 [INFO] PluginManager:220 - loadIPPluginJar : add aes
2026-04-16 16:23:55,315 [INFO] IPUIPlugin:80 - create IPUIPlugin
2026-04-16 16:23:55,315 [INFO] PluginManager:220 - loadIPPluginJar : add gtzc
2026-04-16 16:23:55,318 [INFO] IPUIPlugin:80 - create IPUIPlugin
2026-04-16 16:23:55,318 [INFO] PluginManager:220 - loadIPPluginJar : add sai
2026-04-16 16:23:55,319 [INFO] IPUIPlugin:80 - create IPUIPlugin
2026-04-16 16:23:55,319 [INFO] PluginManager:220 - loadIPPluginJar : add tsc
2026-04-16 16:23:55,321 [INFO] IPUIPlugin:80 - create IPUIPlugin
2026-04-16 16:23:55,321 [INFO] PluginManager:220 - loadIPPluginJar : add usbx
2026-04-16 16:23:55,323 [INFO] IPUIPlugin:80 - create IPUIPlugin
2026-04-16 16:23:55,323 [INFO] PluginManager:220 - loadIPPluginJar : add can
2026-04-16 16:23:55,325 [INFO] IPUIPlugin:80 - create IPUIPlugin
2026-04-16 16:23:55,325 [INFO] PluginManager:220 - loadIPPluginJar : add i2c
2026-04-16 16:23:55,326 [INFO] IPUIPlugin:80 - create IPUIPlugin
2026-04-16 16:23:55,327 [INFO] PluginManager:220 - loadIPPluginJar : add lorawan
2026-04-16 16:23:55,328 [INFO] IPUIPlugin:80 - create IPUIPlugin
2026-04-16 16:23:55,328 [INFO] PluginManager:220 - loadIPPluginJar : add spi
2026-04-16 16:23:55,333 [INFO] IPUIPlugin:80 - create IPUIPlugin
2026-04-16 16:23:55,333 [INFO] PluginManager:220 - loadIPPluginJar : add linkedlist
2026-04-16 16:23:55,337 [INFO] IPUIPlugin:80 - create IPUIPlugin
2026-04-16 16:23:55,337 [INFO] PluginManager:220 - loadIPPluginJar : add fmc
2026-04-16 16:23:55,339 [INFO] IPUIPlugin:80 - create IPUIPlugin
2026-04-16 16:23:55,339 [INFO] PluginManager:220 - loadIPPluginJar : add i3c
2026-04-16 16:23:55,340 [INFO] IPUIPlugin:80 - create IPUIPlugin
2026-04-16 16:23:55,340 [INFO] PluginManager:220 - loadIPPluginJar : add ltdc
2026-04-16 16:23:55,345 [INFO] IPUIPlugin:80 - create IPUIPlugin
2026-04-16 16:23:55,345 [INFO] PluginManager:220 - loadIPPluginJar : add dma
2026-04-16 16:23:55,350 [INFO] IPUIPlugin:80 - create IPUIPlugin
2026-04-16 16:23:55,350 [INFO] PluginManager:220 - loadIPPluginJar : add freertos
2026-04-16 16:23:55,352 [INFO] IPUIPlugin:80 - create IPUIPlugin
2026-04-16 16:23:55,352 [INFO] PluginManager:220 - loadIPPluginJar : add hash
2026-04-16 16:23:55,357 [INFO] IPUIPlugin:80 - create IPUIPlugin
2026-04-16 16:23:55,357 [INFO] PluginManager:220 - loadIPPluginJar : add adc
2026-04-16 16:23:55,360 [INFO] IPUIPlugin:80 - create IPUIPlugin
2026-04-16 16:23:55,360 [INFO] PluginManager:220 - loadIPPluginJar : add usart
2026-04-16 16:23:55,365 [INFO] IPUIPlugin:80 - create IPUIPlugin
2026-04-16 16:23:55,366 [INFO] PluginManager:220 - loadIPPluginJar : add stm32_wpan
2026-04-16 16:23:55,367 [INFO] IPUIPlugin:80 - create IPUIPlugin
2026-04-16 16:23:55,367 [INFO] PluginManager:220 - loadIPPluginJar : add genericplugin
2026-04-16 16:23:55,371 [INFO] IPUIPlugin:80 - create IPUIPlugin
2026-04-16 16:23:55,371 [INFO] PluginManager:220 - loadIPPluginJar : add gpio
2026-04-16 16:23:55,374 [INFO] IPUIPlugin:80 - create IPUIPlugin
2026-04-16 16:23:55,374 [INFO] PluginManager:220 - loadIPPluginJar : add nvic
2026-04-16 16:23:55,376 [INFO] IPUIPlugin:80 - create IPUIPlugin
2026-04-16 16:23:55,376 [INFO] PluginManager:220 - loadIPPluginJar : add dfsdm
2026-04-16 16:23:55,377 [INFO] IPUIPlugin:80 - create IPUIPlugin
2026-04-16 16:23:55,377 [INFO] PluginManager:220 - loadIPPluginJar : add fatfs
2026-04-16 16:23:55,378 [INFO] IPUIPlugin:80 - create IPUIPlugin
2026-04-16 16:23:55,378 [INFO] PluginManager:220 - loadIPPluginJar : add comp
2026-04-16 16:23:55,380 [INFO] IPUIPlugin:80 - create IPUIPlugin
2026-04-16 16:23:55,380 [INFO] PluginManager:220 - loadIPPluginJar : add i2s
2026-04-16 16:23:55,381 [INFO] IPUIPlugin:80 - create IPUIPlugin
2026-04-16 16:23:55,382 [INFO] PluginManager:220 - loadIPPluginJar : add cryp
2026-04-16 16:23:55,383 [INFO] IPUIPlugin:80 - create IPUIPlugin
2026-04-16 16:23:55,383 [INFO] PluginManager:220 - loadIPPluginJar : add quadspi
2026-04-16 16:23:55,387 [INFO] IPUIPlugin:80 - create IPUIPlugin
2026-04-16 16:23:55,387 [INFO] PluginManager:220 - loadIPPluginJar : add gic
2026-04-16 16:23:55,388 [INFO] IPUIPlugin:80 - create IPUIPlugin
2026-04-16 16:23:55,388 [INFO] PluginManager:220 - loadIPPluginJar : add tim
2026-04-16 16:23:55,390 [INFO] IPUIPlugin:80 - create IPUIPlugin
2026-04-16 16:23:55,390 [INFO] PluginManager:220 - loadIPPluginJar : add extmemmanager
2026-04-16 16:23:55,489 [FATAL] Updater:351 - Updater called before beeing initialized
2026-04-16 16:23:55,509 [INFO] RulesReader:64 - Compatibility file has been processed (317 Rules)
2026-04-16 16:23:55,518 [INFO] RulesReader:64 - Compatibility file has been processed (317 Rules)
2026-04-16 16:23:55,525 [INFO] CADModel:165 - CPN selected for project level
2026-04-16 16:23:55,526 [INFO] CADModel:114 - Register for checkConnection events
2026-04-16 16:23:55,526 [FATAL] Updater:351 - Updater called before beeing initialized
2026-04-16 16:23:55,526 [ERROR] CADModel:125 - Updater not yet initialized, retry later 
2026-04-16 16:23:55,668 [FATAL] Updater:351 - Updater called before beeing initialized
2026-04-16 16:23:55,669 [INFO] CADModel:165 - CPN selected for project level
2026-04-16 16:23:55,669 [INFO] CADModel:114 - Register for checkConnection events
2026-04-16 16:23:55,669 [FATAL] Updater:351 - Updater called before beeing initialized
2026-04-16 16:23:55,669 [ERROR] CADModel:125 - Updater not yet initialized, retry later 
2026-04-16 16:23:55,673 [FATAL] Updater:351 - Updater called before beeing initialized
2026-04-16 16:23:55,753 [FATAL] Updater:351 - Updater called before beeing initialized
2026-04-16 16:23:55,757 [INFO] DbMcusAds:53 - JSON generation date=Wed Feb 18 15:32:49 CET 2026 (1771425169371)
2026-04-16 16:23:55,758 [FATAL] Updater:351 - Updater called before beeing initialized
2026-04-16 16:23:55,787 [WARN] DetailPanel:346 - Failed to get advertising image, set to default
2026-04-16 16:23:55,840 [FATAL] Updater:351 - Updater called before beeing initialized
2026-04-16 16:23:55,841 [FATAL] Updater:351 - Updater called before beeing initialized
2026-04-16 16:23:55,841 [FATAL] Updater:351 - Updater called before beeing initialized
2026-04-16 16:23:55,841 [WARN] DetailPanel:346 - Failed to get advertising image, set to default
2026-04-16 16:23:55,842 [FATAL] Updater:351 - Updater called before beeing initialized
2026-04-16 16:23:55,863 [ERROR] Updater:1198 - MainUpdater not yet initialized. External WinMGr cannot be set.
2026-04-16 16:23:55,865 [INFO] Updater:1134 - Updater Version found : 6.15.0
2026-04-16 16:23:55,879 [INFO] ApplicationProperties:184 - Using Application install path: /opt/st/stm32cubeide_1.19.0/plugins/com.st.stm32cube.common.mx_6.15.0.202507011659
2026-04-16 16:23:56,119 [INFO] MainUpdater:2872 - connection check result : 10
2026-04-16 16:23:56,119 [INFO] MainUpdater:289 - Updater Check For Update Now.
2026-04-16 16:23:56,119 [INFO] MicroXplorer:498 - Change Database Version : DB.6.0.150
2026-04-16 16:23:56,124 [INFO] McuFinderGlobals:63 - Set McuFinder mode to 2 (CubeIDE integrated)
2026-04-16 16:23:56,125 [INFO] UserAuth:487 - Internet connection configuration mode: 1
2026-04-16 16:23:56,145 [INFO] JxBrowserEngine:152 - Initiate JxBrowser Engine with user profile folder
2026-04-16 16:23:56,277 [INFO] CheckServerUpdateThread:120 - End of CheckServer Thread
2026-04-16 16:23:56,776 [INFO] WebApp:169 - Instantiating new browser for Auth
2026-04-16 16:23:57,236 [INFO] WebApp:463 - Apply proxy settings
2026-04-16 16:23:57,236 [INFO] WebApp:548 - Chromium requires no authentication
2026-04-16 16:23:57,242 [INFO] WebApp:491 - Direct internet connection detected
2026-04-16 16:23:57,254 [INFO] WebApp:900 - Register for checkConnection events
2026-04-16 16:23:57,254 [INFO] WebApp:463 - Apply proxy settings
2026-04-16 16:23:57,254 [INFO] WebApp:548 - Chromium requires no authentication
2026-04-16 16:23:57,254 [INFO] WebApp:491 - Direct internet connection detected
2026-04-16 16:23:57,339 [INFO] WebApp:225 - Starting web application
2026-04-16 16:23:57,339 [INFO] WebApp:593 - Web application path used /opt/st/stm32cubeide_1.19.0/plugins/com.st.stm32cube.common.mx_6.15.0.202507011659/db/plugins/mcufinder/reactClient1/index.html
2026-04-16 16:23:57,408 [INFO] UserAuth:487 - Internet connection configuration mode: 1
2026-04-16 16:23:57,561 [INFO] WebApp:191 - Connection restablished
2026-04-16 16:23:58,125 [WARN] PackLoader:240 - Cannot read IP mode file for STMicroelectronics.X-CUBE-AZRTOS-H7.3.5.0
2026-04-16 16:23:58,135 [WARN] PackLoader:240 - Cannot read IP mode file for STMicroelectronics.FP-SNS-MOTENVWB1.1.4.0
2026-04-16 16:23:58,139 [WARN] PackLoader:240 - Cannot read IP mode file for STMicroelectronics.FP-ATR-ASTRA1.2.0.2
2026-04-16 16:23:58,143 [WARN] PackLoader:240 - Cannot read IP mode file for STMicroelectronics.X-CUBE-SMBUS.2.1.0
2026-04-16 16:23:58,146 [WARN] PackLoader:240 - Cannot read IP mode file for STMicroelectronics.X-CUBE-ST60.1.0.0
2026-04-16 16:23:58,159 [WARN] PackLoader:240 - Cannot read IP mode file for STMicroelectronics.X-CUBE-AZRTOS-F7.1.1.0
2026-04-16 16:23:58,163 [WARN] PackLoader:240 - Cannot read IP mode file for Cesanta.I-CUBE-Mongoose.7.19.0
2026-04-16 16:23:58,167 [WARN] PackLoader:240 - Cannot read IP mode file for STMicroelectronics.FP-SNS-MOTENV1.5.1.0
2026-04-16 16:23:58,174 [WARN] PackLoader:240 - Cannot read IP mode file for WES.I-CUBE-Cesium.1.4.0
2026-04-16 16:23:58,192 [WARN] PackLoader:240 - Cannot read IP mode file for Infineon.AIROC-Wi-Fi-Bluetooth-STM32.1.7.1
2026-04-16 16:23:58,212 [WARN] PackLoader:240 - Cannot read IP mode file for STMicroelectronics.X-CUBE-AZRTOS-H7.3.4.0
2026-04-16 16:23:58,221 [WARN] PackLoader:240 - Cannot read IP mode file for STMicroelectronics.X-CUBE-DISPLAY.3.0.0
2026-04-16 16:23:58,226 [WARN] PackLoader:240 - Cannot read IP mode file for STMicroelectronics.FP-SNS-MOTENVWB1.1.5.0
2026-04-16 16:23:58,232 [WARN] PackLoader:240 - Cannot read IP mode file for STMicroelectronics.X-CUBE-NFC10.1.0.0
2026-04-16 16:23:58,238 [WARN] PackLoader:240 - Cannot read IP mode file for STMicroelectronics.X-CUBE-ST60.1.1.0
2026-04-16 16:23:58,243 [WARN] PackLoader:240 - Cannot read IP mode file for emotas.I-CUBE-CANOPEN.1.3.0
2026-04-16 16:23:58,247 [WARN] PackLoader:240 - Cannot read IP mode file for STMicroelectronics.X-CUBE-GNSS1.7.1.0
2026-04-16 16:23:58,252 [WARN] PackLoader:240 - Cannot read IP mode file for STMicroelectronics.FP-SNS-SMARTAG2.1.2.0
2026-04-16 16:23:58,255 [WARN] PackLoader:240 - Cannot read IP mode file for STMicroelectronics.FP-SNS-FLIGHT1.5.1.0
2026-04-16 16:23:58,260 [INFO] LogOutputStream:77 - [STDOUT_REDIRECT] 1 : Invalid condition id : UX_CORESTACK_Condition cause : null
2026-04-16 16:23:58,261 [INFO] LogOutputStream:77 - [STDOUT_REDIRECT] 1 : Invalid condition id : UX_CORESTACK_Condition cause : null
2026-04-16 16:23:58,261 [INFO] LogOutputStream:77 - [STDOUT_REDIRECT] 1 : Invalid condition id : UX_CORESTACK_Condition cause : null
2026-04-16 16:23:58,261 [INFO] LogOutputStream:77 - [STDOUT_REDIRECT] 1 : Invalid condition id : UX_CORESTACK_Condition cause : null
2026-04-16 16:23:58,261 [INFO] LogOutputStream:77 - [STDOUT_REDIRECT] 1 : Invalid condition id : UX_CORESTACK_Condition cause : null
2026-04-16 16:23:58,263 [WARN] PackLoader:240 - Cannot read IP mode file for STMicroelectronics.X-CUBE-AZRTOS-WL.2.0.0
2026-04-16 16:23:58,267 [WARN] PackLoader:240 - Cannot read IP mode file for STMicroelectronics.FP-SNS-MOTENV1.5.0.0
2026-04-16 16:23:58,280 [WARN] PackLoader:240 - Cannot read IP mode file for STMicroelectronics.X-CUBE-AZRTOS-H7RS.1.2.0
2026-04-16 16:23:58,286 [WARN] PackLoader:240 - Cannot read IP mode file for STMicroelectronics.X-CUBE-BLE2.3.3.0
2026-04-16 16:23:58,301 [WARN] PackLoader:240 - Cannot read IP mode file for STMicroelectronics.X-CUBE-NFC9.1.0.0
2026-04-16 16:23:58,305 [WARN] PackLoader:240 - Cannot read IP mode file for wolfSSL.I-CUBE-wolfSSL.5.8.2
2026-04-16 16:23:58,308 [WARN] PackLoader:240 - Cannot read IP mode file for STMicroelectronics.X-CUBE-BLE1.7.1.0
2026-04-16 16:23:58,310 [WARN] PackLoader:240 - Cannot read IP mode file for wolfSSL.I-CUBE-wolfMQTT.1.19.2
2026-04-16 16:23:58,315 [WARN] PackLoader:240 - Cannot read IP mode file for STMicroelectronics.X-CUBE-FREERTOS.1.4.0
2026-04-16 16:23:58,318 [WARN] PackLoader:240 - Cannot read IP mode file for STMicroelectronics.X-CUBE-EEPRMA1.5.2.0
2026-04-16 16:23:58,323 [WARN] PackLoader:240 - Cannot read IP mode file for STMicroelectronics.X-CUBE-ST67W61.1.1.0
2026-04-16 16:23:58,363 [WARN] PackLoader:240 - Cannot read IP mode file for STMicroelectronics.X-CUBE-MEMS1.12.0.0
2026-04-16 16:23:58,480 [WARN] PackLoader:240 - Cannot read IP mode file for STMicroelectronics.X-CUBE-AZRTOS-G0.1.1.0
2026-04-16 16:23:58,485 [WARN] PackLoader:240 - Cannot read IP mode file for STMicroelectronics.X-CUBE-SAFEA1.1.2.2
2026-04-16 16:23:58,489 [WARN] PackLoader:240 - Cannot read IP mode file for STMicroelectronics.X-CUBE-NFC4.3.0.0
2026-04-16 16:23:58,494 [WARN] PackLoader:240 - Cannot read IP mode file for EmbeddedOffice.I-CUBE-FS-RTOS.1.0.1
2026-04-16 16:23:58,497 [WARN] PackLoader:240 - Cannot read IP mode file for STMicroelectronics.X-CUBE-WB05N.2.0.0
2026-04-16 16:23:58,499 [WARN] PackLoader:240 - Cannot read IP mode file for wolfSSL.I-CUBE-wolfTPM.3.8.0
2026-04-16 16:23:58,502 [WARN] PackLoader:240 - Cannot read IP mode file for STMicroelectronics.X-CUBE-TCPP.4.2.0
2026-04-16 16:23:58,505 [WARN] PackLoader:240 - Cannot read IP mode file for RealThread.X-CUBE-RT-Thread_Nano.4.1.1
2026-04-16 16:23:58,508 [WARN] PackLoader:240 - Cannot read IP mode file for STMicroelectronics.FP-ATR-SIGFOX1.3.2.0
2026-04-16 16:23:58,510 [WARN] PackLoader:240 - Cannot read IP mode file for STMicroelectronics.X-CUBE-FREERTOS.1.5.0
2026-04-16 16:23:58,513 [WARN] PackLoader:240 - Cannot read IP mode file for ITTIA_DB.I-CUBE-ITTIADB.8.9.0
2026-04-16 16:23:58,516 [WARN] PackLoader:240 - Cannot read IP mode file for STMicroelectronics.X-CUBE-NFC6.3.2.0
2026-04-16 16:23:58,534 [WARN] PackLoader:240 - Cannot read IP mode file for SEGGER.I-CUBE-embOS.1.3.1
2026-04-16 16:23:58,565 [WARN] PackLoader:240 - Cannot read IP mode file for STMicroelectronics.X-CUBE-ALGOBUILD.1.4.0
2026-04-16 16:23:58,596 [WARN] PackLoader:240 - Cannot read IP mode file for STMicroelectronics.X-CUBE-MEMS1.11.3.0
2026-04-16 16:23:58,660 [WARN] PackLoader:240 - Cannot read IP mode file for STMicroelectronics.X-CUBE-PM33A1.1.0.0
2026-04-16 16:23:58,669 [WARN] PackLoader:240 - Cannot read IP mode file for STMicroelectronics.X-CUBE-AZRTOS-F4.1.1.0
2026-04-16 16:23:58,672 [WARN] PackLoader:240 - Cannot read IP mode file for STMicroelectronics.X-CUBE-ISPU.2.1.0
2026-04-16 16:23:58,680 [WARN] PackLoader:240 - Cannot read IP mode file for STMicroelectronics.X-CUBE-IPS.3.2.0
2026-04-16 16:23:58,684 [WARN] PackLoader:240 - Cannot read IP mode file for STMicroelectronics.eDS-WB_DPC_TT-BIDIR.2.1.1
2026-04-16 16:23:58,688 [WARN] PackLoader:240 - Cannot read IP mode file for STMicroelectronics.X-CUBE-NFC12.1.0.0
2026-04-16 16:23:58,696 [WARN] PackLoader:240 - Cannot read IP mode file for STMicroelectronics.X-CUBE-AZRTOS-L5.2.0.0
2026-04-16 16:23:58,701 [WARN] PackLoader:240 - Cannot read IP mode file for STMicroelectronics.X-CUBE-NFC6.3.1.0
2026-04-16 16:23:58,704 [WARN] PackLoader:240 - Cannot read IP mode file for STMicroelectronics.eDS-WB_DPC_VIENNA.1.2.0
2026-04-16 16:23:58,706 [WARN] PackLoader:240 - Cannot read IP mode file for STMicroelectronics.eDS-WB_DPC_3PH2L-BIDIR.1.1.1
2026-04-16 16:23:58,708 [WARN] PackLoader:240 - Cannot read IP mode file for STMicroelectronics.X-CUBE-FREERTOS.1.3.1
2026-04-16 16:23:58,711 [WARN] PackLoader:240 - Cannot read IP mode file for STMicroelectronics.X-CUBE-TOUCHGFX.4.26.0
2026-04-16 16:23:58,713 [WARN] PackLoader:240 - Cannot read IP mode file for STMicroelectronics.X-CUBE-TOUCHGFX.4.26.1
2026-04-16 16:23:58,715 [WARN] PackLoader:240 - Cannot read IP mode file for STMicroelectronics.X-CUBE-DPower.1.3.0
2026-04-16 16:23:58,729 [WARN] ConditionMgr:438 - getConditionDescription Invalid condition id : LAN8742 Phy interface Condition cause : null
2026-04-16 16:23:58,729 [WARN] PackLoader:240 - Cannot read IP mode file for STMicroelectronics.X-CUBE-AZRTOS-L4.2.0.0
2026-04-16 16:23:58,730 [WARN] ConditionMgr:1044 - genDependencies : Invalid condition id : LAN8742 Phy interface Condition cause : null
2026-04-16 16:23:58,730 [WARN] ConditionMgr:1044 - genDependencies : Invalid condition id : LAN8742 Phy interface Condition cause : null
2026-04-16 16:23:58,730 [WARN] ConditionMgr:1044 - genDependencies : Invalid condition id : LAN8742 Phy interface Condition cause : null
2026-04-16 16:23:58,734 [WARN] PackLoader:240 - Cannot read IP mode file for STMicroelectronics.X-CUBE-SFXS2LP1.4.0.0
2026-04-16 16:23:58,738 [WARN] PackLoader:240 - Cannot read IP mode file for STMicroelectronics.X-CUBE-WB05N.2.1.0
2026-04-16 16:23:58,741 [WARN] PackLoader:240 - Cannot read IP mode file for STMicroelectronics.X-CUBE-ST67W61.1.2.0
2026-04-16 16:23:58,747 [WARN] PackLoader:240 - Cannot read IP mode file for STMicroelectronics.X-CUBE-BLEMGR.4.1.0
2026-04-16 16:23:58,755 [WARN] ConditionMgr:438 - getConditionDescription Invalid condition id : UX DEVICE CLASS RTOS Condition cause : null
2026-04-16 16:23:58,755 [WARN] ConditionMgr:438 - getConditionDescription Invalid condition id : UX DEVICE CLASS RTOS Condition cause : null
2026-04-16 16:23:58,756 [WARN] PackLoader:240 - Cannot read IP mode file for STMicroelectronics.X-CUBE-AZRTOS-WB.2.0.0
2026-04-16 16:23:58,757 [WARN] ConditionMgr:1044 - genDependencies : Invalid condition id : UX DEVICE CLASS RTOS Condition cause : null
2026-04-16 16:23:58,757 [WARN] ConditionMgr:1044 - genDependencies : Invalid condition id : UX DEVICE CLASS RTOS Condition cause : null
2026-04-16 16:23:58,757 [WARN] ConditionMgr:1044 - genDependencies : Invalid condition id : UX DEVICE CLASS RTOS Condition cause : null
2026-04-16 16:23:58,757 [WARN] ConditionMgr:1044 - genDependencies : Invalid condition id : UX DEVICE CLASS RTOS Condition cause : null
2026-04-16 16:23:58,757 [WARN] ConditionMgr:1044 - genDependencies : Invalid condition id : UX DEVICE CLASS RTOS Condition cause : null
2026-04-16 16:23:58,761 [WARN] PackLoader:240 - Cannot read IP mode file for STMicroelectronics.X-CUBE-GNSS1.7.0.1
2026-04-16 16:23:58,764 [WARN] ConditionMgr:438 - getConditionDescription Invalid condition id : Cortex-A Device cause : null
2026-04-16 16:23:58,770 [WARN] ConditionMgr:1044 - genDependencies : Invalid condition id : Cortex-A Device cause : null
2026-04-16 16:23:58,770 [WARN] ConditionMgr:1044 - genDependencies : Invalid condition id : Cortex-A Device cause : null
2026-04-16 16:23:58,770 [WARN] ConditionMgr:1044 - genDependencies : Invalid condition id : Cortex-A Device cause : null
2026-04-16 16:23:58,773 [WARN] PackLoader:240 - Cannot read IP mode file for STMicroelectronics.X-CUBE-STSE01.2.0.0
2026-04-16 16:23:58,779 [WARN] PackLoader:240 - Cannot read IP mode file for STMicroelectronics.X-CUBE-SUBG2.5.0.0
2026-04-16 16:23:58,790 [WARN] PackLoader:240 - Cannot read IP mode file for STMicroelectronics.X-CUBE-AZRTOS-H7RS.1.1.0
2026-04-16 16:23:58,799 [WARN] PackLoader:240 - Cannot read IP mode file for STMicroelectronics.X-CUBE-AZRTOS-G4.2.0.0
2026-04-16 16:23:58,802 [WARN] PackLoader:240 - Cannot read IP mode file for wolfSSL.I-CUBE-wolfSSH.1.4.20
2026-04-16 16:23:58,804 [WARN] PackLoader:240 - Cannot read IP mode file for STMicroelectronics.X-CUBE-NFC7.2.0.0
2026-04-16 16:23:58,807 [WARN] PackLoader:240 - Cannot read IP mode file for STMicroelectronics.X-CUBE-ALS.1.0.2
2026-04-16 16:23:58,812 [WARN] PackLoader:240 - Cannot read IP mode file for STMicroelectronics.X-CUBE-STSE01.1.0.0
2026-04-16 16:23:58,819 [WARN] PackLoader:240 - Cannot read IP mode file for STMicroelectronics.X-CUBE-TOF1.3.4.3
2026-04-16 16:23:58,824 [INFO] ThirdParty:978 - Integrity check success = true
2026-04-16 16:23:58,825 [INFO] IntegrityCheckThread:100 - exiting critical section [integrity check]
2026-04-16 16:23:58,825 [INFO] IntegrityCheckThread:103 - End integrity checks thread
2026-04-16 16:25:20,944 [ERROR] LogOutputStream:75 - [STDERR_REDIRECT] 
