2026-03-14 23:20:06,257 [INFO] Activator:176 - 


2026-03-14 23:20:06,260 [INFO] Activator:177 - !SESSION log4j initialized
2026-03-14 23:20:09,670 [INFO] LogOutputStream:77 - [STDOUT_REDIRECT] 
2026-03-14 23:20:10,508 [INFO] ApplicationProperties:184 - Using Application install path: /opt/st/stm32cubeide_1.19.0/plugins/com.st.stm32cube.common.mx_6.15.0.202507011659
2026-03-14 23:20:10,523 [INFO] DbMcusXml:78 - Set database path to: /opt/st/stm32cubeide_1.19.0/plugins/com.st.stm32cube.common.mx_6.15.0.202507011659//db//mcu/
2026-03-14 23:20:10,523 [INFO] ApiDb:274 - Set plugin database path to: /opt/st/stm32cubeide_1.19.0/plugins/com.st.stm32cube.common.mx_6.15.0.202507011659//db//plugins/boardmanager/
2026-03-14 23:20:10,523 [WARN] ApiDb:259 - Overriding images path with different value:  => /opt/st/stm32cubeide_1.19.0/plugins/com.st.stm32cube.common.mx_6.15.0.202507011659//db//plugins/mcufinder/images/
2026-03-14 23:20:10,528 [INFO] ApiDb:250 - Set database path to: /home/kamil/.stmcufinder/plugins/mcufinder//mcu/
2026-03-14 23:20:10,529 [INFO] DbMcusAds:125 - Set database path to: /home/kamil/.stmcufinder/plugins/mcufinder//mcu/
2026-03-14 23:20:10,531 [INFO] CrossReferenceDbSqlite:203 - Set database path to: /home/kamil/.stmcufinder/plugins/mcufinder//mcu/cs/
2026-03-14 23:20:10,605 [INFO] RulesReader:64 - Compatibility file has been processed (317 Rules)
2026-03-14 23:20:10,642 [INFO] DbMcusXml:78 - Set database path to: /opt/st/stm32cubeide_1.19.0/plugins/com.st.stm32cube.common.mx_6.15.0.202507011659//db//mcu/
2026-03-14 23:20:10,642 [INFO] ApiDb:274 - Set plugin database path to: /opt/st/stm32cubeide_1.19.0/plugins/com.st.stm32cube.common.mx_6.15.0.202507011659//db//plugins/boardmanager/
2026-03-14 23:20:10,642 [INFO] ApiDb:261 - Set plugin images path to: /opt/st/stm32cubeide_1.19.0/plugins/com.st.stm32cube.common.mx_6.15.0.202507011659//db//plugins/mcufinder/images/
2026-03-14 23:20:10,642 [WARN] DbFile:41 - Overriding database path with different value: /home/kamil/.stmcufinder/plugins/mcufinder/ => /home/kamil/.stmcufinder/plugins/mcufinder
2026-03-14 23:20:10,643 [INFO] ApiDb:250 - Set database path to: /home/kamil/.stmcufinder/plugins/mcufinder//mcu/
2026-03-14 23:20:10,643 [WARN] DbFile:41 - Overriding database path with different value: /home/kamil/.stmcufinder/plugins/mcufinder/ => /home/kamil/.stmcufinder/plugins/mcufinder
2026-03-14 23:20:10,643 [INFO] DbMcusAds:125 - Set database path to: /home/kamil/.stmcufinder/plugins/mcufinder//mcu/
2026-03-14 23:20:10,643 [WARN] DbFile:41 - Overriding database path with different value: /home/kamil/.stmcufinder/plugins/mcufinder/ => /home/kamil/.stmcufinder/plugins/mcufinder
2026-03-14 23:20:10,643 [WARN] DbFile:41 - Overriding database path with different value: /home/kamil/.stmcufinder/plugins/mcufinder/ => /home/kamil/.stmcufinder/plugins/mcufinder
2026-03-14 23:20:10,643 [INFO] CrossReferenceDbSqlite:203 - Set database path to: /home/kamil/.stmcufinder/plugins/mcufinder//mcu/cs/
2026-03-14 23:20:10,688 [INFO] MainPanel:274 - HeapMemory: 268435456
2026-03-14 23:20:10,766 [INFO] DbMcusXml:78 - Set database path to: /opt/st/stm32cubeide_1.19.0/plugins/com.st.stm32cube.common.mx_6.15.0.202507011659//db//mcu/
2026-03-14 23:20:10,766 [INFO] ApiDb:274 - Set plugin database path to: /opt/st/stm32cubeide_1.19.0/plugins/com.st.stm32cube.common.mx_6.15.0.202507011659//db//plugins/boardmanager/
2026-03-14 23:20:10,766 [INFO] ApiDb:261 - Set plugin images path to: /opt/st/stm32cubeide_1.19.0/plugins/com.st.stm32cube.common.mx_6.15.0.202507011659//db//plugins/mcufinder/images/
2026-03-14 23:20:10,766 [WARN] DbFile:41 - Overriding database path with different value: /home/kamil/.stmcufinder/plugins/mcufinder/ => /home/kamil/.stmcufinder/plugins/mcufinder
2026-03-14 23:20:10,766 [INFO] ApiDb:250 - Set database path to: /home/kamil/.stmcufinder/plugins/mcufinder//mcu/
2026-03-14 23:20:10,766 [WARN] DbFile:41 - Overriding database path with different value: /home/kamil/.stmcufinder/plugins/mcufinder/ => /home/kamil/.stmcufinder/plugins/mcufinder
2026-03-14 23:20:10,766 [INFO] DbMcusAds:125 - Set database path to: /home/kamil/.stmcufinder/plugins/mcufinder//mcu/
2026-03-14 23:20:10,766 [WARN] DbFile:41 - Overriding database path with different value: /home/kamil/.stmcufinder/plugins/mcufinder/ => /home/kamil/.stmcufinder/plugins/mcufinder
2026-03-14 23:20:10,766 [WARN] DbFile:41 - Overriding database path with different value: /home/kamil/.stmcufinder/plugins/mcufinder/ => /home/kamil/.stmcufinder/plugins/mcufinder
2026-03-14 23:20:10,766 [INFO] CrossReferenceDbSqlite:203 - Set database path to: /home/kamil/.stmcufinder/plugins/mcufinder//mcu/cs/
2026-03-14 23:20:10,775 [INFO] ApplicationProperties:184 - Using Application install path: /opt/st/stm32cubeide_1.19.0/plugins/com.st.stm32cube.common.mx_6.15.0.202507011659
2026-03-14 23:20:10,776 [INFO] PluginManage:196 - Search for loadable plugins [exclusion list=, ]
2026-03-14 23:20:10,777 [INFO] PluginManage:310 - Check plugin analytics
2026-03-14 23:20:10,855 [INFO] AnalyticsPlugin:253 - Accepted Software Licenses: 
2026-03-14 23:20:10,855 [INFO] AnalyticsPlugin:255 - Accepted CMSIS Pack Licenses: 
2026-03-14 23:20:10,855 [INFO] AnalyticsPlugin:257 - Accepted Firmware Licenses: FW.F4.1.28.0
2026-03-14 23:20:10,857 [INFO] PluginManage:359 - Loaded plugin analytics (category:tool,tabindex:-1)
2026-03-14 23:20:10,857 [INFO] PluginManage:310 - Check plugin cadmodel
2026-03-14 23:20:10,860 [INFO] CADModel:105 - Init CAD model plugin
2026-03-14 23:20:10,860 [INFO] PluginManage:359 - Loaded plugin cadmodel (category:power,tabindex:5)
2026-03-14 23:20:10,860 [INFO] PluginManage:310 - Check plugin clock
2026-03-14 23:20:10,866 [INFO] PluginManage:359 - Loaded plugin clock (category:base,tabindex:2)
2026-03-14 23:20:10,866 [INFO] PluginManage:310 - Check plugin ddr
2026-03-14 23:20:10,867 [INFO] PluginManage:359 - Loaded plugin ddr (category:tool,tabindex:6)
2026-03-14 23:20:10,867 [INFO] PluginManage:310 - Check plugin filemanager
2026-03-14 23:20:10,961 [INFO] PluginManage:359 - Loaded plugin filemanager (category:base,tabindex:10)
2026-03-14 23:20:10,961 [INFO] PluginManage:310 - Check plugin ipmanager
2026-03-14 23:20:10,965 [INFO] PluginManage:359 - Loaded plugin ipmanager (category:base,tabindex:5)
2026-03-14 23:20:10,965 [INFO] PluginManage:310 - Check plugin lpbam
2026-03-14 23:20:10,971 [INFO] PluginManage:359 - Loaded plugin lpbam (category:base,tabindex:0)
2026-03-14 23:20:10,971 [INFO] PluginManage:310 - Check plugin memorymap
2026-03-14 23:20:10,982 [INFO] PluginManage:359 - Loaded plugin memorymap (category:base,tabindex:4)
2026-03-14 23:20:10,982 [INFO] PluginManage:310 - Check plugin pinoutandconfiguration
2026-03-14 23:20:10,988 [INFO] PluginManage:359 - Loaded plugin pinoutandconfiguration (category:base,tabindex:1)
2026-03-14 23:20:10,989 [INFO] PluginManage:310 - Check plugin pinoutconfig
2026-03-14 23:20:11,049 [WARN] SupportedApi:132 - Cannot load RTOS API schema: s4s-elt-must-match.1: The content of 'definitions' must match (annotation?, (simpleType | complexType)?, (unique | key | keyref)*)). A problem was found starting at: attribute.
2026-03-14 23:20:11,155 [INFO] PluginManage:359 - Loaded plugin pinoutconfig (category:base,tabindex:0)
2026-03-14 23:20:11,155 [INFO] PluginManage:310 - Check plugin power
2026-03-14 23:20:11,163 [INFO] PluginManage:359 - Loaded plugin power (category:power,tabindex:4)
2026-03-14 23:20:11,163 [INFO] PluginManage:310 - Check plugin projectmanager
2026-03-14 23:20:11,175 [INFO] PluginManage:359 - Loaded plugin projectmanager (category:projectmanager,tabindex:4)
2026-03-14 23:20:11,175 [INFO] PluginManage:310 - Check plugin rif
2026-03-14 23:20:11,183 [INFO] PluginManage:359 - Loaded plugin rif (category:base,tabindex:3)
2026-03-14 23:20:11,183 [INFO] PluginManage:310 - Check plugin thirdparty
2026-03-14 23:20:11,273 [INFO] PluginManage:359 - Loaded plugin thirdparty (category:base,tabindex:-1)
2026-03-14 23:20:11,273 [WARN] IntegrityCheckThread:84 - waiting for thirdparty lock release [integrity check]
2026-03-14 23:20:11,273 [INFO] PluginManage:310 - Check plugin tools
2026-03-14 23:20:11,273 [INFO] IntegrityCheckThread:86 - entering critical section [integrity check]
2026-03-14 23:20:11,274 [INFO] ThirdPartyUpdaterWithRetryManager:70 - Updater plugin not ready yet. [1/15]
2026-03-14 23:20:11,275 [INFO] PluginManage:359 - Loaded plugin tools (category:base,tabindex:7)
2026-03-14 23:20:11,275 [INFO] PluginManage:310 - Check plugin tutovideos
2026-03-14 23:20:11,397 [INFO] PluginManage:359 - Loaded plugin tutovideos (category:base,tabindex:-1)
2026-03-14 23:20:11,397 [INFO] PluginManage:310 - Check plugin updater
2026-03-14 23:20:11,412 [INFO] PluginManage:359 - Loaded plugin updater (category:base,tabindex:12)
2026-03-14 23:20:11,412 [INFO] PluginManage:310 - Check plugin userauth
2026-03-14 23:20:11,415 [INFO] UserAuth:118 - Init User Auth plugin
2026-03-14 23:20:11,416 [INFO] PluginManage:359 - Loaded plugin userauth (category:base,tabindex:14)
2026-03-14 23:20:11,416 [INFO] PluginManage:283 - PluginManage : Loaded plugins [18]
2026-03-14 23:20:11,541 [INFO] PinOutPanel:1589 - setPackage(No Configuration,No Configuration)
2026-03-14 23:20:11,587 [INFO] CADModel:165 - CPN selected for project level
2026-03-14 23:20:11,587 [INFO] CADModel:114 - Register for checkConnection events
2026-03-14 23:20:11,594 [INFO] IPUIPlugin:80 - create IPUIPlugin
2026-03-14 23:20:11,594 [INFO] PluginManager:220 - loadIPPluginJar : add tracer_emb
2026-03-14 23:20:11,595 [INFO] IPUIPlugin:80 - create IPUIPlugin
2026-03-14 23:20:11,595 [INFO] PluginManager:220 - loadIPPluginJar : add radio
2026-03-14 23:20:11,599 [INFO] IPUIPlugin:80 - create IPUIPlugin
2026-03-14 23:20:11,599 [INFO] PluginManager:220 - loadIPPluginJar : add ddr_ctrl_phy
2026-03-14 23:20:11,603 [INFO] IPUIPlugin:80 - create IPUIPlugin
2026-03-14 23:20:11,604 [INFO] PluginManager:220 - loadIPPluginJar : add mdma
2026-03-14 23:20:11,606 [INFO] IPUIPlugin:80 - create IPUIPlugin
2026-03-14 23:20:11,606 [INFO] PluginManager:220 - loadIPPluginJar : add touchsensing
2026-03-14 23:20:11,607 [INFO] IPUIPlugin:80 - create IPUIPlugin
2026-03-14 23:20:11,607 [INFO] PluginManager:220 - loadIPPluginJar : add ucpd
2026-03-14 23:20:11,612 [INFO] IPUIPlugin:80 - create IPUIPlugin
2026-03-14 23:20:11,613 [INFO] PluginManager:220 - loadIPPluginJar : add plateformsettings
2026-03-14 23:20:11,616 [INFO] IPUIPlugin:80 - create IPUIPlugin
2026-03-14 23:20:11,616 [INFO] PluginManager:220 - loadIPPluginJar : add ipddr
2026-03-14 23:20:11,619 [INFO] IPUIPlugin:80 - create IPUIPlugin
2026-03-14 23:20:11,619 [INFO] PluginManager:220 - loadIPPluginJar : add resmgrutility
2026-03-14 23:20:11,620 [INFO] IPUIPlugin:80 - create IPUIPlugin
2026-03-14 23:20:11,620 [INFO] PluginManager:220 - loadIPPluginJar : add ts
2026-03-14 23:20:11,622 [INFO] IPUIPlugin:80 - create IPUIPlugin
2026-03-14 23:20:11,622 [INFO] PluginManager:220 - loadIPPluginJar : add dma3
2026-03-14 23:20:11,623 [INFO] IPUIPlugin:80 - create IPUIPlugin
2026-03-14 23:20:11,623 [INFO] PluginManager:220 - loadIPPluginJar : add openamp
2026-03-14 23:20:11,625 [INFO] IPUIPlugin:80 - create IPUIPlugin
2026-03-14 23:20:11,625 [INFO] PluginManager:220 - loadIPPluginJar : add opamp
2026-03-14 23:20:11,626 [INFO] IPUIPlugin:80 - create IPUIPlugin
2026-03-14 23:20:11,626 [INFO] PluginManager:220 - loadIPPluginJar : add pdm2pcm
2026-03-14 23:20:11,628 [INFO] IPUIPlugin:80 - create IPUIPlugin
2026-03-14 23:20:11,628 [INFO] PluginManager:220 - loadIPPluginJar : add gfxmmu
2026-03-14 23:20:11,629 [INFO] IPUIPlugin:80 - create IPUIPlugin
2026-03-14 23:20:11,629 [INFO] PluginManager:220 - loadIPPluginJar : add aes
2026-03-14 23:20:11,631 [INFO] IPUIPlugin:80 - create IPUIPlugin
2026-03-14 23:20:11,631 [INFO] PluginManager:220 - loadIPPluginJar : add gtzc
2026-03-14 23:20:11,633 [INFO] IPUIPlugin:80 - create IPUIPlugin
2026-03-14 23:20:11,633 [INFO] PluginManager:220 - loadIPPluginJar : add sai
2026-03-14 23:20:11,634 [INFO] IPUIPlugin:80 - create IPUIPlugin
2026-03-14 23:20:11,634 [INFO] PluginManager:220 - loadIPPluginJar : add tsc
2026-03-14 23:20:11,636 [INFO] IPUIPlugin:80 - create IPUIPlugin
2026-03-14 23:20:11,637 [INFO] PluginManager:220 - loadIPPluginJar : add usbx
2026-03-14 23:20:11,638 [INFO] IPUIPlugin:80 - create IPUIPlugin
2026-03-14 23:20:11,638 [INFO] PluginManager:220 - loadIPPluginJar : add can
2026-03-14 23:20:11,640 [INFO] IPUIPlugin:80 - create IPUIPlugin
2026-03-14 23:20:11,640 [INFO] PluginManager:220 - loadIPPluginJar : add i2c
2026-03-14 23:20:11,642 [INFO] IPUIPlugin:80 - create IPUIPlugin
2026-03-14 23:20:11,642 [INFO] PluginManager:220 - loadIPPluginJar : add lorawan
2026-03-14 23:20:11,644 [INFO] IPUIPlugin:80 - create IPUIPlugin
2026-03-14 23:20:11,644 [INFO] PluginManager:220 - loadIPPluginJar : add spi
2026-03-14 23:20:11,650 [INFO] IPUIPlugin:80 - create IPUIPlugin
2026-03-14 23:20:11,650 [INFO] PluginManager:220 - loadIPPluginJar : add linkedlist
2026-03-14 23:20:11,654 [INFO] IPUIPlugin:80 - create IPUIPlugin
2026-03-14 23:20:11,654 [INFO] PluginManager:220 - loadIPPluginJar : add fmc
2026-03-14 23:20:11,657 [INFO] IPUIPlugin:80 - create IPUIPlugin
2026-03-14 23:20:11,657 [INFO] PluginManager:220 - loadIPPluginJar : add i3c
2026-03-14 23:20:11,658 [INFO] IPUIPlugin:80 - create IPUIPlugin
2026-03-14 23:20:11,658 [INFO] PluginManager:220 - loadIPPluginJar : add ltdc
2026-03-14 23:20:11,664 [INFO] IPUIPlugin:80 - create IPUIPlugin
2026-03-14 23:20:11,664 [INFO] PluginManager:220 - loadIPPluginJar : add dma
2026-03-14 23:20:11,669 [INFO] IPUIPlugin:80 - create IPUIPlugin
2026-03-14 23:20:11,669 [INFO] PluginManager:220 - loadIPPluginJar : add freertos
2026-03-14 23:20:11,671 [INFO] IPUIPlugin:80 - create IPUIPlugin
2026-03-14 23:20:11,671 [INFO] PluginManager:220 - loadIPPluginJar : add hash
2026-03-14 23:20:11,676 [INFO] IPUIPlugin:80 - create IPUIPlugin
2026-03-14 23:20:11,676 [INFO] PluginManager:220 - loadIPPluginJar : add adc
2026-03-14 23:20:11,678 [INFO] IPUIPlugin:80 - create IPUIPlugin
2026-03-14 23:20:11,678 [INFO] PluginManager:220 - loadIPPluginJar : add usart
2026-03-14 23:20:11,682 [INFO] IPUIPlugin:80 - create IPUIPlugin
2026-03-14 23:20:11,682 [INFO] PluginManager:220 - loadIPPluginJar : add stm32_wpan
2026-03-14 23:20:11,683 [INFO] IPUIPlugin:80 - create IPUIPlugin
2026-03-14 23:20:11,683 [INFO] PluginManager:220 - loadIPPluginJar : add genericplugin
2026-03-14 23:20:11,685 [INFO] IPUIPlugin:80 - create IPUIPlugin
2026-03-14 23:20:11,685 [INFO] PluginManager:220 - loadIPPluginJar : add gpio
2026-03-14 23:20:11,687 [INFO] IPUIPlugin:80 - create IPUIPlugin
2026-03-14 23:20:11,687 [INFO] PluginManager:220 - loadIPPluginJar : add nvic
2026-03-14 23:20:11,689 [INFO] IPUIPlugin:80 - create IPUIPlugin
2026-03-14 23:20:11,689 [INFO] PluginManager:220 - loadIPPluginJar : add dfsdm
2026-03-14 23:20:11,689 [INFO] IPUIPlugin:80 - create IPUIPlugin
2026-03-14 23:20:11,689 [INFO] PluginManager:220 - loadIPPluginJar : add fatfs
2026-03-14 23:20:11,690 [INFO] IPUIPlugin:80 - create IPUIPlugin
2026-03-14 23:20:11,690 [INFO] PluginManager:220 - loadIPPluginJar : add comp
2026-03-14 23:20:11,691 [INFO] IPUIPlugin:80 - create IPUIPlugin
2026-03-14 23:20:11,691 [INFO] PluginManager:220 - loadIPPluginJar : add i2s
2026-03-14 23:20:11,692 [INFO] IPUIPlugin:80 - create IPUIPlugin
2026-03-14 23:20:11,693 [INFO] PluginManager:220 - loadIPPluginJar : add cryp
2026-03-14 23:20:11,693 [INFO] IPUIPlugin:80 - create IPUIPlugin
2026-03-14 23:20:11,693 [INFO] PluginManager:220 - loadIPPluginJar : add quadspi
2026-03-14 23:20:11,696 [INFO] IPUIPlugin:80 - create IPUIPlugin
2026-03-14 23:20:11,696 [INFO] PluginManager:220 - loadIPPluginJar : add gic
2026-03-14 23:20:11,697 [INFO] IPUIPlugin:80 - create IPUIPlugin
2026-03-14 23:20:11,697 [INFO] PluginManager:220 - loadIPPluginJar : add tim
2026-03-14 23:20:11,699 [INFO] IPUIPlugin:80 - create IPUIPlugin
2026-03-14 23:20:11,699 [INFO] PluginManager:220 - loadIPPluginJar : add extmemmanager
2026-03-14 23:20:11,787 [FATAL] Updater:351 - Updater called before beeing initialized
2026-03-14 23:20:11,806 [INFO] RulesReader:64 - Compatibility file has been processed (317 Rules)
2026-03-14 23:20:11,816 [INFO] RulesReader:64 - Compatibility file has been processed (317 Rules)
2026-03-14 23:20:11,821 [INFO] CADModel:165 - CPN selected for project level
2026-03-14 23:20:11,821 [INFO] CADModel:114 - Register for checkConnection events
2026-03-14 23:20:11,821 [FATAL] Updater:351 - Updater called before beeing initialized
2026-03-14 23:20:11,821 [ERROR] CADModel:125 - Updater not yet initialized, retry later 
2026-03-14 23:20:11,907 [FATAL] Updater:351 - Updater called before beeing initialized
2026-03-14 23:20:11,908 [INFO] CADModel:165 - CPN selected for project level
2026-03-14 23:20:11,908 [INFO] CADModel:114 - Register for checkConnection events
2026-03-14 23:20:11,908 [FATAL] Updater:351 - Updater called before beeing initialized
2026-03-14 23:20:11,909 [ERROR] CADModel:125 - Updater not yet initialized, retry later 
2026-03-14 23:20:11,910 [FATAL] Updater:351 - Updater called before beeing initialized
2026-03-14 23:20:11,966 [FATAL] Updater:351 - Updater called before beeing initialized
2026-03-14 23:20:11,969 [INFO] DbMcusAds:53 - JSON generation date=Wed Feb 18 15:32:49 CET 2026 (1771425169371)
2026-03-14 23:20:11,970 [FATAL] Updater:351 - Updater called before beeing initialized
2026-03-14 23:20:11,995 [WARN] DetailPanel:346 - Failed to get advertising image, set to default
2026-03-14 23:20:12,049 [FATAL] Updater:351 - Updater called before beeing initialized
2026-03-14 23:20:12,050 [FATAL] Updater:351 - Updater called before beeing initialized
2026-03-14 23:20:12,050 [FATAL] Updater:351 - Updater called before beeing initialized
2026-03-14 23:20:12,050 [WARN] DetailPanel:346 - Failed to get advertising image, set to default
2026-03-14 23:20:12,051 [FATAL] Updater:351 - Updater called before beeing initialized
2026-03-14 23:20:12,070 [ERROR] Updater:1198 - MainUpdater not yet initialized. External WinMGr cannot be set.
2026-03-14 23:20:12,071 [INFO] Updater:1134 - Updater Version found : 6.15.0
2026-03-14 23:20:12,082 [INFO] ApplicationProperties:184 - Using Application install path: /opt/st/stm32cubeide_1.19.0/plugins/com.st.stm32cube.common.mx_6.15.0.202507011659
2026-03-14 23:20:12,444 [INFO] MainUpdater:2872 - connection check result : 10
2026-03-14 23:20:12,445 [INFO] MainUpdater:289 - Updater Check For Update Now.
2026-03-14 23:20:12,445 [INFO] MicroXplorer:498 - Change Database Version : DB.6.0.150
2026-03-14 23:20:12,450 [INFO] McuFinderGlobals:63 - Set McuFinder mode to 2 (CubeIDE integrated)
2026-03-14 23:20:12,451 [INFO] UserAuth:487 - Internet connection configuration mode: 1
2026-03-14 23:20:12,471 [INFO] JxBrowserEngine:152 - Initiate JxBrowser Engine with user profile folder
2026-03-14 23:20:12,605 [INFO] CheckServerUpdateThread:120 - End of CheckServer Thread
2026-03-14 23:20:13,101 [INFO] WebApp:169 - Instantiating new browser for Auth
2026-03-14 23:20:13,586 [INFO] WebApp:463 - Apply proxy settings
2026-03-14 23:20:13,586 [INFO] WebApp:548 - Chromium requires no authentication
2026-03-14 23:20:13,591 [INFO] WebApp:491 - Direct internet connection detected
2026-03-14 23:20:13,604 [INFO] WebApp:900 - Register for checkConnection events
2026-03-14 23:20:13,604 [INFO] WebApp:463 - Apply proxy settings
2026-03-14 23:20:13,604 [INFO] WebApp:548 - Chromium requires no authentication
2026-03-14 23:20:13,604 [INFO] WebApp:491 - Direct internet connection detected
2026-03-14 23:20:13,679 [INFO] WebApp:225 - Starting web application
2026-03-14 23:20:13,680 [INFO] WebApp:593 - Web application path used /opt/st/stm32cubeide_1.19.0/plugins/com.st.stm32cube.common.mx_6.15.0.202507011659/db/plugins/mcufinder/reactClient1/index.html
2026-03-14 23:20:13,756 [INFO] UserAuth:487 - Internet connection configuration mode: 1
2026-03-14 23:20:13,944 [INFO] WebApp:191 - Connection restablished
2026-03-14 23:20:14,413 [WARN] PackLoader:240 - Cannot read IP mode file for STMicroelectronics.X-CUBE-AZRTOS-H7.3.5.0
2026-03-14 23:20:14,423 [WARN] PackLoader:240 - Cannot read IP mode file for STMicroelectronics.FP-SNS-MOTENVWB1.1.4.0
2026-03-14 23:20:14,428 [WARN] PackLoader:240 - Cannot read IP mode file for STMicroelectronics.FP-ATR-ASTRA1.2.0.2
2026-03-14 23:20:14,433 [WARN] PackLoader:240 - Cannot read IP mode file for STMicroelectronics.X-CUBE-SMBUS.2.1.0
2026-03-14 23:20:14,436 [WARN] PackLoader:240 - Cannot read IP mode file for STMicroelectronics.X-CUBE-ST60.1.0.0
2026-03-14 23:20:14,449 [WARN] PackLoader:240 - Cannot read IP mode file for STMicroelectronics.X-CUBE-AZRTOS-F7.1.1.0
2026-03-14 23:20:14,455 [WARN] PackLoader:240 - Cannot read IP mode file for Cesanta.I-CUBE-Mongoose.7.19.0
2026-03-14 23:20:14,459 [WARN] PackLoader:240 - Cannot read IP mode file for STMicroelectronics.FP-SNS-MOTENV1.5.1.0
2026-03-14 23:20:14,465 [WARN] PackLoader:240 - Cannot read IP mode file for WES.I-CUBE-Cesium.1.4.0
2026-03-14 23:20:14,482 [WARN] PackLoader:240 - Cannot read IP mode file for Infineon.AIROC-Wi-Fi-Bluetooth-STM32.1.7.1
2026-03-14 23:20:14,499 [WARN] PackLoader:240 - Cannot read IP mode file for STMicroelectronics.X-CUBE-AZRTOS-H7.3.4.0
2026-03-14 23:20:14,506 [WARN] PackLoader:240 - Cannot read IP mode file for STMicroelectronics.X-CUBE-DISPLAY.3.0.0
2026-03-14 23:20:14,513 [WARN] PackLoader:240 - Cannot read IP mode file for STMicroelectronics.FP-SNS-MOTENVWB1.1.5.0
2026-03-14 23:20:14,519 [WARN] PackLoader:240 - Cannot read IP mode file for STMicroelectronics.X-CUBE-NFC10.1.0.0
2026-03-14 23:20:14,525 [WARN] PackLoader:240 - Cannot read IP mode file for STMicroelectronics.X-CUBE-ST60.1.1.0
2026-03-14 23:20:14,528 [WARN] PackLoader:240 - Cannot read IP mode file for emotas.I-CUBE-CANOPEN.1.3.0
2026-03-14 23:20:14,532 [WARN] PackLoader:240 - Cannot read IP mode file for STMicroelectronics.X-CUBE-GNSS1.7.1.0
2026-03-14 23:20:14,543 [WARN] PackLoader:240 - Cannot read IP mode file for STMicroelectronics.FP-SNS-SMARTAG2.1.2.0
2026-03-14 23:20:14,546 [WARN] PackLoader:240 - Cannot read IP mode file for STMicroelectronics.FP-SNS-FLIGHT1.5.1.0
2026-03-14 23:20:14,556 [INFO] LogOutputStream:77 - [STDOUT_REDIRECT] 1 : Invalid condition id : UX_CORESTACK_Condition cause : null
2026-03-14 23:20:14,557 [INFO] LogOutputStream:77 - [STDOUT_REDIRECT] 1 : Invalid condition id : UX_CORESTACK_Condition cause : null
2026-03-14 23:20:14,557 [INFO] LogOutputStream:77 - [STDOUT_REDIRECT] 1 : Invalid condition id : UX_CORESTACK_Condition cause : null
2026-03-14 23:20:14,557 [INFO] LogOutputStream:77 - [STDOUT_REDIRECT] 1 : Invalid condition id : UX_CORESTACK_Condition cause : null
2026-03-14 23:20:14,558 [INFO] LogOutputStream:77 - [STDOUT_REDIRECT] 1 : Invalid condition id : UX_CORESTACK_Condition cause : null
2026-03-14 23:20:14,561 [WARN] PackLoader:240 - Cannot read IP mode file for STMicroelectronics.X-CUBE-AZRTOS-WL.2.0.0
2026-03-14 23:20:14,566 [WARN] PackLoader:240 - Cannot read IP mode file for STMicroelectronics.FP-SNS-MOTENV1.5.0.0
2026-03-14 23:20:14,581 [WARN] PackLoader:240 - Cannot read IP mode file for STMicroelectronics.X-CUBE-AZRTOS-H7RS.1.2.0
2026-03-14 23:20:14,588 [WARN] PackLoader:240 - Cannot read IP mode file for STMicroelectronics.X-CUBE-BLE2.3.3.0
2026-03-14 23:20:14,605 [WARN] PackLoader:240 - Cannot read IP mode file for STMicroelectronics.X-CUBE-NFC9.1.0.0
2026-03-14 23:20:14,610 [WARN] PackLoader:240 - Cannot read IP mode file for wolfSSL.I-CUBE-wolfSSL.5.8.2
2026-03-14 23:20:14,613 [WARN] PackLoader:240 - Cannot read IP mode file for STMicroelectronics.X-CUBE-BLE1.7.1.0
2026-03-14 23:20:14,616 [WARN] PackLoader:240 - Cannot read IP mode file for wolfSSL.I-CUBE-wolfMQTT.1.19.2
2026-03-14 23:20:14,621 [WARN] PackLoader:240 - Cannot read IP mode file for STMicroelectronics.X-CUBE-FREERTOS.1.4.0
2026-03-14 23:20:14,626 [WARN] PackLoader:240 - Cannot read IP mode file for STMicroelectronics.X-CUBE-EEPRMA1.5.2.0
2026-03-14 23:20:14,633 [WARN] PackLoader:240 - Cannot read IP mode file for STMicroelectronics.X-CUBE-ST67W61.1.1.0
2026-03-14 23:20:14,660 [WARN] PackLoader:240 - Cannot read IP mode file for STMicroelectronics.X-CUBE-MEMS1.12.0.0
2026-03-14 23:20:14,744 [WARN] PackLoader:240 - Cannot read IP mode file for STMicroelectronics.X-CUBE-AZRTOS-G0.1.1.0
2026-03-14 23:20:14,752 [WARN] PackLoader:240 - Cannot read IP mode file for STMicroelectronics.X-CUBE-SAFEA1.1.2.2
2026-03-14 23:20:14,756 [WARN] PackLoader:240 - Cannot read IP mode file for STMicroelectronics.X-CUBE-NFC4.3.0.0
2026-03-14 23:20:14,762 [WARN] PackLoader:240 - Cannot read IP mode file for EmbeddedOffice.I-CUBE-FS-RTOS.1.0.1
2026-03-14 23:20:14,766 [WARN] PackLoader:240 - Cannot read IP mode file for STMicroelectronics.X-CUBE-WB05N.2.0.0
2026-03-14 23:20:14,769 [WARN] PackLoader:240 - Cannot read IP mode file for wolfSSL.I-CUBE-wolfTPM.3.8.0
2026-03-14 23:20:14,773 [WARN] PackLoader:240 - Cannot read IP mode file for STMicroelectronics.X-CUBE-TCPP.4.2.0
2026-03-14 23:20:14,777 [WARN] PackLoader:240 - Cannot read IP mode file for RealThread.X-CUBE-RT-Thread_Nano.4.1.1
2026-03-14 23:20:14,781 [WARN] PackLoader:240 - Cannot read IP mode file for STMicroelectronics.FP-ATR-SIGFOX1.3.2.0
2026-03-14 23:20:14,786 [WARN] PackLoader:240 - Cannot read IP mode file for STMicroelectronics.X-CUBE-FREERTOS.1.5.0
2026-03-14 23:20:14,790 [WARN] PackLoader:240 - Cannot read IP mode file for ITTIA_DB.I-CUBE-ITTIADB.8.9.0
2026-03-14 23:20:14,795 [WARN] PackLoader:240 - Cannot read IP mode file for STMicroelectronics.X-CUBE-NFC6.3.2.0
2026-03-14 23:20:14,815 [WARN] PackLoader:240 - Cannot read IP mode file for SEGGER.I-CUBE-embOS.1.3.1
2026-03-14 23:20:14,877 [WARN] PackLoader:240 - Cannot read IP mode file for STMicroelectronics.X-CUBE-ALGOBUILD.1.4.0
2026-03-14 23:20:14,960 [WARN] PackLoader:240 - Cannot read IP mode file for STMicroelectronics.X-CUBE-MEMS1.11.3.0
2026-03-14 23:20:15,063 [WARN] PackLoader:240 - Cannot read IP mode file for STMicroelectronics.X-CUBE-PM33A1.1.0.0
2026-03-14 23:20:15,073 [WARN] PackLoader:240 - Cannot read IP mode file for STMicroelectronics.X-CUBE-AZRTOS-F4.1.1.0
2026-03-14 23:20:15,078 [WARN] PackLoader:240 - Cannot read IP mode file for STMicroelectronics.X-CUBE-ISPU.2.1.0
2026-03-14 23:20:15,086 [WARN] PackLoader:240 - Cannot read IP mode file for STMicroelectronics.X-CUBE-IPS.3.2.0
2026-03-14 23:20:15,095 [WARN] PackLoader:240 - Cannot read IP mode file for STMicroelectronics.X-CUBE-NFC12.1.0.0
2026-03-14 23:20:15,106 [WARN] PackLoader:240 - Cannot read IP mode file for STMicroelectronics.X-CUBE-AZRTOS-L5.2.0.0
2026-03-14 23:20:15,111 [WARN] PackLoader:240 - Cannot read IP mode file for STMicroelectronics.X-CUBE-NFC6.3.1.0
2026-03-14 23:20:15,116 [WARN] PackLoader:240 - Cannot read IP mode file for STMicroelectronics.X-CUBE-FREERTOS.1.3.1
2026-03-14 23:20:15,120 [WARN] PackLoader:240 - Cannot read IP mode file for STMicroelectronics.X-CUBE-TOUCHGFX.4.26.0
2026-03-14 23:20:15,122 [WARN] PackLoader:240 - Cannot read IP mode file for STMicroelectronics.X-CUBE-TOUCHGFX.4.26.1
2026-03-14 23:20:15,126 [WARN] PackLoader:240 - Cannot read IP mode file for STMicroelectronics.X-CUBE-DPower.1.3.0
2026-03-14 23:20:15,137 [WARN] ConditionMgr:438 - getConditionDescription Invalid condition id : LAN8742 Phy interface Condition cause : null
2026-03-14 23:20:15,137 [WARN] PackLoader:240 - Cannot read IP mode file for STMicroelectronics.X-CUBE-AZRTOS-L4.2.0.0
2026-03-14 23:20:15,138 [WARN] ConditionMgr:1044 - genDependencies : Invalid condition id : LAN8742 Phy interface Condition cause : null
2026-03-14 23:20:15,138 [WARN] ConditionMgr:1044 - genDependencies : Invalid condition id : LAN8742 Phy interface Condition cause : null
2026-03-14 23:20:15,138 [WARN] ConditionMgr:1044 - genDependencies : Invalid condition id : LAN8742 Phy interface Condition cause : null
2026-03-14 23:20:15,143 [WARN] PackLoader:240 - Cannot read IP mode file for STMicroelectronics.X-CUBE-SFXS2LP1.4.0.0
2026-03-14 23:20:15,148 [WARN] PackLoader:240 - Cannot read IP mode file for STMicroelectronics.X-CUBE-ST67W61.1.2.0
2026-03-14 23:20:15,155 [WARN] PackLoader:240 - Cannot read IP mode file for STMicroelectronics.X-CUBE-BLEMGR.4.1.0
2026-03-14 23:20:15,170 [WARN] ConditionMgr:438 - getConditionDescription Invalid condition id : UX DEVICE CLASS RTOS Condition cause : null
2026-03-14 23:20:15,170 [WARN] ConditionMgr:438 - getConditionDescription Invalid condition id : UX DEVICE CLASS RTOS Condition cause : null
2026-03-14 23:20:15,171 [WARN] PackLoader:240 - Cannot read IP mode file for STMicroelectronics.X-CUBE-AZRTOS-WB.2.0.0
2026-03-14 23:20:15,172 [WARN] ConditionMgr:1044 - genDependencies : Invalid condition id : UX DEVICE CLASS RTOS Condition cause : null
2026-03-14 23:20:15,172 [WARN] ConditionMgr:1044 - genDependencies : Invalid condition id : UX DEVICE CLASS RTOS Condition cause : null
2026-03-14 23:20:15,173 [WARN] ConditionMgr:1044 - genDependencies : Invalid condition id : UX DEVICE CLASS RTOS Condition cause : null
2026-03-14 23:20:15,173 [WARN] ConditionMgr:1044 - genDependencies : Invalid condition id : UX DEVICE CLASS RTOS Condition cause : null
2026-03-14 23:20:15,173 [WARN] ConditionMgr:1044 - genDependencies : Invalid condition id : UX DEVICE CLASS RTOS Condition cause : null
2026-03-14 23:20:15,177 [WARN] PackLoader:240 - Cannot read IP mode file for STMicroelectronics.X-CUBE-GNSS1.7.0.1
2026-03-14 23:20:15,179 [WARN] ConditionMgr:438 - getConditionDescription Invalid condition id : Cortex-A Device cause : null
2026-03-14 23:20:15,185 [WARN] ConditionMgr:1044 - genDependencies : Invalid condition id : Cortex-A Device cause : null
2026-03-14 23:20:15,185 [WARN] ConditionMgr:1044 - genDependencies : Invalid condition id : Cortex-A Device cause : null
2026-03-14 23:20:15,185 [WARN] ConditionMgr:1044 - genDependencies : Invalid condition id : Cortex-A Device cause : null
2026-03-14 23:20:15,189 [WARN] PackLoader:240 - Cannot read IP mode file for STMicroelectronics.X-CUBE-STSE01.2.0.0
2026-03-14 23:20:15,194 [WARN] PackLoader:240 - Cannot read IP mode file for STMicroelectronics.X-CUBE-SUBG2.5.0.0
2026-03-14 23:20:15,203 [WARN] PackLoader:240 - Cannot read IP mode file for STMicroelectronics.X-CUBE-AZRTOS-H7RS.1.1.0
2026-03-14 23:20:15,210 [WARN] PackLoader:240 - Cannot read IP mode file for STMicroelectronics.X-CUBE-AZRTOS-G4.2.0.0
2026-03-14 23:20:15,213 [WARN] PackLoader:240 - Cannot read IP mode file for wolfSSL.I-CUBE-wolfSSH.1.4.20
2026-03-14 23:20:15,215 [WARN] PackLoader:240 - Cannot read IP mode file for STMicroelectronics.X-CUBE-NFC7.2.0.0
2026-03-14 23:20:15,218 [WARN] PackLoader:240 - Cannot read IP mode file for STMicroelectronics.X-CUBE-ALS.1.0.2
2026-03-14 23:20:15,223 [WARN] PackLoader:240 - Cannot read IP mode file for STMicroelectronics.X-CUBE-STSE01.1.0.0
2026-03-14 23:20:15,230 [WARN] PackLoader:240 - Cannot read IP mode file for STMicroelectronics.X-CUBE-TOF1.3.4.3
2026-03-14 23:20:15,238 [INFO] ThirdParty:978 - Integrity check success = true
2026-03-14 23:20:15,238 [INFO] IntegrityCheckThread:100 - exiting critical section [integrity check]
2026-03-14 23:20:15,238 [INFO] IntegrityCheckThread:103 - End integrity checks thread
2026-03-14 23:22:05,846 [INFO] WebApp:194 - Connection lost
2026-03-14 23:22:05,979 [INFO] WebApp:191 - Connection restablished
2026-03-14 23:22:24,187 [INFO] WebApp:194 - Connection lost
2026-03-14 23:22:24,303 [INFO] WebApp:191 - Connection restablished
2026-03-14 23:23:45,511 [INFO] WebApp:194 - Connection lost
2026-03-14 23:23:45,637 [INFO] WebApp:191 - Connection restablished
2026-03-14 23:25:07,140 [INFO] WebApp:194 - Connection lost
2026-03-14 23:25:08,283 [INFO] WebApp:191 - Connection restablished
2026-03-14 23:31:13,733 [INFO] WebApp:194 - Connection lost
2026-03-14 23:31:13,873 [INFO] WebApp:191 - Connection restablished
2026-03-14 23:36:43,245 [INFO] WebApp:194 - Connection lost
2026-03-14 23:36:43,400 [INFO] WebApp:191 - Connection restablished
2026-03-14 23:37:32,668 [ERROR] LogOutputStream:75 - [STDERR_REDIRECT] SWT SessionManagerDBus: Failed to UnregisterClient: GDBus.Error:org.freedesktop.DBus.Error.NoReply: Message recipient disconnected from message bus without replying
2026-03-14 23:37:32,955 [ERROR] LogOutputStream:75 - [STDERR_REDIRECT] 
