../Core/Src/ICM20602.c:48:6:Print2Console	24	static
../Core/Src/ICM20602.c:58:6:Calibrate_GYRO	48	static
../Core/Src/ICM20602.c:83:6:ICM20602_Init	32	static
../Core/Src/ICM20602.c:129:6:I2C_Bus_Recover	56	static
../Core/Src/ICM20602.c:169:6:I2C_WatchdogCheck	8	static
../Core/Src/ICM20602.c:192:6:Read_data	16	static
../Core/Src/ICM20602.c:200:6:HAL_I2C_MemRxCpltCallback	24	static
../Core/Src/ICM20602.c:234:6:HAL_I2C_ErrorCallback	16	static
../Core/Src/ICM20602.c:244:6:CF_Init	16	static
../Core/Src/ICM20602.c:248:6:CF_Update	40	static
