../Drivers/CMSIS/Include/core_cm4.h:2064:26:uint32_t ITM_SendChar(uint32_t)	16	static,ignoring_inline_asm
../Core/Inc/ODrive/ODriveCAN.h:44:5:ODriveCAN::ODriveCAN(const ODriveCanIntfWrapper&, uint32_t)	24	static
../Core/Inc/ODrive_CubeIDE_glue.h:24:1:wrap_can_intf(CubeCANInterface&)::<lambda(void*, uint32_t, uint8_t, const uint8_t*)>	24	static
../Core/Inc/ODrive_CubeIDE_glue.h:24:1:static bool wrap_can_intf(CubeCANInterface&)::<lambda(void*, uint32_t, uint8_t, const uint8_t*)>::_FUN(void*, uint32_t, uint8_t, const uint8_t*)	32	static
../Core/Inc/ODrive_CubeIDE_glue.h:24:1:wrap_can_intf(CubeCANInterface&)::<lambda(void*, uint32_t, uint8_t, const uint8_t*)>::operator bool (*)(void*, uint32_t, uint8_t, const uint8_t*)() const	16	static
../Core/Inc/ODrive_CubeIDE_glue.h:24:1:wrap_can_intf(CubeCANInterface&)::<lambda(void*)>	16	static
../Core/Inc/ODrive_CubeIDE_glue.h:24:1:static void wrap_can_intf(CubeCANInterface&)::<lambda(void*)>::_FUN(void*)	16	static
../Core/Inc/ODrive_CubeIDE_glue.h:24:1:wrap_can_intf(CubeCANInterface&)::<lambda(void*)>::operator void (*)(void*)() const	16	static
../Core/Inc/ODrive_CubeIDE_glue.h:24:1:ODriveCanIntfWrapper wrap_can_intf(CubeCANInterface&)	24	static
../Core/Src/main.cpp:137:16:int _write(int, char*, int)	32	static
../Core/Src/main.cpp:154:6:void onHeartbeat(Heartbeat_msg_t&, void*)	24	static
../Core/Src/main.cpp:167:6:void onFeedback(Get_Encoder_Estimates_msg_t&, void*)	24	static
../Core/Src/main.cpp:190:5:int main()	8	static,ignoring_inline_asm
../Core/Src/main.cpp:452:6:void SystemClock_Config()	88	static
../Core/Src/main.cpp:506:13:void MX_CAN1_Init()	8	static
../Core/Src/main.cpp:546:13:void MX_I2C1_Init()	8	static
../Core/Src/main.cpp:580:13:void MX_TIM6_Init()	16	static
../Core/Src/main.cpp:618:13:void MX_USART2_UART_Init()	8	static
../Core/Src/main.cpp:654:13:void MX_GPIO_Init()	48	static
../Core/Src/main.cpp:691:6:void HAL_TIM_PeriodElapsedCallback(TIM_HandleTypeDef*)	16	static
../Core/Src/main.cpp:714:6:void Error_Handler()	4	static,ignoring_inline_asm
../Core/Src/main.cpp:729:1:void __static_initialization_and_destruction_0()	8	static
../Core/Src/main.cpp:729:1:cpp)	8	static
