22:58:39 **** Incremental Build of configuration Debug for project gimbal_second_try ****
make -j12 all 
arm-none-eabi-gcc "../Core/Src/main.c" -mcpu=cortex-m0 -std=gnu11 -g3 -DDEBUG -DSTM32F042x6 -DUSE_HAL_DRIVER -c -I../Core/Inc -I../Drivers/STM32F0xx_HAL_Driver/Inc -I../Drivers/CMSIS/Device/ST/STM32F0xx/Include -I../Drivers/CMSIS/Include -I../Drivers/STM32F0xx_HAL_Driver/Inc/Legacy -O0 -ffunction-sections -fdata-sections -Wall -fstack-usage -fcyclomatic-complexity -MMD -MP -MF"Core/Src/main.d" -MT"Core/Src/main.o" --specs=nano.specs -mfloat-abi=soft -mthumb -o "Core/Src/main.o"
arm-none-eabi-gcc -o "gimbal_second_try.elf" @"objects.list"   -mcpu=cortex-m0 -T"/home/kamil/STM32CubeIDE/workspace_1.19.0/gimbal_second_try/STM32F042K6TX_FLASH.ld" --specs=nosys.specs -Wl,-Map="gimbal_second_try.map" -Wl,--gc-sections -static --specs=nano.specs -mfloat-abi=soft -mthumb -Wl,--start-group -lc -lm -Wl,--end-group
Finished building target: gimbal_second_try.elf
 
arm-none-eabi-size  gimbal_second_try.elf 
arm-none-eabi-objdump -h -S gimbal_second_try.elf  > "gimbal_second_try.list"
   text	   data	    bss	    dec	    hex	filename
  29304	     92	   2276	  31672	   7bb8	gimbal_second_try.elf
Finished building: default.size.stdout
 
Finished building: gimbal_second_try.list
 

22:58:39 Build Finished. 0 errors, 0 warnings. (took 356ms)

