15:20:58 **** Incremental Build of configuration Debug for project STM32_Debug ****
make -j12 all 
arm-none-eabi-size  STM32_Debug.elf 
   text	   data	    bss	    dec	    hex	filename
  55732	    472	   2856	  59060	   e6b4	STM32_Debug.elf
Finished building: default.size.stdout
 
15:21:01 **** Incremental Build of configuration Debug for project STM32_Debug ****
make -j12 all 
arm-none-eabi-size  STM32_Debug.elf 
   text	   data	    bss	    dec	    hex	filename
  55732	    472	   2856	  59060	   e6b4	STM32_Debug.elf
Finished building: default.size.stdout
 
