11:28:46 **** Incremental Build of configuration Debug for project CAN_test ****
make -j12 all 
arm-none-eabi-gcc "../Core/Src/ICM20602.c" -mcpu=cortex-m4 -std=gnu11 -g3 -DDEBUG -DUSE_HAL_DRIVER -DSTM32F446xx -DUSE_FULL_LL_DRIVER -c -I../Core/Inc -I../Drivers/STM32F4xx_HAL_Driver/Inc -I../Drivers/STM32F4xx_HAL_Driver/Inc/Legacy -I../Drivers/CMSIS/Device/ST/STM32F4xx/Include -I../Drivers/CMSIS/Include -O0 -ffunction-sections -fdata-sections -Wall -fstack-usage -fcyclomatic-complexity -MMD -MP -MF"Core/Src/ICM20602.d" -MT"Core/Src/ICM20602.o" --specs=nano.specs -mfpu=fpv4-sp-d16 -mfloat-abi=hard -mthumb -o "Core/Src/ICM20602.o"
arm-none-eabi-g++ "../Core/Src/main.cpp" -mcpu=cortex-m4 -std=gnu++14 -g3 -DDEBUG -DUSE_HAL_DRIVER -DSTM32F446xx -DUSE_FULL_LL_DRIVER -c -I../Core/Inc -I../Drivers/STM32F4xx_HAL_Driver/Inc -I../Drivers/STM32F4xx_HAL_Driver/Inc/Legacy -I../Drivers/CMSIS/Device/ST/STM32F4xx/Include -I../Drivers/CMSIS/Include -O0 -ffunction-sections -fdata-sections -fno-exceptions -fno-rtti -fno-use-cxa-atexit -Wall -fstack-usage -fcyclomatic-complexity -MMD -MP -MF"Core/Src/main.d" -MT"Core/Src/main.o" --specs=nano.specs -mfpu=fpv4-sp-d16 -mfloat-abi=hard -mthumb -o "Core/Src/main.o"
../Core/Src/main.cpp:94:16: warning: 'position_enable' defined but not used [-Wunused-variable]
   94 | uint8_t static position_enable = 1;
      |                ^~~~~~~~~~~~~~~
../Core/Src/main.cpp:92:16: warning: 'send_pos' defined but not used [-Wunused-variable]
   92 | static uint8_t send_pos = 0;
      |                ^~~~~~~~
arm-none-eabi-g++ -o "CAN_test.elf" @"objects.list"   -mcpu=cortex-m4 -T"/home/kamil/STM32CubeIDE/workspace_1.19.0/CAN_test/STM32F446RETX_FLASH.ld" --specs=nosys.specs -Wl,-Map="CAN_test.map" -Wl,--gc-sections -static --specs=nano.specs -mfpu=fpv4-sp-d16 -mfloat-abi=hard -mthumb -u _printf_float -Wl,--start-group -lc -lm -lstdc++ -lsupc++ -Wl,--end-group
Finished building target: CAN_test.elf
 
arm-none-eabi-size  CAN_test.elf 
arm-none-eabi-objdump -h -S CAN_test.elf  > "CAN_test.list"
   text	   data	    bss	    dec	    hex	filename
  60772	    472	   3624	  64868	   fd64	CAN_test.elf
Finished building: default.size.stdout
 
Finished building: CAN_test.list
 
11:28:59 **** Incremental Build of configuration Debug for project CAN_test ****
make -j12 all 
arm-none-eabi-size  CAN_test.elf 
   text	   data	    bss	    dec	    hex	filename
  60772	    472	   3624	  64868	   fd64	CAN_test.elf
Finished building: default.size.stdout
 
