23:03:09 **** Incremental Build of configuration Debug for project STM32_Debug ****
make -j12 all 
arm-none-eabi-g++ "../Core/Src/main.cpp" -mcpu=cortex-m4 -std=gnu++14 -g3 -DDEBUG -DUSE_HAL_DRIVER -DSTM32F446xx -DUSE_FULL_LL_DRIVER -c -I../Core/Inc -I../Drivers/STM32F4xx_HAL_Driver/Inc -I../Drivers/STM32F4xx_HAL_Driver/Inc/Legacy -I../Drivers/CMSIS/Device/ST/STM32F4xx/Include -I../Drivers/CMSIS/Include -O0 -ffunction-sections -fdata-sections -fno-exceptions -fno-rtti -fno-use-cxa-atexit -Wall -fstack-usage -fcyclomatic-complexity -MMD -MP -MF"Core/Src/main.d" -MT"Core/Src/main.o" --specs=nano.specs -mfpu=fpv4-sp-d16 -mfloat-abi=hard -mthumb -o "Core/Src/main.o"
../Core/Src/main.cpp: In function 'int main()':
../Core/Src/main.cpp:444:33: warning: unused variable 'target_vel' [-Wunused-variable]
  444 |                           float target_vel = -gyro_y/360;
      |                                 ^~~~~~~~~~
../Core/Src/main.cpp:345:20: warning: variable 'loop_time' set but not used [-Wunused-but-set-variable]
  345 |           uint32_t loop_time;
      |                    ^~~~~~~~~
arm-none-eabi-g++ -o "STM32_Debug.elf" @"objects.list"   -mcpu=cortex-m4 -T"/home/kamil/STM32CubeIDE/workspace_1.19.0/STM32_Debug/STM32F446RETX_FLASH.ld" --specs=nosys.specs -Wl,-Map="STM32_Debug.map" -Wl,--gc-sections -static -u_printf_float --specs=nano.specs -mfpu=fpv4-sp-d16 -mfloat-abi=hard -mthumb -Wl,--start-group -lc -lm -lstdc++ -lsupc++ -Wl,--end-group
Finished building target: STM32_Debug.elf
 
arm-none-eabi-size  STM32_Debug.elf 
arm-none-eabi-objdump -h -S STM32_Debug.elf  > "STM32_Debug.list"
   text	   data	    bss	    dec	    hex	filename
  42724	    480	   2264	  45468	   b19c	STM32_Debug.elf
Finished building: default.size.stdout
 
Finished building: STM32_Debug.list
 
23:03:11 **** Incremental Build of configuration Debug for project STM32_Debug ****
make -j12 all 
arm-none-eabi-size  STM32_Debug.elf 
   text	   data	    bss	    dec	    hex	filename
  42724	    480	   2264	  45468	   b19c	STM32_Debug.elf
Finished building: default.size.stdout
 
10:42:35 **** Build of configuration Debug for project STM32_Debug ****
make -j12 all 
arm-none-eabi-size  STM32_Debug.elf 
   text	   data	    bss	    dec	    hex	filename
  42724	    480	   2264	  45468	   b19c	STM32_Debug.elf
Finished building: default.size.stdout
 
10:47:10 **** Incremental Build of configuration Debug for project STM32_Debug ****
make -j12 all 
arm-none-eabi-g++ "../Core/Src/main.cpp" -mcpu=cortex-m4 -std=gnu++14 -g3 -DDEBUG -DUSE_HAL_DRIVER -DSTM32F446xx -DUSE_FULL_LL_DRIVER -c -I../Core/Inc -I../Drivers/STM32F4xx_HAL_Driver/Inc -I../Drivers/STM32F4xx_HAL_Driver/Inc/Legacy -I../Drivers/CMSIS/Device/ST/STM32F4xx/Include -I../Drivers/CMSIS/Include -O0 -ffunction-sections -fdata-sections -fno-exceptions -fno-rtti -fno-use-cxa-atexit -Wall -fstack-usage -fcyclomatic-complexity -MMD -MP -MF"Core/Src/main.d" -MT"Core/Src/main.o" --specs=nano.specs -mfpu=fpv4-sp-d16 -mfloat-abi=hard -mthumb -o "Core/Src/main.o"
../Core/Src/main.cpp: In function 'int main()':
../Core/Src/main.cpp:444:33: warning: unused variable 'target_vel' [-Wunused-variable]
  444 |                           float target_vel = -gyro_y/360;
      |                                 ^~~~~~~~~~
../Core/Src/main.cpp:345:20: warning: variable 'loop_time' set but not used [-Wunused-but-set-variable]
  345 |           uint32_t loop_time;
      |                    ^~~~~~~~~
arm-none-eabi-g++ -o "STM32_Debug.elf" @"objects.list"   -mcpu=cortex-m4 -T"/home/kamil/STM32CubeIDE/workspace_1.19.0/STM32_Debug/STM32F446RETX_FLASH.ld" --specs=nosys.specs -Wl,-Map="STM32_Debug.map" -Wl,--gc-sections -static -u_printf_float --specs=nano.specs -mfpu=fpv4-sp-d16 -mfloat-abi=hard -mthumb -Wl,--start-group -lc -lm -lstdc++ -lsupc++ -Wl,--end-group
Finished building target: STM32_Debug.elf
 
arm-none-eabi-size  STM32_Debug.elf 
arm-none-eabi-objdump -h -S STM32_Debug.elf  > "STM32_Debug.list"
   text	   data	    bss	    dec	    hex	filename
  42700	    480	   2264	  45444	   b184	STM32_Debug.elf
Finished building: default.size.stdout
 
Finished building: STM32_Debug.list
 
10:48:24 **** Incremental Build of configuration Debug for project STM32_Debug ****
make -j12 all 
arm-none-eabi-g++ "../Core/Src/main.cpp" -mcpu=cortex-m4 -std=gnu++14 -g3 -DDEBUG -DUSE_HAL_DRIVER -DSTM32F446xx -DUSE_FULL_LL_DRIVER -c -I../Core/Inc -I../Drivers/STM32F4xx_HAL_Driver/Inc -I../Drivers/STM32F4xx_HAL_Driver/Inc/Legacy -I../Drivers/CMSIS/Device/ST/STM32F4xx/Include -I../Drivers/CMSIS/Include -O0 -ffunction-sections -fdata-sections -fno-exceptions -fno-rtti -fno-use-cxa-atexit -Wall -fstack-usage -fcyclomatic-complexity -MMD -MP -MF"Core/Src/main.d" -MT"Core/Src/main.o" --specs=nano.specs -mfpu=fpv4-sp-d16 -mfloat-abi=hard -mthumb -o "Core/Src/main.o"
../Core/Src/main.cpp: In function 'int main()':
../Core/Src/main.cpp:444:33: warning: unused variable 'target_vel' [-Wunused-variable]
  444 |                           float target_vel = -gyro_y/360;
      |                                 ^~~~~~~~~~
../Core/Src/main.cpp:345:20: warning: variable 'loop_time' set but not used [-Wunused-but-set-variable]
  345 |           uint32_t loop_time;
      |                    ^~~~~~~~~
arm-none-eabi-g++ -o "STM32_Debug.elf" @"objects.list"   -mcpu=cortex-m4 -T"/home/kamil/STM32CubeIDE/workspace_1.19.0/STM32_Debug/STM32F446RETX_FLASH.ld" --specs=nosys.specs -Wl,-Map="STM32_Debug.map" -Wl,--gc-sections -static -u_printf_float --specs=nano.specs -mfpu=fpv4-sp-d16 -mfloat-abi=hard -mthumb -Wl,--start-group -lc -lm -lstdc++ -lsupc++ -Wl,--end-group
Finished building target: STM32_Debug.elf
 
arm-none-eabi-size  STM32_Debug.elf 
arm-none-eabi-objdump -h -S STM32_Debug.elf  > "STM32_Debug.list"
   text	   data	    bss	    dec	    hex	filename
  42676	    480	   2264	  45420	   b16c	STM32_Debug.elf
Finished building: default.size.stdout
 
Finished building: STM32_Debug.list
 
10:54:30 **** Incremental Build of configuration Debug for project STM32_Debug ****
make -j12 all 
arm-none-eabi-g++ "../Core/Src/main.cpp" -mcpu=cortex-m4 -std=gnu++14 -g3 -DDEBUG -DUSE_HAL_DRIVER -DSTM32F446xx -DUSE_FULL_LL_DRIVER -c -I../Core/Inc -I../Drivers/STM32F4xx_HAL_Driver/Inc -I../Drivers/STM32F4xx_HAL_Driver/Inc/Legacy -I../Drivers/CMSIS/Device/ST/STM32F4xx/Include -I../Drivers/CMSIS/Include -O0 -ffunction-sections -fdata-sections -fno-exceptions -fno-rtti -fno-use-cxa-atexit -Wall -fstack-usage -fcyclomatic-complexity -MMD -MP -MF"Core/Src/main.d" -MT"Core/Src/main.o" --specs=nano.specs -mfpu=fpv4-sp-d16 -mfloat-abi=hard -mthumb -o "Core/Src/main.o"
../Core/Src/main.cpp: In function 'int main()':
../Core/Src/main.cpp:446:33: warning: unused variable 'target_vel' [-Wunused-variable]
  446 |                           float target_vel = -gyro_y/360;
      |                                 ^~~~~~~~~~
../Core/Src/main.cpp:345:20: warning: variable 'loop_time' set but not used [-Wunused-but-set-variable]
  345 |           uint32_t loop_time;
      |                    ^~~~~~~~~
arm-none-eabi-g++ -o "STM32_Debug.elf" @"objects.list"   -mcpu=cortex-m4 -T"/home/kamil/STM32CubeIDE/workspace_1.19.0/STM32_Debug/STM32F446RETX_FLASH.ld" --specs=nosys.specs -Wl,-Map="STM32_Debug.map" -Wl,--gc-sections -static -u_printf_float --specs=nano.specs -mfpu=fpv4-sp-d16 -mfloat-abi=hard -mthumb -Wl,--start-group -lc -lm -lstdc++ -lsupc++ -Wl,--end-group
Finished building target: STM32_Debug.elf
 
arm-none-eabi-size  STM32_Debug.elf 
arm-none-eabi-objdump -h -S STM32_Debug.elf  > "STM32_Debug.list"
   text	   data	    bss	    dec	    hex	filename
  42676	    480	   2264	  45420	   b16c	STM32_Debug.elf
Finished building: default.size.stdout
 
Finished building: STM32_Debug.list
 
10:56:13 **** Incremental Build of configuration Debug for project STM32_Debug ****
make -j12 all 
arm-none-eabi-g++ "../Core/Src/main.cpp" -mcpu=cortex-m4 -std=gnu++14 -g3 -DDEBUG -DUSE_HAL_DRIVER -DSTM32F446xx -DUSE_FULL_LL_DRIVER -c -I../Core/Inc -I../Drivers/STM32F4xx_HAL_Driver/Inc -I../Drivers/STM32F4xx_HAL_Driver/Inc/Legacy -I../Drivers/CMSIS/Device/ST/STM32F4xx/Include -I../Drivers/CMSIS/Include -O0 -ffunction-sections -fdata-sections -fno-exceptions -fno-rtti -fno-use-cxa-atexit -Wall -fstack-usage -fcyclomatic-complexity -MMD -MP -MF"Core/Src/main.d" -MT"Core/Src/main.o" --specs=nano.specs -mfpu=fpv4-sp-d16 -mfloat-abi=hard -mthumb -o "Core/Src/main.o"
../Core/Src/main.cpp: In function 'int main()':
../Core/Src/main.cpp:446:33: warning: unused variable 'target_vel' [-Wunused-variable]
  446 |                           float target_vel = -gyro_y/360;
      |                                 ^~~~~~~~~~
../Core/Src/main.cpp:345:20: warning: variable 'loop_time' set but not used [-Wunused-but-set-variable]
  345 |           uint32_t loop_time;
      |                    ^~~~~~~~~
arm-none-eabi-g++ -o "STM32_Debug.elf" @"objects.list"   -mcpu=cortex-m4 -T"/home/kamil/STM32CubeIDE/workspace_1.19.0/STM32_Debug/STM32F446RETX_FLASH.ld" --specs=nosys.specs -Wl,-Map="STM32_Debug.map" -Wl,--gc-sections -static -u_printf_float --specs=nano.specs -mfpu=fpv4-sp-d16 -mfloat-abi=hard -mthumb -Wl,--start-group -lc -lm -lstdc++ -lsupc++ -Wl,--end-group
Finished building target: STM32_Debug.elf
 
arm-none-eabi-size  STM32_Debug.elf 
arm-none-eabi-objdump -h -S STM32_Debug.elf  > "STM32_Debug.list"
   text	   data	    bss	    dec	    hex	filename
  42684	    480	   2264	  45428	   b174	STM32_Debug.elf
Finished building: default.size.stdout
 
Finished building: STM32_Debug.list
 
10:58:20 **** Incremental Build of configuration Debug for project STM32_Debug ****
make -j12 all 
arm-none-eabi-g++ "../Core/Src/main.cpp" -mcpu=cortex-m4 -std=gnu++14 -g3 -DDEBUG -DUSE_HAL_DRIVER -DSTM32F446xx -DUSE_FULL_LL_DRIVER -c -I../Core/Inc -I../Drivers/STM32F4xx_HAL_Driver/Inc -I../Drivers/STM32F4xx_HAL_Driver/Inc/Legacy -I../Drivers/CMSIS/Device/ST/STM32F4xx/Include -I../Drivers/CMSIS/Include -O0 -ffunction-sections -fdata-sections -fno-exceptions -fno-rtti -fno-use-cxa-atexit -Wall -fstack-usage -fcyclomatic-complexity -MMD -MP -MF"Core/Src/main.d" -MT"Core/Src/main.o" --specs=nano.specs -mfpu=fpv4-sp-d16 -mfloat-abi=hard -mthumb -o "Core/Src/main.o"
../Core/Src/main.cpp: In function 'int main()':
../Core/Src/main.cpp:446:33: warning: unused variable 'target_vel' [-Wunused-variable]
  446 |                           float target_vel = -gyro_y/360;
      |                                 ^~~~~~~~~~
../Core/Src/main.cpp:345:20: warning: variable 'loop_time' set but not used [-Wunused-but-set-variable]
  345 |           uint32_t loop_time;
      |                    ^~~~~~~~~
arm-none-eabi-g++ -o "STM32_Debug.elf" @"objects.list"   -mcpu=cortex-m4 -T"/home/kamil/STM32CubeIDE/workspace_1.19.0/STM32_Debug/STM32F446RETX_FLASH.ld" --specs=nosys.specs -Wl,-Map="STM32_Debug.map" -Wl,--gc-sections -static -u_printf_float --specs=nano.specs -mfpu=fpv4-sp-d16 -mfloat-abi=hard -mthumb -Wl,--start-group -lc -lm -lstdc++ -lsupc++ -Wl,--end-group
Finished building target: STM32_Debug.elf
 
arm-none-eabi-size  STM32_Debug.elf 
arm-none-eabi-objdump -h -S STM32_Debug.elf  > "STM32_Debug.list"
   text	   data	    bss	    dec	    hex	filename
  42684	    480	   2264	  45428	   b174	STM32_Debug.elf
Finished building: default.size.stdout
 
Finished building: STM32_Debug.list
 
10:58:43 **** Incremental Build of configuration Debug for project STM32_Debug ****
make -j12 all 
arm-none-eabi-g++ "../Core/Src/main.cpp" -mcpu=cortex-m4 -std=gnu++14 -g3 -DDEBUG -DUSE_HAL_DRIVER -DSTM32F446xx -DUSE_FULL_LL_DRIVER -c -I../Core/Inc -I../Drivers/STM32F4xx_HAL_Driver/Inc -I../Drivers/STM32F4xx_HAL_Driver/Inc/Legacy -I../Drivers/CMSIS/Device/ST/STM32F4xx/Include -I../Drivers/CMSIS/Include -O0 -ffunction-sections -fdata-sections -fno-exceptions -fno-rtti -fno-use-cxa-atexit -Wall -fstack-usage -fcyclomatic-complexity -MMD -MP -MF"Core/Src/main.d" -MT"Core/Src/main.o" --specs=nano.specs -mfpu=fpv4-sp-d16 -mfloat-abi=hard -mthumb -o "Core/Src/main.o"
../Core/Src/main.cpp: In function 'int main()':
../Core/Src/main.cpp:446:33: warning: unused variable 'target_vel' [-Wunused-variable]
  446 |                           float target_vel = -gyro_y/360;
      |                                 ^~~~~~~~~~
../Core/Src/main.cpp:345:20: warning: variable 'loop_time' set but not used [-Wunused-but-set-variable]
  345 |           uint32_t loop_time;
      |                    ^~~~~~~~~
arm-none-eabi-g++ -o "STM32_Debug.elf" @"objects.list"   -mcpu=cortex-m4 -T"/home/kamil/STM32CubeIDE/workspace_1.19.0/STM32_Debug/STM32F446RETX_FLASH.ld" --specs=nosys.specs -Wl,-Map="STM32_Debug.map" -Wl,--gc-sections -static -u_printf_float --specs=nano.specs -mfpu=fpv4-sp-d16 -mfloat-abi=hard -mthumb -Wl,--start-group -lc -lm -lstdc++ -lsupc++ -Wl,--end-group
Finished building target: STM32_Debug.elf
 
arm-none-eabi-size  STM32_Debug.elf 
arm-none-eabi-objdump -h -S STM32_Debug.elf  > "STM32_Debug.list"
   text	   data	    bss	    dec	    hex	filename
  42676	    480	   2264	  45420	   b16c	STM32_Debug.elf
Finished building: default.size.stdout
 
Finished building: STM32_Debug.list
 
11:03:38 **** Incremental Build of configuration Debug for project STM32_Debug ****
make -j12 all 
arm-none-eabi-gcc "../Core/Src/ICM20602.c" -mcpu=cortex-m4 -std=gnu11 -g3 -DDEBUG -DUSE_HAL_DRIVER -DSTM32F446xx -DUSE_FULL_LL_DRIVER -c -I../Core/Inc -I../Drivers/STM32F4xx_HAL_Driver/Inc -I../Drivers/STM32F4xx_HAL_Driver/Inc/Legacy -I../Drivers/CMSIS/Device/ST/STM32F4xx/Include -I../Drivers/CMSIS/Include -O0 -ffunction-sections -fdata-sections -Wall -fstack-usage -fcyclomatic-complexity -MMD -MP -MF"Core/Src/ICM20602.d" -MT"Core/Src/ICM20602.o" --specs=nano.specs -mfpu=fpv4-sp-d16 -mfloat-abi=hard -mthumb -o "Core/Src/ICM20602.o"
arm-none-eabi-g++ "../Core/Src/main.cpp" -mcpu=cortex-m4 -std=gnu++14 -g3 -DDEBUG -DUSE_HAL_DRIVER -DSTM32F446xx -DUSE_FULL_LL_DRIVER -c -I../Core/Inc -I../Drivers/STM32F4xx_HAL_Driver/Inc -I../Drivers/STM32F4xx_HAL_Driver/Inc/Legacy -I../Drivers/CMSIS/Device/ST/STM32F4xx/Include -I../Drivers/CMSIS/Include -O0 -ffunction-sections -fdata-sections -fno-exceptions -fno-rtti -fno-use-cxa-atexit -Wall -fstack-usage -fcyclomatic-complexity -MMD -MP -MF"Core/Src/main.d" -MT"Core/Src/main.o" --specs=nano.specs -mfpu=fpv4-sp-d16 -mfloat-abi=hard -mthumb -o "Core/Src/main.o"
../Core/Src/ICM20602.c: In function 'Calibrate_GYRO':
../Core/Src/ICM20602.c:65:35: warning: unused variable 'ret' [-Wunused-variable]
   65 |                 HAL_StatusTypeDef ret = HAL_I2C_Mem_Read(&hi2c1, (ICM20602_ADDRESS<<1) + 1, REG_DATA_GYRO_Y, 1, raw_gyro, 2, 100);
      |                                   ^~~
../Core/Src/ICM20602.c: In function 'ICM20602_Init':
../Core/Src/ICM20602.c:85:13: warning: unused variable 'v' [-Wunused-variable]
   85 |     uint8_t v;
      |             ^
../Core/Src/ICM20602.c:84:23: warning: unused variable 'st' [-Wunused-variable]
   84 |     HAL_StatusTypeDef st;
      |                       ^~
../Core/Src/ICM20602.c: In function 'Read_Data_ACC':
../Core/Src/ICM20602.c:199:22: warning: variable 'acc_y' set but not used [-Wunused-but-set-variable]
  199 |         float acc_x, acc_y, acc_z, rad_XZ;
      |                      ^~~~~
../Core/Src/ICM20602.c: In function 'ICM20602_Init':
../Core/Src/ICM20602.c:126:1: warning: control reaches end of non-void function [-Wreturn-type]
  126 | }
      | ^
../Core/Src/ICM20602.c: At top level:
../Core/Src/ICM20602.c:26:17: warning: 'prev_time' defined but not used [-Wunused-variable]
   26 | static uint32_t prev_time = 0;
      |                 ^~~~~~~~~
../Core/Src/main.cpp: In function 'int main()':
../Core/Src/main.cpp:446:33: warning: unused variable 'target_vel' [-Wunused-variable]
  446 |                           float target_vel = -gyro_y/360;
      |                                 ^~~~~~~~~~
../Core/Src/main.cpp:345:20: warning: variable 'loop_time' set but not used [-Wunused-but-set-variable]
  345 |           uint32_t loop_time;
      |                    ^~~~~~~~~
arm-none-eabi-g++ -o "STM32_Debug.elf" @"objects.list"   -mcpu=cortex-m4 -T"/home/kamil/STM32CubeIDE/workspace_1.19.0/STM32_Debug/STM32F446RETX_FLASH.ld" --specs=nosys.specs -Wl,-Map="STM32_Debug.map" -Wl,--gc-sections -static -u_printf_float --specs=nano.specs -mfpu=fpv4-sp-d16 -mfloat-abi=hard -mthumb -Wl,--start-group -lc -lm -lstdc++ -lsupc++ -Wl,--end-group
Finished building target: STM32_Debug.elf
 
arm-none-eabi-size  STM32_Debug.elf 
arm-none-eabi-objdump -h -S STM32_Debug.elf  > "STM32_Debug.list"
   text	   data	    bss	    dec	    hex	filename
  42676	    480	   2264	  45420	   b16c	STM32_Debug.elf
Finished building: default.size.stdout
 
Finished building: STM32_Debug.list
 
11:09:15 **** Incremental Build of configuration Debug for project STM32_Debug ****
make -j12 all 
arm-none-eabi-gcc "../Core/Src/ICM20602.c" -mcpu=cortex-m4 -std=gnu11 -g3 -DDEBUG -DUSE_HAL_DRIVER -DSTM32F446xx -DUSE_FULL_LL_DRIVER -c -I../Core/Inc -I../Drivers/STM32F4xx_HAL_Driver/Inc -I../Drivers/STM32F4xx_HAL_Driver/Inc/Legacy -I../Drivers/CMSIS/Device/ST/STM32F4xx/Include -I../Drivers/CMSIS/Include -O0 -ffunction-sections -fdata-sections -Wall -fstack-usage -fcyclomatic-complexity -MMD -MP -MF"Core/Src/ICM20602.d" -MT"Core/Src/ICM20602.o" --specs=nano.specs -mfpu=fpv4-sp-d16 -mfloat-abi=hard -mthumb -o "Core/Src/ICM20602.o"
../Core/Src/ICM20602.c: In function 'Calibrate_GYRO':
../Core/Src/ICM20602.c:65:35: warning: unused variable 'ret' [-Wunused-variable]
   65 |                 HAL_StatusTypeDef ret = HAL_I2C_Mem_Read(&hi2c1, (ICM20602_ADDRESS<<1) + 1, REG_DATA_GYRO_Y, 1, raw_gyro, 2, 100);
      |                                   ^~~
../Core/Src/ICM20602.c: In function 'ICM20602_Init':
../Core/Src/ICM20602.c:85:13: warning: unused variable 'v' [-Wunused-variable]
   85 |     uint8_t v;
      |             ^
../Core/Src/ICM20602.c:84:23: warning: unused variable 'st' [-Wunused-variable]
   84 |     HAL_StatusTypeDef st;
      |                       ^~
../Core/Src/ICM20602.c: In function 'Read_Data_ACC':
../Core/Src/ICM20602.c:199:22: warning: variable 'acc_y' set but not used [-Wunused-but-set-variable]
  199 |         float acc_x, acc_y, acc_z, rad_XZ;
      |                      ^~~~~
../Core/Src/ICM20602.c: In function 'ICM20602_Init':
../Core/Src/ICM20602.c:126:1: warning: control reaches end of non-void function [-Wreturn-type]
  126 | }
      | ^
../Core/Src/ICM20602.c: At top level:
../Core/Src/ICM20602.c:26:17: warning: 'prev_time' defined but not used [-Wunused-variable]
   26 | static uint32_t prev_time = 0;
      |                 ^~~~~~~~~
arm-none-eabi-g++ -o "STM32_Debug.elf" @"objects.list"   -mcpu=cortex-m4 -T"/home/kamil/STM32CubeIDE/workspace_1.19.0/STM32_Debug/STM32F446RETX_FLASH.ld" --specs=nosys.specs -Wl,-Map="STM32_Debug.map" -Wl,--gc-sections -static -u_printf_float --specs=nano.specs -mfpu=fpv4-sp-d16 -mfloat-abi=hard -mthumb -Wl,--start-group -lc -lm -lstdc++ -lsupc++ -Wl,--end-group
Finished building target: STM32_Debug.elf
 
arm-none-eabi-size  STM32_Debug.elf 
arm-none-eabi-objdump -h -S STM32_Debug.elf  > "STM32_Debug.list"
   text	   data	    bss	    dec	    hex	filename
  42620	    480	   2264	  45364	   b134	STM32_Debug.elf
Finished building: default.size.stdout
 
Finished building: STM32_Debug.list
 
11:13:30 **** Incremental Build of configuration Debug for project STM32_Debug ****
make -j12 all 
arm-none-eabi-gcc "../Core/Src/ICM20602.c" -mcpu=cortex-m4 -std=gnu11 -g3 -DDEBUG -DUSE_HAL_DRIVER -DSTM32F446xx -DUSE_FULL_LL_DRIVER -c -I../Core/Inc -I../Drivers/STM32F4xx_HAL_Driver/Inc -I../Drivers/STM32F4xx_HAL_Driver/Inc/Legacy -I../Drivers/CMSIS/Device/ST/STM32F4xx/Include -I../Drivers/CMSIS/Include -O0 -ffunction-sections -fdata-sections -Wall -fstack-usage -fcyclomatic-complexity -MMD -MP -MF"Core/Src/ICM20602.d" -MT"Core/Src/ICM20602.o" --specs=nano.specs -mfpu=fpv4-sp-d16 -mfloat-abi=hard -mthumb -o "Core/Src/ICM20602.o"
arm-none-eabi-gcc "../Core/Src/llcp.c" -mcpu=cortex-m4 -std=gnu11 -g3 -DDEBUG -DUSE_HAL_DRIVER -DSTM32F446xx -DUSE_FULL_LL_DRIVER -c -I../Core/Inc -I../Drivers/STM32F4xx_HAL_Driver/Inc -I../Drivers/STM32F4xx_HAL_Driver/Inc/Legacy -I../Drivers/CMSIS/Device/ST/STM32F4xx/Include -I../Drivers/CMSIS/Include -O0 -ffunction-sections -fdata-sections -Wall -fstack-usage -fcyclomatic-complexity -MMD -MP -MF"Core/Src/llcp.d" -MT"Core/Src/llcp.o" --specs=nano.specs -mfpu=fpv4-sp-d16 -mfloat-abi=hard -mthumb -o "Core/Src/llcp.o"
arm-none-eabi-g++ "../Core/Src/main.cpp" -mcpu=cortex-m4 -std=gnu++14 -g3 -DDEBUG -DUSE_HAL_DRIVER -DSTM32F446xx -DUSE_FULL_LL_DRIVER -c -I../Core/Inc -I../Drivers/STM32F4xx_HAL_Driver/Inc -I../Drivers/STM32F4xx_HAL_Driver/Inc/Legacy -I../Drivers/CMSIS/Device/ST/STM32F4xx/Include -I../Drivers/CMSIS/Include -O0 -ffunction-sections -fdata-sections -fno-exceptions -fno-rtti -fno-use-cxa-atexit -Wall -fstack-usage -fcyclomatic-complexity -MMD -MP -MF"Core/Src/main.d" -MT"Core/Src/main.o" --specs=nano.specs -mfpu=fpv4-sp-d16 -mfloat-abi=hard -mthumb -o "Core/Src/main.o"
../Core/Src/ICM20602.c: In function 'Calibrate_GYRO':
../Core/Src/ICM20602.c:65:35: warning: unused variable 'ret' [-Wunused-variable]
   65 |                 HAL_StatusTypeDef ret = HAL_I2C_Mem_Read(&hi2c1, (ICM20602_ADDRESS<<1) + 1, REG_DATA_GYRO_Y, 1, raw_gyro, 2, 100);
      |                                   ^~~
../Core/Src/ICM20602.c: In function 'ICM20602_Init':
../Core/Src/ICM20602.c:85:13: warning: unused variable 'v' [-Wunused-variable]
   85 |     uint8_t v;
      |             ^
../Core/Src/ICM20602.c:84:23: warning: unused variable 'st' [-Wunused-variable]
   84 |     HAL_StatusTypeDef st;
      |                       ^~
../Core/Src/ICM20602.c: In function 'Read_Data_ACC':
../Core/Src/ICM20602.c:199:22: warning: variable 'acc_y' set but not used [-Wunused-but-set-variable]
  199 |         float acc_x, acc_y, acc_z, rad_XZ;
      |                      ^~~~~
../Core/Src/ICM20602.c: In function 'ICM20602_Init':
../Core/Src/ICM20602.c:126:1: warning: control reaches end of non-void function [-Wreturn-type]
  126 | }
      | ^
../Core/Src/ICM20602.c: At top level:
../Core/Src/ICM20602.c:26:17: warning: 'prev_time' defined but not used [-Wunused-variable]
   26 | static uint32_t prev_time = 0;
      |                 ^~~~~~~~~
../Core/Src/llcp.c: In function 'LL_UART_SendBuffer':
../Core/Src/llcp.c:30:17: warning: implicit declaration of function 'LL_USART_IsActiveFlag_TXE'; did you mean 'LL_DMA_IsActiveFlag_TE7'? [-Wimplicit-function-declaration]
   30 |         while (!LL_USART_IsActiveFlag_TXE(USARTx)) {
      |                 ^~~~~~~~~~~~~~~~~~~~~~~~~
      |                 LL_DMA_IsActiveFlag_TE7
../Core/Src/llcp.c:34:9: warning: implicit declaration of function 'LL_USART_TransmitData8' [-Wimplicit-function-declaration]
   34 |         LL_USART_TransmitData8(USARTx, buffer[i]);
      |         ^~~~~~~~~~~~~~~~~~~~~~
../Core/Src/llcp.c:37:13: warning: implicit declaration of function 'LL_USART_IsActiveFlag_TC'; did you mean 'LL_DMA_IsActiveFlag_TC7'? [-Wimplicit-function-declaration]
   37 |     while (!LL_USART_IsActiveFlag_TC(USARTx)) {}
      |             ^~~~~~~~~~~~~~~~~~~~~~~~
      |             LL_DMA_IsActiveFlag_TC7
../Core/Src/main.cpp: In function 'int main()':
../Core/Src/main.cpp:446:33: warning: unused variable 'target_vel' [-Wunused-variable]
  446 |                           float target_vel = -gyro_y/360;
      |                                 ^~~~~~~~~~
../Core/Src/main.cpp:345:20: warning: variable 'loop_time' set but not used [-Wunused-but-set-variable]
  345 |           uint32_t loop_time;
      |                    ^~~~~~~~~
../Core/Src/llcp.c: In function 'receive_message':
../Core/Src/llcp.c:82:10: warning: implicit declaration of function 'LL_USART_IsActiveFlag_RXNE'; did you mean 'LL_DMA_IsActiveFlag_FE7'? [-Wimplicit-function-declaration]
   82 |   while (LL_USART_IsActiveFlag_RXNE(USART2)) {
      |          ^~~~~~~~~~~~~~~~~~~~~~~~~~
      |          LL_DMA_IsActiveFlag_FE7
../Core/Src/llcp.c:85:18: warning: implicit declaration of function 'LL_USART_ReceiveData8' [-Wimplicit-function-declaration]
   85 |     uint8_t ch = LL_USART_ReceiveData8(USART2);
      |                  ^~~~~~~~~~~~~~~~~~~~~
arm-none-eabi-g++ -o "STM32_Debug.elf" @"objects.list"   -mcpu=cortex-m4 -T"/home/kamil/STM32CubeIDE/workspace_1.19.0/STM32_Debug/STM32F446RETX_FLASH.ld" --specs=nosys.specs -Wl,-Map="STM32_Debug.map" -Wl,--gc-sections -static -u_printf_float --specs=nano.specs -mfpu=fpv4-sp-d16 -mfloat-abi=hard -mthumb -Wl,--start-group -lc -lm -lstdc++ -lsupc++ -Wl,--end-group
Finished building target: STM32_Debug.elf
 
arm-none-eabi-size  STM32_Debug.elf 
arm-none-eabi-objdump -h -S STM32_Debug.elf  > "STM32_Debug.list"
   text	   data	    bss	    dec	    hex	filename
  42628	    480	   2272	  45380	   b144	STM32_Debug.elf
Finished building: default.size.stdout
 
Finished building: STM32_Debug.list
 
11:14:09 **** Incremental Build of configuration Debug for project STM32_Debug ****
make -j12 all 
arm-none-eabi-gcc "../Core/Src/ICM20602.c" -mcpu=cortex-m4 -std=gnu11 -g3 -DDEBUG -DUSE_HAL_DRIVER -DSTM32F446xx -DUSE_FULL_LL_DRIVER -c -I../Core/Inc -I../Drivers/STM32F4xx_HAL_Driver/Inc -I../Drivers/STM32F4xx_HAL_Driver/Inc/Legacy -I../Drivers/CMSIS/Device/ST/STM32F4xx/Include -I../Drivers/CMSIS/Include -O0 -ffunction-sections -fdata-sections -Wall -fstack-usage -fcyclomatic-complexity -MMD -MP -MF"Core/Src/ICM20602.d" -MT"Core/Src/ICM20602.o" --specs=nano.specs -mfpu=fpv4-sp-d16 -mfloat-abi=hard -mthumb -o "Core/Src/ICM20602.o"
../Core/Src/ICM20602.c: In function 'Calibrate_GYRO':
../Core/Src/ICM20602.c:65:35: warning: unused variable 'ret' [-Wunused-variable]
   65 |                 HAL_StatusTypeDef ret = HAL_I2C_Mem_Read(&hi2c1, (ICM20602_ADDRESS<<1) + 1, REG_DATA_GYRO_Y, 1, raw_gyro, 2, 100);
      |                                   ^~~
../Core/Src/ICM20602.c: In function 'ICM20602_Init':
../Core/Src/ICM20602.c:85:13: warning: unused variable 'v' [-Wunused-variable]
   85 |     uint8_t v;
      |             ^
../Core/Src/ICM20602.c:84:23: warning: unused variable 'st' [-Wunused-variable]
   84 |     HAL_StatusTypeDef st;
      |                       ^~
../Core/Src/ICM20602.c: In function 'Read_Data_ACC':
../Core/Src/ICM20602.c:199:22: warning: variable 'acc_y' set but not used [-Wunused-but-set-variable]
  199 |         float acc_x, acc_y, acc_z, rad_XZ;
      |                      ^~~~~
../Core/Src/ICM20602.c: In function 'ICM20602_Init':
../Core/Src/ICM20602.c:126:1: warning: control reaches end of non-void function [-Wreturn-type]
  126 | }
      | ^
../Core/Src/ICM20602.c: At top level:
../Core/Src/ICM20602.c:26:17: warning: 'prev_time' defined but not used [-Wunused-variable]
   26 | static uint32_t prev_time = 0;
      |                 ^~~~~~~~~
arm-none-eabi-g++ -o "STM32_Debug.elf" @"objects.list"   -mcpu=cortex-m4 -T"/home/kamil/STM32CubeIDE/workspace_1.19.0/STM32_Debug/STM32F446RETX_FLASH.ld" --specs=nosys.specs -Wl,-Map="STM32_Debug.map" -Wl,--gc-sections -static -u_printf_float --specs=nano.specs -mfpu=fpv4-sp-d16 -mfloat-abi=hard -mthumb -Wl,--start-group -lc -lm -lstdc++ -lsupc++ -Wl,--end-group
Finished building target: STM32_Debug.elf
 
arm-none-eabi-size  STM32_Debug.elf 
arm-none-eabi-objdump -h -S STM32_Debug.elf  > "STM32_Debug.list"
   text	   data	    bss	    dec	    hex	filename
  42604	    480	   2272	  45356	   b12c	STM32_Debug.elf
Finished building: default.size.stdout
 
Finished building: STM32_Debug.list
 
11:14:34 **** Incremental Build of configuration Debug for project STM32_Debug ****
make -j12 all 
arm-none-eabi-gcc "../Core/Src/ICM20602.c" -mcpu=cortex-m4 -std=gnu11 -g3 -DDEBUG -DUSE_HAL_DRIVER -DSTM32F446xx -DUSE_FULL_LL_DRIVER -c -I../Core/Inc -I../Drivers/STM32F4xx_HAL_Driver/Inc -I../Drivers/STM32F4xx_HAL_Driver/Inc/Legacy -I../Drivers/CMSIS/Device/ST/STM32F4xx/Include -I../Drivers/CMSIS/Include -O0 -ffunction-sections -fdata-sections -Wall -fstack-usage -fcyclomatic-complexity -MMD -MP -MF"Core/Src/ICM20602.d" -MT"Core/Src/ICM20602.o" --specs=nano.specs -mfpu=fpv4-sp-d16 -mfloat-abi=hard -mthumb -o "Core/Src/ICM20602.o"
../Core/Src/ICM20602.c: In function 'Calibrate_GYRO':
../Core/Src/ICM20602.c:65:35: warning: unused variable 'ret' [-Wunused-variable]
   65 |                 HAL_StatusTypeDef ret = HAL_I2C_Mem_Read(&hi2c1, (ICM20602_ADDRESS<<1) + 1, REG_DATA_GYRO_Y, 1, raw_gyro, 2, 100);
      |                                   ^~~
../Core/Src/ICM20602.c: In function 'ICM20602_Init':
../Core/Src/ICM20602.c:85:13: warning: unused variable 'v' [-Wunused-variable]
   85 |     uint8_t v;
      |             ^
../Core/Src/ICM20602.c:84:23: warning: unused variable 'st' [-Wunused-variable]
   84 |     HAL_StatusTypeDef st;
      |                       ^~
../Core/Src/ICM20602.c: In function 'Read_Data_ACC':
../Core/Src/ICM20602.c:199:22: warning: variable 'acc_y' set but not used [-Wunused-but-set-variable]
  199 |         float acc_x, acc_y, acc_z, rad_XZ;
      |                      ^~~~~
../Core/Src/ICM20602.c: In function 'ICM20602_Init':
../Core/Src/ICM20602.c:126:1: warning: control reaches end of non-void function [-Wreturn-type]
  126 | }
      | ^
../Core/Src/ICM20602.c: At top level:
../Core/Src/ICM20602.c:26:17: warning: 'prev_time' defined but not used [-Wunused-variable]
   26 | static uint32_t prev_time = 0;
      |                 ^~~~~~~~~
arm-none-eabi-g++ -o "STM32_Debug.elf" @"objects.list"   -mcpu=cortex-m4 -T"/home/kamil/STM32CubeIDE/workspace_1.19.0/STM32_Debug/STM32F446RETX_FLASH.ld" --specs=nosys.specs -Wl,-Map="STM32_Debug.map" -Wl,--gc-sections -static -u_printf_float --specs=nano.specs -mfpu=fpv4-sp-d16 -mfloat-abi=hard -mthumb -Wl,--start-group -lc -lm -lstdc++ -lsupc++ -Wl,--end-group
Finished building target: STM32_Debug.elf
 
arm-none-eabi-size  STM32_Debug.elf 
arm-none-eabi-objdump -h -S STM32_Debug.elf  > "STM32_Debug.list"
   text	   data	    bss	    dec	    hex	filename
  42660	    480	   2272	  45412	   b164	STM32_Debug.elf
Finished building: default.size.stdout
 
Finished building: STM32_Debug.list
 
11:17:53 **** Incremental Build of configuration Debug for project STM32_Debug ****
make -j12 all 
arm-none-eabi-gcc "../Core/Src/ICM20602.c" -mcpu=cortex-m4 -std=gnu11 -g3 -DDEBUG -DUSE_HAL_DRIVER -DSTM32F446xx -DUSE_FULL_LL_DRIVER -c -I../Core/Inc -I../Drivers/STM32F4xx_HAL_Driver/Inc -I../Drivers/STM32F4xx_HAL_Driver/Inc/Legacy -I../Drivers/CMSIS/Device/ST/STM32F4xx/Include -I../Drivers/CMSIS/Include -O0 -ffunction-sections -fdata-sections -Wall -fstack-usage -fcyclomatic-complexity -MMD -MP -MF"Core/Src/ICM20602.d" -MT"Core/Src/ICM20602.o" --specs=nano.specs -mfpu=fpv4-sp-d16 -mfloat-abi=hard -mthumb -o "Core/Src/ICM20602.o"
../Core/Src/ICM20602.c: In function 'Calibrate_GYRO':
../Core/Src/ICM20602.c:65:35: warning: unused variable 'ret' [-Wunused-variable]
   65 |                 HAL_StatusTypeDef ret = HAL_I2C_Mem_Read(&hi2c1, (ICM20602_ADDRESS<<1) + 1, REG_DATA_GYRO_Y, 1, raw_gyro, 2, 100);
      |                                   ^~~
../Core/Src/ICM20602.c: In function 'ICM20602_Init':
../Core/Src/ICM20602.c:85:13: warning: unused variable 'v' [-Wunused-variable]
   85 |     uint8_t v;
      |             ^
../Core/Src/ICM20602.c:84:23: warning: unused variable 'st' [-Wunused-variable]
   84 |     HAL_StatusTypeDef st;
      |                       ^~
../Core/Src/ICM20602.c: In function 'Read_Data_ACC':
../Core/Src/ICM20602.c:199:22: warning: variable 'acc_y' set but not used [-Wunused-but-set-variable]
  199 |         float acc_x, acc_y, acc_z, rad_XZ;
      |                      ^~~~~
../Core/Src/ICM20602.c: In function 'ICM20602_Init':
../Core/Src/ICM20602.c:126:1: warning: control reaches end of non-void function [-Wreturn-type]
  126 | }
      | ^
arm-none-eabi-g++ -o "STM32_Debug.elf" @"objects.list"   -mcpu=cortex-m4 -T"/home/kamil/STM32CubeIDE/workspace_1.19.0/STM32_Debug/STM32F446RETX_FLASH.ld" --specs=nosys.specs -Wl,-Map="STM32_Debug.map" -Wl,--gc-sections -static -u_printf_float --specs=nano.specs -mfpu=fpv4-sp-d16 -mfloat-abi=hard -mthumb -Wl,--start-group -lc -lm -lstdc++ -lsupc++ -Wl,--end-group
Finished building target: STM32_Debug.elf
 
arm-none-eabi-size  STM32_Debug.elf 
arm-none-eabi-objdump -h -S STM32_Debug.elf  > "STM32_Debug.list"
   text	   data	    bss	    dec	    hex	filename
  42724	    480	   2272	  45476	   b1a4	STM32_Debug.elf
Finished building: default.size.stdout
 
Finished building: STM32_Debug.list
 
11:21:25 **** Incremental Build of configuration Debug for project STM32_Debug ****
make -j12 all 
arm-none-eabi-g++ "../Core/Src/main.cpp" -mcpu=cortex-m4 -std=gnu++14 -g3 -DDEBUG -DUSE_HAL_DRIVER -DSTM32F446xx -DUSE_FULL_LL_DRIVER -c -I../Core/Inc -I../Drivers/STM32F4xx_HAL_Driver/Inc -I../Drivers/STM32F4xx_HAL_Driver/Inc/Legacy -I../Drivers/CMSIS/Device/ST/STM32F4xx/Include -I../Drivers/CMSIS/Include -O0 -ffunction-sections -fdata-sections -fno-exceptions -fno-rtti -fno-use-cxa-atexit -Wall -fstack-usage -fcyclomatic-complexity -MMD -MP -MF"Core/Src/main.d" -MT"Core/Src/main.o" --specs=nano.specs -mfpu=fpv4-sp-d16 -mfloat-abi=hard -mthumb -o "Core/Src/main.o"
../Core/Src/main.cpp: In function 'int main()':
../Core/Src/main.cpp:446:33: warning: unused variable 'target_vel' [-Wunused-variable]
  446 |                           float target_vel = -gyro_y/360;
      |                                 ^~~~~~~~~~
../Core/Src/main.cpp:345:20: warning: variable 'loop_time' set but not used [-Wunused-but-set-variable]
  345 |           uint32_t loop_time;
      |                    ^~~~~~~~~
arm-none-eabi-g++ -o "STM32_Debug.elf" @"objects.list"   -mcpu=cortex-m4 -T"/home/kamil/STM32CubeIDE/workspace_1.19.0/STM32_Debug/STM32F446RETX_FLASH.ld" --specs=nosys.specs -Wl,-Map="STM32_Debug.map" -Wl,--gc-sections -static -u_printf_float --specs=nano.specs -mfpu=fpv4-sp-d16 -mfloat-abi=hard -mthumb -Wl,--start-group -lc -lm -lstdc++ -lsupc++ -Wl,--end-group
Finished building target: STM32_Debug.elf
 
arm-none-eabi-size  STM32_Debug.elf 
arm-none-eabi-objdump -h -S STM32_Debug.elf  > "STM32_Debug.list"
   text	   data	    bss	    dec	    hex	filename
  44196	    476	   2276	  46948	   b764	STM32_Debug.elf
Finished building: default.size.stdout
 
Finished building: STM32_Debug.list
 
11:23:07 **** Incremental Build of configuration Debug for project STM32_Debug ****
make -j12 all 
arm-none-eabi-g++ "../Core/Src/main.cpp" -mcpu=cortex-m4 -std=gnu++14 -g3 -DDEBUG -DUSE_HAL_DRIVER -DSTM32F446xx -DUSE_FULL_LL_DRIVER -c -I../Core/Inc -I../Drivers/STM32F4xx_HAL_Driver/Inc -I../Drivers/STM32F4xx_HAL_Driver/Inc/Legacy -I../Drivers/CMSIS/Device/ST/STM32F4xx/Include -I../Drivers/CMSIS/Include -O0 -ffunction-sections -fdata-sections -fno-exceptions -fno-rtti -fno-use-cxa-atexit -Wall -fstack-usage -fcyclomatic-complexity -MMD -MP -MF"Core/Src/main.d" -MT"Core/Src/main.o" --specs=nano.specs -mfpu=fpv4-sp-d16 -mfloat-abi=hard -mthumb -o "Core/Src/main.o"
../Core/Src/main.cpp: In function 'int main()':
../Core/Src/main.cpp:446:33: warning: unused variable 'target_vel' [-Wunused-variable]
  446 |                           float target_vel = -gyro_y/360;
      |                                 ^~~~~~~~~~
../Core/Src/main.cpp:345:20: warning: variable 'loop_time' set but not used [-Wunused-but-set-variable]
  345 |           uint32_t loop_time;
      |                    ^~~~~~~~~
arm-none-eabi-g++ -o "STM32_Debug.elf" @"objects.list"   -mcpu=cortex-m4 -T"/home/kamil/STM32CubeIDE/workspace_1.19.0/STM32_Debug/STM32F446RETX_FLASH.ld" --specs=nosys.specs -Wl,-Map="STM32_Debug.map" -Wl,--gc-sections -static -u_printf_float --specs=nano.specs -mfpu=fpv4-sp-d16 -mfloat-abi=hard -mthumb -Wl,--start-group -lc -lm -lstdc++ -lsupc++ -Wl,--end-group
Finished building target: STM32_Debug.elf
 
arm-none-eabi-size  STM32_Debug.elf 
arm-none-eabi-objdump -h -S STM32_Debug.elf  > "STM32_Debug.list"
   text	   data	    bss	    dec	    hex	filename
  44220	    476	   2276	  46972	   b77c	STM32_Debug.elf
Finished building: default.size.stdout
 
Finished building: STM32_Debug.list
 
11:27:27 **** Incremental Build of configuration Debug for project STM32_Debug ****
make -j12 all 
arm-none-eabi-size  STM32_Debug.elf 
   text	   data	    bss	    dec	    hex	filename
  44220	    476	   2276	  46972	   b77c	STM32_Debug.elf
Finished building: default.size.stdout
 
11:28:46 **** Incremental Build of configuration Debug for project STM32_Debug ****
make -j12 all 
arm-none-eabi-size  STM32_Debug.elf 
   text	   data	    bss	    dec	    hex	filename
  44220	    476	   2276	  46972	   b77c	STM32_Debug.elf
Finished building: default.size.stdout
 
11:40:26 **** Incremental Build of configuration Debug for project STM32_Debug ****
make -j12 all 
arm-none-eabi-gcc "../Core/Src/ICM20602.c" -mcpu=cortex-m4 -std=gnu11 -g3 -DDEBUG -DUSE_HAL_DRIVER -DSTM32F446xx -DUSE_FULL_LL_DRIVER -c -I../Core/Inc -I../Drivers/STM32F4xx_HAL_Driver/Inc -I../Drivers/STM32F4xx_HAL_Driver/Inc/Legacy -I../Drivers/CMSIS/Device/ST/STM32F4xx/Include -I../Drivers/CMSIS/Include -O0 -ffunction-sections -fdata-sections -Wall -fstack-usage -fcyclomatic-complexity -MMD -MP -MF"Core/Src/ICM20602.d" -MT"Core/Src/ICM20602.o" --specs=nano.specs -mfpu=fpv4-sp-d16 -mfloat-abi=hard -mthumb -o "Core/Src/ICM20602.o"
../Core/Src/ICM20602.c: In function 'Calibrate_GYRO':
../Core/Src/ICM20602.c:65:35: warning: unused variable 'ret' [-Wunused-variable]
   65 |                 HAL_StatusTypeDef ret = HAL_I2C_Mem_Read(&hi2c1, (ICM20602_ADDRESS<<1) + 1, REG_DATA_GYRO_Y, 1, raw_gyro, 2, 100);
      |                                   ^~~
../Core/Src/ICM20602.c: In function 'ICM20602_Init':
../Core/Src/ICM20602.c:85:13: warning: unused variable 'v' [-Wunused-variable]
   85 |     uint8_t v;
      |             ^
../Core/Src/ICM20602.c:84:23: warning: unused variable 'st' [-Wunused-variable]
   84 |     HAL_StatusTypeDef st;
      |                       ^~
../Core/Src/ICM20602.c: In function 'Read_Data_ACC':
../Core/Src/ICM20602.c:199:22: warning: variable 'acc_y' set but not used [-Wunused-but-set-variable]
  199 |         float acc_x, acc_y, acc_z, rad_XZ;
      |                      ^~~~~
../Core/Src/ICM20602.c: In function 'ICM20602_Init':
../Core/Src/ICM20602.c:126:1: warning: control reaches end of non-void function [-Wreturn-type]
  126 | }
      | ^
arm-none-eabi-g++ -o "STM32_Debug.elf" @"objects.list"   -mcpu=cortex-m4 -T"/home/kamil/STM32CubeIDE/workspace_1.19.0/STM32_Debug/STM32F446RETX_FLASH.ld" --specs=nosys.specs -Wl,-Map="STM32_Debug.map" -Wl,--gc-sections -static -u_printf_float --specs=nano.specs -mfpu=fpv4-sp-d16 -mfloat-abi=hard -mthumb -Wl,--start-group -lc -lm -lstdc++ -lsupc++ -Wl,--end-group
Finished building target: STM32_Debug.elf
 
arm-none-eabi-size  STM32_Debug.elf 
arm-none-eabi-objdump -h -S STM32_Debug.elf  > "STM32_Debug.list"
   text	   data	    bss	    dec	    hex	filename
  44220	    476	   2276	  46972	   b77c	STM32_Debug.elf
Finished building: default.size.stdout
 
Finished building: STM32_Debug.list
 
11:44:02 **** Incremental Build of configuration Debug for project STM32_Debug ****
make -j12 all 
arm-none-eabi-g++ "../Core/Src/main.cpp" -mcpu=cortex-m4 -std=gnu++14 -g3 -DDEBUG -DUSE_HAL_DRIVER -DSTM32F446xx -DUSE_FULL_LL_DRIVER -c -I../Core/Inc -I../Drivers/STM32F4xx_HAL_Driver/Inc -I../Drivers/STM32F4xx_HAL_Driver/Inc/Legacy -I../Drivers/CMSIS/Device/ST/STM32F4xx/Include -I../Drivers/CMSIS/Include -O0 -ffunction-sections -fdata-sections -fno-exceptions -fno-rtti -fno-use-cxa-atexit -Wall -fstack-usage -fcyclomatic-complexity -MMD -MP -MF"Core/Src/main.d" -MT"Core/Src/main.o" --specs=nano.specs -mfpu=fpv4-sp-d16 -mfloat-abi=hard -mthumb -o "Core/Src/main.o"
../Core/Src/main.cpp: In function 'int main()':
../Core/Src/main.cpp:446:33: warning: unused variable 'target_vel' [-Wunused-variable]
  446 |                           float target_vel = -gyro_y/360;
      |                                 ^~~~~~~~~~
../Core/Src/main.cpp:345:20: warning: variable 'loop_time' set but not used [-Wunused-but-set-variable]
  345 |           uint32_t loop_time;
      |                    ^~~~~~~~~
arm-none-eabi-g++ -o "STM32_Debug.elf" @"objects.list"   -mcpu=cortex-m4 -T"/home/kamil/STM32CubeIDE/workspace_1.19.0/STM32_Debug/STM32F446RETX_FLASH.ld" --specs=nosys.specs -Wl,-Map="STM32_Debug.map" -Wl,--gc-sections -static -u_printf_float --specs=nano.specs -mfpu=fpv4-sp-d16 -mfloat-abi=hard -mthumb -Wl,--start-group -lc -lm -lstdc++ -lsupc++ -Wl,--end-group
Finished building target: STM32_Debug.elf
 
arm-none-eabi-size  STM32_Debug.elf 
arm-none-eabi-objdump -h -S STM32_Debug.elf  > "STM32_Debug.list"
   text	   data	    bss	    dec	    hex	filename
  44220	    476	   2276	  46972	   b77c	STM32_Debug.elf
Finished building: default.size.stdout
 
Finished building: STM32_Debug.list
 
11:45:39 **** Incremental Build of configuration Debug for project STM32_Debug ****
make -j12 all 
arm-none-eabi-g++ "../Core/Src/main.cpp" -mcpu=cortex-m4 -std=gnu++14 -g3 -DDEBUG -DUSE_HAL_DRIVER -DSTM32F446xx -DUSE_FULL_LL_DRIVER -c -I../Core/Inc -I../Drivers/STM32F4xx_HAL_Driver/Inc -I../Drivers/STM32F4xx_HAL_Driver/Inc/Legacy -I../Drivers/CMSIS/Device/ST/STM32F4xx/Include -I../Drivers/CMSIS/Include -O0 -ffunction-sections -fdata-sections -fno-exceptions -fno-rtti -fno-use-cxa-atexit -Wall -fstack-usage -fcyclomatic-complexity -MMD -MP -MF"Core/Src/main.d" -MT"Core/Src/main.o" --specs=nano.specs -mfpu=fpv4-sp-d16 -mfloat-abi=hard -mthumb -o "Core/Src/main.o"
../Core/Src/main.cpp: In function 'int main()':
../Core/Src/main.cpp:446:33: warning: unused variable 'target_vel' [-Wunused-variable]
  446 |                           float target_vel = -gyro_y/360;
      |                                 ^~~~~~~~~~
../Core/Src/main.cpp:345:20: warning: variable 'loop_time' set but not used [-Wunused-but-set-variable]
  345 |           uint32_t loop_time;
      |                    ^~~~~~~~~
arm-none-eabi-g++ -o "STM32_Debug.elf" @"objects.list"   -mcpu=cortex-m4 -T"/home/kamil/STM32CubeIDE/workspace_1.19.0/STM32_Debug/STM32F446RETX_FLASH.ld" --specs=nosys.specs -Wl,-Map="STM32_Debug.map" -Wl,--gc-sections -static -u_printf_float --specs=nano.specs -mfpu=fpv4-sp-d16 -mfloat-abi=hard -mthumb -Wl,--start-group -lc -lm -lstdc++ -lsupc++ -Wl,--end-group
Finished building target: STM32_Debug.elf
 
arm-none-eabi-size  STM32_Debug.elf 
arm-none-eabi-objdump -h -S STM32_Debug.elf  > "STM32_Debug.list"
   text	   data	    bss	    dec	    hex	filename
  44220	    476	   2276	  46972	   b77c	STM32_Debug.elf
Finished building: default.size.stdout
 
Finished building: STM32_Debug.list
 
11:49:29 **** Incremental Build of configuration Debug for project STM32_Debug ****
make -j12 all 
arm-none-eabi-gcc "../Core/Src/ICM20602.c" -mcpu=cortex-m4 -std=gnu11 -g3 -DDEBUG -DUSE_HAL_DRIVER -DSTM32F446xx -DUSE_FULL_LL_DRIVER -c -I../Core/Inc -I../Drivers/STM32F4xx_HAL_Driver/Inc -I../Drivers/STM32F4xx_HAL_Driver/Inc/Legacy -I../Drivers/CMSIS/Device/ST/STM32F4xx/Include -I../Drivers/CMSIS/Include -O0 -ffunction-sections -fdata-sections -Wall -fstack-usage -fcyclomatic-complexity -MMD -MP -MF"Core/Src/ICM20602.d" -MT"Core/Src/ICM20602.o" --specs=nano.specs -mfpu=fpv4-sp-d16 -mfloat-abi=hard -mthumb -o "Core/Src/ICM20602.o"
../Core/Src/ICM20602.c: In function 'Calibrate_GYRO':
../Core/Src/ICM20602.c:65:35: warning: unused variable 'ret' [-Wunused-variable]
   65 |                 HAL_StatusTypeDef ret = HAL_I2C_Mem_Read(&hi2c1, (ICM20602_ADDRESS<<1) + 1, REG_DATA_GYRO_Y, 1, raw_gyro, 2, 100);
      |                                   ^~~
../Core/Src/ICM20602.c: In function 'ICM20602_Init':
../Core/Src/ICM20602.c:85:13: warning: unused variable 'v' [-Wunused-variable]
   85 |     uint8_t v;
      |             ^
../Core/Src/ICM20602.c:84:23: warning: unused variable 'st' [-Wunused-variable]
   84 |     HAL_StatusTypeDef st;
      |                       ^~
../Core/Src/ICM20602.c: In function 'Read_Data_ACC':
../Core/Src/ICM20602.c:199:22: warning: variable 'acc_y' set but not used [-Wunused-but-set-variable]
  199 |         float acc_x, acc_y, acc_z, rad_XZ;
      |                      ^~~~~
../Core/Src/ICM20602.c: In function 'ICM20602_Init':
../Core/Src/ICM20602.c:126:1: warning: control reaches end of non-void function [-Wreturn-type]
  126 | }
      | ^
arm-none-eabi-g++ -o "STM32_Debug.elf" @"objects.list"   -mcpu=cortex-m4 -T"/home/kamil/STM32CubeIDE/workspace_1.19.0/STM32_Debug/STM32F446RETX_FLASH.ld" --specs=nosys.specs -Wl,-Map="STM32_Debug.map" -Wl,--gc-sections -static -u_printf_float --specs=nano.specs -mfpu=fpv4-sp-d16 -mfloat-abi=hard -mthumb -Wl,--start-group -lc -lm -lstdc++ -lsupc++ -Wl,--end-group
Finished building target: STM32_Debug.elf
 
arm-none-eabi-size  STM32_Debug.elf 
arm-none-eabi-objdump -h -S STM32_Debug.elf  > "STM32_Debug.list"
   text	   data	    bss	    dec	    hex	filename
  44220	    476	   2276	  46972	   b77c	STM32_Debug.elf
Finished building: default.size.stdout
 
Finished building: STM32_Debug.list
 
11:52:04 **** Incremental Build of configuration Debug for project STM32_Debug ****
make -j12 all 
arm-none-eabi-gcc "../Core/Src/ICM20602.c" -mcpu=cortex-m4 -std=gnu11 -g3 -DDEBUG -DUSE_HAL_DRIVER -DSTM32F446xx -DUSE_FULL_LL_DRIVER -c -I../Core/Inc -I../Drivers/STM32F4xx_HAL_Driver/Inc -I../Drivers/STM32F4xx_HAL_Driver/Inc/Legacy -I../Drivers/CMSIS/Device/ST/STM32F4xx/Include -I../Drivers/CMSIS/Include -O0 -ffunction-sections -fdata-sections -Wall -fstack-usage -fcyclomatic-complexity -MMD -MP -MF"Core/Src/ICM20602.d" -MT"Core/Src/ICM20602.o" --specs=nano.specs -mfpu=fpv4-sp-d16 -mfloat-abi=hard -mthumb -o "Core/Src/ICM20602.o"
../Core/Src/ICM20602.c: In function 'Calibrate_GYRO':
../Core/Src/ICM20602.c:65:35: warning: unused variable 'ret' [-Wunused-variable]
   65 |                 HAL_StatusTypeDef ret = HAL_I2C_Mem_Read(&hi2c1, (ICM20602_ADDRESS<<1) + 1, REG_DATA_GYRO_Y, 1, raw_gyro, 2, 100);
      |                                   ^~~
../Core/Src/ICM20602.c: In function 'ICM20602_Init':
../Core/Src/ICM20602.c:85:13: warning: unused variable 'v' [-Wunused-variable]
   85 |     uint8_t v;
      |             ^
../Core/Src/ICM20602.c:84:23: warning: unused variable 'st' [-Wunused-variable]
   84 |     HAL_StatusTypeDef st;
      |                       ^~
../Core/Src/ICM20602.c: In function 'Read_Data_ACC':
../Core/Src/ICM20602.c:199:22: warning: variable 'acc_y' set but not used [-Wunused-but-set-variable]
  199 |         float acc_x, acc_y, acc_z, rad_XZ;
      |                      ^~~~~
../Core/Src/ICM20602.c: In function 'ICM20602_Init':
../Core/Src/ICM20602.c:126:1: warning: control reaches end of non-void function [-Wreturn-type]
  126 | }
      | ^
arm-none-eabi-g++ -o "STM32_Debug.elf" @"objects.list"   -mcpu=cortex-m4 -T"/home/kamil/STM32CubeIDE/workspace_1.19.0/STM32_Debug/STM32F446RETX_FLASH.ld" --specs=nosys.specs -Wl,-Map="STM32_Debug.map" -Wl,--gc-sections -static -u_printf_float --specs=nano.specs -mfpu=fpv4-sp-d16 -mfloat-abi=hard -mthumb -Wl,--start-group -lc -lm -lstdc++ -lsupc++ -Wl,--end-group
Finished building target: STM32_Debug.elf
 
arm-none-eabi-size  STM32_Debug.elf 
arm-none-eabi-objdump -h -S STM32_Debug.elf  > "STM32_Debug.list"
   text	   data	    bss	    dec	    hex	filename
  44220	    476	   2276	  46972	   b77c	STM32_Debug.elf
Finished building: default.size.stdout
 
Finished building: STM32_Debug.list
 
