22:16:52 **** Build of configuration Debug for project PCB_STM ****
make -j12 all 
arm-none-eabi-size  PCB_STM.elf 
   text	   data	    bss	    dec	    hex	filename
  64980	    376	  10136	  75492	  126e4	PCB_STM.elf
Finished building: default.size.stdout
 
22:16:57 **** Incremental Build of configuration Debug for project PCB_STM ****
make -j12 all 
arm-none-eabi-size  PCB_STM.elf 
   text	   data	    bss	    dec	    hex	filename
  64980	    376	  10136	  75492	  126e4	PCB_STM.elf
Finished building: default.size.stdout
 
22:17:17 **** Incremental Build of configuration Debug for project PCB_STM ****
make -j12 all 
arm-none-eabi-size  PCB_STM.elf 
   text	   data	    bss	    dec	    hex	filename
  64980	    376	  10136	  75492	  126e4	PCB_STM.elf
Finished building: default.size.stdout
 
