10:41:45 **** Incremental Build of configuration Debug for project PCB_STM ****
make -j12 all 
arm-none-eabi-gcc "../Core/Src/ICM20602.c" -mcpu=cortex-m4 -std=gnu11 -g3 -DDEBUG -DUSE_HAL_DRIVER -DSTM32F446xx -DUSE_FULL_LL_DRIVER -c -I../Core/Inc -I../Drivers/STM32F4xx_HAL_Driver/Inc -I../Drivers/STM32F4xx_HAL_Driver/Inc/Legacy -I../Drivers/CMSIS/Device/ST/STM32F4xx/Include -I../Drivers/CMSIS/Include -I../USB_DEVICE/App -I../USB_DEVICE/Target -I../Middlewares/ST/STM32_USB_Device_Library/Core/Inc -I../Middlewares/ST/STM32_USB_Device_Library/Class/CDC/Inc -O0 -ffunction-sections -fdata-sections -Wall -fstack-usage -fcyclomatic-complexity -MMD -MP -MF"Core/Src/ICM20602.d" -MT"Core/Src/ICM20602.o" --specs=nano.specs -mfpu=fpv4-sp-d16 -mfloat-abi=hard -mthumb -o "Core/Src/ICM20602.o"
arm-none-eabi-gcc "../Core/Src/llcp.c" -mcpu=cortex-m4 -std=gnu11 -g3 -DDEBUG -DUSE_HAL_DRIVER -DSTM32F446xx -DUSE_FULL_LL_DRIVER -c -I../Core/Inc -I../Drivers/STM32F4xx_HAL_Driver/Inc -I../Drivers/STM32F4xx_HAL_Driver/Inc/Legacy -I../Drivers/CMSIS/Device/ST/STM32F4xx/Include -I../Drivers/CMSIS/Include -I../USB_DEVICE/App -I../USB_DEVICE/Target -I../Middlewares/ST/STM32_USB_Device_Library/Core/Inc -I../Middlewares/ST/STM32_USB_Device_Library/Class/CDC/Inc -O0 -ffunction-sections -fdata-sections -Wall -fstack-usage -fcyclomatic-complexity -MMD -MP -MF"Core/Src/llcp.d" -MT"Core/Src/llcp.o" --specs=nano.specs -mfpu=fpv4-sp-d16 -mfloat-abi=hard -mthumb -o "Core/Src/llcp.o"
arm-none-eabi-g++ "../Core/Src/main.cpp" -mcpu=cortex-m4 -std=gnu++14 -g3 -DDEBUG -DUSE_HAL_DRIVER -DSTM32F446xx -DUSE_FULL_LL_DRIVER -c -I../Core/Inc -I../Drivers/STM32F4xx_HAL_Driver/Inc -I../Drivers/STM32F4xx_HAL_Driver/Inc/Legacy -I../Drivers/CMSIS/Device/ST/STM32F4xx/Include -I../Drivers/CMSIS/Include -I../USB_DEVICE/App -I../USB_DEVICE/Target -I../Middlewares/ST/STM32_USB_Device_Library/Core/Inc -I../Middlewares/ST/STM32_USB_Device_Library/Class/CDC/Inc -O0 -ffunction-sections -fdata-sections -fno-exceptions -fno-rtti -fno-use-cxa-atexit -Wall -fstack-usage -fcyclomatic-complexity -MMD -MP -MF"Core/Src/main.d" -MT"Core/Src/main.o" --specs=nano.specs -mfpu=fpv4-sp-d16 -mfloat-abi=hard -mthumb -o "Core/Src/main.o"
../Core/Src/ICM20602.c: In function 'Read_Data_ACC':
../Core/Src/ICM20602.c:208:22: warning: variable 'acc_y' set but not used [-Wunused-but-set-variable]
  208 |         float acc_x, acc_y, acc_z, rad_XZ;
      |                      ^~~~~
../Core/Src/main.cpp: In function 'int main()':
../Core/Src/main.cpp:430:34: warning: unused variable 'uart_counter' [-Wunused-variable]
  430 |                   static uint8_t uart_counter = 0;
      |                                  ^~~~~~~~~~~~
../Core/Src/main.cpp: At global scope:
../Core/Src/main.cpp:93:17: warning: 'start_time_ms' defined but not used [-Wunused-variable]
   93 | static uint32_t start_time_ms = 0;
      |                 ^~~~~~~~~~~~~
arm-none-eabi-g++ -o "PCB_STM.elf" @"objects.list"   -mcpu=cortex-m4 -T"/home/kamil/STM32CubeIDE/workspace_1.19.0/PCB_STM/STM32F446RETX_FLASH.ld" --specs=nosys.specs -Wl,-Map="PCB_STM.map" -Wl,--gc-sections -static -u_printf_float --specs=nano.specs -mfpu=fpv4-sp-d16 -mfloat-abi=hard -mthumb -Wl,--start-group -lc -lm -lstdc++ -lsupc++ -Wl,--end-group
Finished building target: PCB_STM.elf
 
arm-none-eabi-size  PCB_STM.elf 
arm-none-eabi-objdump -h -S PCB_STM.elf  > "PCB_STM.list"
   text	   data	    bss	    dec	    hex	filename
  84976	    740	  10340	  96056	  17738	PCB_STM.elf
Finished building: default.size.stdout
 
Finished building: PCB_STM.list
 
10:41:50 **** Incremental Build of configuration Debug for project PCB_STM ****
make -j12 all 
arm-none-eabi-size  PCB_STM.elf 
   text	   data	    bss	    dec	    hex	filename
  84976	    740	  10340	  96056	  17738	PCB_STM.elf
Finished building: default.size.stdout
 
10:42:05 **** Incremental Build of configuration Debug for project PCB_STM ****
make -j12 all 
arm-none-eabi-g++ "../Core/Src/main.cpp" -mcpu=cortex-m4 -std=gnu++14 -g3 -DDEBUG -DUSE_HAL_DRIVER -DSTM32F446xx -DUSE_FULL_LL_DRIVER -c -I../Core/Inc -I../Drivers/STM32F4xx_HAL_Driver/Inc -I../Drivers/STM32F4xx_HAL_Driver/Inc/Legacy -I../Drivers/CMSIS/Device/ST/STM32F4xx/Include -I../Drivers/CMSIS/Include -I../USB_DEVICE/App -I../USB_DEVICE/Target -I../Middlewares/ST/STM32_USB_Device_Library/Core/Inc -I../Middlewares/ST/STM32_USB_Device_Library/Class/CDC/Inc -O0 -ffunction-sections -fdata-sections -fno-exceptions -fno-rtti -fno-use-cxa-atexit -Wall -fstack-usage -fcyclomatic-complexity -MMD -MP -MF"Core/Src/main.d" -MT"Core/Src/main.o" --specs=nano.specs -mfpu=fpv4-sp-d16 -mfloat-abi=hard -mthumb -o "Core/Src/main.o"
../Core/Src/main.cpp: In function 'int main()':
../Core/Src/main.cpp:430:34: warning: unused variable 'uart_counter' [-Wunused-variable]
  430 |                   static uint8_t uart_counter = 0;
      |                                  ^~~~~~~~~~~~
../Core/Src/main.cpp: At global scope:
../Core/Src/main.cpp:93:17: warning: 'start_time_ms' defined but not used [-Wunused-variable]
   93 | static uint32_t start_time_ms = 0;
      |                 ^~~~~~~~~~~~~
arm-none-eabi-g++ -o "PCB_STM.elf" @"objects.list"   -mcpu=cortex-m4 -T"/home/kamil/STM32CubeIDE/workspace_1.19.0/PCB_STM/STM32F446RETX_FLASH.ld" --specs=nosys.specs -Wl,-Map="PCB_STM.map" -Wl,--gc-sections -static -u_printf_float --specs=nano.specs -mfpu=fpv4-sp-d16 -mfloat-abi=hard -mthumb -Wl,--start-group -lc -lm -lstdc++ -lsupc++ -Wl,--end-group
Finished building target: PCB_STM.elf
 
arm-none-eabi-size  PCB_STM.elf 
arm-none-eabi-objdump -h -S PCB_STM.elf  > "PCB_STM.list"
   text	   data	    bss	    dec	    hex	filename
  84976	    740	  10340	  96056	  17738	PCB_STM.elf
Finished building: default.size.stdout
 
Finished building: PCB_STM.list
 
10:42:13 **** Incremental Build of configuration Debug for project PCB_STM ****
make -j12 all 
arm-none-eabi-size  PCB_STM.elf 
   text	   data	    bss	    dec	    hex	filename
  84976	    740	  10340	  96056	  17738	PCB_STM.elf
Finished building: default.size.stdout
 
11:52:56 **** Incremental Build of configuration Debug for project PCB_STM ****
make -j12 all 
arm-none-eabi-g++ "../Core/Src/main.cpp" -mcpu=cortex-m4 -std=gnu++14 -g3 -DDEBUG -DUSE_HAL_DRIVER -DSTM32F446xx -DUSE_FULL_LL_DRIVER -c -I../Core/Inc -I../Drivers/STM32F4xx_HAL_Driver/Inc -I../Drivers/STM32F4xx_HAL_Driver/Inc/Legacy -I../Drivers/CMSIS/Device/ST/STM32F4xx/Include -I../Drivers/CMSIS/Include -I../USB_DEVICE/App -I../USB_DEVICE/Target -I../Middlewares/ST/STM32_USB_Device_Library/Core/Inc -I../Middlewares/ST/STM32_USB_Device_Library/Class/CDC/Inc -O0 -ffunction-sections -fdata-sections -fno-exceptions -fno-rtti -fno-use-cxa-atexit -Wall -fstack-usage -fcyclomatic-complexity -MMD -MP -MF"Core/Src/main.d" -MT"Core/Src/main.o" --specs=nano.specs -mfpu=fpv4-sp-d16 -mfloat-abi=hard -mthumb -o "Core/Src/main.o"
../Core/Src/main.cpp: In function 'int main()':
../Core/Src/main.cpp:429:34: warning: unused variable 'uart_counter' [-Wunused-variable]
  429 |                   static uint8_t uart_counter = 0;
      |                                  ^~~~~~~~~~~~
../Core/Src/main.cpp: At global scope:
../Core/Src/main.cpp:93:17: warning: 'start_time_ms' defined but not used [-Wunused-variable]
   93 | static uint32_t start_time_ms = 0;
      |                 ^~~~~~~~~~~~~
arm-none-eabi-g++ -o "PCB_STM.elf" @"objects.list"   -mcpu=cortex-m4 -T"/home/kamil/STM32CubeIDE/workspace_1.19.0/PCB_STM/STM32F446RETX_FLASH.ld" --specs=nosys.specs -Wl,-Map="PCB_STM.map" -Wl,--gc-sections -static -u_printf_float --specs=nano.specs -mfpu=fpv4-sp-d16 -mfloat-abi=hard -mthumb -Wl,--start-group -lc -lm -lstdc++ -lsupc++ -Wl,--end-group
Finished building target: PCB_STM.elf
 
arm-none-eabi-size  PCB_STM.elf 
arm-none-eabi-objdump -h -S PCB_STM.elf  > "PCB_STM.list"
   text	   data	    bss	    dec	    hex	filename
  84976	    740	  10340	  96056	  17738	PCB_STM.elf
Finished building: default.size.stdout
 
Finished building: PCB_STM.list
 
11:56:38 **** Incremental Build of configuration Debug for project PCB_STM ****
make -j12 all 
arm-none-eabi-g++ "../Core/Src/main.cpp" -mcpu=cortex-m4 -std=gnu++14 -g3 -DDEBUG -DUSE_HAL_DRIVER -DSTM32F446xx -DUSE_FULL_LL_DRIVER -c -I../Core/Inc -I../Drivers/STM32F4xx_HAL_Driver/Inc -I../Drivers/STM32F4xx_HAL_Driver/Inc/Legacy -I../Drivers/CMSIS/Device/ST/STM32F4xx/Include -I../Drivers/CMSIS/Include -I../USB_DEVICE/App -I../USB_DEVICE/Target -I../Middlewares/ST/STM32_USB_Device_Library/Core/Inc -I../Middlewares/ST/STM32_USB_Device_Library/Class/CDC/Inc -O0 -ffunction-sections -fdata-sections -fno-exceptions -fno-rtti -fno-use-cxa-atexit -Wall -fstack-usage -fcyclomatic-complexity -MMD -MP -MF"Core/Src/main.d" -MT"Core/Src/main.o" --specs=nano.specs -mfpu=fpv4-sp-d16 -mfloat-abi=hard -mthumb -o "Core/Src/main.o"
../Core/Src/main.cpp: In function 'int main()':
../Core/Src/main.cpp:429:34: warning: unused variable 'uart_counter' [-Wunused-variable]
  429 |                   static uint8_t uart_counter = 0;
      |                                  ^~~~~~~~~~~~
../Core/Src/main.cpp: At global scope:
../Core/Src/main.cpp:93:17: warning: 'start_time_ms' defined but not used [-Wunused-variable]
   93 | static uint32_t start_time_ms = 0;
      |                 ^~~~~~~~~~~~~
arm-none-eabi-g++ -o "PCB_STM.elf" @"objects.list"   -mcpu=cortex-m4 -T"/home/kamil/STM32CubeIDE/workspace_1.19.0/PCB_STM/STM32F446RETX_FLASH.ld" --specs=nosys.specs -Wl,-Map="PCB_STM.map" -Wl,--gc-sections -static -u_printf_float --specs=nano.specs -mfpu=fpv4-sp-d16 -mfloat-abi=hard -mthumb -Wl,--start-group -lc -lm -lstdc++ -lsupc++ -Wl,--end-group
Finished building target: PCB_STM.elf
 
arm-none-eabi-size  PCB_STM.elf 
arm-none-eabi-objdump -h -S PCB_STM.elf  > "PCB_STM.list"
   text	   data	    bss	    dec	    hex	filename
  84976	    740	  10340	  96056	  17738	PCB_STM.elf
Finished building: default.size.stdout
 
Finished building: PCB_STM.list
 
11:57:22 **** Incremental Build of configuration Debug for project PCB_STM ****
make -j12 all 
arm-none-eabi-size  PCB_STM.elf 
   text	   data	    bss	    dec	    hex	filename
  84976	    740	  10340	  96056	  17738	PCB_STM.elf
Finished building: default.size.stdout
 
