15:44:37 **** Incremental Build of configuration Debug for project STM64_Angle+Timer_cpp ****
make -j12 all 
arm-none-eabi-g++ "../Core/Src/main.cpp" -mcpu=cortex-m4 -std=gnu++14 -g3 -DDEBUG -DUSE_HAL_DRIVER -DSTM32F446xx -DUSE_FULL_LL_DRIVER -c -I../Core/Inc -I../Drivers/STM32F4xx_HAL_Driver/Inc -I../Drivers/STM32F4xx_HAL_Driver/Inc/Legacy -I../Drivers/CMSIS/Device/ST/STM32F4xx/Include -I../Drivers/CMSIS/Include -O0 -ffunction-sections -fdata-sections -fno-exceptions -fno-rtti -fno-use-cxa-atexit -Wall -fstack-usage -fcyclomatic-complexity -MMD -MP -MF"Core/Src/main.d" -MT"Core/Src/main.o" --specs=nano.specs -mfpu=fpv4-sp-d16 -mfloat-abi=hard -mthumb -o "Core/Src/main.o"
../Core/Src/main.cpp: In function 'int main()':
../Core/Src/main.cpp:406:46: warning: format '%d' expects argument of type 'int', but argument 4 has type 'uint32_t' {aka 'long unsigned int'} [-Wformat=]
  406 |           printf("ang: %.2f, pos: %.5f time %d\r\n",filter.angle, target_pos, loop_time);
      |                                             ~^                                ~~~~~~~~~
      |                                              |                                |
      |                                              int                              uint32_t {aka long unsigned int}
      |                                             %ld
../Core/Src/main.cpp:429:47: warning: variable 'feedback' set but not used [-Wunused-but-set-variable]
  429 |                   Get_Encoder_Estimates_msg_t feedback = odrv0_user_data.last_feedback;
      |                                               ^~~~~~~~
arm-none-eabi-g++ -o "STM64_Angle+Timer_cpp.elf" @"objects.list"   -mcpu=cortex-m4 -T"/home/kamil/STM32CubeIDE/workspace_1.19.0/gyro_big_test_cpp/STM32F446RETX_FLASH.ld" --specs=nosys.specs -Wl,-Map="STM64_Angle+Timer_cpp.map" -Wl,--gc-sections -static -u_printf_float --specs=nano.specs -mfpu=fpv4-sp-d16 -mfloat-abi=hard -mthumb -Wl,--start-group -lc -lm -lstdc++ -lsupc++ -Wl,--end-group
Finished building target: STM64_Angle+Timer_cpp.elf
 
arm-none-eabi-size  STM64_Angle+Timer_cpp.elf 
arm-none-eabi-objdump -h -S STM64_Angle+Timer_cpp.elf  > "STM64_Angle+Timer_cpp.list"
   text	   data	    bss	    dec	    hex	filename
  45172	    476	   2436	  48084	   bbd4	STM64_Angle+Timer_cpp.elf
Finished building: default.size.stdout
 
Finished building: STM64_Angle+Timer_cpp.list
 
16:07:08 **** Incremental Build of configuration Debug for project STM64_Angle+Timer_cpp ****
make -j12 all 
arm-none-eabi-gcc "../Core/Src/ICM20602.c" -mcpu=cortex-m4 -std=gnu11 -g3 -DDEBUG -DUSE_HAL_DRIVER -DSTM32F446xx -DUSE_FULL_LL_DRIVER -c -I../Core/Inc -I../Drivers/STM32F4xx_HAL_Driver/Inc -I../Drivers/STM32F4xx_HAL_Driver/Inc/Legacy -I../Drivers/CMSIS/Device/ST/STM32F4xx/Include -I../Drivers/CMSIS/Include -O0 -ffunction-sections -fdata-sections -Wall -fstack-usage -fcyclomatic-complexity -MMD -MP -MF"Core/Src/ICM20602.d" -MT"Core/Src/ICM20602.o" --specs=nano.specs -mfpu=fpv4-sp-d16 -mfloat-abi=hard -mthumb -o "Core/Src/ICM20602.o"
../Core/Src/ICM20602.c: In function 'ICM20602_Init':
../Core/Src/ICM20602.c:81:13: warning: unused variable 'v' [-Wunused-variable]
   81 |     uint8_t v;
      |             ^
../Core/Src/ICM20602.c:80:23: warning: unused variable 'st' [-Wunused-variable]
   80 |     HAL_StatusTypeDef st;
      |                       ^~
../Core/Src/ICM20602.c: In function 'Read_Data_ACC':
../Core/Src/ICM20602.c:154:22: warning: variable 'acc_y' set but not used [-Wunused-but-set-variable]
  154 |         float acc_x, acc_y, acc_z, rad_XZ;
      |                      ^~~~~
../Core/Src/ICM20602.c: In function 'ICM20602_Init':
../Core/Src/ICM20602.c:117:1: warning: control reaches end of non-void function [-Wreturn-type]
  117 | }
      | ^
arm-none-eabi-g++ -o "STM64_Angle+Timer_cpp.elf" @"objects.list"   -mcpu=cortex-m4 -T"/home/kamil/STM32CubeIDE/workspace_1.19.0/gyro_big_test_cpp/STM32F446RETX_FLASH.ld" --specs=nosys.specs -Wl,-Map="STM64_Angle+Timer_cpp.map" -Wl,--gc-sections -static -u_printf_float --specs=nano.specs -mfpu=fpv4-sp-d16 -mfloat-abi=hard -mthumb -Wl,--start-group -lc -lm -lstdc++ -lsupc++ -Wl,--end-group
Finished building target: STM64_Angle+Timer_cpp.elf
 
arm-none-eabi-size  STM64_Angle+Timer_cpp.elf 
arm-none-eabi-objdump -h -S STM64_Angle+Timer_cpp.elf  > "STM64_Angle+Timer_cpp.list"
   text	   data	    bss	    dec	    hex	filename
  45188	    476	   2436	  48100	   bbe4	STM64_Angle+Timer_cpp.elf
Finished building: default.size.stdout
 
Finished building: STM64_Angle+Timer_cpp.list
 
16:08:56 **** Incremental Build of configuration Debug for project STM64_Angle+Timer_cpp ****
make -j12 all 
arm-none-eabi-gcc "../Core/Src/ICM20602.c" -mcpu=cortex-m4 -std=gnu11 -g3 -DDEBUG -DUSE_HAL_DRIVER -DSTM32F446xx -DUSE_FULL_LL_DRIVER -c -I../Core/Inc -I../Drivers/STM32F4xx_HAL_Driver/Inc -I../Drivers/STM32F4xx_HAL_Driver/Inc/Legacy -I../Drivers/CMSIS/Device/ST/STM32F4xx/Include -I../Drivers/CMSIS/Include -O0 -ffunction-sections -fdata-sections -Wall -fstack-usage -fcyclomatic-complexity -MMD -MP -MF"Core/Src/ICM20602.d" -MT"Core/Src/ICM20602.o" --specs=nano.specs -mfpu=fpv4-sp-d16 -mfloat-abi=hard -mthumb -o "Core/Src/ICM20602.o"
../Core/Src/ICM20602.c: In function 'ICM20602_Init':
../Core/Src/ICM20602.c:81:13: warning: unused variable 'v' [-Wunused-variable]
   81 |     uint8_t v;
      |             ^
../Core/Src/ICM20602.c:80:23: warning: unused variable 'st' [-Wunused-variable]
   80 |     HAL_StatusTypeDef st;
      |                       ^~
../Core/Src/ICM20602.c: In function 'Read_Data_ACC':
../Core/Src/ICM20602.c:154:22: warning: variable 'acc_y' set but not used [-Wunused-but-set-variable]
  154 |         float acc_x, acc_y, acc_z, rad_XZ;
      |                      ^~~~~
../Core/Src/ICM20602.c: In function 'ICM20602_Init':
../Core/Src/ICM20602.c:117:1: warning: control reaches end of non-void function [-Wreturn-type]
  117 | }
      | ^
arm-none-eabi-g++ -o "STM64_Angle+Timer_cpp.elf" @"objects.list"   -mcpu=cortex-m4 -T"/home/kamil/STM32CubeIDE/workspace_1.19.0/gyro_big_test_cpp/STM32F446RETX_FLASH.ld" --specs=nosys.specs -Wl,-Map="STM64_Angle+Timer_cpp.map" -Wl,--gc-sections -static -u_printf_float --specs=nano.specs -mfpu=fpv4-sp-d16 -mfloat-abi=hard -mthumb -Wl,--start-group -lc -lm -lstdc++ -lsupc++ -Wl,--end-group
Finished building target: STM64_Angle+Timer_cpp.elf
 
arm-none-eabi-size  STM64_Angle+Timer_cpp.elf 
arm-none-eabi-objdump -h -S STM64_Angle+Timer_cpp.elf  > "STM64_Angle+Timer_cpp.list"
   text	   data	    bss	    dec	    hex	filename
  45172	    476	   2436	  48084	   bbd4	STM64_Angle+Timer_cpp.elf
Finished building: default.size.stdout
 
Finished building: STM64_Angle+Timer_cpp.list
 
