18:36:58 **** Incremental Build of configuration Debug for project STM32_Debug ****
make -j12 all 
arm-none-eabi-g++ "../Core/Src/main.cpp" -mcpu=cortex-m4 -std=gnu++14 -g3 -DDEBUG -DUSE_HAL_DRIVER -DSTM32F446xx -DUSE_FULL_LL_DRIVER -c -I../Core/Inc -I../Drivers/STM32F4xx_HAL_Driver/Inc -I../Drivers/STM32F4xx_HAL_Driver/Inc/Legacy -I../Drivers/CMSIS/Device/ST/STM32F4xx/Include -I../Drivers/CMSIS/Include -O0 -ffunction-sections -fdata-sections -fno-exceptions -fno-rtti -fno-use-cxa-atexit -Wall -fstack-usage -fcyclomatic-complexity -MMD -MP -MF"Core/Src/main.d" -MT"Core/Src/main.o" --specs=nano.specs -mfpu=fpv4-sp-d16 -mfloat-abi=hard -mthumb -o "Core/Src/main.o"
arm-none-eabi-g++ -o "STM32_Debug.elf" @"objects.list"   -mcpu=cortex-m4 -T"/home/kamil/STM32CubeIDE/workspace_1.19.0/STM32_Debug/STM32F446RETX_FLASH.ld" --specs=nosys.specs -Wl,-Map="STM32_Debug.map" -Wl,--gc-sections -static -u_printf_float --specs=nano.specs -mfpu=fpv4-sp-d16 -mfloat-abi=hard -mthumb -Wl,--start-group -lc -lm -lstdc++ -lsupc++ -Wl,--end-group
Finished building target: STM32_Debug.elf
 
arm-none-eabi-size  STM32_Debug.elf 
arm-none-eabi-objdump -h -S STM32_Debug.elf  > "STM32_Debug.list"
   text	   data	    bss	    dec	    hex	filename
  47620	    476	   2860	  50956	   c70c	STM32_Debug.elf
Finished building: default.size.stdout
 
Finished building: STM32_Debug.list
 
18:37:01 **** Incremental Build of configuration Debug for project STM32_Debug ****
make -j12 all 
arm-none-eabi-size  STM32_Debug.elf 
   text	   data	    bss	    dec	    hex	filename
  47620	    476	   2860	  50956	   c70c	STM32_Debug.elf
Finished building: default.size.stdout
 
18:37:20 **** Incremental Build of configuration Debug for project STM32_Debug ****
make -j12 all 
arm-none-eabi-size  STM32_Debug.elf 
   text	   data	    bss	    dec	    hex	filename
  47620	    476	   2860	  50956	   c70c	STM32_Debug.elf
Finished building: default.size.stdout
 
18:39:09 **** Incremental Build of configuration Debug for project STM32_Debug ****
make -j12 all 
arm-none-eabi-size  STM32_Debug.elf 
   text	   data	    bss	    dec	    hex	filename
  47620	    476	   2860	  50956	   c70c	STM32_Debug.elf
Finished building: default.size.stdout
 
18:40:51 **** Incremental Build of configuration Debug for project STM32_Debug ****
make -j12 all 
arm-none-eabi-g++ "../Core/Src/main.cpp" -mcpu=cortex-m4 -std=gnu++14 -g3 -DDEBUG -DUSE_HAL_DRIVER -DSTM32F446xx -DUSE_FULL_LL_DRIVER -c -I../Core/Inc -I../Drivers/STM32F4xx_HAL_Driver/Inc -I../Drivers/STM32F4xx_HAL_Driver/Inc/Legacy -I../Drivers/CMSIS/Device/ST/STM32F4xx/Include -I../Drivers/CMSIS/Include -O0 -ffunction-sections -fdata-sections -fno-exceptions -fno-rtti -fno-use-cxa-atexit -Wall -fstack-usage -fcyclomatic-complexity -MMD -MP -MF"Core/Src/main.d" -MT"Core/Src/main.o" --specs=nano.specs -mfpu=fpv4-sp-d16 -mfloat-abi=hard -mthumb -o "Core/Src/main.o"
arm-none-eabi-g++ -o "STM32_Debug.elf" @"objects.list"   -mcpu=cortex-m4 -T"/home/kamil/STM32CubeIDE/workspace_1.19.0/STM32_Debug/STM32F446RETX_FLASH.ld" --specs=nosys.specs -Wl,-Map="STM32_Debug.map" -Wl,--gc-sections -static -u_printf_float --specs=nano.specs -mfpu=fpv4-sp-d16 -mfloat-abi=hard -mthumb -Wl,--start-group -lc -lm -lstdc++ -lsupc++ -Wl,--end-group
Finished building target: STM32_Debug.elf
 
arm-none-eabi-size  STM32_Debug.elf 
arm-none-eabi-objdump -h -S STM32_Debug.elf  > "STM32_Debug.list"
   text	   data	    bss	    dec	    hex	filename
  47652	    476	   2860	  50988	   c72c	STM32_Debug.elf
Finished building: default.size.stdout
 
Finished building: STM32_Debug.list
 
18:42:48 **** Incremental Build of configuration Debug for project STM32_Debug ****
make -j12 all 
arm-none-eabi-g++ "../Core/Src/main.cpp" -mcpu=cortex-m4 -std=gnu++14 -g3 -DDEBUG -DUSE_HAL_DRIVER -DSTM32F446xx -DUSE_FULL_LL_DRIVER -c -I../Core/Inc -I../Drivers/STM32F4xx_HAL_Driver/Inc -I../Drivers/STM32F4xx_HAL_Driver/Inc/Legacy -I../Drivers/CMSIS/Device/ST/STM32F4xx/Include -I../Drivers/CMSIS/Include -O0 -ffunction-sections -fdata-sections -fno-exceptions -fno-rtti -fno-use-cxa-atexit -Wall -fstack-usage -fcyclomatic-complexity -MMD -MP -MF"Core/Src/main.d" -MT"Core/Src/main.o" --specs=nano.specs -mfpu=fpv4-sp-d16 -mfloat-abi=hard -mthumb -o "Core/Src/main.o"
arm-none-eabi-g++ -o "STM32_Debug.elf" @"objects.list"   -mcpu=cortex-m4 -T"/home/kamil/STM32CubeIDE/workspace_1.19.0/STM32_Debug/STM32F446RETX_FLASH.ld" --specs=nosys.specs -Wl,-Map="STM32_Debug.map" -Wl,--gc-sections -static -u_printf_float --specs=nano.specs -mfpu=fpv4-sp-d16 -mfloat-abi=hard -mthumb -Wl,--start-group -lc -lm -lstdc++ -lsupc++ -Wl,--end-group
Finished building target: STM32_Debug.elf
 
arm-none-eabi-size  STM32_Debug.elf 
arm-none-eabi-objdump -h -S STM32_Debug.elf  > "STM32_Debug.list"
   text	   data	    bss	    dec	    hex	filename
  47652	    476	   2860	  50988	   c72c	STM32_Debug.elf
Finished building: default.size.stdout
 
Finished building: STM32_Debug.list
 
18:43:35 **** Incremental Build of configuration Debug for project STM32_Debug ****
make -j12 all 
arm-none-eabi-g++ "../Core/Src/main.cpp" -mcpu=cortex-m4 -std=gnu++14 -g3 -DDEBUG -DUSE_HAL_DRIVER -DSTM32F446xx -DUSE_FULL_LL_DRIVER -c -I../Core/Inc -I../Drivers/STM32F4xx_HAL_Driver/Inc -I../Drivers/STM32F4xx_HAL_Driver/Inc/Legacy -I../Drivers/CMSIS/Device/ST/STM32F4xx/Include -I../Drivers/CMSIS/Include -O0 -ffunction-sections -fdata-sections -fno-exceptions -fno-rtti -fno-use-cxa-atexit -Wall -fstack-usage -fcyclomatic-complexity -MMD -MP -MF"Core/Src/main.d" -MT"Core/Src/main.o" --specs=nano.specs -mfpu=fpv4-sp-d16 -mfloat-abi=hard -mthumb -o "Core/Src/main.o"
arm-none-eabi-g++ -o "STM32_Debug.elf" @"objects.list"   -mcpu=cortex-m4 -T"/home/kamil/STM32CubeIDE/workspace_1.19.0/STM32_Debug/STM32F446RETX_FLASH.ld" --specs=nosys.specs -Wl,-Map="STM32_Debug.map" -Wl,--gc-sections -static -u_printf_float --specs=nano.specs -mfpu=fpv4-sp-d16 -mfloat-abi=hard -mthumb -Wl,--start-group -lc -lm -lstdc++ -lsupc++ -Wl,--end-group
Finished building target: STM32_Debug.elf
 
arm-none-eabi-size  STM32_Debug.elf 
arm-none-eabi-objdump -h -S STM32_Debug.elf  > "STM32_Debug.list"
   text	   data	    bss	    dec	    hex	filename
  47620	    476	   2860	  50956	   c70c	STM32_Debug.elf
Finished building: default.size.stdout
 
Finished building: STM32_Debug.list
 
18:44:39 **** Incremental Build of configuration Debug for project STM32_Debug ****
make -j12 all 
arm-none-eabi-size  STM32_Debug.elf 
   text	   data	    bss	    dec	    hex	filename
  47620	    476	   2860	  50956	   c70c	STM32_Debug.elf
Finished building: default.size.stdout
 
18:45:30 **** Incremental Build of configuration Debug for project STM32_Debug ****
make -j12 all 
arm-none-eabi-size  STM32_Debug.elf 
   text	   data	    bss	    dec	    hex	filename
  47620	    476	   2860	  50956	   c70c	STM32_Debug.elf
Finished building: default.size.stdout
 
18:49:57 **** Incremental Build of configuration Debug for project STM32_Debug ****
make -j12 all 
arm-none-eabi-g++ "../Core/Src/main.cpp" -mcpu=cortex-m4 -std=gnu++14 -g3 -DDEBUG -DUSE_HAL_DRIVER -DSTM32F446xx -DUSE_FULL_LL_DRIVER -c -I../Core/Inc -I../Drivers/STM32F4xx_HAL_Driver/Inc -I../Drivers/STM32F4xx_HAL_Driver/Inc/Legacy -I../Drivers/CMSIS/Device/ST/STM32F4xx/Include -I../Drivers/CMSIS/Include -O0 -ffunction-sections -fdata-sections -fno-exceptions -fno-rtti -fno-use-cxa-atexit -Wall -fstack-usage -fcyclomatic-complexity -MMD -MP -MF"Core/Src/main.d" -MT"Core/Src/main.o" --specs=nano.specs -mfpu=fpv4-sp-d16 -mfloat-abi=hard -mthumb -o "Core/Src/main.o"
arm-none-eabi-g++ -o "STM32_Debug.elf" @"objects.list"   -mcpu=cortex-m4 -T"/home/kamil/STM32CubeIDE/workspace_1.19.0/STM32_Debug/STM32F446RETX_FLASH.ld" --specs=nosys.specs -Wl,-Map="STM32_Debug.map" -Wl,--gc-sections -static -u_printf_float --specs=nano.specs -mfpu=fpv4-sp-d16 -mfloat-abi=hard -mthumb -Wl,--start-group -lc -lm -lstdc++ -lsupc++ -Wl,--end-group
Finished building target: STM32_Debug.elf
 
arm-none-eabi-size  STM32_Debug.elf 
arm-none-eabi-objdump -h -S STM32_Debug.elf  > "STM32_Debug.list"
   text	   data	    bss	    dec	    hex	filename
  47676	    476	   2860	  51012	   c744	STM32_Debug.elf
Finished building: default.size.stdout
 
Finished building: STM32_Debug.list
 
18:50:41 **** Incremental Build of configuration Debug for project STM32_Debug ****
make -j12 all 
arm-none-eabi-g++ "../Core/Src/main.cpp" -mcpu=cortex-m4 -std=gnu++14 -g3 -DDEBUG -DUSE_HAL_DRIVER -DSTM32F446xx -DUSE_FULL_LL_DRIVER -c -I../Core/Inc -I../Drivers/STM32F4xx_HAL_Driver/Inc -I../Drivers/STM32F4xx_HAL_Driver/Inc/Legacy -I../Drivers/CMSIS/Device/ST/STM32F4xx/Include -I../Drivers/CMSIS/Include -O0 -ffunction-sections -fdata-sections -fno-exceptions -fno-rtti -fno-use-cxa-atexit -Wall -fstack-usage -fcyclomatic-complexity -MMD -MP -MF"Core/Src/main.d" -MT"Core/Src/main.o" --specs=nano.specs -mfpu=fpv4-sp-d16 -mfloat-abi=hard -mthumb -o "Core/Src/main.o"
arm-none-eabi-g++ -o "STM32_Debug.elf" @"objects.list"   -mcpu=cortex-m4 -T"/home/kamil/STM32CubeIDE/workspace_1.19.0/STM32_Debug/STM32F446RETX_FLASH.ld" --specs=nosys.specs -Wl,-Map="STM32_Debug.map" -Wl,--gc-sections -static -u_printf_float --specs=nano.specs -mfpu=fpv4-sp-d16 -mfloat-abi=hard -mthumb -Wl,--start-group -lc -lm -lstdc++ -lsupc++ -Wl,--end-group
Finished building target: STM32_Debug.elf
 
arm-none-eabi-size  STM32_Debug.elf 
arm-none-eabi-objdump -h -S STM32_Debug.elf  > "STM32_Debug.list"
   text	   data	    bss	    dec	    hex	filename
  47676	    476	   2860	  51012	   c744	STM32_Debug.elf
Finished building: default.size.stdout
 
Finished building: STM32_Debug.list
 
18:51:24 **** Incremental Build of configuration Debug for project STM32_Debug ****
make -j12 all 
arm-none-eabi-g++ "../Core/Src/main.cpp" -mcpu=cortex-m4 -std=gnu++14 -g3 -DDEBUG -DUSE_HAL_DRIVER -DSTM32F446xx -DUSE_FULL_LL_DRIVER -c -I../Core/Inc -I../Drivers/STM32F4xx_HAL_Driver/Inc -I../Drivers/STM32F4xx_HAL_Driver/Inc/Legacy -I../Drivers/CMSIS/Device/ST/STM32F4xx/Include -I../Drivers/CMSIS/Include -O0 -ffunction-sections -fdata-sections -fno-exceptions -fno-rtti -fno-use-cxa-atexit -Wall -fstack-usage -fcyclomatic-complexity -MMD -MP -MF"Core/Src/main.d" -MT"Core/Src/main.o" --specs=nano.specs -mfpu=fpv4-sp-d16 -mfloat-abi=hard -mthumb -o "Core/Src/main.o"
arm-none-eabi-g++ -o "STM32_Debug.elf" @"objects.list"   -mcpu=cortex-m4 -T"/home/kamil/STM32CubeIDE/workspace_1.19.0/STM32_Debug/STM32F446RETX_FLASH.ld" --specs=nosys.specs -Wl,-Map="STM32_Debug.map" -Wl,--gc-sections -static -u_printf_float --specs=nano.specs -mfpu=fpv4-sp-d16 -mfloat-abi=hard -mthumb -Wl,--start-group -lc -lm -lstdc++ -lsupc++ -Wl,--end-group
Finished building target: STM32_Debug.elf
 
arm-none-eabi-size  STM32_Debug.elf 
arm-none-eabi-objdump -h -S STM32_Debug.elf  > "STM32_Debug.list"
   text	   data	    bss	    dec	    hex	filename
  47676	    476	   2860	  51012	   c744	STM32_Debug.elf
Finished building: default.size.stdout
 
Finished building: STM32_Debug.list
 
18:52:22 **** Incremental Build of configuration Debug for project STM32_Debug ****
make -j12 all 
arm-none-eabi-g++ "../Core/Src/main.cpp" -mcpu=cortex-m4 -std=gnu++14 -g3 -DDEBUG -DUSE_HAL_DRIVER -DSTM32F446xx -DUSE_FULL_LL_DRIVER -c -I../Core/Inc -I../Drivers/STM32F4xx_HAL_Driver/Inc -I../Drivers/STM32F4xx_HAL_Driver/Inc/Legacy -I../Drivers/CMSIS/Device/ST/STM32F4xx/Include -I../Drivers/CMSIS/Include -O0 -ffunction-sections -fdata-sections -fno-exceptions -fno-rtti -fno-use-cxa-atexit -Wall -fstack-usage -fcyclomatic-complexity -MMD -MP -MF"Core/Src/main.d" -MT"Core/Src/main.o" --specs=nano.specs -mfpu=fpv4-sp-d16 -mfloat-abi=hard -mthumb -o "Core/Src/main.o"
arm-none-eabi-g++ -o "STM32_Debug.elf" @"objects.list"   -mcpu=cortex-m4 -T"/home/kamil/STM32CubeIDE/workspace_1.19.0/STM32_Debug/STM32F446RETX_FLASH.ld" --specs=nosys.specs -Wl,-Map="STM32_Debug.map" -Wl,--gc-sections -static -u_printf_float --specs=nano.specs -mfpu=fpv4-sp-d16 -mfloat-abi=hard -mthumb -Wl,--start-group -lc -lm -lstdc++ -lsupc++ -Wl,--end-group
Finished building target: STM32_Debug.elf
 
arm-none-eabi-size  STM32_Debug.elf 
arm-none-eabi-objdump -h -S STM32_Debug.elf  > "STM32_Debug.list"
   text	   data	    bss	    dec	    hex	filename
  47660	    476	   2860	  50996	   c734	STM32_Debug.elf
Finished building: default.size.stdout
 
Finished building: STM32_Debug.list
 
18:53:32 **** Incremental Build of configuration Debug for project STM32_Debug ****
make -j12 all 
arm-none-eabi-g++ "../Core/Src/main.cpp" -mcpu=cortex-m4 -std=gnu++14 -g3 -DDEBUG -DUSE_HAL_DRIVER -DSTM32F446xx -DUSE_FULL_LL_DRIVER -c -I../Core/Inc -I../Drivers/STM32F4xx_HAL_Driver/Inc -I../Drivers/STM32F4xx_HAL_Driver/Inc/Legacy -I../Drivers/CMSIS/Device/ST/STM32F4xx/Include -I../Drivers/CMSIS/Include -O0 -ffunction-sections -fdata-sections -fno-exceptions -fno-rtti -fno-use-cxa-atexit -Wall -fstack-usage -fcyclomatic-complexity -MMD -MP -MF"Core/Src/main.d" -MT"Core/Src/main.o" --specs=nano.specs -mfpu=fpv4-sp-d16 -mfloat-abi=hard -mthumb -o "Core/Src/main.o"
arm-none-eabi-g++ -o "STM32_Debug.elf" @"objects.list"   -mcpu=cortex-m4 -T"/home/kamil/STM32CubeIDE/workspace_1.19.0/STM32_Debug/STM32F446RETX_FLASH.ld" --specs=nosys.specs -Wl,-Map="STM32_Debug.map" -Wl,--gc-sections -static -u_printf_float --specs=nano.specs -mfpu=fpv4-sp-d16 -mfloat-abi=hard -mthumb -Wl,--start-group -lc -lm -lstdc++ -lsupc++ -Wl,--end-group
Finished building target: STM32_Debug.elf
 
arm-none-eabi-size  STM32_Debug.elf 
arm-none-eabi-objdump -h -S STM32_Debug.elf  > "STM32_Debug.list"
   text	   data	    bss	    dec	    hex	filename
  47660	    476	   2860	  50996	   c734	STM32_Debug.elf
Finished building: default.size.stdout
 
Finished building: STM32_Debug.list
 
18:54:03 **** Incremental Build of configuration Debug for project STM32_Debug ****
make -j12 all 
arm-none-eabi-g++ "../Core/Src/main.cpp" -mcpu=cortex-m4 -std=gnu++14 -g3 -DDEBUG -DUSE_HAL_DRIVER -DSTM32F446xx -DUSE_FULL_LL_DRIVER -c -I../Core/Inc -I../Drivers/STM32F4xx_HAL_Driver/Inc -I../Drivers/STM32F4xx_HAL_Driver/Inc/Legacy -I../Drivers/CMSIS/Device/ST/STM32F4xx/Include -I../Drivers/CMSIS/Include -O0 -ffunction-sections -fdata-sections -fno-exceptions -fno-rtti -fno-use-cxa-atexit -Wall -fstack-usage -fcyclomatic-complexity -MMD -MP -MF"Core/Src/main.d" -MT"Core/Src/main.o" --specs=nano.specs -mfpu=fpv4-sp-d16 -mfloat-abi=hard -mthumb -o "Core/Src/main.o"
arm-none-eabi-g++ -o "STM32_Debug.elf" @"objects.list"   -mcpu=cortex-m4 -T"/home/kamil/STM32CubeIDE/workspace_1.19.0/STM32_Debug/STM32F446RETX_FLASH.ld" --specs=nosys.specs -Wl,-Map="STM32_Debug.map" -Wl,--gc-sections -static -u_printf_float --specs=nano.specs -mfpu=fpv4-sp-d16 -mfloat-abi=hard -mthumb -Wl,--start-group -lc -lm -lstdc++ -lsupc++ -Wl,--end-group
Finished building target: STM32_Debug.elf
 
arm-none-eabi-size  STM32_Debug.elf 
arm-none-eabi-objdump -h -S STM32_Debug.elf  > "STM32_Debug.list"
   text	   data	    bss	    dec	    hex	filename
  47660	    476	   2860	  50996	   c734	STM32_Debug.elf
Finished building: default.size.stdout
 
Finished building: STM32_Debug.list
 
18:56:56 **** Incremental Build of configuration Debug for project STM32_Debug ****
make -j12 all 
arm-none-eabi-g++ "../Core/Src/main.cpp" -mcpu=cortex-m4 -std=gnu++14 -g3 -DDEBUG -DUSE_HAL_DRIVER -DSTM32F446xx -DUSE_FULL_LL_DRIVER -c -I../Core/Inc -I../Drivers/STM32F4xx_HAL_Driver/Inc -I../Drivers/STM32F4xx_HAL_Driver/Inc/Legacy -I../Drivers/CMSIS/Device/ST/STM32F4xx/Include -I../Drivers/CMSIS/Include -O0 -ffunction-sections -fdata-sections -fno-exceptions -fno-rtti -fno-use-cxa-atexit -Wall -fstack-usage -fcyclomatic-complexity -MMD -MP -MF"Core/Src/main.d" -MT"Core/Src/main.o" --specs=nano.specs -mfpu=fpv4-sp-d16 -mfloat-abi=hard -mthumb -o "Core/Src/main.o"
../Core/Src/main.cpp:74:17: warning: 'start_time_ms' defined but not used [-Wunused-variable]
   74 | static uint32_t start_time_ms = 0;
      |                 ^~~~~~~~~~~~~
arm-none-eabi-g++ -o "STM32_Debug.elf" @"objects.list"   -mcpu=cortex-m4 -T"/home/kamil/STM32CubeIDE/workspace_1.19.0/STM32_Debug/STM32F446RETX_FLASH.ld" --specs=nosys.specs -Wl,-Map="STM32_Debug.map" -Wl,--gc-sections -static -u_printf_float --specs=nano.specs -mfpu=fpv4-sp-d16 -mfloat-abi=hard -mthumb -Wl,--start-group -lc -lm -lstdc++ -lsupc++ -Wl,--end-group
Finished building target: STM32_Debug.elf
 
arm-none-eabi-size  STM32_Debug.elf 
arm-none-eabi-objdump -h -S STM32_Debug.elf  > "STM32_Debug.list"
   text	   data	    bss	    dec	    hex	filename
  49372	    476	   2860	  52708	   cde4	STM32_Debug.elf
Finished building: default.size.stdout
 
Finished building: STM32_Debug.list
 
18:58:13 **** Incremental Build of configuration Debug for project STM32_Debug ****
make -j12 all 
arm-none-eabi-size  STM32_Debug.elf 
   text	   data	    bss	    dec	    hex	filename
  49372	    476	   2860	  52708	   cde4	STM32_Debug.elf
Finished building: default.size.stdout
 
18:59:31 **** Incremental Build of configuration Debug for project STM32_Debug ****
make -j12 all 
arm-none-eabi-size  STM32_Debug.elf 
   text	   data	    bss	    dec	    hex	filename
  49372	    476	   2860	  52708	   cde4	STM32_Debug.elf
Finished building: default.size.stdout
 
19:01:14 **** Incremental Build of configuration Debug for project STM32_Debug ****
make -j12 all 
arm-none-eabi-g++ "../Core/Src/main.cpp" -mcpu=cortex-m4 -std=gnu++14 -g3 -DDEBUG -DUSE_HAL_DRIVER -DSTM32F446xx -DUSE_FULL_LL_DRIVER -c -I../Core/Inc -I../Drivers/STM32F4xx_HAL_Driver/Inc -I../Drivers/STM32F4xx_HAL_Driver/Inc/Legacy -I../Drivers/CMSIS/Device/ST/STM32F4xx/Include -I../Drivers/CMSIS/Include -O0 -ffunction-sections -fdata-sections -fno-exceptions -fno-rtti -fno-use-cxa-atexit -Wall -fstack-usage -fcyclomatic-complexity -MMD -MP -MF"Core/Src/main.d" -MT"Core/Src/main.o" --specs=nano.specs -mfpu=fpv4-sp-d16 -mfloat-abi=hard -mthumb -o "Core/Src/main.o"
../Core/Src/main.cpp:74:17: warning: 'start_time_ms' defined but not used [-Wunused-variable]
   74 | static uint32_t start_time_ms = 0;
      |                 ^~~~~~~~~~~~~
arm-none-eabi-g++ -o "STM32_Debug.elf" @"objects.list"   -mcpu=cortex-m4 -T"/home/kamil/STM32CubeIDE/workspace_1.19.0/STM32_Debug/STM32F446RETX_FLASH.ld" --specs=nosys.specs -Wl,-Map="STM32_Debug.map" -Wl,--gc-sections -static -u_printf_float --specs=nano.specs -mfpu=fpv4-sp-d16 -mfloat-abi=hard -mthumb -Wl,--start-group -lc -lm -lstdc++ -lsupc++ -Wl,--end-group
Finished building target: STM32_Debug.elf
 
arm-none-eabi-size  STM32_Debug.elf 
arm-none-eabi-objdump -h -S STM32_Debug.elf  > "STM32_Debug.list"
   text	   data	    bss	    dec	    hex	filename
  55724	    476	   2860	  59060	   e6b4	STM32_Debug.elf
Finished building: default.size.stdout
 
Finished building: STM32_Debug.list
 
19:01:37 **** Incremental Build of configuration Debug for project STM32_Debug ****
make -j12 all 
arm-none-eabi-size  STM32_Debug.elf 
   text	   data	    bss	    dec	    hex	filename
  55724	    476	   2860	  59060	   e6b4	STM32_Debug.elf
Finished building: default.size.stdout
 
19:03:50 **** Incremental Build of configuration Debug for project STM32_Debug ****
make -j12 all 
arm-none-eabi-gcc "../Core/Src/stm32f4xx_it.c" -mcpu=cortex-m4 -std=gnu11 -g3 -DDEBUG -DUSE_HAL_DRIVER -DSTM32F446xx -DUSE_FULL_LL_DRIVER -c -I../Core/Inc -I../Drivers/STM32F4xx_HAL_Driver/Inc -I../Drivers/STM32F4xx_HAL_Driver/Inc/Legacy -I../Drivers/CMSIS/Device/ST/STM32F4xx/Include -I../Drivers/CMSIS/Include -O0 -ffunction-sections -fdata-sections -Wall -fstack-usage -fcyclomatic-complexity -MMD -MP -MF"Core/Src/stm32f4xx_it.d" -MT"Core/Src/stm32f4xx_it.o" --specs=nano.specs -mfpu=fpv4-sp-d16 -mfloat-abi=hard -mthumb -o "Core/Src/stm32f4xx_it.o"
arm-none-eabi-g++ -o "STM32_Debug.elf" @"objects.list"   -mcpu=cortex-m4 -T"/home/kamil/STM32CubeIDE/workspace_1.19.0/STM32_Debug/STM32F446RETX_FLASH.ld" --specs=nosys.specs -Wl,-Map="STM32_Debug.map" -Wl,--gc-sections -static -u_printf_float --specs=nano.specs -mfpu=fpv4-sp-d16 -mfloat-abi=hard -mthumb -Wl,--start-group -lc -lm -lstdc++ -lsupc++ -Wl,--end-group
Finished building target: STM32_Debug.elf
 
arm-none-eabi-size  STM32_Debug.elf 
arm-none-eabi-objdump -h -S STM32_Debug.elf  > "STM32_Debug.list"
   text	   data	    bss	    dec	    hex	filename
  57492	    476	   2860	  60828	   ed9c	STM32_Debug.elf
Finished building: default.size.stdout
 
Finished building: STM32_Debug.list
 
19:06:57 **** Incremental Build of configuration Debug for project STM32_Debug ****
make -j12 all 
arm-none-eabi-g++ "../Core/Src/main.cpp" -mcpu=cortex-m4 -std=gnu++14 -g3 -DDEBUG -DUSE_HAL_DRIVER -DSTM32F446xx -DUSE_FULL_LL_DRIVER -c -I../Core/Inc -I../Drivers/STM32F4xx_HAL_Driver/Inc -I../Drivers/STM32F4xx_HAL_Driver/Inc/Legacy -I../Drivers/CMSIS/Device/ST/STM32F4xx/Include -I../Drivers/CMSIS/Include -O0 -ffunction-sections -fdata-sections -fno-exceptions -fno-rtti -fno-use-cxa-atexit -Wall -fstack-usage -fcyclomatic-complexity -MMD -MP -MF"Core/Src/main.d" -MT"Core/Src/main.o" --specs=nano.specs -mfpu=fpv4-sp-d16 -mfloat-abi=hard -mthumb -o "Core/Src/main.o"
../Core/Src/main.cpp:74:17: warning: 'start_time_ms' defined but not used [-Wunused-variable]
   74 | static uint32_t start_time_ms = 0;
      |                 ^~~~~~~~~~~~~
arm-none-eabi-g++ -o "STM32_Debug.elf" @"objects.list"   -mcpu=cortex-m4 -T"/home/kamil/STM32CubeIDE/workspace_1.19.0/STM32_Debug/STM32F446RETX_FLASH.ld" --specs=nosys.specs -Wl,-Map="STM32_Debug.map" -Wl,--gc-sections -static -u_printf_float --specs=nano.specs -mfpu=fpv4-sp-d16 -mfloat-abi=hard -mthumb -Wl,--start-group -lc -lm -lstdc++ -lsupc++ -Wl,--end-group
Finished building target: STM32_Debug.elf
 
arm-none-eabi-size  STM32_Debug.elf 
arm-none-eabi-objdump -h -S STM32_Debug.elf  > "STM32_Debug.list"
   text	   data	    bss	    dec	    hex	filename
  57540	    476	   2860	  60876	   edcc	STM32_Debug.elf
Finished building: default.size.stdout
 
Finished building: STM32_Debug.list
 
19:07:21 **** Incremental Build of configuration Debug for project STM32_Debug ****
make -j12 all 
arm-none-eabi-size  STM32_Debug.elf 
   text	   data	    bss	    dec	    hex	filename
  57540	    476	   2860	  60876	   edcc	STM32_Debug.elf
Finished building: default.size.stdout
 
19:08:49 **** Incremental Build of configuration Debug for project STM32_Debug ****
make -j12 all 
arm-none-eabi-g++ "../Core/Src/main.cpp" -mcpu=cortex-m4 -std=gnu++14 -g3 -DDEBUG -DUSE_HAL_DRIVER -DSTM32F446xx -DUSE_FULL_LL_DRIVER -c -I../Core/Inc -I../Drivers/STM32F4xx_HAL_Driver/Inc -I../Drivers/STM32F4xx_HAL_Driver/Inc/Legacy -I../Drivers/CMSIS/Device/ST/STM32F4xx/Include -I../Drivers/CMSIS/Include -O0 -ffunction-sections -fdata-sections -fno-exceptions -fno-rtti -fno-use-cxa-atexit -Wall -fstack-usage -fcyclomatic-complexity -MMD -MP -MF"Core/Src/main.d" -MT"Core/Src/main.o" --specs=nano.specs -mfpu=fpv4-sp-d16 -mfloat-abi=hard -mthumb -o "Core/Src/main.o"
../Core/Src/main.cpp:74:17: warning: 'start_time_ms' defined but not used [-Wunused-variable]
   74 | static uint32_t start_time_ms = 0;
      |                 ^~~~~~~~~~~~~
arm-none-eabi-g++ -o "STM32_Debug.elf" @"objects.list"   -mcpu=cortex-m4 -T"/home/kamil/STM32CubeIDE/workspace_1.19.0/STM32_Debug/STM32F446RETX_FLASH.ld" --specs=nosys.specs -Wl,-Map="STM32_Debug.map" -Wl,--gc-sections -static -u_printf_float --specs=nano.specs -mfpu=fpv4-sp-d16 -mfloat-abi=hard -mthumb -Wl,--start-group -lc -lm -lstdc++ -lsupc++ -Wl,--end-group
Finished building target: STM32_Debug.elf
 
arm-none-eabi-size  STM32_Debug.elf 
arm-none-eabi-objdump -h -S STM32_Debug.elf  > "STM32_Debug.list"
   text	   data	    bss	    dec	    hex	filename
  57540	    476	   2860	  60876	   edcc	STM32_Debug.elf
Finished building: default.size.stdout
 
Finished building: STM32_Debug.list
 
