21:08:34 **** Incremental Build of configuration Debug for project gyro_test_big ****
make -j12 all 
arm-none-eabi-gcc "../Core/Src/llcp.c" -mcpu=cortex-m4 -std=gnu11 -g3 -DDEBUG -DUSE_HAL_DRIVER -DSTM32F446xx -DUSE_FULL_LL_DRIVER -c -I../Core/Inc -I../Drivers/STM32F4xx_HAL_Driver/Inc -I../Drivers/STM32F4xx_HAL_Driver/Inc/Legacy -I../Drivers/CMSIS/Device/ST/STM32F4xx/Include -I../Drivers/CMSIS/Include -O0 -ffunction-sections -fdata-sections -Wall -fstack-usage -fcyclomatic-complexity -MMD -MP -MF"Core/Src/llcp.d" -MT"Core/Src/llcp.o" --specs=nano.specs -mfpu=fpv4-sp-d16 -mfloat-abi=hard -mthumb -o "Core/Src/llcp.o"
arm-none-eabi-gcc -o "gyro_test_big.elf" @"objects.list"   -mcpu=cortex-m4 -T"/home/kamil/STM32CubeIDE/workspace_1.19.0/gyro_test_big/STM32F446RETX_FLASH.ld" --specs=nosys.specs -Wl,-Map="gyro_test_big.map" -Wl,--gc-sections -static --specs=nano.specs -mfpu=fpv4-sp-d16 -mfloat-abi=hard -mthumb -Wl,--start-group -lc -lm -Wl,--end-group
Finished building target: gyro_test_big.elf
 
arm-none-eabi-size  gyro_test_big.elf 
arm-none-eabi-objdump -h -S gyro_test_big.elf  > "gyro_test_big.list"
   text	   data	    bss	    dec	    hex	filename
  16088	     16	   2192	  18296	   4778	gyro_test_big.elf
Finished building: default.size.stdout
 
Finished building: gyro_test_big.list
 

21:08:34 Build Finished. 0 errors, 0 warnings. (took 340ms)

